{
  "sympy_version": "1.14.0",
  "zero_polynomial_checks": {
    "core_reciprocal_SOS": "0",
    "core_energy_numerator": "0",
    "symmetric_outer_edge_SOS": "0",
    "Holder_pointwise_SOS": "0",
    "low_density_factorization": "0",
    "refined_second_moment": "0",
    "derivative_f": "0",
    "derivative_f_sign_decomposition": "0",
    "base_penalty_derivative": "0",
    "refined_penalty_derivative": "0"
  },
  "positive_rational_sign_certificates": {
    "d_positive": "163/25600",
    "d_below_1_100": "93/25600",
    "base_low_density_gap": "7971696209/24528962918400",
    "refined_low_density_gap": "892884125119/243903463584000000",
    "refined_f_derivative_numerator_lower": "501/3125",
    "base_penalty_derivative_margin": "117574/117649",
    "refined_penalty_derivative_margin": "42821/42875",
    "refined_improvement": "4330747/4196188620800",
    "target_gap": "26713588987/4196188620800"
  },
  "C_base": "215582257403/8176320972800",
  "C_refined": "110637361403/4196188620800",
  "status": "all exact checks passed; not a Lean check or proof of external R1/R2/R3"
}
