conjectures-tasks: 68bb8ea0968994e0f36a2db015dbdbcc13902416
formal-conjectures: 7d1a8c9912747679d0093f6d1216420c33ee5ffa
{
  "checked_at_utc": "2026-09-07T21:29:45.987599+00:00",
  "source_base_commit": "7d1a8c9912747679d0093f6d1216420c33ee5ffa",
  "source_head": "8432eac998110a563e03df65a28c117e97c8c142",
  "source_tree": "88827a7ca9495954133c8549ea5e9d86acc7325a",
  "derived_commit_sha1": "8432eac998110a563e03df65a28c117e97c8c142",
  "expected_commit": "8432eac998110a563e03df65a28c117e97c8c142",
  "official_dependency_commit_recreated": true,
  "research_contribution_commit_created": false,
  "tasks_commit": "68bb8ea0968994e0f36a2db015dbdbcc13902416",
  "patch_sha256": "853372293b16a79ea495a28909e6077d41e2c6402165c3c6233ea0747c919814",
  "bundles": [
    {
      "task_id": "fc-8432eac9-erdos677-erdos-677-48e9746ac1-formalized-v1",
      "source_type_hash": "sha256:d8b4d613ce4725ad35aa8fcd437a819ff7a65c62b0e6b2d4c7d4d7e6f3790f22",
      "generated_target_type_hash": "sha256:d8b4d613ce4725ad35aa8fcd437a819ff7a65c62b0e6b2d4c7d4d7e6f3790f22",
      "permitted_axioms": [
        "propext",
        "Quot.sound",
        "Classical.choice"
      ],
      "forbidden_dependencies": [
        "Erdos677.erdos_677"
      ]
    },
    {
      "task_id": "fc-8432eac9-erdos677-erdos-677-488e6f5a67-counterexample-v1",
      "source_type_hash": "sha256:d8b4d613ce4725ad35aa8fcd437a819ff7a65c62b0e6b2d4c7d4d7e6f3790f22",
      "generated_target_type_hash": "sha256:6af41730e950bd6074a42df5eb8bb33ae47e640fad9e1da35a3ff216138e1c47",
      "permitted_axioms": [
        "propext",
        "Quot.sound",
        "Classical.choice"
      ],
      "forbidden_dependencies": [
        "Erdos677.erdos_677"
      ]
    },
    {
      "task_id": "fc-8432eac9-erdos699-erdos-699-0157c70467-formalized-v1",
      "source_type_hash": "sha256:f5eee958e682d353b94818dd365b7f9a090f1cb6d7361dfe754876412168b217",
      "generated_target_type_hash": "sha256:f5eee958e682d353b94818dd365b7f9a090f1cb6d7361dfe754876412168b217",
      "permitted_axioms": [
        "propext",
        "Quot.sound",
        "Classical.choice"
      ],
      "forbidden_dependencies": [
        "Erdos699.erdos_699"
      ]
    },
    {
      "task_id": "fc-8432eac9-erdos699-erdos-699-4b309685d8-counterexample-v1",
      "source_type_hash": "sha256:f5eee958e682d353b94818dd365b7f9a090f1cb6d7361dfe754876412168b217",
      "generated_target_type_hash": "sha256:9bec1394a0fd55dbcd3abff5a38b2bb40130bbb0b4a164e96bc24886d8103994",
      "permitted_axioms": [
        "propext",
        "Quot.sound",
        "Classical.choice"
      ],
      "forbidden_dependencies": [
        "Erdos699.erdos_699"
      ]
    }
  ],
  "scope": "Source tree, canonical synthetic commit hash and four bundle file hashes checked. No Lean solution or production validator acceptance claimed."
}
