D:\CodingProject\Math\research\tasks\B699-Binomial\runs\20261001-lean-nonr7-01a0f779\continuations\20261002-onehour\critical\HeightGroups\Group001.lean:30:34: warning: Used `tac1 <;> tac2` where `(tac1; tac2)` would suffice

Note: This linter can be disabled with `set_option linter.unnecessarySeqFocus false`
D:\CodingProject\Math\research\tasks\B699-Binomial\runs\20261001-lean-nonr7-01a0f779\continuations\20261002-onehour\critical\HeightGroups\Group001.lean:30:46: warning: Used `tac1 <;> tac2` where `(tac1; tac2)` would suffice

Note: This linter can be disabled with `set_option linter.unnecessarySeqFocus false`
D:\CodingProject\Math\research\tasks\B699-Binomial\runs\20261001-lean-nonr7-01a0f779\continuations\20261002-onehour\critical\HeightGroups\Group001.lean:33:34: warning: Used `tac1 <;> tac2` where `(tac1; tac2)` would suffice

Note: This linter can be disabled with `set_option linter.unnecessarySeqFocus false`
D:\CodingProject\Math\research\tasks\B699-Binomial\runs\20261001-lean-nonr7-01a0f779\continuations\20261002-onehour\critical\HeightGroups\Group001.lean:33:46: warning: Used `tac1 <;> tac2` where `(tac1; tac2)` would suffice

Note: This linter can be disabled with `set_option linter.unnecessarySeqFocus false`
D:\CodingProject\Math\research\tasks\B699-Binomial\runs\20261001-lean-nonr7-01a0f779\continuations\20261002-onehour\critical\HeightGroups\Group001.lean:36:34: warning: Used `tac1 <;> tac2` where `(tac1; tac2)` would suffice

Note: This linter can be disabled with `set_option linter.unnecessarySeqFocus false`
D:\CodingProject\Math\research\tasks\B699-Binomial\runs\20261001-lean-nonr7-01a0f779\continuations\20261002-onehour\critical\HeightGroups\Group001.lean:36:46: warning: Used `tac1 <;> tac2` where `(tac1; tac2)` would suffice

Note: This linter can be disabled with `set_option linter.unnecessarySeqFocus false`
D:\CodingProject\Math\research\tasks\B699-Binomial\runs\20261001-lean-nonr7-01a0f779\continuations\20261002-onehour\critical\HeightGroups\Group001.lean:39:34: warning: Used `tac1 <;> tac2` where `(tac1; tac2)` would suffice

Note: This linter can be disabled with `set_option linter.unnecessarySeqFocus false`
D:\CodingProject\Math\research\tasks\B699-Binomial\runs\20261001-lean-nonr7-01a0f779\continuations\20261002-onehour\critical\HeightGroups\Group001.lean:39:46: warning: Used `tac1 <;> tac2` where `(tac1; tac2)` would suffice

Note: This linter can be disabled with `set_option linter.unnecessarySeqFocus false`
D:\CodingProject\Math\research\tasks\B699-Binomial\runs\20261001-lean-nonr7-01a0f779\continuations\20261002-onehour\critical\HeightGroups\Group001.lean:49:34: warning: Used `tac1 <;> tac2` where `(tac1; tac2)` would suffice

Note: This linter can be disabled with `set_option linter.unnecessarySeqFocus false`
D:\CodingProject\Math\research\tasks\B699-Binomial\runs\20261001-lean-nonr7-01a0f779\continuations\20261002-onehour\critical\HeightGroups\Group001.lean:49:46: warning: Used `tac1 <;> tac2` where `(tac1; tac2)` would suffice

Note: This linter can be disabled with `set_option linter.unnecessarySeqFocus false`
D:\CodingProject\Math\research\tasks\B699-Binomial\runs\20261001-lean-nonr7-01a0f779\continuations\20261002-onehour\critical\HeightGroups\Group001.lean:52:34: warning: Used `tac1 <;> tac2` where `(tac1; tac2)` would suffice

Note: This linter can be disabled with `set_option linter.unnecessarySeqFocus false`
D:\CodingProject\Math\research\tasks\B699-Binomial\runs\20261001-lean-nonr7-01a0f779\continuations\20261002-onehour\critical\HeightGroups\Group001.lean:52:46: warning: Used `tac1 <;> tac2` where `(tac1; tac2)` would suffice

Note: This linter can be disabled with `set_option linter.unnecessarySeqFocus false`
D:\CodingProject\Math\research\tasks\B699-Binomial\runs\20261001-lean-nonr7-01a0f779\continuations\20261002-onehour\critical\HeightGroups\Group001.lean:55:34: warning: Used `tac1 <;> tac2` where `(tac1; tac2)` would suffice

Note: This linter can be disabled with `set_option linter.unnecessarySeqFocus false`
D:\CodingProject\Math\research\tasks\B699-Binomial\runs\20261001-lean-nonr7-01a0f779\continuations\20261002-onehour\critical\HeightGroups\Group001.lean:55:46: warning: Used `tac1 <;> tac2` where `(tac1; tac2)` would suffice

Note: This linter can be disabled with `set_option linter.unnecessarySeqFocus false`
D:\CodingProject\Math\research\tasks\B699-Binomial\runs\20261001-lean-nonr7-01a0f779\continuations\20261002-onehour\critical\HeightGroups\Group001.lean:69:32: warning: Used `tac1 <;> tac2` where `(tac1; tac2)` would suffice

Note: This linter can be disabled with `set_option linter.unnecessarySeqFocus false`
D:\CodingProject\Math\research\tasks\B699-Binomial\runs\20261001-lean-nonr7-01a0f779\continuations\20261002-onehour\critical\HeightGroups\Group001.lean:69:44: warning: Used `tac1 <;> tac2` where `(tac1; tac2)` would suffice

Note: This linter can be disabled with `set_option linter.unnecessarySeqFocus false`
D:\CodingProject\Math\research\tasks\B699-Binomial\runs\20261001-lean-nonr7-01a0f779\continuations\20261002-onehour\critical\HeightGroups\Group001.lean:70:32: warning: Used `tac1 <;> tac2` where `(tac1; tac2)` would suffice

Note: This linter can be disabled with `set_option linter.unnecessarySeqFocus false`
D:\CodingProject\Math\research\tasks\B699-Binomial\runs\20261001-lean-nonr7-01a0f779\continuations\20261002-onehour\critical\HeightGroups\Group001.lean:70:44: warning: Used `tac1 <;> tac2` where `(tac1; tac2)` would suffice

Note: This linter can be disabled with `set_option linter.unnecessarySeqFocus false`
D:\CodingProject\Math\research\tasks\B699-Binomial\runs\20261001-lean-nonr7-01a0f779\continuations\20261002-onehour\critical\HeightGroups\Group001.lean:79:49: warning: Used `tac1 <;> tac2` where `(tac1; tac2)` would suffice

Note: This linter can be disabled with `set_option linter.unnecessarySeqFocus false`
D:\CodingProject\Math\research\tasks\B699-Binomial\runs\20261001-lean-nonr7-01a0f779\continuations\20261002-onehour\critical\HeightGroups\Group001.lean:79:61: warning: Used `tac1 <;> tac2` where `(tac1; tac2)` would suffice

Note: This linter can be disabled with `set_option linter.unnecessarySeqFocus false`
D:\CodingProject\Math\research\tasks\B699-Binomial\runs\20261001-lean-nonr7-01a0f779\continuations\20261002-onehour\critical\HeightGroups\Group001.lean:82:34: warning: Used `tac1 <;> tac2` where `(tac1; tac2)` would suffice

Note: This linter can be disabled with `set_option linter.unnecessarySeqFocus false`
D:\CodingProject\Math\research\tasks\B699-Binomial\runs\20261001-lean-nonr7-01a0f779\continuations\20261002-onehour\critical\HeightGroups\Group001.lean:82:46: warning: Used `tac1 <;> tac2` where `(tac1; tac2)` would suffice

Note: This linter can be disabled with `set_option linter.unnecessarySeqFocus false`
D:\CodingProject\Math\research\tasks\B699-Binomial\runs\20261001-lean-nonr7-01a0f779\continuations\20261002-onehour\critical\HeightGroups\Group001.lean:85:34: warning: Used `tac1 <;> tac2` where `(tac1; tac2)` would suffice

Note: This linter can be disabled with `set_option linter.unnecessarySeqFocus false`
D:\CodingProject\Math\research\tasks\B699-Binomial\runs\20261001-lean-nonr7-01a0f779\continuations\20261002-onehour\critical\HeightGroups\Group001.lean:85:46: warning: Used `tac1 <;> tac2` where `(tac1; tac2)` would suffice

Note: This linter can be disabled with `set_option linter.unnecessarySeqFocus false`
'Math.B699.DiscretePadeSelector.rate_from_short_bases' depends on axioms: [propext]
'Math.B699.DiscretePadeSelector.base_from_short_basis' depends on axioms: [propext]
'Math.B699.DiscretePadeSelector.lookahead_from_short_bases' depends on axioms: [propext]
'Math.B699.DiscretePadeSelector.conditions_from_short_bases' depends on axioms: [propext]
D:\CodingProject\Math\research\tasks\B699-Binomial\runs\20261001-lean-nonr7-01a0f779\continuations\20261002-onehour\critical\HeightGroups\Group001.lean:141:53: warning: exponent 328 exceeds the threshold 256, exponentiation operation was not evaluated, use `set_option exponentiation.threshold <num>` to set a new threshold
'Math.B699.I11TwoFiveNumeric.predecessor' depends on axioms: [propext]
'Math.B699.I11TwoFiveNumeric.p_conditions' depends on axioms: [propext]
'Math.B699.I11TwoFiveNumeric.q_conditions' depends on axioms: [propext]
'Math.B699.I11TwoFiveNumeric.p_rate' depends on axioms: [propext]
'Math.B699.I11TwoFiveNumeric.p_base' depends on axioms: [propext]
'Math.B699.I11TwoFiveNumeric.p_lookahead' depends on axioms: [propext]
'Math.B699.I11TwoFiveNumeric.q_rate' depends on axioms: [propext]
'Math.B699.I11TwoFiveNumeric.q_base' depends on axioms: [propext]
'Math.B699.I11TwoFiveNumeric.q_lookahead' depends on axioms: [propext]
'Math.B699.DiscretePadeSelector.exists_power_above_four_mul' depends on axioms: [propext]
'Math.B699.DiscretePadeSelector.leastExponent' depends on axioms: [propext]
'Math.B699.DiscretePadeSelector.leastExponent_threshold' depends on axioms: [propext]
'Math.B699.DiscretePadeSelector.leastExponent_minimal' depends on axioms: [propext]
'Math.B699.DiscretePadeSelector.leastExponent_pos' depends on axioms: [propext, Quot.sound]
'Math.B699.DiscretePadeSelector.leastExponent_previous' depends on axioms: [propext, Quot.sound]
'Math.B699.DiscretePadeSelector.leastExponent_lower_bound' depends on axioms: [propext, Quot.sound]
'Math.B699.DiscretePadeSelector.leastExponent_le_of_threshold' depends on axioms: [propext]
'Math.B699.DiscretePadeSelector.leastExponent_eq_of_bracket' depends on axioms: [propext, Quot.sound]
'Math.B699.DiscretePadeSelector.lookahead_rate_extend' depends on axioms: [propext]
'Math.B699.DiscretePadeSelector.capacity_of_previous_bound' depends on axioms: [propext, Quot.sound]
'Math.B699.DiscretePadeSelector.leastExponent_capacity' depends on axioms: [propext, Quot.sound]
'Math.B699.DiscretePadeSelector.leastExponent_two_capacities' depends on axioms: [propext, Quot.sound]
'Math.B699.I11ActualPadeEdge.small_cofactor_forces_exponent' depends on axioms: [propext, Quot.sound]
'Math.B699.I11ActualPadeEdge.least_capacity_forces_exponent' depends on axioms: [propext, Quot.sound]
'Math.B699.I11ActualPadeEdge.extract_prime_factor' depends on axioms: [propext, Quot.sound]
