'Math.B699.PadeMomentIdentity.pSource_eq_moment' depends on axioms: [propext, Classical.choice, Quot.sound]
'Math.B699.PadeMomentIdentity.qSource_eq_moment' depends on axioms: [propext, Classical.choice, Quot.sound]
'Math.B699.PadeMomentIdentity.eSource_eq_moment' depends on axioms: [propext, Classical.choice, Quot.sound]
'Math.B699.PadeMomentIdentity.source_pade_identity' depends on axioms: [propext, Classical.choice, Quot.sound]
'Math.B699.PadeMomentIdentity.pSource_eq_actual_eval' depends on axioms: [propext, Classical.choice, Quot.sound]
'Math.B699.PadeMomentIdentity.qSource_eq_actual_eval' depends on axioms: [propext, Classical.choice, Quot.sound]
'Math.B699.PadeMomentIdentity.eSource_eq_actual_eval' depends on axioms: [propext, Classical.choice, Quot.sound]
'Math.B699.PadeMomentIdentity.actual_integer_pade_identity' depends on axioms: [propext, Classical.choice, Quot.sound]
D:\CodingProject\Math\research\tasks\B699-Binomial\runs\20261001-lean-nonr7-01a0f779\continuations\20261002-onehour\critical\HeightGroups\Group006.lean:229:8: warning: Unused tactic linter: `ring` does nothing

Note: This linter can be disabled with `set_option linter.unusedTactic false`
D:\CodingProject\Math\research\tasks\B699-Binomial\runs\20261001-lean-nonr7-01a0f779\continuations\20261002-onehour\critical\HeightGroups\Group006.lean:229:8: warning: this tactic is never executed

Note: This linter can be disabled with `set_option linter.unreachableTactic false`
D:\CodingProject\Math\research\tasks\B699-Binomial\runs\20261001-lean-nonr7-01a0f779\continuations\20261002-onehour\critical\HeightGroups\Group006.lean:390:24: warning: Used `tac1 <;> tac2` where `(tac1; tac2)` would suffice

Note: This linter can be disabled with `set_option linter.unnecessarySeqFocus false`
D:\CodingProject\Math\research\tasks\B699-Binomial\runs\20261001-lean-nonr7-01a0f779\continuations\20261002-onehour\critical\HeightGroups\Group006.lean:424:24: warning: Used `tac1 <;> tac2` where `(tac1; tac2)` would suffice

Note: This linter can be disabled with `set_option linter.unnecessarySeqFocus false`
D:\CodingProject\Math\research\tasks\B699-Binomial\runs\20261001-lean-nonr7-01a0f779\continuations\20261002-onehour\critical\HeightGroups\Group006.lean:424:58: warning: Used `tac1 <;> tac2` where `(tac1; tac2)` would suffice

Note: This linter can be disabled with `set_option linter.unnecessarySeqFocus false`
D:\CodingProject\Math\research\tasks\B699-Binomial\runs\20261001-lean-nonr7-01a0f779\continuations\20261002-onehour\critical\HeightGroups\Group006.lean:434:26: warning: Used `tac1 <;> tac2` where `(tac1; tac2)` would suffice

Note: This linter can be disabled with `set_option linter.unnecessarySeqFocus false`
'Math.B699.PadeMoment.bernsteinCone_moment_nonneg' depends on axioms: [propext, Classical.choice, Quot.sound]
'Math.B699.PadeMoment.bernsteinCone_mul' depends on axioms: [propext, Classical.choice, Quot.sound]
'Math.B699.PadeMoment.bernsteinCone_power_gap' depends on axioms: [propext, Classical.choice, Quot.sound]
'Math.B699.PadeMoment.moment_weighted_power_le' depends on axioms: [propext, Classical.choice, Quot.sound]
