D:\CodingProject\Math\research\tasks\B699-Binomial\runs\20261001-lean-nonr7-01a0f779\continuations\20261002-onehour\critical\HeightGroups\Group013.lean:65:63: warning: Used `tac1 <;> tac2` where `(tac1; tac2)` would suffice

Note: This linter can be disabled with `set_option linter.unnecessarySeqFocus false`
D:\CodingProject\Math\research\tasks\B699-Binomial\runs\20261001-lean-nonr7-01a0f779\continuations\20261002-onehour\critical\HeightGroups\Group013.lean:69:63: warning: Used `tac1 <;> tac2` where `(tac1; tac2)` would suffice

Note: This linter can be disabled with `set_option linter.unnecessarySeqFocus false`
D:\CodingProject\Math\research\tasks\B699-Binomial\runs\20261001-lean-nonr7-01a0f779\continuations\20261002-onehour\critical\HeightGroups\Group013.lean:251:84: warning: Used `tac1 <;> tac2` where `(tac1; tac2)` would suffice

Note: This linter can be disabled with `set_option linter.unnecessarySeqFocus false`
D:\CodingProject\Math\research\tasks\B699-Binomial\runs\20261001-lean-nonr7-01a0f779\continuations\20261002-onehour\critical\HeightGroups\Group013.lean:258:63: warning: Used `tac1 <;> tac2` where `(tac1; tac2)` would suffice

Note: This linter can be disabled with `set_option linter.unnecessarySeqFocus false`
'Math.B699.I11TwoFiveGrowth.QLeaf000.actual_gap_eq' depends on axioms: [propext, Classical.choice, Quot.sound]
'Math.B699.I11TwoFiveGrowth.QLeaf000.leafMap_eq_path' depends on axioms: [propext, Classical.choice, Quot.sound]
'Math.B699.I11TwoFiveGrowth.QLeaf000.gapExpansion_cone' depends on axioms: [propext, Classical.choice, Quot.sound]
'Math.B699.I11TwoFiveGrowth.QLeaf000.local_gap_cone' depends on axioms: [propext, Classical.choice, Quot.sound]
'Math.B699.I11TwoFiveGrowth.QLeaf000.local_core_cone' depends on axioms: [propext, Classical.choice, Quot.sound]
'Math.B699.I11TwoFiveGrowth.QLeaf000.local_weight0_cone' depends on axioms: [propext, Classical.choice, Quot.sound]
'Math.B699.I11TwoFiveGrowth.QLeaf000.local_weight1_cone' depends on axioms: [propext, Classical.choice, Quot.sound]
'Math.B699.I11TwoFiveGrowth.QLeaf000.leaf_delta0' depends on axioms: [propext, Classical.choice, Quot.sound]
'Math.B699.I11TwoFiveGrowth.QLeaf000.leaf_delta1' depends on axioms: [propext, Classical.choice, Quot.sound]
D:\CodingProject\Math\research\tasks\B699-Binomial\runs\20261001-lean-nonr7-01a0f779\continuations\20261002-onehour\critical\HeightGroups\Group013.lean:382:84: warning: Used `tac1 <;> tac2` where `(tac1; tac2)` would suffice

Note: This linter can be disabled with `set_option linter.unnecessarySeqFocus false`
D:\CodingProject\Math\research\tasks\B699-Binomial\runs\20261001-lean-nonr7-01a0f779\continuations\20261002-onehour\critical\HeightGroups\Group013.lean:389:63: warning: Used `tac1 <;> tac2` where `(tac1; tac2)` would suffice

Note: This linter can be disabled with `set_option linter.unnecessarySeqFocus false`
'Math.B699.I11TwoFiveGrowth.QLeaf001.actual_gap_eq' depends on axioms: [propext, Classical.choice, Quot.sound]
'Math.B699.I11TwoFiveGrowth.QLeaf001.leafMap_eq_path' depends on axioms: [propext, Classical.choice, Quot.sound]
'Math.B699.I11TwoFiveGrowth.QLeaf001.gapExpansion_cone' depends on axioms: [propext, Classical.choice, Quot.sound]
'Math.B699.I11TwoFiveGrowth.QLeaf001.local_gap_cone' depends on axioms: [propext, Classical.choice, Quot.sound]
'Math.B699.I11TwoFiveGrowth.QLeaf001.local_core_cone' depends on axioms: [propext, Classical.choice, Quot.sound]
'Math.B699.I11TwoFiveGrowth.QLeaf001.local_weight0_cone' depends on axioms: [propext, Classical.choice, Quot.sound]
'Math.B699.I11TwoFiveGrowth.QLeaf001.local_weight1_cone' depends on axioms: [propext, Classical.choice, Quot.sound]
'Math.B699.I11TwoFiveGrowth.QLeaf001.leaf_delta0' depends on axioms: [propext, Classical.choice, Quot.sound]
'Math.B699.I11TwoFiveGrowth.QLeaf001.leaf_delta1' depends on axioms: [propext, Classical.choice, Quot.sound]
D:\CodingProject\Math\research\tasks\B699-Binomial\runs\20261001-lean-nonr7-01a0f779\continuations\20261002-onehour\critical\HeightGroups\Group013.lean:513:84: warning: Used `tac1 <;> tac2` where `(tac1; tac2)` would suffice

Note: This linter can be disabled with `set_option linter.unnecessarySeqFocus false`
D:\CodingProject\Math\research\tasks\B699-Binomial\runs\20261001-lean-nonr7-01a0f779\continuations\20261002-onehour\critical\HeightGroups\Group013.lean:520:63: warning: Used `tac1 <;> tac2` where `(tac1; tac2)` would suffice

Note: This linter can be disabled with `set_option linter.unnecessarySeqFocus false`
'Math.B699.I11TwoFiveGrowth.QLeaf002.actual_gap_eq' depends on axioms: [propext, Classical.choice, Quot.sound]
'Math.B699.I11TwoFiveGrowth.QLeaf002.leafMap_eq_path' depends on axioms: [propext, Classical.choice, Quot.sound]
'Math.B699.I11TwoFiveGrowth.QLeaf002.gapExpansion_cone' depends on axioms: [propext, Classical.choice, Quot.sound]
'Math.B699.I11TwoFiveGrowth.QLeaf002.local_gap_cone' depends on axioms: [propext, Classical.choice, Quot.sound]
'Math.B699.I11TwoFiveGrowth.QLeaf002.local_core_cone' depends on axioms: [propext, Classical.choice, Quot.sound]
'Math.B699.I11TwoFiveGrowth.QLeaf002.local_weight0_cone' depends on axioms: [propext, Classical.choice, Quot.sound]
'Math.B699.I11TwoFiveGrowth.QLeaf002.local_weight1_cone' depends on axioms: [propext, Classical.choice, Quot.sound]
'Math.B699.I11TwoFiveGrowth.QLeaf002.leaf_delta0' depends on axioms: [propext, Classical.choice, Quot.sound]
'Math.B699.I11TwoFiveGrowth.QLeaf002.leaf_delta1' depends on axioms: [propext, Classical.choice, Quot.sound]
D:\CodingProject\Math\research\tasks\B699-Binomial\runs\20261001-lean-nonr7-01a0f779\continuations\20261002-onehour\critical\HeightGroups\Group013.lean:644:84: warning: Used `tac1 <;> tac2` where `(tac1; tac2)` would suffice

Note: This linter can be disabled with `set_option linter.unnecessarySeqFocus false`
D:\CodingProject\Math\research\tasks\B699-Binomial\runs\20261001-lean-nonr7-01a0f779\continuations\20261002-onehour\critical\HeightGroups\Group013.lean:651:63: warning: Used `tac1 <;> tac2` where `(tac1; tac2)` would suffice

Note: This linter can be disabled with `set_option linter.unnecessarySeqFocus false`
'Math.B699.I11TwoFiveGrowth.QLeaf003.actual_gap_eq' depends on axioms: [propext, Classical.choice, Quot.sound]
'Math.B699.I11TwoFiveGrowth.QLeaf003.leafMap_eq_path' depends on axioms: [propext, Classical.choice, Quot.sound]
'Math.B699.I11TwoFiveGrowth.QLeaf003.gapExpansion_cone' depends on axioms: [propext, Classical.choice, Quot.sound]
'Math.B699.I11TwoFiveGrowth.QLeaf003.local_gap_cone' depends on axioms: [propext, Classical.choice, Quot.sound]
'Math.B699.I11TwoFiveGrowth.QLeaf003.local_core_cone' depends on axioms: [propext, Classical.choice, Quot.sound]
'Math.B699.I11TwoFiveGrowth.QLeaf003.local_weight0_cone' depends on axioms: [propext, Classical.choice, Quot.sound]
'Math.B699.I11TwoFiveGrowth.QLeaf003.local_weight1_cone' depends on axioms: [propext, Classical.choice, Quot.sound]
'Math.B699.I11TwoFiveGrowth.QLeaf003.leaf_delta0' depends on axioms: [propext, Classical.choice, Quot.sound]
'Math.B699.I11TwoFiveGrowth.QLeaf003.leaf_delta1' depends on axioms: [propext, Classical.choice, Quot.sound]
D:\CodingProject\Math\research\tasks\B699-Binomial\runs\20261001-lean-nonr7-01a0f779\continuations\20261002-onehour\critical\HeightGroups\Group013.lean:775:84: warning: Used `tac1 <;> tac2` where `(tac1; tac2)` would suffice

Note: This linter can be disabled with `set_option linter.unnecessarySeqFocus false`
D:\CodingProject\Math\research\tasks\B699-Binomial\runs\20261001-lean-nonr7-01a0f779\continuations\20261002-onehour\critical\HeightGroups\Group013.lean:782:63: warning: Used `tac1 <;> tac2` where `(tac1; tac2)` would suffice

Note: This linter can be disabled with `set_option linter.unnecessarySeqFocus false`
'Math.B699.I11TwoFiveGrowth.QLeaf004.actual_gap_eq' depends on axioms: [propext, Classical.choice, Quot.sound]
'Math.B699.I11TwoFiveGrowth.QLeaf004.leafMap_eq_path' depends on axioms: [propext, Classical.choice, Quot.sound]
'Math.B699.I11TwoFiveGrowth.QLeaf004.gapExpansion_cone' depends on axioms: [propext, Classical.choice, Quot.sound]
'Math.B699.I11TwoFiveGrowth.QLeaf004.local_gap_cone' depends on axioms: [propext, Classical.choice, Quot.sound]
'Math.B699.I11TwoFiveGrowth.QLeaf004.local_core_cone' depends on axioms: [propext, Classical.choice, Quot.sound]
'Math.B699.I11TwoFiveGrowth.QLeaf004.local_weight0_cone' depends on axioms: [propext, Classical.choice, Quot.sound]
'Math.B699.I11TwoFiveGrowth.QLeaf004.local_weight1_cone' depends on axioms: [propext, Classical.choice, Quot.sound]
'Math.B699.I11TwoFiveGrowth.QLeaf004.leaf_delta0' depends on axioms: [propext, Classical.choice, Quot.sound]
'Math.B699.I11TwoFiveGrowth.QLeaf004.leaf_delta1' depends on axioms: [propext, Classical.choice, Quot.sound]
D:\CodingProject\Math\research\tasks\B699-Binomial\runs\20261001-lean-nonr7-01a0f779\continuations\20261002-onehour\critical\HeightGroups\Group013.lean:906:84: warning: Used `tac1 <;> tac2` where `(tac1; tac2)` would suffice

Note: This linter can be disabled with `set_option linter.unnecessarySeqFocus false`
D:\CodingProject\Math\research\tasks\B699-Binomial\runs\20261001-lean-nonr7-01a0f779\continuations\20261002-onehour\critical\HeightGroups\Group013.lean:913:63: warning: Used `tac1 <;> tac2` where `(tac1; tac2)` would suffice

Note: This linter can be disabled with `set_option linter.unnecessarySeqFocus false`
'Math.B699.I11TwoFiveGrowth.QLeaf005.actual_gap_eq' depends on axioms: [propext, Classical.choice, Quot.sound]
'Math.B699.I11TwoFiveGrowth.QLeaf005.leafMap_eq_path' depends on axioms: [propext, Classical.choice, Quot.sound]
'Math.B699.I11TwoFiveGrowth.QLeaf005.gapExpansion_cone' depends on axioms: [propext, Classical.choice, Quot.sound]
'Math.B699.I11TwoFiveGrowth.QLeaf005.local_gap_cone' depends on axioms: [propext, Classical.choice, Quot.sound]
'Math.B699.I11TwoFiveGrowth.QLeaf005.local_core_cone' depends on axioms: [propext, Classical.choice, Quot.sound]
'Math.B699.I11TwoFiveGrowth.QLeaf005.local_weight0_cone' depends on axioms: [propext, Classical.choice, Quot.sound]
'Math.B699.I11TwoFiveGrowth.QLeaf005.local_weight1_cone' depends on axioms: [propext, Classical.choice, Quot.sound]
'Math.B699.I11TwoFiveGrowth.QLeaf005.leaf_delta0' depends on axioms: [propext, Classical.choice, Quot.sound]
'Math.B699.I11TwoFiveGrowth.QLeaf005.leaf_delta1' depends on axioms: [propext, Classical.choice, Quot.sound]
D:\CodingProject\Math\research\tasks\B699-Binomial\runs\20261001-lean-nonr7-01a0f779\continuations\20261002-onehour\critical\HeightGroups\Group013.lean:1037:84: warning: Used `tac1 <;> tac2` where `(tac1; tac2)` would suffice

Note: This linter can be disabled with `set_option linter.unnecessarySeqFocus false`
D:\CodingProject\Math\research\tasks\B699-Binomial\runs\20261001-lean-nonr7-01a0f779\continuations\20261002-onehour\critical\HeightGroups\Group013.lean:1044:63: warning: Used `tac1 <;> tac2` where `(tac1; tac2)` would suffice

Note: This linter can be disabled with `set_option linter.unnecessarySeqFocus false`
'Math.B699.I11TwoFiveGrowth.QLeaf006.actual_gap_eq' depends on axioms: [propext, Classical.choice, Quot.sound]
'Math.B699.I11TwoFiveGrowth.QLeaf006.leafMap_eq_path' depends on axioms: [propext, Classical.choice, Quot.sound]
'Math.B699.I11TwoFiveGrowth.QLeaf006.gapExpansion_cone' depends on axioms: [propext, Classical.choice, Quot.sound]
'Math.B699.I11TwoFiveGrowth.QLeaf006.local_gap_cone' depends on axioms: [propext, Classical.choice, Quot.sound]
'Math.B699.I11TwoFiveGrowth.QLeaf006.local_core_cone' depends on axioms: [propext, Classical.choice, Quot.sound]
'Math.B699.I11TwoFiveGrowth.QLeaf006.local_weight0_cone' depends on axioms: [propext, Classical.choice, Quot.sound]
'Math.B699.I11TwoFiveGrowth.QLeaf006.local_weight1_cone' depends on axioms: [propext, Classical.choice, Quot.sound]
'Math.B699.I11TwoFiveGrowth.QLeaf006.leaf_delta0' depends on axioms: [propext, Classical.choice, Quot.sound]
'Math.B699.I11TwoFiveGrowth.QLeaf006.leaf_delta1' depends on axioms: [propext, Classical.choice, Quot.sound]
D:\CodingProject\Math\research\tasks\B699-Binomial\runs\20261001-lean-nonr7-01a0f779\continuations\20261002-onehour\critical\HeightGroups\Group013.lean:1168:84: warning: Used `tac1 <;> tac2` where `(tac1; tac2)` would suffice

Note: This linter can be disabled with `set_option linter.unnecessarySeqFocus false`
D:\CodingProject\Math\research\tasks\B699-Binomial\runs\20261001-lean-nonr7-01a0f779\continuations\20261002-onehour\critical\HeightGroups\Group013.lean:1175:63: warning: Used `tac1 <;> tac2` where `(tac1; tac2)` would suffice

Note: This linter can be disabled with `set_option linter.unnecessarySeqFocus false`
'Math.B699.I11TwoFiveGrowth.QLeaf007.actual_gap_eq' depends on axioms: [propext, Classical.choice, Quot.sound]
'Math.B699.I11TwoFiveGrowth.QLeaf007.leafMap_eq_path' depends on axioms: [propext, Classical.choice, Quot.sound]
'Math.B699.I11TwoFiveGrowth.QLeaf007.gapExpansion_cone' depends on axioms: [propext, Classical.choice, Quot.sound]
'Math.B699.I11TwoFiveGrowth.QLeaf007.local_gap_cone' depends on axioms: [propext, Classical.choice, Quot.sound]
'Math.B699.I11TwoFiveGrowth.QLeaf007.local_core_cone' depends on axioms: [propext, Classical.choice, Quot.sound]
'Math.B699.I11TwoFiveGrowth.QLeaf007.local_weight0_cone' depends on axioms: [propext, Classical.choice, Quot.sound]
'Math.B699.I11TwoFiveGrowth.QLeaf007.local_weight1_cone' depends on axioms: [propext, Classical.choice, Quot.sound]
'Math.B699.I11TwoFiveGrowth.QLeaf007.leaf_delta0' depends on axioms: [propext, Classical.choice, Quot.sound]
'Math.B699.I11TwoFiveGrowth.QLeaf007.leaf_delta1' depends on axioms: [propext, Classical.choice, Quot.sound]
D:\CodingProject\Math\research\tasks\B699-Binomial\runs\20261001-lean-nonr7-01a0f779\continuations\20261002-onehour\critical\HeightGroups\Group013.lean:1299:84: warning: Used `tac1 <;> tac2` where `(tac1; tac2)` would suffice

Note: This linter can be disabled with `set_option linter.unnecessarySeqFocus false`
D:\CodingProject\Math\research\tasks\B699-Binomial\runs\20261001-lean-nonr7-01a0f779\continuations\20261002-onehour\critical\HeightGroups\Group013.lean:1306:63: warning: Used `tac1 <;> tac2` where `(tac1; tac2)` would suffice

Note: This linter can be disabled with `set_option linter.unnecessarySeqFocus false`
'Math.B699.I11TwoFiveGrowth.QLeaf008.actual_gap_eq' depends on axioms: [propext, Classical.choice, Quot.sound]
'Math.B699.I11TwoFiveGrowth.QLeaf008.leafMap_eq_path' depends on axioms: [propext, Classical.choice, Quot.sound]
'Math.B699.I11TwoFiveGrowth.QLeaf008.gapExpansion_cone' depends on axioms: [propext, Classical.choice, Quot.sound]
'Math.B699.I11TwoFiveGrowth.QLeaf008.local_gap_cone' depends on axioms: [propext, Classical.choice, Quot.sound]
'Math.B699.I11TwoFiveGrowth.QLeaf008.local_core_cone' depends on axioms: [propext, Classical.choice, Quot.sound]
'Math.B699.I11TwoFiveGrowth.QLeaf008.local_weight0_cone' depends on axioms: [propext, Classical.choice, Quot.sound]
'Math.B699.I11TwoFiveGrowth.QLeaf008.local_weight1_cone' depends on axioms: [propext, Classical.choice, Quot.sound]
'Math.B699.I11TwoFiveGrowth.QLeaf008.leaf_delta0' depends on axioms: [propext, Classical.choice, Quot.sound]
'Math.B699.I11TwoFiveGrowth.QLeaf008.leaf_delta1' depends on axioms: [propext, Classical.choice, Quot.sound]
D:\CodingProject\Math\research\tasks\B699-Binomial\runs\20261001-lean-nonr7-01a0f779\continuations\20261002-onehour\critical\HeightGroups\Group013.lean:1430:84: warning: Used `tac1 <;> tac2` where `(tac1; tac2)` would suffice

Note: This linter can be disabled with `set_option linter.unnecessarySeqFocus false`
D:\CodingProject\Math\research\tasks\B699-Binomial\runs\20261001-lean-nonr7-01a0f779\continuations\20261002-onehour\critical\HeightGroups\Group013.lean:1437:63: warning: Used `tac1 <;> tac2` where `(tac1; tac2)` would suffice

Note: This linter can be disabled with `set_option linter.unnecessarySeqFocus false`
'Math.B699.I11TwoFiveGrowth.QLeaf009.actual_gap_eq' depends on axioms: [propext, Classical.choice, Quot.sound]
'Math.B699.I11TwoFiveGrowth.QLeaf009.leafMap_eq_path' depends on axioms: [propext, Classical.choice, Quot.sound]
'Math.B699.I11TwoFiveGrowth.QLeaf009.gapExpansion_cone' depends on axioms: [propext, Classical.choice, Quot.sound]
'Math.B699.I11TwoFiveGrowth.QLeaf009.local_gap_cone' depends on axioms: [propext, Classical.choice, Quot.sound]
'Math.B699.I11TwoFiveGrowth.QLeaf009.local_core_cone' depends on axioms: [propext, Classical.choice, Quot.sound]
'Math.B699.I11TwoFiveGrowth.QLeaf009.local_weight0_cone' depends on axioms: [propext, Classical.choice, Quot.sound]
'Math.B699.I11TwoFiveGrowth.QLeaf009.local_weight1_cone' depends on axioms: [propext, Classical.choice, Quot.sound]
'Math.B699.I11TwoFiveGrowth.QLeaf009.leaf_delta0' depends on axioms: [propext, Classical.choice, Quot.sound]
'Math.B699.I11TwoFiveGrowth.QLeaf009.leaf_delta1' depends on axioms: [propext, Classical.choice, Quot.sound]
D:\CodingProject\Math\research\tasks\B699-Binomial\runs\20261001-lean-nonr7-01a0f779\continuations\20261002-onehour\critical\HeightGroups\Group013.lean:1561:84: warning: Used `tac1 <;> tac2` where `(tac1; tac2)` would suffice

Note: This linter can be disabled with `set_option linter.unnecessarySeqFocus false`
D:\CodingProject\Math\research\tasks\B699-Binomial\runs\20261001-lean-nonr7-01a0f779\continuations\20261002-onehour\critical\HeightGroups\Group013.lean:1568:63: warning: Used `tac1 <;> tac2` where `(tac1; tac2)` would suffice

Note: This linter can be disabled with `set_option linter.unnecessarySeqFocus false`
'Math.B699.I11TwoFiveGrowth.ELeaf000.actual_gap_eq' depends on axioms: [propext, Classical.choice, Quot.sound]
'Math.B699.I11TwoFiveGrowth.ELeaf000.leafMap_eq_path' depends on axioms: [propext, Classical.choice, Quot.sound]
'Math.B699.I11TwoFiveGrowth.ELeaf000.gapExpansion_cone' depends on axioms: [propext, Classical.choice, Quot.sound]
'Math.B699.I11TwoFiveGrowth.ELeaf000.local_gap_cone' depends on axioms: [propext, Classical.choice, Quot.sound]
'Math.B699.I11TwoFiveGrowth.ELeaf000.local_core_cone' depends on axioms: [propext, Classical.choice, Quot.sound]
'Math.B699.I11TwoFiveGrowth.ELeaf000.local_weight0_cone' depends on axioms: [propext, Classical.choice, Quot.sound]
'Math.B699.I11TwoFiveGrowth.ELeaf000.local_weight1_cone' depends on axioms: [propext, Classical.choice, Quot.sound]
'Math.B699.I11TwoFiveGrowth.ELeaf000.leaf_delta0' depends on axioms: [propext, Classical.choice, Quot.sound]
'Math.B699.I11TwoFiveGrowth.ELeaf000.leaf_delta1' depends on axioms: [propext, Classical.choice, Quot.sound]
D:\CodingProject\Math\research\tasks\B699-Binomial\runs\20261001-lean-nonr7-01a0f779\continuations\20261002-onehour\critical\HeightGroups\Group013.lean:1692:84: warning: Used `tac1 <;> tac2` where `(tac1; tac2)` would suffice

Note: This linter can be disabled with `set_option linter.unnecessarySeqFocus false`
D:\CodingProject\Math\research\tasks\B699-Binomial\runs\20261001-lean-nonr7-01a0f779\continuations\20261002-onehour\critical\HeightGroups\Group013.lean:1699:63: warning: Used `tac1 <;> tac2` where `(tac1; tac2)` would suffice

Note: This linter can be disabled with `set_option linter.unnecessarySeqFocus false`
'Math.B699.I11TwoFiveGrowth.ELeaf001.actual_gap_eq' depends on axioms: [propext, Classical.choice, Quot.sound]
'Math.B699.I11TwoFiveGrowth.ELeaf001.leafMap_eq_path' depends on axioms: [propext, Classical.choice, Quot.sound]
'Math.B699.I11TwoFiveGrowth.ELeaf001.gapExpansion_cone' depends on axioms: [propext, Classical.choice, Quot.sound]
'Math.B699.I11TwoFiveGrowth.ELeaf001.local_gap_cone' depends on axioms: [propext, Classical.choice, Quot.sound]
'Math.B699.I11TwoFiveGrowth.ELeaf001.local_core_cone' depends on axioms: [propext, Classical.choice, Quot.sound]
'Math.B699.I11TwoFiveGrowth.ELeaf001.local_weight0_cone' depends on axioms: [propext, Classical.choice, Quot.sound]
'Math.B699.I11TwoFiveGrowth.ELeaf001.local_weight1_cone' depends on axioms: [propext, Classical.choice, Quot.sound]
'Math.B699.I11TwoFiveGrowth.ELeaf001.leaf_delta0' depends on axioms: [propext, Classical.choice, Quot.sound]
'Math.B699.I11TwoFiveGrowth.ELeaf001.leaf_delta1' depends on axioms: [propext, Classical.choice, Quot.sound]
D:\CodingProject\Math\research\tasks\B699-Binomial\runs\20261001-lean-nonr7-01a0f779\continuations\20261002-onehour\critical\HeightGroups\Group013.lean:1823:84: warning: Used `tac1 <;> tac2` where `(tac1; tac2)` would suffice

Note: This linter can be disabled with `set_option linter.unnecessarySeqFocus false`
D:\CodingProject\Math\research\tasks\B699-Binomial\runs\20261001-lean-nonr7-01a0f779\continuations\20261002-onehour\critical\HeightGroups\Group013.lean:1830:63: warning: Used `tac1 <;> tac2` where `(tac1; tac2)` would suffice

Note: This linter can be disabled with `set_option linter.unnecessarySeqFocus false`
'Math.B699.I11TwoFiveGrowth.ELeaf002.actual_gap_eq' depends on axioms: [propext, Classical.choice, Quot.sound]
'Math.B699.I11TwoFiveGrowth.ELeaf002.leafMap_eq_path' depends on axioms: [propext, Classical.choice, Quot.sound]
'Math.B699.I11TwoFiveGrowth.ELeaf002.gapExpansion_cone' depends on axioms: [propext, Classical.choice, Quot.sound]
'Math.B699.I11TwoFiveGrowth.ELeaf002.local_gap_cone' depends on axioms: [propext, Classical.choice, Quot.sound]
'Math.B699.I11TwoFiveGrowth.ELeaf002.local_core_cone' depends on axioms: [propext, Classical.choice, Quot.sound]
'Math.B699.I11TwoFiveGrowth.ELeaf002.local_weight0_cone' depends on axioms: [propext, Classical.choice, Quot.sound]
'Math.B699.I11TwoFiveGrowth.ELeaf002.local_weight1_cone' depends on axioms: [propext, Classical.choice, Quot.sound]
'Math.B699.I11TwoFiveGrowth.ELeaf002.leaf_delta0' depends on axioms: [propext, Classical.choice, Quot.sound]
'Math.B699.I11TwoFiveGrowth.ELeaf002.leaf_delta1' depends on axioms: [propext, Classical.choice, Quot.sound]
D:\CodingProject\Math\research\tasks\B699-Binomial\runs\20261001-lean-nonr7-01a0f779\continuations\20261002-onehour\critical\HeightGroups\Group013.lean:1954:84: warning: Used `tac1 <;> tac2` where `(tac1; tac2)` would suffice

Note: This linter can be disabled with `set_option linter.unnecessarySeqFocus false`
D:\CodingProject\Math\research\tasks\B699-Binomial\runs\20261001-lean-nonr7-01a0f779\continuations\20261002-onehour\critical\HeightGroups\Group013.lean:1961:63: warning: Used `tac1 <;> tac2` where `(tac1; tac2)` would suffice

Note: This linter can be disabled with `set_option linter.unnecessarySeqFocus false`
'Math.B699.I11TwoFiveGrowth.ELeaf003.actual_gap_eq' depends on axioms: [propext, Classical.choice, Quot.sound]
'Math.B699.I11TwoFiveGrowth.ELeaf003.leafMap_eq_path' depends on axioms: [propext, Classical.choice, Quot.sound]
'Math.B699.I11TwoFiveGrowth.ELeaf003.gapExpansion_cone' depends on axioms: [propext, Classical.choice, Quot.sound]
'Math.B699.I11TwoFiveGrowth.ELeaf003.local_gap_cone' depends on axioms: [propext, Classical.choice, Quot.sound]
'Math.B699.I11TwoFiveGrowth.ELeaf003.local_core_cone' depends on axioms: [propext, Classical.choice, Quot.sound]
'Math.B699.I11TwoFiveGrowth.ELeaf003.local_weight0_cone' depends on axioms: [propext, Classical.choice, Quot.sound]
'Math.B699.I11TwoFiveGrowth.ELeaf003.local_weight1_cone' depends on axioms: [propext, Classical.choice, Quot.sound]
'Math.B699.I11TwoFiveGrowth.ELeaf003.leaf_delta0' depends on axioms: [propext, Classical.choice, Quot.sound]
'Math.B699.I11TwoFiveGrowth.ELeaf003.leaf_delta1' depends on axioms: [propext, Classical.choice, Quot.sound]
D:\CodingProject\Math\research\tasks\B699-Binomial\runs\20261001-lean-nonr7-01a0f779\continuations\20261002-onehour\critical\HeightGroups\Group013.lean:2085:84: warning: Used `tac1 <;> tac2` where `(tac1; tac2)` would suffice

Note: This linter can be disabled with `set_option linter.unnecessarySeqFocus false`
D:\CodingProject\Math\research\tasks\B699-Binomial\runs\20261001-lean-nonr7-01a0f779\continuations\20261002-onehour\critical\HeightGroups\Group013.lean:2092:63: warning: Used `tac1 <;> tac2` where `(tac1; tac2)` would suffice

Note: This linter can be disabled with `set_option linter.unnecessarySeqFocus false`
'Math.B699.I11TwoFiveGrowth.ELeaf004.actual_gap_eq' depends on axioms: [propext, Classical.choice, Quot.sound]
'Math.B699.I11TwoFiveGrowth.ELeaf004.leafMap_eq_path' depends on axioms: [propext, Classical.choice, Quot.sound]
'Math.B699.I11TwoFiveGrowth.ELeaf004.gapExpansion_cone' depends on axioms: [propext, Classical.choice, Quot.sound]
'Math.B699.I11TwoFiveGrowth.ELeaf004.local_gap_cone' depends on axioms: [propext, Classical.choice, Quot.sound]
'Math.B699.I11TwoFiveGrowth.ELeaf004.local_core_cone' depends on axioms: [propext, Classical.choice, Quot.sound]
'Math.B699.I11TwoFiveGrowth.ELeaf004.local_weight0_cone' depends on axioms: [propext, Classical.choice, Quot.sound]
'Math.B699.I11TwoFiveGrowth.ELeaf004.local_weight1_cone' depends on axioms: [propext, Classical.choice, Quot.sound]
'Math.B699.I11TwoFiveGrowth.ELeaf004.leaf_delta0' depends on axioms: [propext, Classical.choice, Quot.sound]
'Math.B699.I11TwoFiveGrowth.ELeaf004.leaf_delta1' depends on axioms: [propext, Classical.choice, Quot.sound]
D:\CodingProject\Math\research\tasks\B699-Binomial\runs\20261001-lean-nonr7-01a0f779\continuations\20261002-onehour\critical\HeightGroups\Group013.lean:2216:84: warning: Used `tac1 <;> tac2` where `(tac1; tac2)` would suffice

Note: This linter can be disabled with `set_option linter.unnecessarySeqFocus false`
D:\CodingProject\Math\research\tasks\B699-Binomial\runs\20261001-lean-nonr7-01a0f779\continuations\20261002-onehour\critical\HeightGroups\Group013.lean:2223:63: warning: Used `tac1 <;> tac2` where `(tac1; tac2)` would suffice

Note: This linter can be disabled with `set_option linter.unnecessarySeqFocus false`
'Math.B699.I11TwoFiveGrowth.ELeaf005.actual_gap_eq' depends on axioms: [propext, Classical.choice, Quot.sound]
'Math.B699.I11TwoFiveGrowth.ELeaf005.leafMap_eq_path' depends on axioms: [propext, Classical.choice, Quot.sound]
'Math.B699.I11TwoFiveGrowth.ELeaf005.gapExpansion_cone' depends on axioms: [propext, Classical.choice, Quot.sound]
'Math.B699.I11TwoFiveGrowth.ELeaf005.local_gap_cone' depends on axioms: [propext, Classical.choice, Quot.sound]
'Math.B699.I11TwoFiveGrowth.ELeaf005.local_core_cone' depends on axioms: [propext, Classical.choice, Quot.sound]
'Math.B699.I11TwoFiveGrowth.ELeaf005.local_weight0_cone' depends on axioms: [propext, Classical.choice, Quot.sound]
'Math.B699.I11TwoFiveGrowth.ELeaf005.local_weight1_cone' depends on axioms: [propext, Classical.choice, Quot.sound]
'Math.B699.I11TwoFiveGrowth.ELeaf005.leaf_delta0' depends on axioms: [propext, Classical.choice, Quot.sound]
'Math.B699.I11TwoFiveGrowth.ELeaf005.leaf_delta1' depends on axioms: [propext, Classical.choice, Quot.sound]
D:\CodingProject\Math\research\tasks\B699-Binomial\runs\20261001-lean-nonr7-01a0f779\continuations\20261002-onehour\critical\HeightGroups\Group013.lean:2347:84: warning: Used `tac1 <;> tac2` where `(tac1; tac2)` would suffice

Note: This linter can be disabled with `set_option linter.unnecessarySeqFocus false`
D:\CodingProject\Math\research\tasks\B699-Binomial\runs\20261001-lean-nonr7-01a0f779\continuations\20261002-onehour\critical\HeightGroups\Group013.lean:2354:63: warning: Used `tac1 <;> tac2` where `(tac1; tac2)` would suffice

Note: This linter can be disabled with `set_option linter.unnecessarySeqFocus false`
'Math.B699.I11TwoFiveGrowth.ELeaf006.actual_gap_eq' depends on axioms: [propext, Classical.choice, Quot.sound]
'Math.B699.I11TwoFiveGrowth.ELeaf006.leafMap_eq_path' depends on axioms: [propext, Classical.choice, Quot.sound]
'Math.B699.I11TwoFiveGrowth.ELeaf006.gapExpansion_cone' depends on axioms: [propext, Classical.choice, Quot.sound]
'Math.B699.I11TwoFiveGrowth.ELeaf006.local_gap_cone' depends on axioms: [propext, Classical.choice, Quot.sound]
'Math.B699.I11TwoFiveGrowth.ELeaf006.local_core_cone' depends on axioms: [propext, Classical.choice, Quot.sound]
'Math.B699.I11TwoFiveGrowth.ELeaf006.local_weight0_cone' depends on axioms: [propext, Classical.choice, Quot.sound]
'Math.B699.I11TwoFiveGrowth.ELeaf006.local_weight1_cone' depends on axioms: [propext, Classical.choice, Quot.sound]
'Math.B699.I11TwoFiveGrowth.ELeaf006.leaf_delta0' depends on axioms: [propext, Classical.choice, Quot.sound]
'Math.B699.I11TwoFiveGrowth.ELeaf006.leaf_delta1' depends on axioms: [propext, Classical.choice, Quot.sound]
D:\CodingProject\Math\research\tasks\B699-Binomial\runs\20261001-lean-nonr7-01a0f779\continuations\20261002-onehour\critical\HeightGroups\Group013.lean:2478:84: warning: Used `tac1 <;> tac2` where `(tac1; tac2)` would suffice

Note: This linter can be disabled with `set_option linter.unnecessarySeqFocus false`
D:\CodingProject\Math\research\tasks\B699-Binomial\runs\20261001-lean-nonr7-01a0f779\continuations\20261002-onehour\critical\HeightGroups\Group013.lean:2485:63: warning: Used `tac1 <;> tac2` where `(tac1; tac2)` would suffice

Note: This linter can be disabled with `set_option linter.unnecessarySeqFocus false`
'Math.B699.I11TwoFiveGrowth.ELeaf007.actual_gap_eq' depends on axioms: [propext, Classical.choice, Quot.sound]
'Math.B699.I11TwoFiveGrowth.ELeaf007.leafMap_eq_path' depends on axioms: [propext, Classical.choice, Quot.sound]
'Math.B699.I11TwoFiveGrowth.ELeaf007.gapExpansion_cone' depends on axioms: [propext, Classical.choice, Quot.sound]
'Math.B699.I11TwoFiveGrowth.ELeaf007.local_gap_cone' depends on axioms: [propext, Classical.choice, Quot.sound]
'Math.B699.I11TwoFiveGrowth.ELeaf007.local_core_cone' depends on axioms: [propext, Classical.choice, Quot.sound]
'Math.B699.I11TwoFiveGrowth.ELeaf007.local_weight0_cone' depends on axioms: [propext, Classical.choice, Quot.sound]
'Math.B699.I11TwoFiveGrowth.ELeaf007.local_weight1_cone' depends on axioms: [propext, Classical.choice, Quot.sound]
'Math.B699.I11TwoFiveGrowth.ELeaf007.leaf_delta0' depends on axioms: [propext, Classical.choice, Quot.sound]
'Math.B699.I11TwoFiveGrowth.ELeaf007.leaf_delta1' depends on axioms: [propext, Classical.choice, Quot.sound]
D:\CodingProject\Math\research\tasks\B699-Binomial\runs\20261001-lean-nonr7-01a0f779\continuations\20261002-onehour\critical\HeightGroups\Group013.lean:2609:84: warning: Used `tac1 <;> tac2` where `(tac1; tac2)` would suffice

Note: This linter can be disabled with `set_option linter.unnecessarySeqFocus false`
D:\CodingProject\Math\research\tasks\B699-Binomial\runs\20261001-lean-nonr7-01a0f779\continuations\20261002-onehour\critical\HeightGroups\Group013.lean:2616:63: warning: Used `tac1 <;> tac2` where `(tac1; tac2)` would suffice

Note: This linter can be disabled with `set_option linter.unnecessarySeqFocus false`
'Math.B699.I11TwoFiveGrowth.ELeaf008.actual_gap_eq' depends on axioms: [propext, Classical.choice, Quot.sound]
'Math.B699.I11TwoFiveGrowth.ELeaf008.leafMap_eq_path' depends on axioms: [propext, Classical.choice, Quot.sound]
'Math.B699.I11TwoFiveGrowth.ELeaf008.gapExpansion_cone' depends on axioms: [propext, Classical.choice, Quot.sound]
'Math.B699.I11TwoFiveGrowth.ELeaf008.local_gap_cone' depends on axioms: [propext, Classical.choice, Quot.sound]
'Math.B699.I11TwoFiveGrowth.ELeaf008.local_core_cone' depends on axioms: [propext, Classical.choice, Quot.sound]
'Math.B699.I11TwoFiveGrowth.ELeaf008.local_weight0_cone' depends on axioms: [propext, Classical.choice, Quot.sound]
'Math.B699.I11TwoFiveGrowth.ELeaf008.local_weight1_cone' depends on axioms: [propext, Classical.choice, Quot.sound]
'Math.B699.I11TwoFiveGrowth.ELeaf008.leaf_delta0' depends on axioms: [propext, Classical.choice, Quot.sound]
'Math.B699.I11TwoFiveGrowth.ELeaf008.leaf_delta1' depends on axioms: [propext, Classical.choice, Quot.sound]
