'Math.B699.I11TwoFiveGrowth.Tree.qTreeNodeLLLRRRLLDelta0' depends on axioms: [propext, Classical.choice, Quot.sound]
'Math.B699.I11TwoFiveGrowth.Tree.qTreeNodeLLLRRRLDelta0' depends on axioms: [propext, Classical.choice, Quot.sound]
'Math.B699.I11TwoFiveGrowth.Tree.qTreeNodeLLLRRRDelta0' depends on axioms: [propext, Classical.choice, Quot.sound]
'Math.B699.I11TwoFiveGrowth.Tree.qTreeNodeLLLRRDelta0' depends on axioms: [propext, Classical.choice, Quot.sound]
'Math.B699.I11TwoFiveGrowth.Tree.qTreeNodeLLLRDelta0' depends on axioms: [propext, Classical.choice, Quot.sound]
'Math.B699.I11TwoFiveGrowth.Tree.qTreeNodeLLLDelta0' depends on axioms: [propext, Classical.choice, Quot.sound]
'Math.B699.I11TwoFiveGrowth.Tree.qTreeNodeLLDelta0' depends on axioms: [propext, Classical.choice, Quot.sound]
'Math.B699.I11TwoFiveGrowth.Tree.qTreeNodeLDelta0' depends on axioms: [propext, Classical.choice, Quot.sound]
'Math.B699.I11TwoFiveGrowth.Tree.qTreeNodeRootDelta0' depends on axioms: [propext, Classical.choice, Quot.sound]
'Math.B699.I11TwoFiveGrowth.Tree.q_tree_delta0' depends on axioms: [propext, Classical.choice, Quot.sound]
'Math.B699.I11TwoFiveGrowth.Tree.qTreeNodeLLLRRRLLDelta1' depends on axioms: [propext, Classical.choice, Quot.sound]
'Math.B699.I11TwoFiveGrowth.Tree.qTreeNodeLLLRRRLDelta1' depends on axioms: [propext, Classical.choice, Quot.sound]
'Math.B699.I11TwoFiveGrowth.Tree.qTreeNodeLLLRRRDelta1' depends on axioms: [propext, Classical.choice, Quot.sound]
'Math.B699.I11TwoFiveGrowth.Tree.qTreeNodeLLLRRDelta1' depends on axioms: [propext, Classical.choice, Quot.sound]
'Math.B699.I11TwoFiveGrowth.Tree.qTreeNodeLLLRDelta1' depends on axioms: [propext, Classical.choice, Quot.sound]
'Math.B699.I11TwoFiveGrowth.Tree.qTreeNodeLLLDelta1' depends on axioms: [propext, Classical.choice, Quot.sound]
'Math.B699.I11TwoFiveGrowth.Tree.qTreeNodeLLDelta1' depends on axioms: [propext, Classical.choice, Quot.sound]
'Math.B699.I11TwoFiveGrowth.Tree.qTreeNodeLDelta1' depends on axioms: [propext, Classical.choice, Quot.sound]
'Math.B699.I11TwoFiveGrowth.Tree.qTreeNodeRootDelta1' depends on axioms: [propext, Classical.choice, Quot.sound]
'Math.B699.I11TwoFiveGrowth.Tree.q_tree_delta1' depends on axioms: [propext, Classical.choice, Quot.sound]
'Math.B699.I11TwoFiveGrowth.Tree.eTreeNodeLRRRRRRDelta0' depends on axioms: [propext, Classical.choice, Quot.sound]
'Math.B699.I11TwoFiveGrowth.Tree.eTreeNodeLRRRRRDelta0' depends on axioms: [propext, Classical.choice, Quot.sound]
'Math.B699.I11TwoFiveGrowth.Tree.eTreeNodeLRRRRDelta0' depends on axioms: [propext, Classical.choice, Quot.sound]
'Math.B699.I11TwoFiveGrowth.Tree.eTreeNodeLRRRDelta0' depends on axioms: [propext, Classical.choice, Quot.sound]
'Math.B699.I11TwoFiveGrowth.Tree.eTreeNodeLRRDelta0' depends on axioms: [propext, Classical.choice, Quot.sound]
'Math.B699.I11TwoFiveGrowth.Tree.eTreeNodeLRDelta0' depends on axioms: [propext, Classical.choice, Quot.sound]
'Math.B699.I11TwoFiveGrowth.Tree.eTreeNodeLDelta0' depends on axioms: [propext, Classical.choice, Quot.sound]
'Math.B699.I11TwoFiveGrowth.Tree.eTreeNodeRootDelta0' depends on axioms: [propext, Classical.choice, Quot.sound]
'Math.B699.I11TwoFiveGrowth.Tree.e_tree_delta0' depends on axioms: [propext, Classical.choice, Quot.sound]
'Math.B699.I11TwoFiveGrowth.Tree.eTreeNodeLRRRRRRDelta1' depends on axioms: [propext, Classical.choice, Quot.sound]
'Math.B699.I11TwoFiveGrowth.Tree.eTreeNodeLRRRRRDelta1' depends on axioms: [propext, Classical.choice, Quot.sound]
'Math.B699.I11TwoFiveGrowth.Tree.eTreeNodeLRRRRDelta1' depends on axioms: [propext, Classical.choice, Quot.sound]
'Math.B699.I11TwoFiveGrowth.Tree.eTreeNodeLRRRDelta1' depends on axioms: [propext, Classical.choice, Quot.sound]
'Math.B699.I11TwoFiveGrowth.Tree.eTreeNodeLRRDelta1' depends on axioms: [propext, Classical.choice, Quot.sound]
'Math.B699.I11TwoFiveGrowth.Tree.eTreeNodeLRDelta1' depends on axioms: [propext, Classical.choice, Quot.sound]
'Math.B699.I11TwoFiveGrowth.Tree.eTreeNodeLDelta1' depends on axioms: [propext, Classical.choice, Quot.sound]
'Math.B699.I11TwoFiveGrowth.Tree.eTreeNodeRootDelta1' depends on axioms: [propext, Classical.choice, Quot.sound]
'Math.B699.I11TwoFiveGrowth.Tree.e_tree_delta1' depends on axioms: [propext, Classical.choice, Quot.sound]
D:\CodingProject\Math\research\tasks\B699-Binomial\runs\20261001-lean-nonr7-01a0f779\continuations\20261002-onehour\critical\HeightGroups\Group014.lean:368:65: warning: Used `tac1 <;> tac2` where `(tac1; tac2)` would suffice

Note: This linter can be disabled with `set_option linter.unnecessarySeqFocus false`
D:\CodingProject\Math\research\tasks\B699-Binomial\runs\20261001-lean-nonr7-01a0f779\continuations\20261002-onehour\critical\HeightGroups\Group014.lean:399:37: warning: exponent 15359 exceeds the threshold 256, exponentiation operation was not evaluated, use `set_option exponentiation.threshold <num>` to set a new threshold
'B699LowIndex.I11FiveThreeComponentEdge.window_in_ceilHalf_interval' depends on axioms: [propext,
 Classical.choice,
 Quot.sound]
'B699LowIndex.I11FiveThreeComponentEdge.ceilHalf_lower_of_two_mul_le' depends on axioms: [propext, Quot.sound]
'B699LowIndex.I11FiveThreeComponentEdge.ceilHalf_power_lower' depends on axioms: [propext, Quot.sound]
'B699LowIndex.I11FiveThreeComponentEdge.twenty_le_of_power_bound' depends on axioms: [propext]
