# command: LEAN -j1 -M1536 -DautoImplicit=false -DrelaxedAutoImplicit=false --root=PROJECT_ROOT -o .tools/20260911-low-index-lean-513dc7cc/20260911T061746345536Z/olean/research/tasks/B699-Binomial/runs/20260911-low-index-lean-513dc7cc/lean/rows/Row181B16/Block001.olean research/tasks/B699-Binomial/runs/20260911-low-index-lean-513dc7cc/lean/rows/Row181B16/Block001.lean
# cwd: PROJECT_ROOT
# started_utc: 2026-09-11T06:18:33.060059Z
# finished_utc: 2026-09-11T06:18:54.391300Z
# exit_code: 0
# timed_out: False
'B699LowIndex.LowIndexLean513dc7cc.row181_good240_checked' depends on axioms: [propext, Classical.choice, Quot.sound]
'B699LowIndex.LowIndexLean513dc7cc.row181_good241_checked' depends on axioms: [propext, Classical.choice, Quot.sound]
'B699LowIndex.LowIndexLean513dc7cc.row181_good242_checked' depends on axioms: [propext, Classical.choice, Quot.sound]
'B699LowIndex.LowIndexLean513dc7cc.row181_good243_checked' depends on axioms: [propext, Classical.choice, Quot.sound]
'B699LowIndex.LowIndexLean513dc7cc.row181_good244_checked' depends on axioms: [propext, Classical.choice, Quot.sound]
'B699LowIndex.LowIndexLean513dc7cc.row181_good245_checked' depends on axioms: [propext, Classical.choice, Quot.sound]
'B699LowIndex.LowIndexLean513dc7cc.row181_good246_checked' depends on axioms: [propext, Classical.choice, Quot.sound]
'B699LowIndex.LowIndexLean513dc7cc.row181_good247_checked' depends on axioms: [propext, Classical.choice, Quot.sound]
'B699LowIndex.LowIndexLean513dc7cc.row181_good248_checked' depends on axioms: [propext, Classical.choice, Quot.sound]
'B699LowIndex.LowIndexLean513dc7cc.row181_good249_checked' depends on axioms: [propext, Classical.choice, Quot.sound]
'B699LowIndex.LowIndexLean513dc7cc.row181_goods_checked' depends on axioms: [propext, Classical.choice, Quot.sound]
'B699LowIndex.LowIndexLean513dc7cc.row181_registered' depends on axioms: [propext]
'B699LowIndex.LowIndexLean513dc7cc.row181_small_checked' does not depend on any axioms
'B699LowIndex.LowIndexLean513dc7cc.row181_layerCover_checked' does not depend on any axioms
'B699LowIndex.LowIndexLean513dc7cc.row181_bounds_eq' does not depend on any axioms
'B699LowIndex.LowIndexLean513dc7cc.row181_layer000_intervals' does not depend on any axioms
'B699LowIndex.LowIndexLean513dc7cc.row181_layer000_arithmetic' depends on axioms: [propext,
 Classical.choice,
 Quot.sound]
'B699LowIndex.LowIndexLean513dc7cc.row181_layer000_enumeration' depends on axioms: [propext,
 Classical.choice,
 Quot.sound]
'B699LowIndex.LowIndexLean513dc7cc.row181_layer000_pairs000' does not depend on any axioms
'B699LowIndex.LowIndexLean513dc7cc.row181_layer000_pairs001' does not depend on any axioms
'B699LowIndex.LowIndexLean513dc7cc.row181_layer000_pairs002' does not depend on any axioms
'B699LowIndex.LowIndexLean513dc7cc.row181_layer000_pairs003' does not depend on any axioms
'B699LowIndex.LowIndexLean513dc7cc.row181_layer000_pairs004' does not depend on any axioms
'B699LowIndex.LowIndexLean513dc7cc.row181_layer000_pairs005' does not depend on any axioms
'B699LowIndex.LowIndexLean513dc7cc.row181_layer000_pairs006' does not depend on any axioms
'B699LowIndex.LowIndexLean513dc7cc.row181_layer000_pairs007' does not depend on any axioms
'B699LowIndex.LowIndexLean513dc7cc.row181_layer000_chunks_eq' does not depend on any axioms
'B699LowIndex.LowIndexLean513dc7cc.row181_layer000_pairs' depends on axioms: [propext, Quot.sound]
