# command: LEAN -j1 -M2048 -DautoImplicit=false -DrelaxedAutoImplicit=false --root=PROJECT_ROOT -o .tools/20260911-low-index-lean-513dc7cc/20260911T025242863873Z/olean/research/tasks/B699-Binomial/runs/20260911-low-index-lean-513dc7cc/lean/rows/Row064B64/Original.olean research/tasks/B699-Binomial/runs/20260911-low-index-lean-513dc7cc/lean/rows/Row064B64/Original.lean
# cwd: PROJECT_ROOT
# started_utc: 2026-09-11T02:53:34.730013Z
# finished_utc: 2026-09-11T02:54:00.613895Z
# exit_code: 0
# timed_out: False
'B699LowIndex.LowIndexLean513dc7cc.row064_layer003_pairs002' does not depend on any axioms
'B699LowIndex.LowIndexLean513dc7cc.row064_layer003_pairs003' does not depend on any axioms
'B699LowIndex.LowIndexLean513dc7cc.row064_layer003_pairs004' does not depend on any axioms
'B699LowIndex.LowIndexLean513dc7cc.row064_layer003_pairs005' does not depend on any axioms
'B699LowIndex.LowIndexLean513dc7cc.row064_layer003_pairs006' does not depend on any axioms
'B699LowIndex.LowIndexLean513dc7cc.row064_layer003_pairs007' does not depend on any axioms
'B699LowIndex.LowIndexLean513dc7cc.row064_layer003_chunks_eq' does not depend on any axioms
'B699LowIndex.LowIndexLean513dc7cc.row064_layer003_pairs' depends on axioms: [propext, Quot.sound]
'B699LowIndex.LowIndexLean513dc7cc.row064_layer003_checked' depends on axioms: [propext, Classical.choice, Quot.sound]
'B699LowIndex.LowIndexLean513dc7cc.row064_layer000_checked' depends on axioms: [propext, Classical.choice, Quot.sound]
'B699LowIndex.LowIndexLean513dc7cc.row064_layer001_checked' depends on axioms: [propext, Classical.choice, Quot.sound]
'B699LowIndex.LowIndexLean513dc7cc.row064_layer002_checked' depends on axioms: [propext, Classical.choice, Quot.sound]
'B699LowIndex.LowIndexLean513dc7cc.row064_layer003_checked' depends on axioms: [propext, Classical.choice, Quot.sound]
'B699LowIndex.LowIndexLean513dc7cc.row064_layer005_intervals' does not depend on any axioms
'B699LowIndex.LowIndexLean513dc7cc.row064_layer005_arithmetic' depends on axioms: [propext,
 Classical.choice,
 Quot.sound]
'B699LowIndex.LowIndexLean513dc7cc.row064_layer005_enumeration' depends on axioms: [propext,
 Classical.choice,
 Quot.sound]
'B699LowIndex.LowIndexLean513dc7cc.row064_layer005_pairs000' does not depend on any axioms
'B699LowIndex.LowIndexLean513dc7cc.row064_layer005_pairs001' does not depend on any axioms
'B699LowIndex.LowIndexLean513dc7cc.row064_layer005_pairs002' does not depend on any axioms
'B699LowIndex.LowIndexLean513dc7cc.row064_layer005_pairs003' does not depend on any axioms
'B699LowIndex.LowIndexLean513dc7cc.row064_layer005_pairs004' does not depend on any axioms
'B699LowIndex.LowIndexLean513dc7cc.row064_layer005_chunks_eq' does not depend on any axioms
'B699LowIndex.LowIndexLean513dc7cc.row064_layer005_pairs' depends on axioms: [propext, Quot.sound]
'B699LowIndex.LowIndexLean513dc7cc.row064_layer005_checked' depends on axioms: [propext, Classical.choice, Quot.sound]
'B699LowIndex.LowIndexLean513dc7cc.row064_layer007_intervals' does not depend on any axioms
'B699LowIndex.LowIndexLean513dc7cc.row064_layer007_arithmetic' depends on axioms: [propext,
 Classical.choice,
 Quot.sound]
'B699LowIndex.LowIndexLean513dc7cc.row064_layer007_enumeration' depends on axioms: [propext,
 Classical.choice,
 Quot.sound]
'B699LowIndex.LowIndexLean513dc7cc.row064_layer007_pairs000' does not depend on any axioms
'B699LowIndex.LowIndexLean513dc7cc.row064_layer007_pairs001' does not depend on any axioms
'B699LowIndex.LowIndexLean513dc7cc.row064_layer007_pairs002' does not depend on any axioms
'B699LowIndex.LowIndexLean513dc7cc.row064_layer007_pairs003' does not depend on any axioms
'B699LowIndex.LowIndexLean513dc7cc.row064_layer007_pairs004' does not depend on any axioms
'B699LowIndex.LowIndexLean513dc7cc.row064_layer007_chunks_eq' does not depend on any axioms
'B699LowIndex.LowIndexLean513dc7cc.row064_layer007_pairs' depends on axioms: [propext, Quot.sound]
'B699LowIndex.LowIndexLean513dc7cc.row064_layer007_checked' depends on axioms: [propext, Classical.choice, Quot.sound]
'B699LowIndex.LowIndexLean513dc7cc.row064_layer004_checked' depends on axioms: [propext, Classical.choice, Quot.sound]
'B699LowIndex.LowIndexLean513dc7cc.row064_layer005_checked' depends on axioms: [propext, Classical.choice, Quot.sound]
'B699LowIndex.LowIndexLean513dc7cc.row064_layer006_checked' depends on axioms: [propext, Classical.choice, Quot.sound]
'B699LowIndex.LowIndexLean513dc7cc.row064_layer007_checked' depends on axioms: [propext, Classical.choice, Quot.sound]
'B699LowIndex.LowIndexLean513dc7cc.row064_layer008_checked' depends on axioms: [propext, Classical.choice, Quot.sound]
'B699LowIndex.LowIndexLean513dc7cc.row064_layer009_checked' depends on axioms: [propext, Classical.choice, Quot.sound]
'B699LowIndex.LowIndexLean513dc7cc.row064_layer010_checked' depends on axioms: [propext, Classical.choice, Quot.sound]
'B699LowIndex.LowIndexLean513dc7cc.row064_layer011_checked' depends on axioms: [propext, Classical.choice, Quot.sound]
'B699LowIndex.LowIndexLean513dc7cc.row064_layer012_checked' depends on axioms: [propext, Classical.choice, Quot.sound]
'B699LowIndex.LowIndexLean513dc7cc.row064_layer013_checked' depends on axioms: [propext, Classical.choice, Quot.sound]
'B699LowIndex.LowIndexLean513dc7cc.row064_layer014_checked' depends on axioms: [propext, Classical.choice, Quot.sound]
'B699LowIndex.LowIndexLean513dc7cc.row064_layer015_checked' depends on axioms: [propext, Classical.choice, Quot.sound]
'B699LowIndex.LowIndexLean513dc7cc.row064_layer016_checked' depends on axioms: [propext, Classical.choice, Quot.sound]
'B699LowIndex.LowIndexLean513dc7cc.row064_layer017_checked' depends on axioms: [propext, Classical.choice, Quot.sound]
'B699LowIndex.LowIndexLean513dc7cc.row064_layer018_checked' depends on axioms: [propext, Classical.choice, Quot.sound]
'B699LowIndex.LowIndexLean513dc7cc.row064_layer019_checked' depends on axioms: [propext, Classical.choice, Quot.sound]
'B699LowIndex.LowIndexLean513dc7cc.row064_layer020_checked' depends on axioms: [propext, Classical.choice, Quot.sound]
'B699LowIndex.LowIndexLean513dc7cc.row064_layer021_checked' depends on axioms: [propext, Classical.choice, Quot.sound]
'B699LowIndex.LowIndexLean513dc7cc.row064_layer022_checked' depends on axioms: [propext, Classical.choice, Quot.sound]
'B699LowIndex.LowIndexLean513dc7cc.row064_layer023_checked' depends on axioms: [propext, Classical.choice, Quot.sound]
'B699LowIndex.LowIndexLean513dc7cc.row064_layer024_checked' depends on axioms: [propext, Classical.choice, Quot.sound]
'B699LowIndex.LowIndexLean513dc7cc.row064_layer025_checked' depends on axioms: [propext, Classical.choice, Quot.sound]
'B699LowIndex.LowIndexLean513dc7cc.row064_layer026_checked' depends on axioms: [propext, Classical.choice, Quot.sound]
'B699LowIndex.LowIndexLean513dc7cc.row064_layer027_checked' depends on axioms: [propext, Classical.choice, Quot.sound]
'B699LowIndex.LowIndexLean513dc7cc.row064_layers_checked' depends on axioms: [propext, Classical.choice, Quot.sound]
'B699LowIndex.LowIndexLean513dc7cc.row064_checked' depends on axioms: [propext, Classical.choice, Quot.sound]
'B699LowIndex.LowIndexLean513dc7cc.common_i064' depends on axioms: [propext, Classical.choice, Quot.sound]
