{
  "status": "PASS",
  "mutations_rejected": 3,
  "tests": [
    {
      "test": "digit_coefficient_corruption",
      "rejected": true,
      "returncode": 1,
      "last_error_line": "ValueError: j coefficient reconstruction"
    },
    {
      "test": "source_exponent_inflation",
      "rejected": true,
      "returncode": 1,
      "last_error_line": "ValueError: full source exponents"
    },
    {
      "test": "false_common_461_claim",
      "rejected": true,
      "returncode": 1,
      "last_error_line": "ValueError: original carry valuation"
    }
  ]
}
