PROGRESS nf15_h8_gates.json 250 0.75
PROGRESS nf15_h8_gates.json 500 1.38
PROGRESS nf15_h8_gates.json 750 2.05
PROGRESS nf15_h8_gates.json 1000 2.67
PROGRESS nf15_h8_gates.json 1250 3.31
PROGRESS nf15_h8_gates.json 1500 3.9
PROGRESS nf15_h8_gates.json 1750 4.48
PROGRESS nf15_h8_gates.json 2000 5.06
PROGRESS nf15_h8_gates.json 2250 5.65
PROGRESS nf15_h8_gates.json 2500 6.29
PROGRESS nf15_h8_gates.json 2750 6.9
PROGRESS nf15_h8_gates.json 3000 7.49
PROGRESS nf15_h8_gates.json 3250 8.06
PROGRESS nf15_h8_gates.json 3500 8.65
PROGRESS nf15_h8_gates.json 3750 9.24
PROGRESS nf15_h8_gates.json 4000 9.81
PROGRESS nf15_h8_gates.json 4250 10.4
PROGRESS nf15_h8_gates.json 4500 11.03
PROGRESS nf15_h8_gates.json 4750 11.67
PROGRESS nf15_h8_gates.json 5000 12.28
PROGRESS nf15_h8_gates.json 5250 12.87
PROGRESS nf15_h8_gates.json 5500 13.47
PROGRESS nf15_h8_gates.json 5750 14.06
PROGRESS nf15_h8_gates.json 6000 14.63
EXCEPTION 15 8 6071 rows 169 rank 169 nc 169
PROGRESS nf15_h8_gates.json 6250 15.21
PROGRESS nf15_h8_gates.json 6500 15.86
PROGRESS nf15_h8_gates.json 6750 16.81
PROGRESS nf15_h8_gates.json 7000 17.83
PROGRESS nf15_h8_gates.json 7250 18.78
PROGRESS nf15_h8_gates.json 7500 19.7
PROGRESS nf15_h8_gates.json 7750 20.63
PROGRESS nf15_h8_gates.json 8000 21.58
PROGRESS nf15_h8_gates.json 8250 22.54
PROGRESS nf15_h8_gates.json 8500 23.39
PROGRESS nf15_h8_gates.json 8750 23.96
PROGRESS nf15_h8_gates.json 9000 24.52
FINISHED nf15_h8_gates.json 9092 minors 9091 exceptions 1 seconds 24.804
