SIGNATURE 2085 d 0 strata 1 lower [4, 3, 2]
  (4, 3, 2) [4, 3, 2] dim 0 params []
SIGNATURE 2590 d 0 strata 1 lower [4, 4, 2]
  (4, 4, 2) [4, 4, 2] dim 0 params []
SIGNATURE 5157 d 2 strata 7 lower [3, 2, 0]
  (4, 3, 1) [4, 3, 1] dim 2 params [[0, 1], [0, 1]]
  (4, 3, 2) [4, 3, 0] dim 1 params [[0, 1], [-6615, 8]]
  (4, 4, 1) [4, 2, 1] dim 1 params [[-6990814485, 13191424], [0, 1]]
  (4, 4, 2) [4, 2, 0] dim 0 params [[4390271415, 6595712], [-6615, 8]]
  (5, 3, 1) [3, 3, 1] dim 1 params [[-4481940735, 8913664], [0, 1]]
  (5, 3, 2) [3, 3, 0] dim 0 params [[8950378635, 17827328], [-6615, 8]]
  (5, 4, 1) [3, 2, 1] dim 0 params [[-2007820928565, 5579856128], [-2564453790, 21796313]]
SIGNATURE 5201 d 1 strata 4 lower [3, 3, 1]
  (4, 4, 2) [4, 4, 2] dim 1 params [[0, 1]]
  (4, 4, 3) [4, 4, 1] dim 0 params [[118013039172897, 366571918030]]
  (4, 5, 2) [4, 3, 2] dim 0 params [[31281213323218, 163851129935]]
  (5, 4, 2) [3, 4, 2] dim 0 params [[532587803362026, 2744896690495]]
SIGNATURE 6040 d 0 strata 1 lower [5, 3, 2]
  (5, 3, 2) [5, 3, 2] dim 0 params []
SIGNATURE 6065 d 1 strata 4 lower [4, 2, 1]
  (5, 3, 2) [5, 3, 2] dim 1 params [[0, 1]]
  (5, 3, 3) [5, 3, 1] dim 0 params [[-12672414816891, 5061516131]]
  (5, 4, 2) [5, 2, 2] dim 0 params [[-26063049648081, 10169554705]]
  (6, 3, 2) [4, 3, 2] dim 0 params [[-15410140460034861, 5987489927605]]
SIGNATURE 6645 d 5 strata 25 lower [1, 0, 0]
  (4, 3, 2) [4, 3, 2] dim 5 params [[0, 1], [0, 1], [0, 1], [0, 1], [0, 1]]
  (4, 3, 3) [4, 3, 1] dim 4 params [[0, 1], [0, 1], [100465056, 3125], [0, 1], [0, 1]]
  (4, 3, 4) [4, 3, 0] dim 2 params [[17584133615712, 176171875], [0, 1], [-301161024, 34375], [0, 1], [-8208, 7]]
  (4, 4, 2) [4, 2, 2] dim 4 params [[-6967259448, 15625], [0, 1], [0, 1], [0, 1], [0, 1]]
  (4, 4, 3) [4, 2, 1] dim 3 params [[-26154441984, 78125], [0, 1], [100465056, 3125], [0, 1], [0, 1]]
  (4, 4, 4) [4, 2, 0] dim 1 params [[229458951936, 12359375], [-22402968106752, 679765625], [-301161024, 34375], [0, 1], [-8208, 7]]
  (4, 5, 2) [4, 1, 2] dim 3 params [[154507632, 3125], [0, 1], [0, 1], [11848896, 625], [0, 1]]
  (4, 5, 3) [4, 1, 1] dim 2 params [[27916231296, 859375], [0, 1], [-168640704, 34375], [11848896, 625], [0, 1]]
  (4, 5, 4) [4, 1, 0] dim 0 params [[-21409938432, 12359375], [1730153680128, 679765625], [252139392, 240625], [-21955968, 4375], [-8208, 7]]
  (4, 6, 2) [4, 0, 2] dim 1 params [[7214088, 3125], [-29304, 625], [0, 1], [162864, 625], [-4572, 5]]
  (4, 6, 3) [4, 0, 1] dim 0 params [[95966472, 78125], [-21620592, 171875], [-9041328, 34375], [162864, 625], [-4572, 5]]
  (5, 3, 2) [3, 3, 2] dim 4 params [[-14048736264, 78125], [0, 1], [0, 1], [0, 1], [0, 1]]
  (5, 3, 3) [3, 3, 1] dim 3 params [[-52737645312, 390625], [0, 1], [100465056, 3125], [0, 1], [0, 1]]
  (5, 3, 4) [3, 3, 0] dim 1 params [[-10196376926976, 294765625], [-16070472619776, 294765625], [-301161024, 34375], [0, 1], [-8208, 7]]
  (5, 4, 2) [3, 2, 2] dim 3 params [[685304208, 3125], [4797129456, 15625], [0, 1], [0, 1], [0, 1]]
  (5, 4, 3) [3, 2, 1] dim 2 params [[2572568064, 15625], [18007976448, 78125], [100465056, 3125], [0, 1], [0, 1]]
  (5, 4, 4) [3, 2, 0] dim 0 params [[-91015329024, 591390625], [-91015329024, 422421875], [33721308864, 118278125], [-109484446464, 23655625], [-8208, 7]]
  (5, 5, 2) [3, 1, 2] dim 2 params [[-15197472, 625], [-106382304, 3125], [0, 1], [11848896, 625], [0, 1]]
  (5, 5, 3) [3, 1, 1] dim 1 params [[-2745858816, 171875], [-19221011712, 859375], [-168640704, 34375], [11848896, 625], [0, 1]]
  (5, 6, 2) [3, 0, 2] dim 0 params [[-1360296, 8375], [-9522072, 41875], [-5039136, 8375], [162864, 625], [-4572, 5]]
  (6, 4, 2) [2, 2, 2] dim 2 params [[330175296, 3125], [2311227072, 15625], [41779872, 625], [0, 1], [0, 1]]
  (6, 4, 3) [2, 2, 1] dim 1 params [[3803082624, 109375], [3803082624, 78125], [120421008, 21875], [298194336, 21875], [0, 1]]
  (6, 5, 2) [2, 1, 2] dim 1 params [[176832, 25], [1237824, 125], [-2308032, 125], [11848896, 625], [0, 1]]
  (6, 5, 3) [2, 1, 1] dim 0 params [[-263137536, 522875], [-1841962752, 2614375], [-100101888, 522875], [-72320256, 2614375], [-19419504, 20915]]
  (7, 4, 2) [1, 2, 2] dim 0 params [[13652424, 775], [95566968, 3875], [10768158, 775], [-8523036, 3875], [-134676, 155]]
SIGNATURE 6883 d 2 strata 7 lower [5, 2, 1]
  (6, 3, 2) [6, 3, 2] dim 2 params [[0, 1], [0, 1]]
  (6, 3, 3) [6, 3, 1] dim 1 params [[172473356188868224922161, 353660960676088800000], [0, 1]]
  (6, 4, 2) [6, 2, 2] dim 1 params [[-33144827693824334637883, 8008672056329952000], [0, 1]]
  (6, 4, 3) [6, 2, 1] dim 0 params [[307265998663771588364462095291, 3657067534765577914856352000], [-8951115454905739241647519, 21163585270634131451715]]
  (7, 3, 2) [5, 3, 2] dim 1 params [[-56674129670419733837179, 28348092657450720000], [0, 1]]
  (7, 3, 3) [5, 3, 1] dim 0 params [[162395848397520859377252228469, 1832105700852249177444960000], [-64721596879436110375934537, 154795967780340497631345]]
  (7, 4, 2) [5, 2, 2] dim 0 params [[5997244015374196641197161163, 42349285278558793238918400], [-175114648539524111327016, 408461470665111817505]]
SIGNATURE 7221 d 0 strata 1 lower [5, 3, 2]
  (5, 3, 2) [5, 3, 2] dim 0 params []
SIGNATURE 8863 d 2 strata 7 lower [3, 1, 1]
  (4, 2, 2) [4, 2, 2] dim 2 params [[0, 1], [0, 1]]
  (4, 2, 3) [4, 2, 1] dim 1 params [[32589297684730419, 852471200000], [0, 1]]
  (4, 3, 2) [4, 1, 2] dim 1 params [[3283085223, 80000], [0, 1]]
  (4, 3, 3) [4, 1, 1] dim 0 params [[-22653222401782429461, 2494774626080000], [-2394897312183051, 1247387313040]]
  (5, 2, 2) [3, 2, 2] dim 1 params [[29870709396237063, 673290400000], [0, 1]]
  (5, 2, 3) [3, 2, 1] dim 0 params [[-7694241385383175544541, 1185213680951200000], [-2688786203108694, 1481517101189]]
  (5, 3, 2) [3, 1, 2] dim 0 params [[-44981337669988923, 10594209276800], [-57431727138207, 33106903990]]
SIGNATURE 9514 d 3 strata 11 lower [1, 0, 0]
  (3, 2, 2) [3, 2, 2] dim 3 params [[0, 1], [0, 1], [0, 1]]
  (3, 2, 3) [3, 2, 1] dim 2 params [[-77756256, 3125], [0, 1], [0, 1]]
  (3, 2, 4) [3, 2, 0] dim 0 params [[-12922566648, 1615625], [10125333744, 1615625], [-2844, 1]]
  (3, 3, 2) [3, 1, 2] dim 2 params [[0, 1], [-401904, 625], [0, 1]]
  (3, 3, 3) [3, 1, 1] dim 1 params [[-24503976, 3125], [-401904, 625], [0, 1]]
  (4, 2, 2) [2, 2, 2] dim 2 params [[-1504224, 625], [0, 1], [0, 1]]
  (4, 2, 3) [2, 2, 1] dim 1 params [[75296736, 34375], [-35117568, 34375], [0, 1]]
  (4, 3, 2) [2, 1, 2] dim 1 params [[304344, 625], [-401904, 625], [0, 1]]
  (4, 3, 3) [2, 1, 1] dim 0 params [[-6313560336, 2948125], [-555457824, 2948125], [-6506424, 23585]]
  (4, 4, 2) [2, 0, 2] dim 0 params [[-59184, 125], [-59616, 125], [-504, 5]]
  (5, 2, 2) [1, 2, 2] dim 0 params [[6523632, 5125], [-106272, 125], [-14184, 205]]
SIGNATURE 9648 d 0 strata 1 lower [4, 3, 1]
  (4, 3, 1) [4, 3, 1] dim 0 params []
SIGNATURE 9842 d 0 strata 1 lower [5, 2, 2]
  (5, 2, 2) [5, 2, 2] dim 0 params []
SIGNATURE 10394 d 4 strata 17 lower [2, 0, 0]
  (4, 2, 2) [4, 2, 2] dim 4 params [[0, 1], [0, 1], [0, 1], [0, 1]]
  (4, 2, 3) [4, 2, 1] dim 3 params [[0, 1], [-4287006, 3125], [0, 1], [0, 1]]
  (4, 2, 4) [4, 2, 0] dim 1 params [[226056098673, 74921875], [-9142146, 3125], [0, 1], [216, 1]]
  (4, 3, 2) [4, 1, 2] dim 3 params [[0, 1], [0, 1], [-19764, 625], [0, 1]]
  (4, 3, 3) [4, 1, 1] dim 2 params [[0, 1], [-1865916, 3125], [-19764, 625], [0, 1]]
  (4, 3, 4) [4, 1, 0] dim 0 params [[112928301603, 74921875], [-3942756, 3125], [-42444, 625], [216, 1]]
  (4, 4, 2) [4, 0, 2] dim 1 params [[-29376, 625], [0, 1], [-1836, 125], [-504, 5]]
  (4, 4, 3) [4, 0, 1] dim 0 params [[2404134, 15625], [-896724, 3125], [-1836, 125], [-504, 5]]
  (5, 2, 2) [3, 2, 2] dim 3 params [[-1941813, 25000], [0, 1], [0, 1], [0, 1]]
  (5, 2, 3) [3, 2, 1] dim 2 params [[17652249, 62500], [-4287006, 3125], [0, 1], [0, 1]]
  (5, 2, 4) [3, 2, 0] dim 0 params [[-7040567304, 53421875], [1163336337, 2136875], [-1513211382, 10684375], [216, 1]]
  (5, 3, 2) [3, 1, 2] dim 2 params [[-118584, 3125], [0, 1], [-19764, 625], [0, 1]]
  (5, 3, 3) [3, 1, 1] dim 1 params [[7424379, 62500], [-1865916, 3125], [-19764, 625], [0, 1]]
  (5, 4, 2) [3, 0, 2] dim 0 params [[0, 1], [-58752, 875], [-1836, 125], [-504, 5]]
  (6, 2, 2) [2, 2, 2] dim 1 params [[-14823, 700], [64233, 17500], [-400221, 8750], [0, 1]]
  (6, 2, 3) [2, 2, 1] dim 0 params [[294516, 183575], [-1276236, 4589375], [15903864, 4589375], [-7434396, 36715]]
  (6, 3, 2) [2, 1, 2] dim 0 params [[0, 1], [0, 1], [0, 1], [-6588, 35]]
