RESOURCE {"source": "research/tasks/B699-Binomial/runs/20260911-low-index-lean-513dc7cc/lean/I11ThreeTwoEdge/Parameters.lean", "selected_memory_mb": 3072, "wait_snapshot_count": 1, "platform": "windows", "cpu_count": 16, "disk": [294517391360, 293925269504, 592121856], "available_physical_bytes": 3824390144, "total_physical_bytes": 16851132416, "memory_load_percent": 77, "meminfo": ["MemAvailable: 3734756 kB"], "memory.max": null, "memory.current": null, "cpu.max": null}
COMPILE {"source": "research/tasks/B699-Binomial/runs/20260911-low-index-lean-513dc7cc/lean/I11ThreeTwoEdge/Parameters.lean", "seconds": 7.8, "exit_code": 0, "failure": null, "axiom_audit": {"declared_print_axioms": 0, "declared_names": [], "guarded_print_axioms": 0, "guarded_names": [], "actual_printed": 0, "guard_msgs_in_source": 0, "printed": [], "unexpected_axioms": [], "guarded_output_inferred": false}}
RESOURCE {"source": "research/tasks/B699-Binomial/runs/20260911-low-index-lean-513dc7cc/lean/I11ThreeTwoEdge/SourceRows.lean", "selected_memory_mb": 3072, "wait_snapshot_count": 1, "platform": "windows", "cpu_count": 16, "disk": [294517391360, 293925359616, 592031744], "available_physical_bytes": 3816804352, "total_physical_bytes": 16851132416, "memory_load_percent": 77, "meminfo": ["MemAvailable: 3727348 kB"], "memory.max": null, "memory.current": null, "cpu.max": null}
COMPILE {"source": "research/tasks/B699-Binomial/runs/20260911-low-index-lean-513dc7cc/lean/I11ThreeTwoEdge/SourceRows.lean", "seconds": 9.184, "exit_code": 0, "failure": null, "axiom_audit": {"declared_print_axioms": 0, "declared_names": [], "guarded_print_axioms": 0, "guarded_names": [], "actual_printed": 0, "guard_msgs_in_source": 0, "printed": [], "unexpected_axioms": [], "guarded_output_inferred": false}}
RESOURCE {"source": "research/tasks/B699-Binomial/runs/20260911-low-index-lean-513dc7cc/lean/I11ThreeTwoEdge/ActualRows.lean", "selected_memory_mb": 3072, "wait_snapshot_count": 1, "platform": "windows", "cpu_count": 16, "disk": [294517391360, 293925572608, 591818752], "available_physical_bytes": 3871068160, "total_physical_bytes": 16851132416, "memory_load_percent": 77, "meminfo": ["MemAvailable: 3780340 kB"], "memory.max": null, "memory.current": null, "cpu.max": null}
COMPILE {"source": "research/tasks/B699-Binomial/runs/20260911-low-index-lean-513dc7cc/lean/I11ThreeTwoEdge/ActualRows.lean", "seconds": 9.609, "exit_code": 0, "failure": null, "axiom_audit": {"declared_print_axioms": 0, "declared_names": [], "guarded_print_axioms": 0, "guarded_names": [], "actual_printed": 0, "guard_msgs_in_source": 0, "printed": [], "unexpected_axioms": [], "guarded_output_inferred": false}}
RESOURCE {"source": "research/tasks/B699-Binomial/runs/20260911-low-index-lean-513dc7cc/lean/Factorial/Factorial23D15.lean", "selected_memory_mb": 3072, "wait_snapshot_count": 1, "platform": "windows", "cpu_count": 16, "disk": [294517391360, 293925838848, 591552512], "available_physical_bytes": 3832692736, "total_physical_bytes": 16851132416, "memory_load_percent": 77, "meminfo": ["MemAvailable: 3742864 kB"], "memory.max": null, "memory.current": null, "cpu.max": null}
COMPILE {"source": "research/tasks/B699-Binomial/runs/20260911-low-index-lean-513dc7cc/lean/Factorial/Factorial23D15.lean", "seconds": 21.977, "exit_code": 0, "failure": null, "axiom_audit": {"declared_print_axioms": 11, "declared_names": ["Math.B699.ElementaryFactorialBound.certificate_23_15", "Math.B699.ElementaryFactorialBound.ratio_bound_23_15", "Math.B699.ElementaryFactorialBound.factorial_step_zero_23_15", "Math.B699.ElementaryFactorialBound.factorial_step_bound_zero_23_15", "Math.B699.ElementaryFactorialBound.factorial_step_bound_23_15", "Math.B699.ElementaryFactorialBound.factorial_telescoping_23_15", "Math.B699.ElementaryFactorialBound.factorial_uniform_23_15", "Math.B699.ElementaryFactorialBound.factorial_initial_constants_23_15", "Math.B699.ElementaryFactorialBound.factorial_strict_k_23_15", "Math.B699.ElementaryFactorialBound.factorial_envelope_lt_half_23_15", "Math.B699.ElementaryFactorialBound.factorial_full_bound_23_15"], "guarded_print_axioms": 0, "guarded_names": [], "actual_printed": 11, "guard_msgs_in_source": 0, "printed": [{"declared_name": "Math.B699.ElementaryFactorialBound.certificate_23_15", "axioms": ["propext", "Classical.choice", "Quot.sound"]}, {"declared_name": "Math.B699.ElementaryFactorialBound.ratio_bound_23_15", "axioms": ["propext", "Classical.choice", "Quot.sound"]}, {"declared_name": "Math.B699.ElementaryFactorialBound.factorial_step_zero_23_15", "axioms": ["propext", "Classical.choice", "Quot.sound"]}, {"declared_name": "Math.B699.ElementaryFactorialBound.factorial_step_bound_zero_23_15", "axioms": ["propext", "Classical.choice", "Quot.sound"]}, {"declared_name": "Math.B699.ElementaryFactorialBound.factorial_step_bound_23_15", "axioms": ["propext", "Classical.choice", "Quot.sound"]}, {"declared_name": "Math.B699.ElementaryFactorialBound.factorial_telescoping_23_15", "axioms": ["propext", "Classical.choice", "Quot.sound"]}, {"declared_name": "Math.B699.ElementaryFactorialBound.factorial_uniform_23_15", "axioms": ["propext", "Classical.choice", "Quot.sound"]}, {"declared_name": "Math.B699.ElementaryFactorialBound.factorial_initial_constants_23_15", "axioms": ["propext", "Classical.choice", "Quot.sound"]}, {"declared_name": "Math.B699.ElementaryFactorialBound.factorial_strict_k_23_15", "axioms": ["propext", "Classical.choice", "Quot.sound"]}, {"declared_name": "Math.B699.ElementaryFactorialBound.factorial_envelope_lt_half_23_15", "axioms": ["propext", "Classical.choice", "Quot.sound"]}, {"declared_name": "Math.B699.ElementaryFactorialBound.factorial_full_bound_23_15", "axioms": ["propext", "Classical.choice", "Quot.sound"]}], "unexpected_axioms": [], "guarded_output_inferred": false}}
RESOURCE {"source": "research/tasks/B699-Binomial/runs/20260911-low-index-lean-513dc7cc/lean/I11ThreeTwoEdge/GrowthInputs.lean", "selected_memory_mb": 3072, "wait_snapshot_count": 1, "platform": "windows", "cpu_count": 16, "disk": [294517391360, 293953576960, 563814400], "available_physical_bytes": 3906867200, "total_physical_bytes": 16851132416, "memory_load_percent": 76, "meminfo": ["MemAvailable: 3815300 kB"], "memory.max": null, "memory.current": null, "cpu.max": null}
COMPILE {"source": "research/tasks/B699-Binomial/runs/20260911-low-index-lean-513dc7cc/lean/I11ThreeTwoEdge/GrowthInputs.lean", "seconds": 9.636, "exit_code": 0, "failure": null, "axiom_audit": {"declared_print_axioms": 0, "declared_names": [], "guarded_print_axioms": 0, "guarded_names": [], "actual_printed": 0, "guard_msgs_in_source": 0, "printed": [], "unexpected_axioms": [], "guarded_output_inferred": false}}
RESOURCE {"source": "research/tasks/B699-Binomial/runs/20260911-low-index-lean-513dc7cc/lean/I11InitialCapComputation/ThreeTwo.lean", "selected_memory_mb": 3072, "wait_snapshot_count": 1, "platform": "windows", "cpu_count": 16, "disk": [294517391360, 293953830912, 563560448], "available_physical_bytes": 3891806208, "total_physical_bytes": 16851132416, "memory_load_percent": 76, "meminfo": ["MemAvailable: 3800592 kB"], "memory.max": null, "memory.current": null, "cpu.max": null}
COMPILE {"source": "research/tasks/B699-Binomial/runs/20260911-low-index-lean-513dc7cc/lean/I11InitialCapComputation/ThreeTwo.lean", "seconds": 36.314, "exit_code": 1, "failure": "Lean exit 1; unexpected axioms: Math.B699.I11InitialCapComputation.ThreeTwo.actual_e_delta0, Math.B699.I11InitialCapComputation.ThreeTwo.actual_e_delta1", "axiom_audit": {"declared_print_axioms": 5, "declared_names": ["Math.B699.I11InitialCapComputation.ThreeTwo.actual_e_delta0", "Math.B699.I11InitialCapComputation.ThreeTwo.e_cap_delta0", "Math.B699.I11InitialCapComputation.ThreeTwo.actual_e_delta1", "Math.B699.I11InitialCapComputation.ThreeTwo.e_cap_delta1", "Math.B699.I11InitialCapComputation.ThreeTwo.fixed_initial_e_cap"], "guarded_print_axioms": 0, "guarded_names": [], "actual_printed": 5, "guard_msgs_in_source": 0, "printed": [{"declared_name": "Math.B699.I11InitialCapComputation.ThreeTwo.actual_e_delta0", "axioms": ["propext", "Classical.choice", "Quot.sound", "Math.B699.I11InitialCapComputation.ThreeTwo.actual_e_delta0"]}, {"declared_name": "Math.B699.I11InitialCapComputation.ThreeTwo.e_cap_delta0", "axioms": ["propext", "Classical.choice", "Quot.sound", "Math.B699.I11InitialCapComputation.ThreeTwo.actual_e_delta0"]}, {"declared_name": "Math.B699.I11InitialCapComputation.ThreeTwo.actual_e_delta1", "axioms": ["propext", "Classical.choice", "Quot.sound", "Math.B699.I11InitialCapComputation.ThreeTwo.actual_e_delta1"]}, {"declared_name": "Math.B699.I11InitialCapComputation.ThreeTwo.e_cap_delta1", "axioms": ["propext", "Classical.choice", "Quot.sound", "Math.B699.I11InitialCapComputation.ThreeTwo.actual_e_delta1"]}, {"declared_name": "Math.B699.I11InitialCapComputation.ThreeTwo.fixed_initial_e_cap", "axioms": ["propext", "Classical.choice", "Quot.sound", "Math.B699.I11InitialCapComputation.ThreeTwo.actual_e_delta0", "Math.B699.I11InitialCapComputation.ThreeTwo.actual_e_delta1"]}], "unexpected_axioms": ["Math.B699.I11InitialCapComputation.ThreeTwo.actual_e_delta0", "Math.B699.I11InitialCapComputation.ThreeTwo.actual_e_delta1"], "guarded_output_inferred": false, "error": "unexpected axioms: Math.B699.I11InitialCapComputation.ThreeTwo.actual_e_delta0, Math.B699.I11InitialCapComputation.ThreeTwo.actual_e_delta1"}}
# command: LEAN -j1 -M3072 -DautoImplicit=false -DrelaxedAutoImplicit=false --root=PROJECT_ROOT -o .tools/20260911-low-index-lean-513dc7cc/20260911T235437694706Z/olean/research/tasks/B699-Binomial/runs/20260911-low-index-lean-513dc7cc/lean/I11InitialCapComputation/ThreeTwo.olean research/tasks/B699-Binomial/runs/20260911-low-index-lean-513dc7cc/lean/I11InitialCapComputation/ThreeTwo.lean
# cwd: PROJECT_ROOT
# started_utc: 2026-09-11T23:56:11.100618Z
# finished_utc: 2026-09-11T23:56:47.414449Z
# exit_code: 1
# timed_out: False
PROJECT_ROOT\research\tasks\B699-Binomial\runs\20260911-low-index-lean-513dc7cc\lean\I11InitialCapComputation\ThreeTwo.lean:14:8: error: (kernel) excessive memory consumption detected
PROJECT_ROOT\research\tasks\B699-Binomial\runs\20260911-low-index-lean-513dc7cc\lean\I11InitialCapComputation\ThreeTwo.lean:25:8: error: (kernel) excessive memory consumption detected
'Math.B699.I11InitialCapComputation.ThreeTwo.actual_e_delta0' depends on axioms: [propext,
 Classical.choice,
 Quot.sound,
 Math.B699.I11InitialCapComputation.ThreeTwo.actual_e_delta0]
'Math.B699.I11InitialCapComputation.ThreeTwo.e_cap_delta0' depends on axioms: [propext,
 Classical.choice,
 Quot.sound,
 Math.B699.I11InitialCapComputation.ThreeTwo.actual_e_delta0]
'Math.B699.I11InitialCapComputation.ThreeTwo.actual_e_delta1' depends on axioms: [propext,
 Classical.choice,
 Quot.sound,
 Math.B699.I11InitialCapComputation.ThreeTwo.actual_e_delta1]
'Math.B699.I11InitialCapComputation.ThreeTwo.e_cap_delta1' depends on axioms: [propext,
 Classical.choice,
 Quot.sound,
 Math.B699.I11InitialCapComputation.ThreeTwo.actual_e_delta1]
'Math.B699.I11InitialCapComputation.ThreeTwo.fixed_initial_e_cap' depends on axioms: [propext,
 Classical.choice,
 Quot.sound,
 Math.B699.I11InitialCapComputation.ThreeTwo.actual_e_delta0,
 Math.B699.I11InitialCapComputation.ThreeTwo.actual_e_delta1]

EVIDENCE research/tasks/B699-Binomial/runs/20260911-low-index-lean-513dc7cc/verification/20260911T235437694706Z/evidence.json
RESULT {"success": false, "exit_code": 1, "compiled_count": 6, "reused_count": 39, "failure": "Compile failed: research.tasks.B699-Binomial.runs.20260911-low-index-lean-513dc7cc.lean.I11InitialCapComputation.ThreeTwo"}
