COMPILE research/tasks/B686-Four/runs/20260908-formalization-92c221/lean/quarter/BoundaryValues.lean

COMPILE research/tasks/B686-Four/runs/20260908-formalization-92c221/lean/quarter/RealShift.lean

COMPILE research/tasks/B686-Four/runs/20260908-formalization-92c221/lean/quarter/CutIntegrals.lean

COMPILE research/tasks/B686-Four/runs/20260908-formalization-92c221/lean/quarter/JumpIntegral.lean
research/tasks/B686-Four/runs/20260908-formalization-92c221/lean/quarter/JumpIntegral.lean:72:38: error: Type mismatch: After simplification, term
  HasDerivAt.pow (hasDerivAt_id u) 2
 has type
  @HasDerivAt ℝ DenselyNormedField.toNontriviallyNormedField ℝ Real.normedCommRing.toCommRing.toAddCommGroup
    (NormedAlgebra.toNormedSpace ℝ).toModule PseudoMetricSpace.toUniformSpace.toTopologicalSpace ⋯ (id ^ 2) (2 * u) u
but is expected to have type
  @HasDerivAt ℝ DenselyNormedField.toNontriviallyNormedField ℝ Real.instAddCommGroup Semiring.toModule
    PseudoMetricSpace.toUniformSpace.toTopologicalSpace ⋯ (fun u => u ^ 2) (2 * u) u
research/tasks/B686-Four/runs/20260908-formalization-92c221/lean/quarter/JumpIntegral.lean:167:6: warning: Unused tactic linter: `ring` does nothing

Note: This linter can be disabled with `set_option linter.unusedTactic false`
research/tasks/B686-Four/runs/20260908-formalization-92c221/lean/quarter/JumpIntegral.lean:167:6: warning: this tactic is never executed

Note: This linter can be disabled with `set_option linter.unreachableTactic false`
'B686QuarterRunge.upperRemainder_eq_alternating_integral' depends on axioms: [propext,
 sorryAx,
 Classical.choice,
 Quot.sound]
research/tasks/B686-Four/runs/20260908-formalization-92c221/lean/quarter/JumpIntegral.lean:170:0: error: ❌️ Docstring on `#guard_msgs` does not match generated message:

- info: 'B686QuarterRunge.upperRemainder_eq_alternating_integral' depends on axioms: [propext, Classical.choice, Quot.sound]
+ info: 'B686QuarterRunge.upperRemainder_eq_alternating_integral' depends on axioms: [propext,
+  sorryAx,
+  Classical.choice,
+  Quot.sound]

