[
  {
    "mutation": "changed_norm_coefficient",
    "rejected_by": [
      "check_primary.py",
      "check_independent.py"
    ]
  },
  {
    "mutation": "changed_source_coefficient",
    "rejected_by": [
      "check_primary.py",
      "check_independent.py"
    ]
  },
  {
    "mutation": "eta_min_reduced",
    "rejected_by": [
      "check_primary.py",
      "check_independent.py"
    ]
  },
  {
    "mutation": "missing_minus_orientation",
    "rejected_by": [
      "check_primary.py",
      "check_independent.py"
    ]
  },
  {
    "mutation": "rational_high_multiplier",
    "rejected_by": [
      "check_primary.py",
      "check_independent.py"
    ]
  },
  {
    "mutation": "aggregate_instead_of_source",
    "rejected_by": [
      "check_primary.py",
      "check_independent.py"
    ]
  },
  {
    "mutation": "unjustified_small_Q",
    "rejected_by": [
      "check_primary.py",
      "check_independent.py"
    ]
  },
  {
    "mutation": "degree_box_changed",
    "rejected_by": [
      "check_primary.py",
      "check_independent.py"
    ]
  },
  {
    "mutation": "identity_omitted",
    "rejected_by": [
      "check_primary.py",
      "check_independent.py"
    ]
  },
  {
    "mutation": "negative_positive_gap_weight",
    "rejected_by": [
      "check_primary.py",
      "check_independent.py"
    ]
  },
  {
    "mutation": "sos_weight_omitted",
    "rejected_by": [
      "check_primary.py",
      "check_independent.py"
    ]
  },
  {
    "mutation": "rational_kappa_falsified",
    "rejected_by": [
      "check_primary.py",
      "check_independent.py"
    ]
  }
]
PASS_BAD_SQ_HIGH_CERTIFICATE_REJECTION
Mutations: 12 | Both checkers invoked directly; no hash-only rejection.
