{
  "Lean_run": false,
  "adopted_old_row352_witnesses": 170,
  "certificate_count": 9,
  "certificate_sha256": {
    "COVERAGE.json": "399981c56122fedbf465342df03fd724f00dad715848ce0f269ca44dfde5d97e",
    "DOUBLE_ORIGIN_CUBICS.json": "2a5237087c4be0adbe24afb3f2c021479d8fec7d2baa4fa48bf9db44431bf335",
    "FAILURE_CONTROLS.json": "b7329b91bee08fb1a169a41502200805b1150ffd997956c4ad1b7ce3230c707f",
    "GCD_AND_HEIGHT.json": "b0006d1f51e83761fc175eb3445fe0750282c4a53e7c52066f6953c7eed9b2b9",
    "RESULTANT_CERTIFICATES.json": "82ee27f17a695037478391267937cba2e62c953744dc64e0d5fc63361c3eb3e5",
    "SOURCE0_REVERSE.json": "d5659ae0b0c99243e2e1bb83b24f76df2d663b8d1cf1280711de75724563cd1e",
    "SOURCE2_FORWARD.json": "fe58363fc1d73538c763862bfc5d01a0a2899d0b3d2831421b6d70bc6e3f44c5",
    "SOURCE_BINDING.json": "1812bcc06884e73be5a5dc4d066303361bc658749c6eb65544b3481f304a31cf",
    "TERMINAL_ROW352.json": "07d8761af9d5ec32ea43cb544a21591d42ac7a33de9502a7d80f047ead0cfae0"
  },
  "certified_historical_net_difference": 0,
  "complete_mod1800_classes": "42 -> 42",
  "full_power_forward_records": 733,
  "full_power_reverse_records": 8574,
  "local_full_power_tests": 540,
  "manifest_verification_done_by_wrapper": false,
  "network_used": false,
  "new_j_enumeration_count": 0,
  "new_zero_branches_closed": 10,
  "previous_round_programs_run": false,
  "recovered_original_n": [
    352
  ],
  "remaining_two_slot_signatures": 0,
  "repository_operations": false,
  "status": "PASS"
}
