# command: LEAN -j1 -M1536 -DautoImplicit=false -DrelaxedAutoImplicit=false --root=PROJECT_ROOT -o .tools/20260911-low-index-lean-513dc7cc/20260912T001557334910Z/olean/research/tasks/B699-Binomial/runs/20260911-low-index-lean-513dc7cc/lean/CrtStage0Pair23/Chunk005RowA46.olean research/tasks/B699-Binomial/runs/20260911-low-index-lean-513dc7cc/lean/CrtStage0Pair23/Chunk005RowA46.lean
# cwd: PROJECT_ROOT
# started_utc: 2026-09-12T00:17:39.800958Z
# finished_utc: 2026-09-12T00:17:51.315856Z
# exit_code: 0
# timed_out: False
'Math.B699.CRTStage0Pair23.Chunk005.cellA46B1_check' depends on axioms: [propext]
'Math.B699.CRTStage0Pair23.Chunk005.cellA46B2_check' depends on axioms: [propext]
'Math.B699.CRTStage0Pair23.Chunk005.cellA46B3_check' depends on axioms: [propext]
'Math.B699.CRTStage0Pair23.Chunk005.cellA46B4_check' depends on axioms: [propext]
'Math.B699.CRTStage0Pair23.Chunk005.cellA46B5_check' depends on axioms: [propext]
'Math.B699.CRTStage0Pair23.Chunk005.cellA46B6_check' depends on axioms: [propext]
'Math.B699.CRTStage0Pair23.Chunk005.cellA46B7_check' depends on axioms: [propext]
'Math.B699.CRTStage0Pair23.Chunk005.cellA46B8_check' depends on axioms: [propext]
'Math.B699.CRTStage0Pair23.Chunk005.cellA46B9_check' depends on axioms: [propext]
'Math.B699.CRTStage0Pair23.Chunk005.cellA46B10_check' depends on axioms: [propext]
'Math.B699.CRTStage0Pair23.Chunk005.cellA46B11_check' depends on axioms: [propext]
'Math.B699.CRTStage0Pair23.Chunk005.cellA46B12_check' depends on axioms: [propext]
'Math.B699.CRTStage0Pair23.Chunk005.cellA46B13_check' depends on axioms: [propext]
'Math.B699.CRTStage0Pair23.Chunk005.cellA46B14_check' depends on axioms: [propext]
'Math.B699.CRTStage0Pair23.Chunk005.cellA46B15_check' depends on axioms: [propext]
'Math.B699.CRTStage0Pair23.Chunk005.cellA46B16_check' depends on axioms: [propext]
'Math.B699.CRTStage0Pair23.Chunk005.cellA46B17_check' depends on axioms: [propext]
'Math.B699.CRTStage0Pair23.Chunk005.cellA46B18_check' depends on axioms: [propext]
'Math.B699.CRTStage0Pair23.Chunk005.cellA46B19_check' depends on axioms: [propext]
'Math.B699.CRTStage0Pair23.Chunk005.cellA46B20_check' depends on axioms: [propext]
'Math.B699.CRTStage0Pair23.Chunk005.cellA46B21_check' depends on axioms: [propext]
'Math.B699.CRTStage0Pair23.Chunk005.cellA46B22_check' depends on axioms: [propext]
'Math.B699.CRTStage0Pair23.Chunk005.cellA46B23_check' depends on axioms: [propext]
'Math.B699.CRTStage0Pair23.Chunk005.cellA46B24_check' depends on axioms: [propext]
'Math.B699.CRTStage0Pair23.Chunk005.cellA46B25_check' depends on axioms: [propext]
'Math.B699.CRTStage0Pair23.Chunk005.cellA46B26_check' depends on axioms: [propext]
'Math.B699.CRTStage0Pair23.Chunk005.cellA46B27_check' depends on axioms: [propext]
'Math.B699.CRTStage0Pair23.Chunk005.cellA46B28_check' depends on axioms: [propext]
'Math.B699.CRTStage0Pair23.Chunk005.cellA46B29_check' depends on axioms: [propext]
'Math.B699.CRTStage0Pair23.Chunk005.cellA46B30_check' depends on axioms: [propext]
'Math.B699.CRTStage0Pair23.Chunk005.cellA46B31_check' depends on axioms: [propext]
'Math.B699.CRTStage0Pair23.Chunk005.cellA46B32_check' depends on axioms: [propext]
'Math.B699.CRTStage0Pair23.Chunk005.cellA46B33_check' depends on axioms: [propext]
'Math.B699.CRTStage0Pair23.Chunk005.cellA46B34_check' depends on axioms: [propext]
'Math.B699.CRTStage0Pair23.Chunk005.cellA46B35_check' depends on axioms: [propext]
'Math.B699.CRTStage0Pair23.Chunk005.cellA46B36_check' depends on axioms: [propext]
'Math.B699.CRTStage0Pair23.Chunk005.cellA46B37_check' depends on axioms: [propext]
'Math.B699.CRTStage0Pair23.Chunk005.cellA46B38_check' depends on axioms: [propext]
'Math.B699.CRTStage0Pair23.Chunk005.cellA46B39_check' depends on axioms: [propext]
'Math.B699.CRTStage0Pair23.Chunk005.cellA46B40_check' depends on axioms: [propext]
'Math.B699.CRTStage0Pair23.Chunk005.cellA46B41_check' depends on axioms: [propext]
'Math.B699.CRTStage0Pair23.Chunk005.cellA46B42_check' depends on axioms: [propext]
'Math.B699.CRTStage0Pair23.Chunk005.cellA46B43_check' depends on axioms: [propext]
'Math.B699.CRTStage0Pair23.Chunk005.cellA46B44_check' depends on axioms: [propext]
'Math.B699.CRTStage0Pair23.Chunk005.cellA46B45_check' depends on axioms: [propext]
'Math.B699.CRTStage0Pair23.Chunk005.cellA46B46_check' depends on axioms: [propext]
'Math.B699.CRTStage0Pair23.Chunk005.cellA46B47_check' depends on axioms: [propext]
'Math.B699.CRTStage0Pair23.Chunk005.cellA46B48_check' depends on axioms: [propext]
'Math.B699.CRTStage0Pair23.Chunk005.cellA46B49_check' depends on axioms: [propext]
'Math.B699.CRTStage0Pair23.Chunk005.cellA46B50_check' depends on axioms: [propext]
'Math.B699.CRTStage0Pair23.Chunk005.cellA46B51_check' depends on axioms: [propext]
'Math.B699.CRTStage0Pair23.Chunk005.cellA46B52_check' depends on axioms: [propext]
'Math.B699.CRTStage0Pair23.Chunk005.cellA46B53_check' depends on axioms: [propext]
'Math.B699.CRTStage0Pair23.Chunk005.cellA46B54_check' depends on axioms: [propext]
'Math.B699.CRTStage0Pair23.Chunk005.cellA46B55_check' depends on axioms: [propext]
'Math.B699.CRTStage0Pair23.Chunk005.cellA46B56_check' depends on axioms: [propext]
'Math.B699.CRTStage0Pair23.Chunk005.cellA46B57_check' depends on axioms: [propext]
'Math.B699.CRTStage0Pair23.Chunk005.cellA46B58_check' depends on axioms: [propext]
'Math.B699.CRTStage0Pair23.Chunk005.cellA46B59_check' depends on axioms: [propext]
'Math.B699.CRTStage0Pair23.Chunk005.cellA46B60_check' depends on axioms: [propext]
'Math.B699.CRTStage0Pair23.Chunk005.cellA46B61_check' depends on axioms: [propext]
'Math.B699.CRTStage0Pair23.Chunk005.cellA46B62_check' depends on axioms: [propext]
'Math.B699.CRTStage0Pair23.Chunk005.cellA46B63_check' depends on axioms: [propext]
'Math.B699.CRTStage0Pair23.Chunk005.cellA46B64_check' depends on axioms: [propext]
'Math.B699.CRTStage0Pair23.Chunk005.cellA46B65_check' depends on axioms: [propext]
'Math.B699.CRTStage0Pair23.Chunk005.cellA46B66_check' depends on axioms: [propext]
'Math.B699.CRTStage0Pair23.Chunk005.cellA46B67_check' depends on axioms: [propext]
'Math.B699.CRTStage0Pair23.Chunk005.cellA46B68_check' depends on axioms: [propext]
'Math.B699.CRTStage0Pair23.Chunk005.rowA46_cell_check' depends on axioms: [propext]
'Math.B699.CRTStage0Pair23.Chunk005.rowA46_block_check' depends on axioms: [propext, Quot.sound]
