# command: LEAN -j1 -M1536 -DautoImplicit=false -DrelaxedAutoImplicit=false --root=PROJECT_ROOT -o .tools/20260911-low-index-lean-513dc7cc/20260912T001557334910Z/olean/research/tasks/B699-Binomial/runs/20260911-low-index-lean-513dc7cc/lean/CrtStage0Pair23/Chunk005RowA47.olean research/tasks/B699-Binomial/runs/20260911-low-index-lean-513dc7cc/lean/CrtStage0Pair23/Chunk005RowA47.lean
# cwd: PROJECT_ROOT
# started_utc: 2026-09-12T00:17:51.331635Z
# finished_utc: 2026-09-12T00:18:03.749928Z
# exit_code: 0
# timed_out: False
'Math.B699.CRTStage0Pair23.Chunk005.cellA47B1_check' depends on axioms: [propext]
'Math.B699.CRTStage0Pair23.Chunk005.cellA47B2_check' depends on axioms: [propext]
'Math.B699.CRTStage0Pair23.Chunk005.cellA47B3_check' depends on axioms: [propext]
'Math.B699.CRTStage0Pair23.Chunk005.cellA47B4_check' depends on axioms: [propext]
'Math.B699.CRTStage0Pair23.Chunk005.cellA47B5_check' depends on axioms: [propext]
'Math.B699.CRTStage0Pair23.Chunk005.cellA47B6_check' depends on axioms: [propext]
'Math.B699.CRTStage0Pair23.Chunk005.cellA47B7_check' depends on axioms: [propext]
'Math.B699.CRTStage0Pair23.Chunk005.cellA47B8_check' depends on axioms: [propext]
'Math.B699.CRTStage0Pair23.Chunk005.cellA47B9_check' depends on axioms: [propext]
'Math.B699.CRTStage0Pair23.Chunk005.cellA47B10_check' depends on axioms: [propext]
'Math.B699.CRTStage0Pair23.Chunk005.cellA47B11_check' depends on axioms: [propext]
'Math.B699.CRTStage0Pair23.Chunk005.cellA47B12_check' depends on axioms: [propext]
'Math.B699.CRTStage0Pair23.Chunk005.cellA47B13_check' depends on axioms: [propext]
'Math.B699.CRTStage0Pair23.Chunk005.cellA47B14_check' depends on axioms: [propext]
'Math.B699.CRTStage0Pair23.Chunk005.cellA47B15_check' depends on axioms: [propext]
'Math.B699.CRTStage0Pair23.Chunk005.cellA47B16_check' depends on axioms: [propext]
'Math.B699.CRTStage0Pair23.Chunk005.cellA47B17_check' depends on axioms: [propext]
'Math.B699.CRTStage0Pair23.Chunk005.cellA47B18_check' depends on axioms: [propext]
'Math.B699.CRTStage0Pair23.Chunk005.cellA47B19_check' depends on axioms: [propext]
'Math.B699.CRTStage0Pair23.Chunk005.cellA47B20_check' depends on axioms: [propext]
'Math.B699.CRTStage0Pair23.Chunk005.cellA47B21_check' depends on axioms: [propext]
'Math.B699.CRTStage0Pair23.Chunk005.cellA47B22_check' depends on axioms: [propext]
'Math.B699.CRTStage0Pair23.Chunk005.cellA47B23_check' depends on axioms: [propext]
'Math.B699.CRTStage0Pair23.Chunk005.cellA47B24_check' depends on axioms: [propext]
'Math.B699.CRTStage0Pair23.Chunk005.cellA47B25_check' depends on axioms: [propext]
'Math.B699.CRTStage0Pair23.Chunk005.cellA47B26_check' depends on axioms: [propext]
'Math.B699.CRTStage0Pair23.Chunk005.cellA47B27_check' depends on axioms: [propext]
'Math.B699.CRTStage0Pair23.Chunk005.cellA47B28_check' depends on axioms: [propext]
'Math.B699.CRTStage0Pair23.Chunk005.cellA47B29_check' depends on axioms: [propext]
'Math.B699.CRTStage0Pair23.Chunk005.cellA47B30_check' depends on axioms: [propext]
'Math.B699.CRTStage0Pair23.Chunk005.cellA47B31_check' depends on axioms: [propext]
'Math.B699.CRTStage0Pair23.Chunk005.cellA47B32_check' depends on axioms: [propext]
'Math.B699.CRTStage0Pair23.Chunk005.cellA47B33_check' depends on axioms: [propext]
'Math.B699.CRTStage0Pair23.Chunk005.cellA47B34_check' depends on axioms: [propext]
'Math.B699.CRTStage0Pair23.Chunk005.cellA47B35_check' depends on axioms: [propext]
'Math.B699.CRTStage0Pair23.Chunk005.cellA47B36_check' depends on axioms: [propext]
'Math.B699.CRTStage0Pair23.Chunk005.cellA47B37_check' depends on axioms: [propext]
'Math.B699.CRTStage0Pair23.Chunk005.cellA47B38_check' depends on axioms: [propext]
'Math.B699.CRTStage0Pair23.Chunk005.cellA47B39_check' depends on axioms: [propext]
'Math.B699.CRTStage0Pair23.Chunk005.cellA47B40_check' depends on axioms: [propext]
'Math.B699.CRTStage0Pair23.Chunk005.cellA47B41_check' depends on axioms: [propext]
'Math.B699.CRTStage0Pair23.Chunk005.cellA47B42_check' depends on axioms: [propext]
'Math.B699.CRTStage0Pair23.Chunk005.cellA47B43_check' depends on axioms: [propext]
'Math.B699.CRTStage0Pair23.Chunk005.cellA47B44_check' depends on axioms: [propext]
'Math.B699.CRTStage0Pair23.Chunk005.cellA47B45_check' depends on axioms: [propext]
'Math.B699.CRTStage0Pair23.Chunk005.cellA47B46_check' depends on axioms: [propext]
'Math.B699.CRTStage0Pair23.Chunk005.cellA47B47_check' depends on axioms: [propext]
'Math.B699.CRTStage0Pair23.Chunk005.cellA47B48_check' depends on axioms: [propext]
'Math.B699.CRTStage0Pair23.Chunk005.cellA47B49_check' depends on axioms: [propext]
'Math.B699.CRTStage0Pair23.Chunk005.cellA47B50_check' depends on axioms: [propext]
'Math.B699.CRTStage0Pair23.Chunk005.cellA47B51_check' depends on axioms: [propext]
'Math.B699.CRTStage0Pair23.Chunk005.cellA47B52_check' depends on axioms: [propext]
'Math.B699.CRTStage0Pair23.Chunk005.cellA47B53_check' depends on axioms: [propext]
'Math.B699.CRTStage0Pair23.Chunk005.cellA47B54_check' depends on axioms: [propext]
'Math.B699.CRTStage0Pair23.Chunk005.cellA47B55_check' depends on axioms: [propext]
'Math.B699.CRTStage0Pair23.Chunk005.cellA47B56_check' depends on axioms: [propext]
'Math.B699.CRTStage0Pair23.Chunk005.cellA47B57_check' depends on axioms: [propext]
'Math.B699.CRTStage0Pair23.Chunk005.cellA47B58_check' depends on axioms: [propext]
'Math.B699.CRTStage0Pair23.Chunk005.cellA47B59_check' depends on axioms: [propext]
'Math.B699.CRTStage0Pair23.Chunk005.cellA47B60_check' depends on axioms: [propext]
'Math.B699.CRTStage0Pair23.Chunk005.cellA47B61_check' depends on axioms: [propext]
'Math.B699.CRTStage0Pair23.Chunk005.cellA47B62_check' depends on axioms: [propext]
'Math.B699.CRTStage0Pair23.Chunk005.cellA47B63_check' depends on axioms: [propext]
'Math.B699.CRTStage0Pair23.Chunk005.cellA47B64_check' depends on axioms: [propext]
'Math.B699.CRTStage0Pair23.Chunk005.cellA47B65_check' depends on axioms: [propext]
'Math.B699.CRTStage0Pair23.Chunk005.cellA47B66_check' depends on axioms: [propext]
'Math.B699.CRTStage0Pair23.Chunk005.cellA47B67_check' depends on axioms: [propext]
'Math.B699.CRTStage0Pair23.Chunk005.cellA47B68_check' depends on axioms: [propext]
'Math.B699.CRTStage0Pair23.Chunk005.rowA47_cell_check' depends on axioms: [propext]
'Math.B699.CRTStage0Pair23.Chunk005.rowA47_block_check' depends on axioms: [propext, Quot.sound]
