{"source":"research\\tasks\\B699-Binomial\\runs\\20261001-lean-nonr7-01a0f779\\continuations\\20261002-onehour\\critical\\ZeroBoundaryLogBoxes\\Endpoints.lean","status":"success","seconds":16.189,"peakTreeWorkingSetMiB":1471.33,"receipt":"D:\\CodingProject\\Math\\.tools\\b699-lean-20261001-01a0f779\\20261002-onehour\\runtime\\logs\\20261001T163230588Z-critical-Endpoints\\receipt.json"}
{
  "status": "failed",
  "source": "research\\tasks\\B699-Binomial\\runs\\20261001-lean-nonr7-01a0f779\\continuations\\20261002-onehour\\critical\\ZeroBoundaryLogBoxes\\EndpointData\\Group000.lean",
  "receipt": "D:\\CodingProject\\Math\\.tools\\b699-lean-20261001-01a0f779\\20261002-onehour\\runtime\\logs\\20261001T163247997Z-critical-Group000\\receipt.json",
  "buildRecord": "D:\\CodingProject\\Math\\.tools\\b699-lean-20261001-01a0f779\\20261002-onehour\\critical\\20261001T163229758Z-build.json"
}
D:\CodingProject\Math\research\tasks\B699-Binomial\runs\20261001-lean-nonr7-01a0f779\continuations\20261002-onehour\critical\ZeroBoundaryLogBoxes\EndpointData\Group000.lean:7:95: error: Type mismatch
  endpointCheck_sound endpoint_001_check
has type
  ↑(logLower 1) ≤ Real.log ↑1 ∧ Real.log ↑1 ≤ ↑(logUpper 1)
but is expected to have type
  ↑(logLower 1) ≤ Real.log 1 ∧ Real.log 1 ≤ ↑(logUpper 1)
'Math.B699.ZeroBoundaryLogBoxes.endpoint_001_check' depends on axioms: [propext, Classical.choice, Quot.sound]
'Math.B699.ZeroBoundaryLogBoxes.endpoint_001_bounds' depends on axioms: [propext, sorryAx, Classical.choice, Quot.sound]
'Math.B699.ZeroBoundaryLogBoxes.endpoint_002_check' depends on axioms: [propext, Classical.choice, Quot.sound]
'Math.B699.ZeroBoundaryLogBoxes.endpoint_002_bounds' depends on axioms: [propext, Classical.choice, Quot.sound]
'Math.B699.ZeroBoundaryLogBoxes.endpoint_003_check' depends on axioms: [propext, Classical.choice, Quot.sound]
'Math.B699.ZeroBoundaryLogBoxes.endpoint_003_bounds' depends on axioms: [propext, Classical.choice, Quot.sound]
'Math.B699.ZeroBoundaryLogBoxes.endpoint_004_check' depends on axioms: [propext, Classical.choice, Quot.sound]
'Math.B699.ZeroBoundaryLogBoxes.endpoint_004_bounds' depends on axioms: [propext, Classical.choice, Quot.sound]

