exact project closure files: 33
Math/B699/CofactorCriterion.lean
research/tasks/B699-Binomial/runs/20260909-large-prime-structure-cb4764f0/lean/GapBridge.lean
research/tasks/B699-Binomial/runs/20260908-external-reductions-b3c1b7/lean/DivisorTransfer.lean
research/tasks/B699-Binomial/runs/20260909-large-prime-structure-cb4764f0/lean/PrimePowerTransfer.lean
research/tasks/B699-Binomial/runs/20260909-large-prime-structure-cb4764f0/lean/SmallPartBound.lean
research/tasks/B699-Binomial/runs/20260909-low-index-structure-b41a5a63/lean/ThreeWindowWeights.lean
research/tasks/B699-Binomial/runs/20260909-low-index-structure-b41a5a63/lean/ThreeWindowSize.lean
research/tasks/B699-Binomial/runs/20260909-low-index-structure-b41a5a63/lean/LargeDivisorWitness.lean
research/tasks/B699-Binomial/runs/20260909-low-index-structure-b41a5a63/lean/IntervalCover.lean
research/tasks/B699-Binomial/runs/20260911-low-index-lean-513dc7cc/lean/I11Terminal/Special330.lean
research/tasks/B699-Binomial/runs/20260911-low-index-lean-513dc7cc/lean/I11TerminalCover/Witness.lean
research/tasks/B699-Binomial/runs/20260911-low-index-lean-513dc7cc/lean/I11TerminalCover/Cover.lean
research/tasks/B699-Binomial/runs/20260911-low-index-lean-513dc7cc/lean/I11TerminalCover/Append.lean
research/tasks/B699-Binomial/runs/20260911-low-index-lean-513dc7cc/lean/I11TerminalCandidateCoverage/Generic.lean
research/tasks/B699-Binomial/runs/20260909-low-index-structure-b41a5a63/lean/TrialPrimeCheck.lean
research/tasks/B699-Binomial/runs/20260911-low-index-lean-513dc7cc/lean/WitnessBridge.lean
research/tasks/B699-Binomial/runs/20260911-low-index-lean-513dc7cc/lean/I11TerminalData/Chunk016.lean
research/tasks/B699-Binomial/runs/20260911-low-index-lean-513dc7cc/lean/I11TerminalCandidateCoverage/FirstParts/P016.lean
research/tasks/B699-Binomial/runs/20260911-low-index-lean-513dc7cc/lean/I11TerminalData/Chunk017.lean
research/tasks/B699-Binomial/runs/20260911-low-index-lean-513dc7cc/lean/I11TerminalCandidateCoverage/FirstParts/P017.lean
research/tasks/B699-Binomial/runs/20260911-low-index-lean-513dc7cc/lean/I11TerminalData/Chunk018.lean
research/tasks/B699-Binomial/runs/20260911-low-index-lean-513dc7cc/lean/I11TerminalCandidateCoverage/FirstParts/P018.lean
research/tasks/B699-Binomial/runs/20260911-low-index-lean-513dc7cc/lean/I11TerminalData/Chunk019.lean
research/tasks/B699-Binomial/runs/20260911-low-index-lean-513dc7cc/lean/I11TerminalCandidateCoverage/FirstParts/P019.lean
research/tasks/B699-Binomial/runs/20260911-low-index-lean-513dc7cc/lean/I11TerminalData/Chunk020.lean
research/tasks/B699-Binomial/runs/20260911-low-index-lean-513dc7cc/lean/I11TerminalCandidateCoverage/FirstParts/P020.lean
research/tasks/B699-Binomial/runs/20260911-low-index-lean-513dc7cc/lean/I11TerminalData/Chunk021.lean
research/tasks/B699-Binomial/runs/20260911-low-index-lean-513dc7cc/lean/I11TerminalCandidateCoverage/FirstParts/P021.lean
research/tasks/B699-Binomial/runs/20260911-low-index-lean-513dc7cc/lean/I11TerminalData/Chunk022.lean
research/tasks/B699-Binomial/runs/20260911-low-index-lean-513dc7cc/lean/I11TerminalCandidateCoverage/FirstParts/P022.lean
research/tasks/B699-Binomial/runs/20260911-low-index-lean-513dc7cc/lean/I11TerminalData/Chunk023.lean
research/tasks/B699-Binomial/runs/20260911-low-index-lean-513dc7cc/lean/I11TerminalCandidateCoverage/FirstParts/P023.lean
research/tasks/B699-Binomial/runs/20260911-low-index-lean-513dc7cc/lean/I11TCovBatch/First02.lean

Source policy passed for exact project closure.
