# command: LEAN -j1 -M1536 -DautoImplicit=false -DrelaxedAutoImplicit=false --root=PROJECT_ROOT -o .tools/20260911-low-index-lean-513dc7cc/20260912T022222118652Z/olean/research/tasks/B699-Binomial/runs/20260911-low-index-lean-513dc7cc/lean/CrtStage0Pair25/Pack012P2.olean research/tasks/B699-Binomial/runs/20260911-low-index-lean-513dc7cc/lean/CrtStage0Pair25/Pack012P2.lean
# cwd: PROJECT_ROOT
# started_utc: 2026-09-12T02:23:30.799824Z
# finished_utc: 2026-09-12T02:23:42.753281Z
# exit_code: 0
# timed_out: False
'Math.B699.CRTStage0Pair25.Chunk012.cellA101B1_check' depends on axioms: [propext]
'Math.B699.CRTStage0Pair25.Chunk012.cellA101B2_check' depends on axioms: [propext]
'Math.B699.CRTStage0Pair25.Chunk012.cellA101B3_check' depends on axioms: [propext]
'Math.B699.CRTStage0Pair25.Chunk012.cellA101B4_check' depends on axioms: [propext]
'Math.B699.CRTStage0Pair25.Chunk012.cellA101B5_check' depends on axioms: [propext]
'Math.B699.CRTStage0Pair25.Chunk012.cellA101B6_check' depends on axioms: [propext]
'Math.B699.CRTStage0Pair25.Chunk012.cellA101B7_check' depends on axioms: [propext]
'Math.B699.CRTStage0Pair25.Chunk012.cellA101B8_check' depends on axioms: [propext]
'Math.B699.CRTStage0Pair25.Chunk012.cellA101B9_check' depends on axioms: [propext]
'Math.B699.CRTStage0Pair25.Chunk012.cellA101B10_check' depends on axioms: [propext]
'Math.B699.CRTStage0Pair25.Chunk012.cellA101B11_check' depends on axioms: [propext]
'Math.B699.CRTStage0Pair25.Chunk012.cellA101B12_check' depends on axioms: [propext]
'Math.B699.CRTStage0Pair25.Chunk012.cellA101B13_check' depends on axioms: [propext]
'Math.B699.CRTStage0Pair25.Chunk012.cellA101B14_check' depends on axioms: [propext]
'Math.B699.CRTStage0Pair25.Chunk012.cellA101B15_check' depends on axioms: [propext]
'Math.B699.CRTStage0Pair25.Chunk012.cellA101B16_check' depends on axioms: [propext]
'Math.B699.CRTStage0Pair25.Chunk012.cellA101B17_check' depends on axioms: [propext]
'Math.B699.CRTStage0Pair25.Chunk012.cellA101B18_check' depends on axioms: [propext]
'Math.B699.CRTStage0Pair25.Chunk012.cellA101B19_check' depends on axioms: [propext]
'Math.B699.CRTStage0Pair25.Chunk012.cellA101B20_check' depends on axioms: [propext]
'Math.B699.CRTStage0Pair25.Chunk012.cellA101B21_check' depends on axioms: [propext]
'Math.B699.CRTStage0Pair25.Chunk012.cellA101B22_check' depends on axioms: [propext]
'Math.B699.CRTStage0Pair25.Chunk012.cellA101B23_check' depends on axioms: [propext]
'Math.B699.CRTStage0Pair25.Chunk012.cellA101B24_check' depends on axioms: [propext]
'Math.B699.CRTStage0Pair25.Chunk012.cellA101B25_check' depends on axioms: [propext]
'Math.B699.CRTStage0Pair25.Chunk012.cellA101B26_check' depends on axioms: [propext]
'Math.B699.CRTStage0Pair25.Chunk012.cellA101B27_check' depends on axioms: [propext]
'Math.B699.CRTStage0Pair25.Chunk012.cellA101B28_check' depends on axioms: [propext]
'Math.B699.CRTStage0Pair25.Chunk012.cellA101B29_check' depends on axioms: [propext]
'Math.B699.CRTStage0Pair25.Chunk012.cellA101B30_check' depends on axioms: [propext]
'Math.B699.CRTStage0Pair25.Chunk012.cellA101B31_check' depends on axioms: [propext]
'Math.B699.CRTStage0Pair25.Chunk012.cellA101B32_check' depends on axioms: [propext]
'Math.B699.CRTStage0Pair25.Chunk012.cellA101B33_check' depends on axioms: [propext]
'Math.B699.CRTStage0Pair25.Chunk012.cellA101B34_check' depends on axioms: [propext]
'Math.B699.CRTStage0Pair25.Chunk012.cellA101B35_check' depends on axioms: [propext]
'Math.B699.CRTStage0Pair25.Chunk012.cellA101B36_check' depends on axioms: [propext]
'Math.B699.CRTStage0Pair25.Chunk012.cellA101B37_check' depends on axioms: [propext]
'Math.B699.CRTStage0Pair25.Chunk012.cellA101B38_check' depends on axioms: [propext]
'Math.B699.CRTStage0Pair25.Chunk012.cellA101B39_check' depends on axioms: [propext]
'Math.B699.CRTStage0Pair25.Chunk012.cellA101B40_check' depends on axioms: [propext]
'Math.B699.CRTStage0Pair25.Chunk012.cellA101B41_check' depends on axioms: [propext]
'Math.B699.CRTStage0Pair25.Chunk012.cellA101B42_check' depends on axioms: [propext]
'Math.B699.CRTStage0Pair25.Chunk012.cellA101B43_check' depends on axioms: [propext]
'Math.B699.CRTStage0Pair25.Chunk012.cellA101B44_check' depends on axioms: [propext]
'Math.B699.CRTStage0Pair25.Chunk012.cellA101B45_check' depends on axioms: [propext]
'Math.B699.CRTStage0Pair25.Chunk012.cellA101B46_check' depends on axioms: [propext]
'Math.B699.CRTStage0Pair25.Chunk012.rowA101_cell_check' depends on axioms: [propext]
'Math.B699.CRTStage0Pair25.Chunk012.rowA101_block_check' depends on axioms: [propext, Quot.sound]
'Math.B699.CRTStage0Pair25.Chunk012.cellA102B1_check' depends on axioms: [propext]
'Math.B699.CRTStage0Pair25.Chunk012.cellA102B2_check' depends on axioms: [propext]
'Math.B699.CRTStage0Pair25.Chunk012.cellA102B3_check' depends on axioms: [propext]
'Math.B699.CRTStage0Pair25.Chunk012.cellA102B4_check' depends on axioms: [propext]
'Math.B699.CRTStage0Pair25.Chunk012.cellA102B5_check' depends on axioms: [propext]
'Math.B699.CRTStage0Pair25.Chunk012.cellA102B6_check' depends on axioms: [propext]
'Math.B699.CRTStage0Pair25.Chunk012.cellA102B7_check' depends on axioms: [propext]
'Math.B699.CRTStage0Pair25.Chunk012.cellA102B8_check' depends on axioms: [propext]
'Math.B699.CRTStage0Pair25.Chunk012.cellA102B9_check' depends on axioms: [propext]
'Math.B699.CRTStage0Pair25.Chunk012.cellA102B10_check' depends on axioms: [propext]
'Math.B699.CRTStage0Pair25.Chunk012.cellA102B11_check' depends on axioms: [propext]
'Math.B699.CRTStage0Pair25.Chunk012.cellA102B12_check' depends on axioms: [propext]
'Math.B699.CRTStage0Pair25.Chunk012.cellA102B13_check' depends on axioms: [propext]
'Math.B699.CRTStage0Pair25.Chunk012.cellA102B14_check' depends on axioms: [propext]
'Math.B699.CRTStage0Pair25.Chunk012.cellA102B15_check' depends on axioms: [propext]
'Math.B699.CRTStage0Pair25.Chunk012.cellA102B16_check' depends on axioms: [propext]
'Math.B699.CRTStage0Pair25.Chunk012.cellA102B17_check' depends on axioms: [propext]
'Math.B699.CRTStage0Pair25.Chunk012.cellA102B18_check' depends on axioms: [propext]
'Math.B699.CRTStage0Pair25.Chunk012.cellA102B19_check' depends on axioms: [propext]
'Math.B699.CRTStage0Pair25.Chunk012.cellA102B20_check' depends on axioms: [propext]
'Math.B699.CRTStage0Pair25.Chunk012.cellA102B21_check' depends on axioms: [propext]
'Math.B699.CRTStage0Pair25.Chunk012.cellA102B22_check' depends on axioms: [propext]
'Math.B699.CRTStage0Pair25.Chunk012.cellA102B23_check' depends on axioms: [propext]
'Math.B699.CRTStage0Pair25.Chunk012.cellA102B24_check' depends on axioms: [propext]
'Math.B699.CRTStage0Pair25.Chunk012.cellA102B25_check' depends on axioms: [propext]
'Math.B699.CRTStage0Pair25.Chunk012.cellA102B26_check' depends on axioms: [propext]
'Math.B699.CRTStage0Pair25.Chunk012.cellA102B27_check' depends on axioms: [propext]
'Math.B699.CRTStage0Pair25.Chunk012.cellA102B28_check' depends on axioms: [propext]
'Math.B699.CRTStage0Pair25.Chunk012.cellA102B29_check' depends on axioms: [propext]
'Math.B699.CRTStage0Pair25.Chunk012.cellA102B30_check' depends on axioms: [propext]
'Math.B699.CRTStage0Pair25.Chunk012.cellA102B31_check' depends on axioms: [propext]
'Math.B699.CRTStage0Pair25.Chunk012.cellA102B32_check' depends on axioms: [propext]
'Math.B699.CRTStage0Pair25.Chunk012.cellA102B33_check' depends on axioms: [propext]
'Math.B699.CRTStage0Pair25.Chunk012.cellA102B34_check' depends on axioms: [propext]
'Math.B699.CRTStage0Pair25.Chunk012.cellA102B35_check' depends on axioms: [propext]
'Math.B699.CRTStage0Pair25.Chunk012.cellA102B36_check' depends on axioms: [propext]
'Math.B699.CRTStage0Pair25.Chunk012.cellA102B37_check' depends on axioms: [propext]
'Math.B699.CRTStage0Pair25.Chunk012.cellA102B38_check' depends on axioms: [propext]
'Math.B699.CRTStage0Pair25.Chunk012.cellA102B39_check' depends on axioms: [propext]
'Math.B699.CRTStage0Pair25.Chunk012.cellA102B40_check' depends on axioms: [propext]
'Math.B699.CRTStage0Pair25.Chunk012.cellA102B41_check' depends on axioms: [propext]
'Math.B699.CRTStage0Pair25.Chunk012.cellA102B42_check' depends on axioms: [propext]
'Math.B699.CRTStage0Pair25.Chunk012.cellA102B43_check' depends on axioms: [propext]
'Math.B699.CRTStage0Pair25.Chunk012.cellA102B44_check' depends on axioms: [propext]
'Math.B699.CRTStage0Pair25.Chunk012.cellA102B45_check' depends on axioms: [propext]
'Math.B699.CRTStage0Pair25.Chunk012.cellA102B46_check' depends on axioms: [propext]
'Math.B699.CRTStage0Pair25.Chunk012.rowA102_cell_check' depends on axioms: [propext]
'Math.B699.CRTStage0Pair25.Chunk012.rowA102_block_check' depends on axioms: [propext, Quot.sound]
