# command: LEAN -j1 -M1536 -DautoImplicit=false -DrelaxedAutoImplicit=false --root=PROJECT_ROOT -o .tools/20260911-low-index-lean-513dc7cc/20260912T022222118652Z/olean/research/tasks/B699-Binomial/runs/20260911-low-index-lean-513dc7cc/lean/CrtStage0Pair25/Pack012P3.olean research/tasks/B699-Binomial/runs/20260911-low-index-lean-513dc7cc/lean/CrtStage0Pair25/Pack012P3.lean
# cwd: PROJECT_ROOT
# started_utc: 2026-09-12T02:23:42.771369Z
# finished_utc: 2026-09-12T02:23:54.789799Z
# exit_code: 0
# timed_out: False
'Math.B699.CRTStage0Pair25.Chunk012.cellA103B1_check' depends on axioms: [propext]
'Math.B699.CRTStage0Pair25.Chunk012.cellA103B2_check' depends on axioms: [propext]
'Math.B699.CRTStage0Pair25.Chunk012.cellA103B3_check' depends on axioms: [propext]
'Math.B699.CRTStage0Pair25.Chunk012.cellA103B4_check' depends on axioms: [propext]
'Math.B699.CRTStage0Pair25.Chunk012.cellA103B5_check' depends on axioms: [propext]
'Math.B699.CRTStage0Pair25.Chunk012.cellA103B6_check' depends on axioms: [propext]
'Math.B699.CRTStage0Pair25.Chunk012.cellA103B7_check' depends on axioms: [propext]
'Math.B699.CRTStage0Pair25.Chunk012.cellA103B8_check' depends on axioms: [propext]
'Math.B699.CRTStage0Pair25.Chunk012.cellA103B9_check' depends on axioms: [propext]
'Math.B699.CRTStage0Pair25.Chunk012.cellA103B10_check' depends on axioms: [propext]
'Math.B699.CRTStage0Pair25.Chunk012.cellA103B11_check' depends on axioms: [propext]
'Math.B699.CRTStage0Pair25.Chunk012.cellA103B12_check' depends on axioms: [propext]
'Math.B699.CRTStage0Pair25.Chunk012.cellA103B13_check' depends on axioms: [propext]
'Math.B699.CRTStage0Pair25.Chunk012.cellA103B14_check' depends on axioms: [propext]
'Math.B699.CRTStage0Pair25.Chunk012.cellA103B15_check' depends on axioms: [propext]
'Math.B699.CRTStage0Pair25.Chunk012.cellA103B16_check' depends on axioms: [propext]
'Math.B699.CRTStage0Pair25.Chunk012.cellA103B17_check' depends on axioms: [propext]
'Math.B699.CRTStage0Pair25.Chunk012.cellA103B18_check' depends on axioms: [propext]
'Math.B699.CRTStage0Pair25.Chunk012.cellA103B19_check' depends on axioms: [propext]
'Math.B699.CRTStage0Pair25.Chunk012.cellA103B20_check' depends on axioms: [propext]
'Math.B699.CRTStage0Pair25.Chunk012.cellA103B21_check' depends on axioms: [propext]
'Math.B699.CRTStage0Pair25.Chunk012.cellA103B22_check' depends on axioms: [propext]
'Math.B699.CRTStage0Pair25.Chunk012.cellA103B23_check' depends on axioms: [propext]
'Math.B699.CRTStage0Pair25.Chunk012.cellA103B24_check' depends on axioms: [propext]
'Math.B699.CRTStage0Pair25.Chunk012.cellA103B25_check' depends on axioms: [propext]
'Math.B699.CRTStage0Pair25.Chunk012.cellA103B26_check' depends on axioms: [propext]
'Math.B699.CRTStage0Pair25.Chunk012.cellA103B27_check' depends on axioms: [propext]
'Math.B699.CRTStage0Pair25.Chunk012.cellA103B28_check' depends on axioms: [propext]
'Math.B699.CRTStage0Pair25.Chunk012.cellA103B29_check' depends on axioms: [propext]
'Math.B699.CRTStage0Pair25.Chunk012.cellA103B30_check' depends on axioms: [propext]
'Math.B699.CRTStage0Pair25.Chunk012.cellA103B31_check' depends on axioms: [propext]
'Math.B699.CRTStage0Pair25.Chunk012.cellA103B32_check' depends on axioms: [propext]
'Math.B699.CRTStage0Pair25.Chunk012.cellA103B33_check' depends on axioms: [propext]
'Math.B699.CRTStage0Pair25.Chunk012.cellA103B34_check' depends on axioms: [propext]
'Math.B699.CRTStage0Pair25.Chunk012.cellA103B35_check' depends on axioms: [propext]
'Math.B699.CRTStage0Pair25.Chunk012.cellA103B36_check' depends on axioms: [propext]
'Math.B699.CRTStage0Pair25.Chunk012.cellA103B37_check' depends on axioms: [propext]
'Math.B699.CRTStage0Pair25.Chunk012.cellA103B38_check' depends on axioms: [propext]
'Math.B699.CRTStage0Pair25.Chunk012.cellA103B39_check' depends on axioms: [propext]
'Math.B699.CRTStage0Pair25.Chunk012.cellA103B40_check' depends on axioms: [propext]
'Math.B699.CRTStage0Pair25.Chunk012.cellA103B41_check' depends on axioms: [propext]
'Math.B699.CRTStage0Pair25.Chunk012.cellA103B42_check' depends on axioms: [propext]
'Math.B699.CRTStage0Pair25.Chunk012.cellA103B43_check' depends on axioms: [propext]
'Math.B699.CRTStage0Pair25.Chunk012.cellA103B44_check' depends on axioms: [propext]
'Math.B699.CRTStage0Pair25.Chunk012.cellA103B45_check' depends on axioms: [propext]
'Math.B699.CRTStage0Pair25.Chunk012.cellA103B46_check' depends on axioms: [propext]
'Math.B699.CRTStage0Pair25.Chunk012.rowA103_cell_check' depends on axioms: [propext]
'Math.B699.CRTStage0Pair25.Chunk012.rowA103_block_check' depends on axioms: [propext, Quot.sound]
'Math.B699.CRTStage0Pair25.Chunk012.cellA104B1_check' depends on axioms: [propext]
'Math.B699.CRTStage0Pair25.Chunk012.cellA104B2_check' depends on axioms: [propext]
'Math.B699.CRTStage0Pair25.Chunk012.cellA104B3_check' depends on axioms: [propext]
'Math.B699.CRTStage0Pair25.Chunk012.cellA104B4_check' depends on axioms: [propext]
'Math.B699.CRTStage0Pair25.Chunk012.cellA104B5_check' depends on axioms: [propext]
'Math.B699.CRTStage0Pair25.Chunk012.cellA104B6_check' depends on axioms: [propext]
'Math.B699.CRTStage0Pair25.Chunk012.cellA104B7_check' depends on axioms: [propext]
'Math.B699.CRTStage0Pair25.Chunk012.cellA104B8_check' depends on axioms: [propext]
'Math.B699.CRTStage0Pair25.Chunk012.cellA104B9_check' depends on axioms: [propext]
'Math.B699.CRTStage0Pair25.Chunk012.cellA104B10_check' depends on axioms: [propext]
'Math.B699.CRTStage0Pair25.Chunk012.cellA104B11_check' depends on axioms: [propext]
'Math.B699.CRTStage0Pair25.Chunk012.cellA104B12_check' depends on axioms: [propext]
'Math.B699.CRTStage0Pair25.Chunk012.cellA104B13_check' depends on axioms: [propext]
'Math.B699.CRTStage0Pair25.Chunk012.cellA104B14_check' depends on axioms: [propext]
'Math.B699.CRTStage0Pair25.Chunk012.cellA104B15_check' depends on axioms: [propext]
'Math.B699.CRTStage0Pair25.Chunk012.cellA104B16_check' depends on axioms: [propext]
'Math.B699.CRTStage0Pair25.Chunk012.cellA104B17_check' depends on axioms: [propext]
'Math.B699.CRTStage0Pair25.Chunk012.cellA104B18_check' depends on axioms: [propext]
'Math.B699.CRTStage0Pair25.Chunk012.cellA104B19_check' depends on axioms: [propext]
'Math.B699.CRTStage0Pair25.Chunk012.cellA104B20_check' depends on axioms: [propext]
'Math.B699.CRTStage0Pair25.Chunk012.cellA104B21_check' depends on axioms: [propext]
'Math.B699.CRTStage0Pair25.Chunk012.cellA104B22_check' depends on axioms: [propext]
'Math.B699.CRTStage0Pair25.Chunk012.cellA104B23_check' depends on axioms: [propext]
'Math.B699.CRTStage0Pair25.Chunk012.cellA104B24_check' depends on axioms: [propext]
'Math.B699.CRTStage0Pair25.Chunk012.cellA104B25_check' depends on axioms: [propext]
'Math.B699.CRTStage0Pair25.Chunk012.cellA104B26_check' depends on axioms: [propext]
'Math.B699.CRTStage0Pair25.Chunk012.cellA104B27_check' depends on axioms: [propext]
'Math.B699.CRTStage0Pair25.Chunk012.cellA104B28_check' depends on axioms: [propext]
'Math.B699.CRTStage0Pair25.Chunk012.cellA104B29_check' depends on axioms: [propext]
'Math.B699.CRTStage0Pair25.Chunk012.cellA104B30_check' depends on axioms: [propext]
'Math.B699.CRTStage0Pair25.Chunk012.cellA104B31_check' depends on axioms: [propext]
'Math.B699.CRTStage0Pair25.Chunk012.cellA104B32_check' depends on axioms: [propext]
'Math.B699.CRTStage0Pair25.Chunk012.cellA104B33_check' depends on axioms: [propext]
'Math.B699.CRTStage0Pair25.Chunk012.cellA104B34_check' depends on axioms: [propext]
'Math.B699.CRTStage0Pair25.Chunk012.cellA104B35_check' depends on axioms: [propext]
'Math.B699.CRTStage0Pair25.Chunk012.cellA104B36_check' depends on axioms: [propext]
'Math.B699.CRTStage0Pair25.Chunk012.cellA104B37_check' depends on axioms: [propext]
'Math.B699.CRTStage0Pair25.Chunk012.cellA104B38_check' depends on axioms: [propext]
'Math.B699.CRTStage0Pair25.Chunk012.cellA104B39_check' depends on axioms: [propext]
'Math.B699.CRTStage0Pair25.Chunk012.cellA104B40_check' depends on axioms: [propext]
'Math.B699.CRTStage0Pair25.Chunk012.cellA104B41_check' depends on axioms: [propext]
'Math.B699.CRTStage0Pair25.Chunk012.cellA104B42_check' depends on axioms: [propext]
'Math.B699.CRTStage0Pair25.Chunk012.cellA104B43_check' depends on axioms: [propext]
'Math.B699.CRTStage0Pair25.Chunk012.cellA104B44_check' depends on axioms: [propext]
'Math.B699.CRTStage0Pair25.Chunk012.cellA104B45_check' depends on axioms: [propext]
'Math.B699.CRTStage0Pair25.Chunk012.cellA104B46_check' depends on axioms: [propext]
'Math.B699.CRTStage0Pair25.Chunk012.rowA104_cell_check' depends on axioms: [propext]
'Math.B699.CRTStage0Pair25.Chunk012.rowA104_block_check' depends on axioms: [propext, Quot.sound]
