# command: LEAN -j1 -M1536 -DautoImplicit=false -DrelaxedAutoImplicit=false --root=PROJECT_ROOT -o .tools/20260911-low-index-lean-513dc7cc/20260912T035329603731Z/olean/research/tasks/B699-Binomial/runs/20260911-low-index-lean-513dc7cc/lean/CrtStage1Pair23/Cells003P2.olean research/tasks/B699-Binomial/runs/20260911-low-index-lean-513dc7cc/lean/CrtStage1Pair23/Cells003P2.lean
# cwd: PROJECT_ROOT
# started_utc: 2026-09-12T03:57:36.327848Z
# finished_utc: 2026-09-12T03:57:47.658806Z
# exit_code: 0
# timed_out: False
'Math.B699.CRTStage1Pair23.Chunk003.cellA31B1_check' depends on axioms: [propext]
'Math.B699.CRTStage1Pair23.Chunk003.cellA31B2_check' depends on axioms: [propext]
'Math.B699.CRTStage1Pair23.Chunk003.cellA31B3_check' depends on axioms: [propext]
'Math.B699.CRTStage1Pair23.Chunk003.cellA31B4_check' depends on axioms: [propext]
'Math.B699.CRTStage1Pair23.Chunk003.cellA31B5_check' depends on axioms: [propext]
'Math.B699.CRTStage1Pair23.Chunk003.cellA31B6_check' depends on axioms: [propext]
'Math.B699.CRTStage1Pair23.Chunk003.cellA31B7_check' depends on axioms: [propext]
'Math.B699.CRTStage1Pair23.Chunk003.cellA31B8_check' depends on axioms: [propext]
'Math.B699.CRTStage1Pair23.Chunk003.cellA31B9_check' depends on axioms: [propext]
'Math.B699.CRTStage1Pair23.Chunk003.cellA31B10_check' depends on axioms: [propext]
'Math.B699.CRTStage1Pair23.Chunk003.cellA31B11_check' depends on axioms: [propext]
'Math.B699.CRTStage1Pair23.Chunk003.cellA31B12_check' depends on axioms: [propext]
'Math.B699.CRTStage1Pair23.Chunk003.cellA31B13_check' depends on axioms: [propext]
'Math.B699.CRTStage1Pair23.Chunk003.cellA31B14_check' depends on axioms: [propext]
'Math.B699.CRTStage1Pair23.Chunk003.cellA31B15_check' depends on axioms: [propext]
'Math.B699.CRTStage1Pair23.Chunk003.cellA31B16_check' depends on axioms: [propext]
'Math.B699.CRTStage1Pair23.Chunk003.cellA31B17_check' depends on axioms: [propext]
'Math.B699.CRTStage1Pair23.Chunk003.cellA31B18_check' depends on axioms: [propext]
'Math.B699.CRTStage1Pair23.Chunk003.cellA31B19_check' depends on axioms: [propext]
'Math.B699.CRTStage1Pair23.Chunk003.cellA31B20_check' depends on axioms: [propext]
'Math.B699.CRTStage1Pair23.Chunk003.cellA31B21_check' depends on axioms: [propext]
'Math.B699.CRTStage1Pair23.Chunk003.cellA31B22_check' depends on axioms: [propext]
'Math.B699.CRTStage1Pair23.Chunk003.cellA31B23_check' depends on axioms: [propext]
'Math.B699.CRTStage1Pair23.Chunk003.cellA31B24_check' depends on axioms: [propext]
'Math.B699.CRTStage1Pair23.Chunk003.cellA31B25_check' depends on axioms: [propext]
'Math.B699.CRTStage1Pair23.Chunk003.cellA31B26_check' depends on axioms: [propext]
'Math.B699.CRTStage1Pair23.Chunk003.cellA31B27_check' depends on axioms: [propext]
'Math.B699.CRTStage1Pair23.Chunk003.cellA31B28_check' depends on axioms: [propext]
'Math.B699.CRTStage1Pair23.Chunk003.cellA31B29_check' depends on axioms: [propext]
'Math.B699.CRTStage1Pair23.Chunk003.cellA31B30_check' depends on axioms: [propext]
'Math.B699.CRTStage1Pair23.Chunk003.cellA31B31_check' depends on axioms: [propext]
'Math.B699.CRTStage1Pair23.Chunk003.cellA31B32_check' depends on axioms: [propext]
'Math.B699.CRTStage1Pair23.Chunk003.cellA31B33_check' depends on axioms: [propext]
'Math.B699.CRTStage1Pair23.Chunk003.cellA31B34_check' depends on axioms: [propext]
'Math.B699.CRTStage1Pair23.Chunk003.cellA31B35_check' depends on axioms: [propext]
'Math.B699.CRTStage1Pair23.Chunk003.cellA31B36_check' depends on axioms: [propext]
'Math.B699.CRTStage1Pair23.Chunk003.cellA31B37_check' depends on axioms: [propext]
'Math.B699.CRTStage1Pair23.Chunk003.cellA31B38_check' depends on axioms: [propext]
'Math.B699.CRTStage1Pair23.Chunk003.rowA31_cell_check' depends on axioms: [propext]
'Math.B699.CRTStage1Pair23.Chunk003.rowA31_block_check' depends on axioms: [propext, Quot.sound]
'Math.B699.CRTStage1Pair23.Chunk003.cellA32B1_check' depends on axioms: [propext]
'Math.B699.CRTStage1Pair23.Chunk003.cellA32B2_check' depends on axioms: [propext]
'Math.B699.CRTStage1Pair23.Chunk003.cellA32B3_check' depends on axioms: [propext]
'Math.B699.CRTStage1Pair23.Chunk003.cellA32B4_check' depends on axioms: [propext]
'Math.B699.CRTStage1Pair23.Chunk003.cellA32B5_check' depends on axioms: [propext]
'Math.B699.CRTStage1Pair23.Chunk003.cellA32B6_check' depends on axioms: [propext]
'Math.B699.CRTStage1Pair23.Chunk003.cellA32B7_check' depends on axioms: [propext]
'Math.B699.CRTStage1Pair23.Chunk003.cellA32B8_check' depends on axioms: [propext]
'Math.B699.CRTStage1Pair23.Chunk003.cellA32B9_check' depends on axioms: [propext]
'Math.B699.CRTStage1Pair23.Chunk003.cellA32B10_check' depends on axioms: [propext]
'Math.B699.CRTStage1Pair23.Chunk003.cellA32B11_check' depends on axioms: [propext]
'Math.B699.CRTStage1Pair23.Chunk003.cellA32B12_check' depends on axioms: [propext]
'Math.B699.CRTStage1Pair23.Chunk003.cellA32B13_check' depends on axioms: [propext]
'Math.B699.CRTStage1Pair23.Chunk003.cellA32B14_check' depends on axioms: [propext]
'Math.B699.CRTStage1Pair23.Chunk003.cellA32B15_check' depends on axioms: [propext]
'Math.B699.CRTStage1Pair23.Chunk003.cellA32B16_check' depends on axioms: [propext]
'Math.B699.CRTStage1Pair23.Chunk003.cellA32B17_check' depends on axioms: [propext]
'Math.B699.CRTStage1Pair23.Chunk003.cellA32B18_check' depends on axioms: [propext]
'Math.B699.CRTStage1Pair23.Chunk003.cellA32B19_check' depends on axioms: [propext]
'Math.B699.CRTStage1Pair23.Chunk003.cellA32B20_check' depends on axioms: [propext]
'Math.B699.CRTStage1Pair23.Chunk003.cellA32B21_check' depends on axioms: [propext]
'Math.B699.CRTStage1Pair23.Chunk003.cellA32B22_check' depends on axioms: [propext]
'Math.B699.CRTStage1Pair23.Chunk003.cellA32B23_check' depends on axioms: [propext]
'Math.B699.CRTStage1Pair23.Chunk003.cellA32B24_check' depends on axioms: [propext]
'Math.B699.CRTStage1Pair23.Chunk003.cellA32B25_check' depends on axioms: [propext]
'Math.B699.CRTStage1Pair23.Chunk003.cellA32B26_check' depends on axioms: [propext]
'Math.B699.CRTStage1Pair23.Chunk003.cellA32B27_check' depends on axioms: [propext]
'Math.B699.CRTStage1Pair23.Chunk003.cellA32B28_check' depends on axioms: [propext]
'Math.B699.CRTStage1Pair23.Chunk003.cellA32B29_check' depends on axioms: [propext]
'Math.B699.CRTStage1Pair23.Chunk003.cellA32B30_check' depends on axioms: [propext]
'Math.B699.CRTStage1Pair23.Chunk003.cellA32B31_check' depends on axioms: [propext]
'Math.B699.CRTStage1Pair23.Chunk003.cellA32B32_check' depends on axioms: [propext]
'Math.B699.CRTStage1Pair23.Chunk003.cellA32B33_check' depends on axioms: [propext]
'Math.B699.CRTStage1Pair23.Chunk003.cellA32B34_check' depends on axioms: [propext]
'Math.B699.CRTStage1Pair23.Chunk003.cellA32B35_check' depends on axioms: [propext]
'Math.B699.CRTStage1Pair23.Chunk003.cellA32B36_check' depends on axioms: [propext]
'Math.B699.CRTStage1Pair23.Chunk003.cellA32B37_check' depends on axioms: [propext]
'Math.B699.CRTStage1Pair23.Chunk003.cellA32B38_check' depends on axioms: [propext]
'Math.B699.CRTStage1Pair23.Chunk003.rowA32_cell_check' depends on axioms: [propext]
'Math.B699.CRTStage1Pair23.Chunk003.rowA32_block_check' depends on axioms: [propext, Quot.sound]
