KERNEL_BEGIN 22 995 coefficient_mod_rank 399 free [374]
KERNEL_ACCEPTED_DISCOVERY 22 995 nullity 1 augmented_rank 400 bits 479 seconds 2.953
KERNEL_BEGIN 22 1302 coefficient_mod_rank 398 free [318, 374]
KERNEL_ACCEPTED_DISCOVERY 22 1302 nullity 2 augmented_rank 399 bits 479 seconds 3.179
KERNEL_BEGIN 22 1526 coefficient_mod_rank 395 free [254, 255, 278, 318, 374]
KERNEL_ACCEPTED_DISCOVERY 22 1526 nullity 5 augmented_rank 396 bits 359 seconds 3.314
KERNEL_BEGIN 22 1560 coefficient_mod_rank 398 free [318, 374]
KERNEL_ACCEPTED_DISCOVERY 22 1560 nullity 2 augmented_rank 399 bits 359 seconds 2.485
KERNEL_BEGIN 22 2341 coefficient_mod_rank 399 free [374]
KERNEL_ACCEPTED_DISCOVERY 22 2341 nullity 1 augmented_rank 400 bits 479 seconds 2.716
KERNEL_BEGIN 22 2410 coefficient_mod_rank 398 free [318, 374]
KERNEL_ACCEPTED_DISCOVERY 22 2410 nullity 2 augmented_rank 399 bits 419 seconds 2.91
KERNEL_BEGIN 22 2641 coefficient_mod_rank 399 free [374]
KERNEL_ACCEPTED_DISCOVERY 22 2641 nullity 1 augmented_rank 400 bits 359 seconds 2.27
KERNEL_BEGIN 22 2703 coefficient_mod_rank 396 free [255, 278, 318, 374]
KERNEL_ACCEPTED_DISCOVERY 22 2703 nullity 4 augmented_rank 397 bits 419 seconds 3.235
KERNEL_BEGIN 22 3109 coefficient_mod_rank 397 free [255, 318, 374]
KERNEL_ACCEPTED_DISCOVERY 22 3109 nullity 3 augmented_rank 398 bits 299 seconds 2.345
KERNEL_BEGIN 22 3111 coefficient_mod_rank 395 free [230, 255, 278, 318, 374]
KERNEL_ACCEPTED_DISCOVERY 22 3111 nullity 5 augmented_rank 396 bits 359 seconds 3.015
KERNEL_BEGIN 22 4175 coefficient_mod_rank 399 free [374]
KERNEL_ACCEPTED_DISCOVERY 22 4175 nullity 1 augmented_rank 400 bits 419 seconds 2.508
KERNEL_BEGIN 22 4507 coefficient_mod_rank 398 free [318, 374]
KERNEL_ACCEPTED_DISCOVERY 22 4507 nullity 2 augmented_rank 399 bits 299 seconds 2.115
KERNEL_BEGIN 22 5000 coefficient_mod_rank 396 free [174, 230, 255, 318]
KERNEL_ACCEPTED_DISCOVERY 22 5000 nullity 4 augmented_rank 397 bits 299 seconds 2.338
KERNEL_BEGIN 22 5318 coefficient_mod_rank 398 free [318, 374]
KERNEL_ACCEPTED_DISCOVERY 22 5318 nullity 2 augmented_rank 399 bits 299 seconds 2.082
KERNEL_BEGIN 22 5935 coefficient_mod_rank 399 free [374]
KERNEL_ACCEPTED_DISCOVERY 22 5935 nullity 1 augmented_rank 400 bits 299 seconds 1.946
KERNEL_BEGIN 22 6059 coefficient_mod_rank 399 free [374]
KERNEL_ACCEPTED_DISCOVERY 22 6059 nullity 1 augmented_rank 400 bits 419 seconds 2.552
KERNEL_BEGIN 22 6408 coefficient_mod_rank 394 free [230, 254, 255, 278, 318, 374]
KERNEL_ACCEPTED_DISCOVERY 22 6408 nullity 6 augmented_rank 395 bits 299 seconds 2.698
KERNEL_BEGIN 22 6501 coefficient_mod_rank 399 free [374]
KERNEL_ACCEPTED_DISCOVERY 22 6501 nullity 1 augmented_rank 400 bits 419 seconds 2.511
KERNEL_BEGIN 22 6523 coefficient_mod_rank 399 free [374]
KERNEL_ACCEPTED_DISCOVERY 22 6523 nullity 1 augmented_rank 400 bits 359 seconds 2.219
KERNEL_BEGIN 22 6562 coefficient_mod_rank 397 free [278, 318, 374]
KERNEL_ACCEPTED_DISCOVERY 22 6562 nullity 3 augmented_rank 398 bits 359 seconds 2.685
KERNEL_BEGIN 22 6848 coefficient_mod_rank 393 free [174, 230, 254, 255, 278, 318, 374]
KERNEL_ACCEPTED_DISCOVERY 22 6848 nullity 7 augmented_rank 394 bits 299 seconds 3.101
KERNEL_BEGIN 22 6870 coefficient_mod_rank 397 free [278, 318, 374]
KERNEL_ACCEPTED_DISCOVERY 22 6870 nullity 3 augmented_rank 398 bits 419 seconds 3.136
KERNEL_BEGIN 22 6954 coefficient_mod_rank 395 free [230, 255, 278, 318, 374]
KERNEL_ACCEPTED_DISCOVERY 22 6954 nullity 5 augmented_rank 396 bits 299 seconds 2.682
KERNEL_BEGIN 22 7137 coefficient_mod_rank 397 free [278, 318, 374]
KERNEL_ACCEPTED_DISCOVERY 22 7137 nullity 3 augmented_rank 398 bits 359 seconds 2.777
KERNEL_BEGIN 22 7149 coefficient_mod_rank 398 free [318, 374]
KERNEL_ACCEPTED_DISCOVERY 22 7149 nullity 2 augmented_rank 399 bits 359 seconds 2.488
