COMPILE research/tasks/B686-Four/runs/20260908-formalization-92c221/lean/reflected/DistancePrimePower.lean
research/tasks/B686-Four/runs/20260908-formalization-92c221/lean/reflected/DistancePrimePower.lean:210:6: error(lean.unknownIdentifier): Unknown constant `Int.natCast_natAbs_eq_self.mpr`
research/tasks/B686-Four/runs/20260908-formalization-92c221/lean/reflected/DistancePrimePower.lean:241:24: error: omega could not prove the goal:
a possible counterexample may satisfy the constraints
  g ≤ -1
  f ≥ 1
  e ≥ 0
  c ≥ 0
  c + f ≥ 0
  b ≥ 3
  b - f ≤ 0
where
 b := ↑k
 c := ↑n
 e := ↑(product k n)
 f := ↑B * ↑(p ^ a)
 g := ↑d / ↑(p ^ a)
'B686Formalization.original_distance_prime_power_bound' depends on axioms: [propext,
 sorryAx,
 Classical.choice,
 Quot.sound]
research/tasks/B686-Four/runs/20260908-formalization-92c221/lean/reflected/DistancePrimePower.lean:261:0: error: ❌️ Docstring on `#guard_msgs` does not match generated message:

- info: 'B686Formalization.original_distance_prime_power_bound' depends on axioms: [propext, Classical.choice, Quot.sound]
+ info: 'B686Formalization.original_distance_prime_power_bound' depends on axioms: [propext,
+  sorryAx,
+  Classical.choice,
+  Quot.sound]
'B686Formalization.original_distance_quotient_bounds' depends on axioms: [propext,
 sorryAx,
 Classical.choice,
 Quot.sound]
research/tasks/B686-Four/runs/20260908-formalization-92c221/lean/reflected/DistancePrimePower.lean:264:0: error: ❌️ Docstring on `#guard_msgs` does not match generated message:

- info: 'B686Formalization.original_distance_quotient_bounds' depends on axioms: [propext, Classical.choice, Quot.sound]
+ info: 'B686Formalization.original_distance_quotient_bounds' depends on axioms: [propext,
+  sorryAx,
+  Classical.choice,
+  Quot.sound]
