COMPILE research/tasks/B686-Four/independent/TargetBridge.lean
COMPILE research/tasks/B686-Four/round8/continuation/SizeBounds.lean
'B686Size.quadratic_bernoulli' depends on axioms: [propext, Classical.choice, Quot.sound]
'B686Size.four_le_one_add_two_div_pow' depends on axioms: [propext, Classical.choice, Quot.sound]
'B686Size.one_sub_sum_le_prod' depends on axioms: [propext, Classical.choice, Quot.sound]
'B686Size.upper_size' depends on axioms: [propext, Classical.choice, Quot.sound]
'B686Size.lower_size' depends on axioms: [propext, Classical.choice, Quot.sound]
'B686Size.size_bounds_nat' depends on axioms: [propext, Classical.choice, Quot.sound]
COMPILE research/tasks/B686-Four/runs/20260908-reflected-sum-9bad0b9/main/ReflectedGeometry.lean
COMPILE research/tasks/B686-Four/runs/20260908-reflected-sum-9bad0b9/a/ReflectedPrimePower.lean
COMPILE research/tasks/B686-Four/runs/20260908-reflected-sum-9bad0b9/main/SumPrimePowerExclusion.lean
COMPILE research/tasks/B686-Four/runs/20260908-formalization-92c221/lean/reflected/TwicePrimePower.lean
research/tasks/B686-Four/runs/20260908-formalization-92c221/lean/reflected/TwicePrimePower.lean:24:2: warning: Try this: 
  letI̵

The goal is a proposition, so `let` is preferred over `letI`.
The difference between `let` and `letI` is that `letI` inlines the value.
But this is not relevant for proofs because of proof irrelevance.

Note: This linter can be disabled with `set_option linter.style.haveILetI false`
research/tasks/B686-Four/runs/20260908-formalization-92c221/lean/reflected/TwicePrimePower.lean:26:2: warning: Try this: 
  letI̵

The goal is a proposition, so `let` is preferred over `letI`.
The difference between `let` and `letI` is that `letI` inlines the value.
But this is not relevant for proofs because of proof irrelevance.

Note: This linter can be disabled with `set_option linter.style.haveILetI false`
research/tasks/B686-Four/runs/20260908-formalization-92c221/lean/reflected/TwicePrimePower.lean:63:2: warning: Try this: 
  letI̵

The goal is a proposition, so `let` is preferred over `letI`.
The difference between `let` and `letI` is that `letI` inlines the value.
But this is not relevant for proofs because of proof irrelevance.

Note: This linter can be disabled with `set_option linter.style.haveILetI false`
research/tasks/B686-Four/runs/20260908-formalization-92c221/lean/reflected/TwicePrimePower.lean:79:4: warning: Try this: 
  letI̵

The goal is a proposition, so `let` is preferred over `letI`.
The difference between `let` and `letI` is that `letI` inlines the value.
But this is not relevant for proofs because of proof irrelevance.

Note: This linter can be disabled with `set_option linter.style.haveILetI false`
research/tasks/B686-Four/runs/20260908-formalization-92c221/lean/reflected/TwicePrimePower.lean:102:6: error: unsolved goals
case pos.inl
k n m a : ℕ
hk : 2 ≤ k
hsep : n + k ≤ m
heq : product k m = 4 * product k n
i : ℕ
hi : i ∈ Icc 1 k
hTpos : 0 < (reflectedContact k n m i).natAbs
hw : 2 * (n + i) < reflectedSum k n m ∧ reflectedSum k n m < 5 * (n + i)
hz : 0 < n + i
hc : Nat.Prime (reflectedCoefficient k)
this✝ : Fact (Nat.Prime (reflectedCoefficient k)) := { out := hc }
ha : 1 ≤ a
t : ℕ
hs : (-1) ^ k = 1
hc3 : reflectedCoefficient k = 3
ht2 : t = 2
hp : Nat.Prime (reflectedCoefficient k)
hS : reflectedSum k n m = 2 * reflectedCoefficient k ^ a
this : Fact (Nat.Prime (reflectedCoefficient k)) := { out := hp }
hp2 : ¬reflectedCoefficient k = 2
h2v : padicValNat (reflectedCoefficient k) 2 = 0
hval : padicValNat (reflectedCoefficient k) (reflectedSum k n m) = a
hhigh : Nat.log (reflectedCoefficient k) k + 1 < a
hvi : padicValNat (reflectedCoefficient k) (n + i) = a - 1
hdiv : reflectedCoefficient k ^ (a + 1 + padicValNat (reflectedCoefficient k) 4) ∣ (reflectedContact k n m i).natAbs
hv : padicValNat (reflectedCoefficient k) (reflectedCoefficient k) = 1
hq : 0 < reflectedCoefficient k ^ (a - 1)
hpa : reflectedCoefficient k ^ a = reflectedCoefficient k ^ (a - 1) * reflectedCoefficient k
ht : n + i = reflectedCoefficient k ^ (a - 1) * t
htlo : 2 * reflectedCoefficient k < 5 * t
hthi : t < reflectedCoefficient k
hpD : reflectedCoefficient k ^ a * reflectedCoefficient k ∣ 4 * reflectedCoefficient k ^ a
hp3 : reflectedCoefficient k = 3
hT : reflectedContact k n m i = ↑(4 * reflectedCoefficient k ^ a)
hd : reflectedCoefficient k ∣ 4
⊢ False
research/tasks/B686-Four/runs/20260908-formalization-92c221/lean/reflected/TwicePrimePower.lean:130:8: error: unsolved goals
case pos.inr.inr
k n m a : ℕ
hk : 2 ≤ k
hsep : n + k ≤ m
heq : product k m = 4 * product k n
i : ℕ
hi : i ∈ Icc 1 k
hTpos : 0 < (reflectedContact k n m i).natAbs
hw : 2 * (n + i) < reflectedSum k n m ∧ reflectedSum k n m < 5 * (n + i)
hz : 0 < n + i
hc : Nat.Prime (reflectedCoefficient k)
this✝ : Fact (Nat.Prime (reflectedCoefficient k)) := { out := hc }
ha : 1 ≤ a
t : ℕ
hs : (-1) ^ k = -1
hc5 : reflectedCoefficient k = 5
ht4 : t = 4
hp : Nat.Prime (reflectedCoefficient k)
hS : reflectedSum k n m = 2 * reflectedCoefficient k ^ a
this : Fact (Nat.Prime (reflectedCoefficient k)) := { out := hp }
hp2 : ¬reflectedCoefficient k = 2
h2v : padicValNat (reflectedCoefficient k) 2 = 0
hval : padicValNat (reflectedCoefficient k) (reflectedSum k n m) = a
hhigh : Nat.log (reflectedCoefficient k) k + 1 < a
hvi : padicValNat (reflectedCoefficient k) (n + i) = a - 1
hdiv : reflectedCoefficient k ^ (a + 1 + padicValNat (reflectedCoefficient k) 4) ∣ (reflectedContact k n m i).natAbs
hv : padicValNat (reflectedCoefficient k) (reflectedCoefficient k) = 1
hq : 0 < reflectedCoefficient k ^ (a - 1)
hpa : reflectedCoefficient k ^ a = reflectedCoefficient k ^ (a - 1) * reflectedCoefficient k
ht : n + i = reflectedCoefficient k ^ (a - 1) * t
htlo : 2 * reflectedCoefficient k < 5 * t
hthi : t < reflectedCoefficient k
hpD : reflectedCoefficient k ^ a * reflectedCoefficient k ∣ 2 * reflectedCoefficient k ^ a
hp5 : reflectedCoefficient k = 5
hT : reflectedContact k n m i = -↑(2 * reflectedCoefficient k ^ a)
hd : reflectedCoefficient k ∣ 2
⊢ False
'B686Formalization.not_four_twice_prime_power_reflected_sum' depends on axioms: [propext,
 sorryAx,
 Classical.choice,
 Quot.sound]
research/tasks/B686-Four/runs/20260908-formalization-92c221/lean/reflected/TwicePrimePower.lean:149:0: error: ❌️ Docstring on `#guard_msgs` does not match generated message:

- info: 'B686Formalization.not_four_twice_prime_power_reflected_sum' depends on axioms: [propext, Classical.choice, Quot.sound]
+ info: 'B686Formalization.not_four_twice_prime_power_reflected_sum' depends on axioms: [propext,
+  sorryAx,
+  Classical.choice,
+  Quot.sound]
