exact project closure files: 41
research/tasks/B699-Binomial/runs/20260911-low-index-lean-513dc7cc/lean/CubicBlock/Residues.lean
research/tasks/B699-Binomial/runs/20260911-low-index-lean-513dc7cc/lean/CrtPair/Parameterization.lean
research/tasks/B699-Binomial/runs/20260911-low-index-lean-513dc7cc/lean/CrtPair/Bounds.lean
research/tasks/B699-Binomial/runs/20260911-low-index-lean-513dc7cc/lean/CrtPair/Consumer.lean
research/tasks/B699-Binomial/runs/20260911-low-index-lean-513dc7cc/lean/CrtGrid/Cell.lean
Math/B699/CofactorCriterion.lean
research/tasks/B699-Binomial/runs/20260909-large-prime-structure-cb4764f0/lean/GapBridge.lean
research/tasks/B699-Binomial/runs/20260908-external-reductions-b3c1b7/lean/DivisorTransfer.lean
research/tasks/B699-Binomial/runs/20260909-large-prime-structure-cb4764f0/lean/PrimePowerTransfer.lean
research/tasks/B699-Binomial/runs/20260909-large-prime-structure-cb4764f0/lean/SmallPartBound.lean
research/tasks/B699-Binomial/runs/20260909-low-index-structure-b41a5a63/lean/LargeSmallPowers.lean
research/tasks/B699-Binomial/runs/20260911-low-index-lean-513dc7cc/lean/I11SmallPrimes/Components.lean
research/tasks/B686-Four/round8/lean/BigPrimeSupport.lean
research/tasks/B686-Four/formalization/UniformDistance/SmallPrime.lean
research/tasks/B699-Binomial/runs/20260909-low-index-structure-b41a5a63/lean/SmallPrimeLocalization.lean
research/tasks/B699-Binomial/runs/20260911-low-index-lean-513dc7cc/lean/I11SmallPrimes/Window.lean
research/tasks/B699-Binomial/runs/20260911-low-index-lean-513dc7cc/lean/CrtGrid/HeightCap.lean
research/tasks/B699-Binomial/runs/20260911-low-index-lean-513dc7cc/lean/CrtGrid/Grid.lean
research/tasks/B699-Binomial/runs/20260909-low-index-structure-b41a5a63/lean/ThreeWindowWeights.lean
research/tasks/B699-Binomial/runs/20260909-low-index-structure-b41a5a63/lean/ThreeWindowSize.lean
research/tasks/B699-Binomial/runs/20260909-eees-chain-5a2e10/lean/PowerBounds.lean
research/tasks/B699-Binomial/runs/20260909-low-index-structure-b41a5a63/lean/HeightCertificate.lean
research/tasks/B699-Binomial/runs/20260909-low-index-structure-b41a5a63/lean/CofactorCover.lean
research/tasks/B699-Binomial/runs/20260911-low-index-lean-513dc7cc/lean/UpperHeight/UpperSmallPart.lean
research/tasks/B699-Binomial/runs/20260911-low-index-lean-513dc7cc/lean/UpperHeight/I11SmallPart.lean
research/tasks/B699-Binomial/runs/20260911-low-index-lean-513dc7cc/lean/I11CrtStages/NumericMetadata.lean
research/tasks/B699-Binomial/runs/20260911-low-index-lean-513dc7cc/lean/CrtStage3Pair23/Chunk000Data.lean
research/tasks/B699-Binomial/runs/20260911-low-index-lean-513dc7cc/lean/CrtStage3Pair23/Cells000P0.lean
research/tasks/B699-Binomial/runs/20260911-low-index-lean-513dc7cc/lean/CrtStage3Pair23/Chunk000.lean
research/tasks/B699-Binomial/runs/20260911-low-index-lean-513dc7cc/lean/CrtStage3Pair23/Chunk001Data.lean
research/tasks/B699-Binomial/runs/20260911-low-index-lean-513dc7cc/lean/CrtStage3Pair23/Cells001P0.lean
research/tasks/B699-Binomial/runs/20260911-low-index-lean-513dc7cc/lean/CrtStage3Pair23/Chunk001.lean
research/tasks/B699-Binomial/runs/20260911-low-index-lean-513dc7cc/lean/CrtStage3Pair23/Chunk002Data.lean
research/tasks/B699-Binomial/runs/20260911-low-index-lean-513dc7cc/lean/CrtStage3Pair23/Cells002P0.lean
research/tasks/B699-Binomial/runs/20260911-low-index-lean-513dc7cc/lean/CrtStage3Pair23/Chunk002.lean
research/tasks/B699-Binomial/runs/20260911-low-index-lean-513dc7cc/lean/CrtStage3Pair23/Chunk003Data.lean
research/tasks/B699-Binomial/runs/20260911-low-index-lean-513dc7cc/lean/CrtStage3Pair23/Cells003P0.lean
research/tasks/B699-Binomial/runs/20260911-low-index-lean-513dc7cc/lean/CrtStage3Pair23/Chunk003.lean
research/tasks/B699-Binomial/runs/20260911-low-index-lean-513dc7cc/lean/I11CrtStep/Meta.lean
research/tasks/B699-Binomial/runs/20260911-low-index-lean-513dc7cc/lean/CrtStage3Pair23/CompleteComposer.lean
research/tasks/B699-Binomial/runs/20260911-low-index-lean-513dc7cc/lean/CrtStage3Pair23/CompleteComposerAudit.lean

Source policy passed for exact project closure.
