research/tasks/B686-Four/round5/worker/ThreePosition124.lean:78:23: error: unsolved goals
case «6»
p : ℕ
hp : Nat.Prime 6
hp5 : 5 ≤ 6
hle : 6 ≤ 6
h : True
⊢ False
research/tasks/B686-Four/round5/worker/ThreePosition124.lean:88:5: warning: Variable name `ha` is not explicitly referenced.

Hint: The binding can be removed (if unused) or named `_` (if used implicitly). Alternatively, prefix the name with `_` to silence this warning:
  [apply] _ha

Note: This linter can be disabled with `set_option linter.unusedVariables false`
research/tasks/B686-Four/round5/worker/ThreePosition124.lean:88:18: warning: Variable name `hb` is not explicitly referenced.

Hint: The binding can be removed (if unused) or named `_` (if used implicitly). Alternatively, prefix the name with `_` to silence this warning:
  [apply] _hb

Note: This linter can be disabled with `set_option linter.unusedVariables false`
research/tasks/B686-Four/round5/worker/ThreePosition124.lean:88:31: warning: Variable name `hc` is not explicitly referenced.

Hint: The binding can be removed (if unused) or named `_` (if used implicitly). Alternatively, prefix the name with `_` to silence this warning:
  [apply] _hc

Note: This linter can be disabled with `set_option linter.unusedVariables false`
'B686Round5Positions.not_four_prime_power_positions' depends on axioms: [propext, sorryAx, Classical.choice, Quot.sound]
research/tasks/B686-Four/round5/worker/ThreePosition124.lean:107:0: error: ❌️ Docstring on `#guard_msgs` does not match generated message:

- info: 'B686Round5Positions.not_four_prime_power_positions' depends on axioms: [propext, Classical.choice, Quot.sound]
+ info: 'B686Round5Positions.not_four_prime_power_positions' depends on axioms: [propext, sorryAx, Classical.choice, Quot.sound]
