0 q 6 anchors 3,8,4 gates 0
0 q 6 anchors 3,8,5 gates 0
0 32749 q 6 gates 0 full 0 deficient 0 columns 17
0 32719 q 6 gates 0 full 0 deficient 0 columns 17
1 q 6 anchors 3,4,5 gates 1
1 q 6 anchors 3,4,6 gates 1
1 32749 q 6 gates 1 full 1 deficient 0 columns 17
1 32719 q 6 gates 1 full 1 deficient 0 columns 17
2 q 6 anchors 3,4,5 gates 663
2 q 6 anchors 3,4,6 gates 663
2 32749 q 6 gates 663 full 663 deficient 0 columns 17
2 32719 q 6 gates 663 full 663 deficient 0 columns 17
3 q 7 anchors 3,8,4 gates 0
3 q 7 anchors 3,8,5 gates 0
3 32749 q 7 gates 0 full 0 deficient 0 columns 26
3 32719 q 7 gates 0 full 0 deficient 0 columns 26
4 q 7 anchors 3,4,5 gates 0
4 q 7 anchors 3,4,6 gates 0
4 32749 q 7 gates 0 full 0 deficient 0 columns 26
4 32719 q 7 gates 0 full 0 deficient 0 columns 26
5 q 7 anchors 3,4,5 gates 2038
5 q 7 anchors 3,4,6 gates 2038
5 32749 q 7 gates 2038 full 2038 deficient 0 columns 26
5 32719 q 7 gates 2038 full 2038 deficient 0 columns 26
6 q 6 anchors 3,4,5 gates 0
6 q 6 anchors 3,4,6 gates 0
6 32749 q 6 gates 0 full 0 deficient 0 columns 17
6 32719 q 6 gates 0 full 0 deficient 0 columns 17
7 q 6 anchors 3,4,5 gates 0
7 q 6 anchors 3,4,6 gates 0
7 32749 q 6 gates 0 full 0 deficient 0 columns 17
7 32719 q 6 gates 0 full 0 deficient 0 columns 17
8 q 6 anchors 3,4,5 gates 0
8 q 6 anchors 3,4,8 gates 0
8 32749 q 6 gates 0 full 0 deficient 0 columns 17
8 32719 q 6 gates 0 full 0 deficient 0 columns 17
9 q 6 anchors 3,4,5 gates 3
9 q 6 anchors 3,4,7 gates 3
9 32749 q 6 gates 3 full 3 deficient 0 columns 17
9 32719 q 6 gates 3 full 3 deficient 0 columns 17
10 q 8 anchors 3,8,4 gates 0
10 q 8 anchors 3,8,5 gates 0
10 32749 q 8 gates 0 full 0 deficient 0 columns 37
10 32719 q 8 gates 0 full 0 deficient 0 columns 37
11 q 8 anchors 3,4,5 gates 0
11 q 8 anchors 3,4,6 gates 0
11 32749 q 8 gates 0 full 0 deficient 0 columns 37
11 32719 q 8 gates 0 full 0 deficient 0 columns 37
12 q 8 anchors 3,4,5 gates 4176
12 q 8 anchors 3,4,6 gates 4176
12 32749 q 8 gates 4176 full 4176 deficient 0 columns 37
12 32719 q 8 gates 4176 full 4176 deficient 0 columns 37
13 q 10 anchors 3,4,6 gates 0
13 q 10 anchors 3,4,7 gates 0
13 32749 q 10 gates 0 full 0 deficient 0 columns 65
13 32719 q 10 gates 0 full 0 deficient 0 columns 65
14 q 10 anchors 3,4,6 gates 852
14 q 10 anchors 3,4,7 gates 852
14 32749 q 10 gates 852 full 852 deficient 0 columns 65
14 32719 q 10 gates 852 full 852 deficient 0 columns 65
15 q 11 anchors 3,4,5 gates 0
15 q 11 anchors 3,4,6 gates 0
15 32749 q 11 gates 0 full 0 deficient 0 columns 82
15 32719 q 11 gates 0 full 0 deficient 0 columns 82
16 q 11 anchors 3,4,5 gates 14
16 q 11 anchors 3,4,6 gates 14
16 32749 q 11 gates 14 full 14 deficient 0 columns 82
16 32719 q 11 gates 14 full 14 deficient 0 columns 82
17 q 11 anchors 3,4,5 gates 2
17 q 11 anchors 3,4,7 gates 2
17 32749 q 11 gates 2 full 2 deficient 0 columns 82
17 32719 q 11 gates 2 full 2 deficient 0 columns 82
18 q 11 anchors 3,4,5 gates 438
18 q 11 anchors 3,4,7 gates 438
18 32749 q 11 gates 438 full 438 deficient 0 columns 82
18 32719 q 11 gates 438 full 438 deficient 0 columns 82
19 q 13 anchors 3,4,5 gates 3
19 q 13 anchors 3,4,6 gates 3
19 32749 q 13 gates 3 full 3 deficient 0 columns 122
19 32719 q 13 gates 3 full 3 deficient 0 columns 122
20 q 13 anchors 3,4,5 gates 119
20 q 13 anchors 3,4,6 gates 119
20 32749 q 13 gates 119 full 119 deficient 0 columns 122
20 32719 q 13 gates 119 full 119 deficient 0 columns 122
21 q 13 anchors 3,4,5 gates 89060
21 q 13 anchors 3,4,6 gates 89060
21 32749 q 13 gates 89060 full 89060 deficient 0 columns 122
21 32719 q 13 gates 89060 full 89060 deficient 0 columns 122
22 q 14 anchors 3,4,6 gates 41
22 q 14 anchors 3,4,7 gates 41
22 32749 q 14 gates 41 full 41 deficient 0 columns 145
22 32719 q 14 gates 41 full 41 deficient 0 columns 145
