# command: LEAN -j1 -M1536 -DautoImplicit=false -DrelaxedAutoImplicit=false --root=PROJECT_ROOT -o .tools/20260911-low-index-lean-513dc7cc/20260912T002538732464Z/olean/research/tasks/B699-Binomial/runs/20260911-low-index-lean-513dc7cc/lean/CrtStage0Pair23/Chunk009RowA76.olean research/tasks/B699-Binomial/runs/20260911-low-index-lean-513dc7cc/lean/CrtStage0Pair23/Chunk009RowA76.lean
# cwd: PROJECT_ROOT
# started_utc: 2026-09-12T00:26:56.509690Z
# finished_utc: 2026-09-12T00:27:07.759522Z
# exit_code: 0
# timed_out: False
'Math.B699.CRTStage0Pair23.Chunk009.cellA76B1_check' depends on axioms: [propext]
'Math.B699.CRTStage0Pair23.Chunk009.cellA76B2_check' depends on axioms: [propext]
'Math.B699.CRTStage0Pair23.Chunk009.cellA76B3_check' depends on axioms: [propext]
'Math.B699.CRTStage0Pair23.Chunk009.cellA76B4_check' depends on axioms: [propext]
'Math.B699.CRTStage0Pair23.Chunk009.cellA76B5_check' depends on axioms: [propext]
'Math.B699.CRTStage0Pair23.Chunk009.cellA76B6_check' depends on axioms: [propext]
'Math.B699.CRTStage0Pair23.Chunk009.cellA76B7_check' depends on axioms: [propext]
'Math.B699.CRTStage0Pair23.Chunk009.cellA76B8_check' depends on axioms: [propext]
'Math.B699.CRTStage0Pair23.Chunk009.cellA76B9_check' depends on axioms: [propext]
'Math.B699.CRTStage0Pair23.Chunk009.cellA76B10_check' depends on axioms: [propext]
'Math.B699.CRTStage0Pair23.Chunk009.cellA76B11_check' depends on axioms: [propext]
'Math.B699.CRTStage0Pair23.Chunk009.cellA76B12_check' depends on axioms: [propext]
'Math.B699.CRTStage0Pair23.Chunk009.cellA76B13_check' depends on axioms: [propext]
'Math.B699.CRTStage0Pair23.Chunk009.cellA76B14_check' depends on axioms: [propext]
'Math.B699.CRTStage0Pair23.Chunk009.cellA76B15_check' depends on axioms: [propext]
'Math.B699.CRTStage0Pair23.Chunk009.cellA76B16_check' depends on axioms: [propext]
'Math.B699.CRTStage0Pair23.Chunk009.cellA76B17_check' depends on axioms: [propext]
'Math.B699.CRTStage0Pair23.Chunk009.cellA76B18_check' depends on axioms: [propext]
'Math.B699.CRTStage0Pair23.Chunk009.cellA76B19_check' depends on axioms: [propext]
'Math.B699.CRTStage0Pair23.Chunk009.cellA76B20_check' depends on axioms: [propext]
'Math.B699.CRTStage0Pair23.Chunk009.cellA76B21_check' depends on axioms: [propext]
'Math.B699.CRTStage0Pair23.Chunk009.cellA76B22_check' depends on axioms: [propext]
'Math.B699.CRTStage0Pair23.Chunk009.cellA76B23_check' depends on axioms: [propext]
'Math.B699.CRTStage0Pair23.Chunk009.cellA76B24_check' depends on axioms: [propext]
'Math.B699.CRTStage0Pair23.Chunk009.cellA76B25_check' depends on axioms: [propext]
'Math.B699.CRTStage0Pair23.Chunk009.cellA76B26_check' depends on axioms: [propext]
'Math.B699.CRTStage0Pair23.Chunk009.cellA76B27_check' depends on axioms: [propext]
'Math.B699.CRTStage0Pair23.Chunk009.cellA76B28_check' depends on axioms: [propext]
'Math.B699.CRTStage0Pair23.Chunk009.cellA76B29_check' depends on axioms: [propext]
'Math.B699.CRTStage0Pair23.Chunk009.cellA76B30_check' depends on axioms: [propext]
'Math.B699.CRTStage0Pair23.Chunk009.cellA76B31_check' depends on axioms: [propext]
'Math.B699.CRTStage0Pair23.Chunk009.cellA76B32_check' depends on axioms: [propext]
'Math.B699.CRTStage0Pair23.Chunk009.cellA76B33_check' depends on axioms: [propext]
'Math.B699.CRTStage0Pair23.Chunk009.cellA76B34_check' depends on axioms: [propext]
'Math.B699.CRTStage0Pair23.Chunk009.cellA76B35_check' depends on axioms: [propext]
'Math.B699.CRTStage0Pair23.Chunk009.cellA76B36_check' depends on axioms: [propext]
'Math.B699.CRTStage0Pair23.Chunk009.cellA76B37_check' depends on axioms: [propext]
'Math.B699.CRTStage0Pair23.Chunk009.cellA76B38_check' depends on axioms: [propext]
'Math.B699.CRTStage0Pair23.Chunk009.cellA76B39_check' depends on axioms: [propext]
'Math.B699.CRTStage0Pair23.Chunk009.cellA76B40_check' depends on axioms: [propext]
'Math.B699.CRTStage0Pair23.Chunk009.cellA76B41_check' depends on axioms: [propext]
'Math.B699.CRTStage0Pair23.Chunk009.cellA76B42_check' depends on axioms: [propext]
'Math.B699.CRTStage0Pair23.Chunk009.cellA76B43_check' depends on axioms: [propext]
'Math.B699.CRTStage0Pair23.Chunk009.cellA76B44_check' depends on axioms: [propext]
'Math.B699.CRTStage0Pair23.Chunk009.cellA76B45_check' depends on axioms: [propext]
'Math.B699.CRTStage0Pair23.Chunk009.cellA76B46_check' depends on axioms: [propext]
'Math.B699.CRTStage0Pair23.Chunk009.cellA76B47_check' depends on axioms: [propext]
'Math.B699.CRTStage0Pair23.Chunk009.cellA76B48_check' depends on axioms: [propext]
'Math.B699.CRTStage0Pair23.Chunk009.cellA76B49_check' depends on axioms: [propext]
'Math.B699.CRTStage0Pair23.Chunk009.cellA76B50_check' depends on axioms: [propext]
'Math.B699.CRTStage0Pair23.Chunk009.cellA76B51_check' depends on axioms: [propext]
'Math.B699.CRTStage0Pair23.Chunk009.cellA76B52_check' depends on axioms: [propext]
'Math.B699.CRTStage0Pair23.Chunk009.cellA76B53_check' depends on axioms: [propext]
'Math.B699.CRTStage0Pair23.Chunk009.cellA76B54_check' depends on axioms: [propext]
'Math.B699.CRTStage0Pair23.Chunk009.cellA76B55_check' depends on axioms: [propext]
'Math.B699.CRTStage0Pair23.Chunk009.cellA76B56_check' depends on axioms: [propext]
'Math.B699.CRTStage0Pair23.Chunk009.cellA76B57_check' depends on axioms: [propext]
'Math.B699.CRTStage0Pair23.Chunk009.cellA76B58_check' depends on axioms: [propext]
'Math.B699.CRTStage0Pair23.Chunk009.cellA76B59_check' depends on axioms: [propext]
'Math.B699.CRTStage0Pair23.Chunk009.cellA76B60_check' depends on axioms: [propext]
'Math.B699.CRTStage0Pair23.Chunk009.cellA76B61_check' depends on axioms: [propext]
'Math.B699.CRTStage0Pair23.Chunk009.cellA76B62_check' depends on axioms: [propext]
'Math.B699.CRTStage0Pair23.Chunk009.cellA76B63_check' depends on axioms: [propext]
'Math.B699.CRTStage0Pair23.Chunk009.cellA76B64_check' depends on axioms: [propext]
'Math.B699.CRTStage0Pair23.Chunk009.cellA76B65_check' depends on axioms: [propext]
'Math.B699.CRTStage0Pair23.Chunk009.cellA76B66_check' depends on axioms: [propext]
'Math.B699.CRTStage0Pair23.Chunk009.cellA76B67_check' depends on axioms: [propext]
'Math.B699.CRTStage0Pair23.Chunk009.cellA76B68_check' depends on axioms: [propext]
'Math.B699.CRTStage0Pair23.Chunk009.rowA76_cell_check' depends on axioms: [propext]
'Math.B699.CRTStage0Pair23.Chunk009.rowA76_block_check' depends on axioms: [propext, Quot.sound]
