# command: LEAN -j1 -M1536 -DautoImplicit=false -DrelaxedAutoImplicit=false --root=PROJECT_ROOT -o .tools/20260911-low-index-lean-513dc7cc/20260912T002538732464Z/olean/research/tasks/B699-Binomial/runs/20260911-low-index-lean-513dc7cc/lean/CrtStage0Pair23/Chunk009RowA78.olean research/tasks/B699-Binomial/runs/20260911-low-index-lean-513dc7cc/lean/CrtStage0Pair23/Chunk009RowA78.lean
# cwd: PROJECT_ROOT
# started_utc: 2026-09-12T00:27:19.107026Z
# finished_utc: 2026-09-12T00:27:30.457029Z
# exit_code: 0
# timed_out: False
'Math.B699.CRTStage0Pair23.Chunk009.cellA78B1_check' depends on axioms: [propext]
'Math.B699.CRTStage0Pair23.Chunk009.cellA78B2_check' depends on axioms: [propext]
'Math.B699.CRTStage0Pair23.Chunk009.cellA78B3_check' depends on axioms: [propext]
'Math.B699.CRTStage0Pair23.Chunk009.cellA78B4_check' depends on axioms: [propext]
'Math.B699.CRTStage0Pair23.Chunk009.cellA78B5_check' depends on axioms: [propext]
'Math.B699.CRTStage0Pair23.Chunk009.cellA78B6_check' depends on axioms: [propext]
'Math.B699.CRTStage0Pair23.Chunk009.cellA78B7_check' depends on axioms: [propext]
'Math.B699.CRTStage0Pair23.Chunk009.cellA78B8_check' depends on axioms: [propext]
'Math.B699.CRTStage0Pair23.Chunk009.cellA78B9_check' depends on axioms: [propext]
'Math.B699.CRTStage0Pair23.Chunk009.cellA78B10_check' depends on axioms: [propext]
'Math.B699.CRTStage0Pair23.Chunk009.cellA78B11_check' depends on axioms: [propext]
'Math.B699.CRTStage0Pair23.Chunk009.cellA78B12_check' depends on axioms: [propext]
'Math.B699.CRTStage0Pair23.Chunk009.cellA78B13_check' depends on axioms: [propext]
'Math.B699.CRTStage0Pair23.Chunk009.cellA78B14_check' depends on axioms: [propext]
'Math.B699.CRTStage0Pair23.Chunk009.cellA78B15_check' depends on axioms: [propext]
'Math.B699.CRTStage0Pair23.Chunk009.cellA78B16_check' depends on axioms: [propext]
'Math.B699.CRTStage0Pair23.Chunk009.cellA78B17_check' depends on axioms: [propext]
'Math.B699.CRTStage0Pair23.Chunk009.cellA78B18_check' depends on axioms: [propext]
'Math.B699.CRTStage0Pair23.Chunk009.cellA78B19_check' depends on axioms: [propext]
'Math.B699.CRTStage0Pair23.Chunk009.cellA78B20_check' depends on axioms: [propext]
'Math.B699.CRTStage0Pair23.Chunk009.cellA78B21_check' depends on axioms: [propext]
'Math.B699.CRTStage0Pair23.Chunk009.cellA78B22_check' depends on axioms: [propext]
'Math.B699.CRTStage0Pair23.Chunk009.cellA78B23_check' depends on axioms: [propext]
'Math.B699.CRTStage0Pair23.Chunk009.cellA78B24_check' depends on axioms: [propext]
'Math.B699.CRTStage0Pair23.Chunk009.cellA78B25_check' depends on axioms: [propext]
'Math.B699.CRTStage0Pair23.Chunk009.cellA78B26_check' depends on axioms: [propext]
'Math.B699.CRTStage0Pair23.Chunk009.cellA78B27_check' depends on axioms: [propext]
'Math.B699.CRTStage0Pair23.Chunk009.cellA78B28_check' depends on axioms: [propext]
'Math.B699.CRTStage0Pair23.Chunk009.cellA78B29_check' depends on axioms: [propext]
'Math.B699.CRTStage0Pair23.Chunk009.cellA78B30_check' depends on axioms: [propext]
'Math.B699.CRTStage0Pair23.Chunk009.cellA78B31_check' depends on axioms: [propext]
'Math.B699.CRTStage0Pair23.Chunk009.cellA78B32_check' depends on axioms: [propext]
'Math.B699.CRTStage0Pair23.Chunk009.cellA78B33_check' depends on axioms: [propext]
'Math.B699.CRTStage0Pair23.Chunk009.cellA78B34_check' depends on axioms: [propext]
'Math.B699.CRTStage0Pair23.Chunk009.cellA78B35_check' depends on axioms: [propext]
'Math.B699.CRTStage0Pair23.Chunk009.cellA78B36_check' depends on axioms: [propext]
'Math.B699.CRTStage0Pair23.Chunk009.cellA78B37_check' depends on axioms: [propext]
'Math.B699.CRTStage0Pair23.Chunk009.cellA78B38_check' depends on axioms: [propext]
'Math.B699.CRTStage0Pair23.Chunk009.cellA78B39_check' depends on axioms: [propext]
'Math.B699.CRTStage0Pair23.Chunk009.cellA78B40_check' depends on axioms: [propext]
'Math.B699.CRTStage0Pair23.Chunk009.cellA78B41_check' depends on axioms: [propext]
'Math.B699.CRTStage0Pair23.Chunk009.cellA78B42_check' depends on axioms: [propext]
'Math.B699.CRTStage0Pair23.Chunk009.cellA78B43_check' depends on axioms: [propext]
'Math.B699.CRTStage0Pair23.Chunk009.cellA78B44_check' depends on axioms: [propext]
'Math.B699.CRTStage0Pair23.Chunk009.cellA78B45_check' depends on axioms: [propext]
'Math.B699.CRTStage0Pair23.Chunk009.cellA78B46_check' depends on axioms: [propext]
'Math.B699.CRTStage0Pair23.Chunk009.cellA78B47_check' depends on axioms: [propext]
'Math.B699.CRTStage0Pair23.Chunk009.cellA78B48_check' depends on axioms: [propext]
'Math.B699.CRTStage0Pair23.Chunk009.cellA78B49_check' depends on axioms: [propext]
'Math.B699.CRTStage0Pair23.Chunk009.cellA78B50_check' depends on axioms: [propext]
'Math.B699.CRTStage0Pair23.Chunk009.cellA78B51_check' depends on axioms: [propext]
'Math.B699.CRTStage0Pair23.Chunk009.cellA78B52_check' depends on axioms: [propext]
'Math.B699.CRTStage0Pair23.Chunk009.cellA78B53_check' depends on axioms: [propext]
'Math.B699.CRTStage0Pair23.Chunk009.cellA78B54_check' depends on axioms: [propext]
'Math.B699.CRTStage0Pair23.Chunk009.cellA78B55_check' depends on axioms: [propext]
'Math.B699.CRTStage0Pair23.Chunk009.cellA78B56_check' depends on axioms: [propext]
'Math.B699.CRTStage0Pair23.Chunk009.cellA78B57_check' depends on axioms: [propext]
'Math.B699.CRTStage0Pair23.Chunk009.cellA78B58_check' depends on axioms: [propext]
'Math.B699.CRTStage0Pair23.Chunk009.cellA78B59_check' depends on axioms: [propext]
'Math.B699.CRTStage0Pair23.Chunk009.cellA78B60_check' depends on axioms: [propext]
'Math.B699.CRTStage0Pair23.Chunk009.cellA78B61_check' depends on axioms: [propext]
'Math.B699.CRTStage0Pair23.Chunk009.cellA78B62_check' depends on axioms: [propext]
'Math.B699.CRTStage0Pair23.Chunk009.cellA78B63_check' depends on axioms: [propext]
'Math.B699.CRTStage0Pair23.Chunk009.cellA78B64_check' depends on axioms: [propext]
'Math.B699.CRTStage0Pair23.Chunk009.cellA78B65_check' depends on axioms: [propext]
'Math.B699.CRTStage0Pair23.Chunk009.cellA78B66_check' depends on axioms: [propext]
'Math.B699.CRTStage0Pair23.Chunk009.cellA78B67_check' depends on axioms: [propext]
'Math.B699.CRTStage0Pair23.Chunk009.cellA78B68_check' depends on axioms: [propext]
'Math.B699.CRTStage0Pair23.Chunk009.rowA78_cell_check' depends on axioms: [propext]
'Math.B699.CRTStage0Pair23.Chunk009.rowA78_block_check' depends on axioms: [propext, Quot.sound]
