{
  "graph_112": {
    "C_zero_discriminant": 5874985323961,
    "C_zero_quadratic": "3172975*b**2 + 1483469*b - 289500",
    "E_zero_mod7_bezout": {
      "s": "-2*b**7 + 2*b**6 + 2*b**5 + 2*b**4 + b**3 + 3*b**2 - b + 2",
      "t": "-2*b**7 - 2*b**6 + 3*b**5 - 2*b**4 + 3*b**3 - 3*b**2 - 2*b - 3"
    },
    "compatibility": "(a + b + 1)*(-6084*a**2*b - 5070*a*b**2 + 8970*a*b + 10928*a*s + 26715*b**2 + 30040*b*s + 10500*b + 6560*s)",
    "generic_denominator": "18*a + 15*b + 20",
    "generic_resultant": "32026664252495430281811103580160000*(3172975*b**2 + 1483469*b - 289500)**6*(130516915360000000000*b**9 - 28751370489400000000000*b**8 + 151392474842604091200000*b**7 - 314981866881061417088064*b**6 + 1969542927548718694139214*b**5 + 462719748624071766745671*b**4 + 33825961912353262177500*b**3 - 1747818582217382317500*b**2 + 15632759909175750000*b - 39788323368750000)",
    "h9_coefficients_high_to_low": [
      130516915360000000000,
      -28751370489400000000000,
      151392474842604091200000,
      -314981866881061417088064,
      1969542927548718694139214,
      462719748624071766745671,
      33825961912353262177500,
      -1747818582217382317500,
      15632759909175750000,
      -39788323368750000
    ],
    "h9_mod19_values": [
      10,
      10,
      14,
      12,
      3,
      12,
      12,
      1,
      4,
      7,
      5,
      3,
      12,
      14,
      6,
      3,
      6,
      5,
      13
    ],
    "special_b_4_15_contradiction": "256/15",
    "status": "NO_RATIONAL_SOLUTION"
  },
  "graph_121": {
    "D_zero_mod7_bezout": {
      "s": "2*a**5 - 2*a**4 + a**3 - 2*a**2 + a + 3",
      "t": "-2*a**2 + 2*a - 1"
    },
    "compatibility": "3*b*(a + b + 1)*(-9*a**2 + 3*a*b - 3*a + 6*b**2 + 14*b + s*(18*a + 4*b))",
    "generic_K6": "-(9*a + 2*b)*(9*a**2 - 174*a*b - 32*b**2)",
    "generic_denominator": "15*a**2 + 18*a*b + 8*a - 8*b",
    "ratio_quadratic_discriminant": 31428,
    "special_a_8_3_compatibility": "-4*(66*cc - 97)/25",
    "special_a_8_3_nonconstant_K6": "-7870500",
    "status": "NO_RATIONAL_SOLUTION"
  },
  "remaining_directed_slot_patterns": [
    [
      0,
      2,
      2
    ],
    [
      2,
      0,
      2
    ]
  ],
  "status": "PASS OCTIC-NO211",
  "theorem": "Both octic 4+4 two-plus-one-plus-one slot patterns are impossible over Q under the frozen GATE8 necessary system."
}
