# command: LEAN -j1 -M1536 -DautoImplicit=false -DrelaxedAutoImplicit=false --root=PROJECT_ROOT -o .tools/20260911-low-index-lean-513dc7cc/20260912T001332866759Z/olean/research/tasks/B699-Binomial/runs/20260911-low-index-lean-513dc7cc/lean/CrtStage0Pair23/Chunk004RowA35.olean research/tasks/B699-Binomial/runs/20260911-low-index-lean-513dc7cc/lean/CrtStage0Pair23/Chunk004RowA35.lean
# cwd: PROJECT_ROOT
# started_utc: 2026-09-12T00:14:40.561279Z
# finished_utc: 2026-09-12T00:14:51.824337Z
# exit_code: 0
# timed_out: False
'Math.B699.CRTStage0Pair23.Chunk004.cellA35B1_check' depends on axioms: [propext]
'Math.B699.CRTStage0Pair23.Chunk004.cellA35B2_check' depends on axioms: [propext]
'Math.B699.CRTStage0Pair23.Chunk004.cellA35B3_check' depends on axioms: [propext]
'Math.B699.CRTStage0Pair23.Chunk004.cellA35B4_check' depends on axioms: [propext]
'Math.B699.CRTStage0Pair23.Chunk004.cellA35B5_check' depends on axioms: [propext]
'Math.B699.CRTStage0Pair23.Chunk004.cellA35B6_check' depends on axioms: [propext]
'Math.B699.CRTStage0Pair23.Chunk004.cellA35B7_check' depends on axioms: [propext]
'Math.B699.CRTStage0Pair23.Chunk004.cellA35B8_check' depends on axioms: [propext]
'Math.B699.CRTStage0Pair23.Chunk004.cellA35B9_check' depends on axioms: [propext]
'Math.B699.CRTStage0Pair23.Chunk004.cellA35B10_check' depends on axioms: [propext]
'Math.B699.CRTStage0Pair23.Chunk004.cellA35B11_check' depends on axioms: [propext]
'Math.B699.CRTStage0Pair23.Chunk004.cellA35B12_check' depends on axioms: [propext]
'Math.B699.CRTStage0Pair23.Chunk004.cellA35B13_check' depends on axioms: [propext]
'Math.B699.CRTStage0Pair23.Chunk004.cellA35B14_check' depends on axioms: [propext]
'Math.B699.CRTStage0Pair23.Chunk004.cellA35B15_check' depends on axioms: [propext]
'Math.B699.CRTStage0Pair23.Chunk004.cellA35B16_check' depends on axioms: [propext]
'Math.B699.CRTStage0Pair23.Chunk004.cellA35B17_check' depends on axioms: [propext]
'Math.B699.CRTStage0Pair23.Chunk004.cellA35B18_check' depends on axioms: [propext]
'Math.B699.CRTStage0Pair23.Chunk004.cellA35B19_check' depends on axioms: [propext]
'Math.B699.CRTStage0Pair23.Chunk004.cellA35B20_check' depends on axioms: [propext]
'Math.B699.CRTStage0Pair23.Chunk004.cellA35B21_check' depends on axioms: [propext]
'Math.B699.CRTStage0Pair23.Chunk004.cellA35B22_check' depends on axioms: [propext]
'Math.B699.CRTStage0Pair23.Chunk004.cellA35B23_check' depends on axioms: [propext]
'Math.B699.CRTStage0Pair23.Chunk004.cellA35B24_check' depends on axioms: [propext]
'Math.B699.CRTStage0Pair23.Chunk004.cellA35B25_check' depends on axioms: [propext]
'Math.B699.CRTStage0Pair23.Chunk004.cellA35B26_check' depends on axioms: [propext]
'Math.B699.CRTStage0Pair23.Chunk004.cellA35B27_check' depends on axioms: [propext]
'Math.B699.CRTStage0Pair23.Chunk004.cellA35B28_check' depends on axioms: [propext]
'Math.B699.CRTStage0Pair23.Chunk004.cellA35B29_check' depends on axioms: [propext]
'Math.B699.CRTStage0Pair23.Chunk004.cellA35B30_check' depends on axioms: [propext]
'Math.B699.CRTStage0Pair23.Chunk004.cellA35B31_check' depends on axioms: [propext]
'Math.B699.CRTStage0Pair23.Chunk004.cellA35B32_check' depends on axioms: [propext]
'Math.B699.CRTStage0Pair23.Chunk004.cellA35B33_check' depends on axioms: [propext]
'Math.B699.CRTStage0Pair23.Chunk004.cellA35B34_check' depends on axioms: [propext]
'Math.B699.CRTStage0Pair23.Chunk004.cellA35B35_check' depends on axioms: [propext]
'Math.B699.CRTStage0Pair23.Chunk004.cellA35B36_check' depends on axioms: [propext]
'Math.B699.CRTStage0Pair23.Chunk004.cellA35B37_check' depends on axioms: [propext]
'Math.B699.CRTStage0Pair23.Chunk004.cellA35B38_check' depends on axioms: [propext]
'Math.B699.CRTStage0Pair23.Chunk004.cellA35B39_check' depends on axioms: [propext]
'Math.B699.CRTStage0Pair23.Chunk004.cellA35B40_check' depends on axioms: [propext]
'Math.B699.CRTStage0Pair23.Chunk004.cellA35B41_check' depends on axioms: [propext]
'Math.B699.CRTStage0Pair23.Chunk004.cellA35B42_check' depends on axioms: [propext]
'Math.B699.CRTStage0Pair23.Chunk004.cellA35B43_check' depends on axioms: [propext]
'Math.B699.CRTStage0Pair23.Chunk004.cellA35B44_check' depends on axioms: [propext]
'Math.B699.CRTStage0Pair23.Chunk004.cellA35B45_check' depends on axioms: [propext]
'Math.B699.CRTStage0Pair23.Chunk004.cellA35B46_check' depends on axioms: [propext]
'Math.B699.CRTStage0Pair23.Chunk004.cellA35B47_check' depends on axioms: [propext]
'Math.B699.CRTStage0Pair23.Chunk004.cellA35B48_check' depends on axioms: [propext]
'Math.B699.CRTStage0Pair23.Chunk004.cellA35B49_check' depends on axioms: [propext]
'Math.B699.CRTStage0Pair23.Chunk004.cellA35B50_check' depends on axioms: [propext]
'Math.B699.CRTStage0Pair23.Chunk004.cellA35B51_check' depends on axioms: [propext]
'Math.B699.CRTStage0Pair23.Chunk004.cellA35B52_check' depends on axioms: [propext]
'Math.B699.CRTStage0Pair23.Chunk004.cellA35B53_check' depends on axioms: [propext]
'Math.B699.CRTStage0Pair23.Chunk004.cellA35B54_check' depends on axioms: [propext]
'Math.B699.CRTStage0Pair23.Chunk004.cellA35B55_check' depends on axioms: [propext]
'Math.B699.CRTStage0Pair23.Chunk004.cellA35B56_check' depends on axioms: [propext]
'Math.B699.CRTStage0Pair23.Chunk004.cellA35B57_check' depends on axioms: [propext]
'Math.B699.CRTStage0Pair23.Chunk004.cellA35B58_check' depends on axioms: [propext]
'Math.B699.CRTStage0Pair23.Chunk004.cellA35B59_check' depends on axioms: [propext]
'Math.B699.CRTStage0Pair23.Chunk004.cellA35B60_check' depends on axioms: [propext]
'Math.B699.CRTStage0Pair23.Chunk004.cellA35B61_check' depends on axioms: [propext]
'Math.B699.CRTStage0Pair23.Chunk004.cellA35B62_check' depends on axioms: [propext]
'Math.B699.CRTStage0Pair23.Chunk004.cellA35B63_check' depends on axioms: [propext]
'Math.B699.CRTStage0Pair23.Chunk004.cellA35B64_check' depends on axioms: [propext]
'Math.B699.CRTStage0Pair23.Chunk004.cellA35B65_check' depends on axioms: [propext]
'Math.B699.CRTStage0Pair23.Chunk004.cellA35B66_check' depends on axioms: [propext]
'Math.B699.CRTStage0Pair23.Chunk004.cellA35B67_check' depends on axioms: [propext]
'Math.B699.CRTStage0Pair23.Chunk004.cellA35B68_check' depends on axioms: [propext]
'Math.B699.CRTStage0Pair23.Chunk004.rowA35_cell_check' depends on axioms: [propext]
'Math.B699.CRTStage0Pair23.Chunk004.rowA35_block_check' depends on axioms: [propext, Quot.sound]
