# command: LEAN -j1 -M1536 -DautoImplicit=false -DrelaxedAutoImplicit=false --root=PROJECT_ROOT -o .tools/20260911-low-index-lean-513dc7cc/20260912T001332866759Z/olean/research/tasks/B699-Binomial/runs/20260911-low-index-lean-513dc7cc/lean/CrtStage0Pair23/Chunk004RowA38.olean research/tasks/B699-Binomial/runs/20260911-low-index-lean-513dc7cc/lean/CrtStage0Pair23/Chunk004RowA38.lean
# cwd: PROJECT_ROOT
# started_utc: 2026-09-12T00:15:14.174677Z
# finished_utc: 2026-09-12T00:15:25.152771Z
# exit_code: 0
# timed_out: False
'Math.B699.CRTStage0Pair23.Chunk004.cellA38B1_check' depends on axioms: [propext]
'Math.B699.CRTStage0Pair23.Chunk004.cellA38B2_check' depends on axioms: [propext]
'Math.B699.CRTStage0Pair23.Chunk004.cellA38B3_check' depends on axioms: [propext]
'Math.B699.CRTStage0Pair23.Chunk004.cellA38B4_check' depends on axioms: [propext]
'Math.B699.CRTStage0Pair23.Chunk004.cellA38B5_check' depends on axioms: [propext]
'Math.B699.CRTStage0Pair23.Chunk004.cellA38B6_check' depends on axioms: [propext]
'Math.B699.CRTStage0Pair23.Chunk004.cellA38B7_check' depends on axioms: [propext]
'Math.B699.CRTStage0Pair23.Chunk004.cellA38B8_check' depends on axioms: [propext]
'Math.B699.CRTStage0Pair23.Chunk004.cellA38B9_check' depends on axioms: [propext]
'Math.B699.CRTStage0Pair23.Chunk004.cellA38B10_check' depends on axioms: [propext]
'Math.B699.CRTStage0Pair23.Chunk004.cellA38B11_check' depends on axioms: [propext]
'Math.B699.CRTStage0Pair23.Chunk004.cellA38B12_check' depends on axioms: [propext]
'Math.B699.CRTStage0Pair23.Chunk004.cellA38B13_check' depends on axioms: [propext]
'Math.B699.CRTStage0Pair23.Chunk004.cellA38B14_check' depends on axioms: [propext]
'Math.B699.CRTStage0Pair23.Chunk004.cellA38B15_check' depends on axioms: [propext]
'Math.B699.CRTStage0Pair23.Chunk004.cellA38B16_check' depends on axioms: [propext]
'Math.B699.CRTStage0Pair23.Chunk004.cellA38B17_check' depends on axioms: [propext]
'Math.B699.CRTStage0Pair23.Chunk004.cellA38B18_check' depends on axioms: [propext]
'Math.B699.CRTStage0Pair23.Chunk004.cellA38B19_check' depends on axioms: [propext]
'Math.B699.CRTStage0Pair23.Chunk004.cellA38B20_check' depends on axioms: [propext]
'Math.B699.CRTStage0Pair23.Chunk004.cellA38B21_check' depends on axioms: [propext]
'Math.B699.CRTStage0Pair23.Chunk004.cellA38B22_check' depends on axioms: [propext]
'Math.B699.CRTStage0Pair23.Chunk004.cellA38B23_check' depends on axioms: [propext]
'Math.B699.CRTStage0Pair23.Chunk004.cellA38B24_check' depends on axioms: [propext]
'Math.B699.CRTStage0Pair23.Chunk004.cellA38B25_check' depends on axioms: [propext]
'Math.B699.CRTStage0Pair23.Chunk004.cellA38B26_check' depends on axioms: [propext]
'Math.B699.CRTStage0Pair23.Chunk004.cellA38B27_check' depends on axioms: [propext]
'Math.B699.CRTStage0Pair23.Chunk004.cellA38B28_check' depends on axioms: [propext]
'Math.B699.CRTStage0Pair23.Chunk004.cellA38B29_check' depends on axioms: [propext]
'Math.B699.CRTStage0Pair23.Chunk004.cellA38B30_check' depends on axioms: [propext]
'Math.B699.CRTStage0Pair23.Chunk004.cellA38B31_check' depends on axioms: [propext]
'Math.B699.CRTStage0Pair23.Chunk004.cellA38B32_check' depends on axioms: [propext]
'Math.B699.CRTStage0Pair23.Chunk004.cellA38B33_check' depends on axioms: [propext]
'Math.B699.CRTStage0Pair23.Chunk004.cellA38B34_check' depends on axioms: [propext]
'Math.B699.CRTStage0Pair23.Chunk004.cellA38B35_check' depends on axioms: [propext]
'Math.B699.CRTStage0Pair23.Chunk004.cellA38B36_check' depends on axioms: [propext]
'Math.B699.CRTStage0Pair23.Chunk004.cellA38B37_check' depends on axioms: [propext]
'Math.B699.CRTStage0Pair23.Chunk004.cellA38B38_check' depends on axioms: [propext]
'Math.B699.CRTStage0Pair23.Chunk004.cellA38B39_check' depends on axioms: [propext]
'Math.B699.CRTStage0Pair23.Chunk004.cellA38B40_check' depends on axioms: [propext]
'Math.B699.CRTStage0Pair23.Chunk004.cellA38B41_check' depends on axioms: [propext]
'Math.B699.CRTStage0Pair23.Chunk004.cellA38B42_check' depends on axioms: [propext]
'Math.B699.CRTStage0Pair23.Chunk004.cellA38B43_check' depends on axioms: [propext]
'Math.B699.CRTStage0Pair23.Chunk004.cellA38B44_check' depends on axioms: [propext]
'Math.B699.CRTStage0Pair23.Chunk004.cellA38B45_check' depends on axioms: [propext]
'Math.B699.CRTStage0Pair23.Chunk004.cellA38B46_check' depends on axioms: [propext]
'Math.B699.CRTStage0Pair23.Chunk004.cellA38B47_check' depends on axioms: [propext]
'Math.B699.CRTStage0Pair23.Chunk004.cellA38B48_check' depends on axioms: [propext]
'Math.B699.CRTStage0Pair23.Chunk004.cellA38B49_check' depends on axioms: [propext]
'Math.B699.CRTStage0Pair23.Chunk004.cellA38B50_check' depends on axioms: [propext]
'Math.B699.CRTStage0Pair23.Chunk004.cellA38B51_check' depends on axioms: [propext]
'Math.B699.CRTStage0Pair23.Chunk004.cellA38B52_check' depends on axioms: [propext]
'Math.B699.CRTStage0Pair23.Chunk004.cellA38B53_check' depends on axioms: [propext]
'Math.B699.CRTStage0Pair23.Chunk004.cellA38B54_check' depends on axioms: [propext]
'Math.B699.CRTStage0Pair23.Chunk004.cellA38B55_check' depends on axioms: [propext]
'Math.B699.CRTStage0Pair23.Chunk004.cellA38B56_check' depends on axioms: [propext]
'Math.B699.CRTStage0Pair23.Chunk004.cellA38B57_check' depends on axioms: [propext]
'Math.B699.CRTStage0Pair23.Chunk004.cellA38B58_check' depends on axioms: [propext]
'Math.B699.CRTStage0Pair23.Chunk004.cellA38B59_check' depends on axioms: [propext]
'Math.B699.CRTStage0Pair23.Chunk004.cellA38B60_check' depends on axioms: [propext]
'Math.B699.CRTStage0Pair23.Chunk004.cellA38B61_check' depends on axioms: [propext]
'Math.B699.CRTStage0Pair23.Chunk004.cellA38B62_check' depends on axioms: [propext]
'Math.B699.CRTStage0Pair23.Chunk004.cellA38B63_check' depends on axioms: [propext]
'Math.B699.CRTStage0Pair23.Chunk004.cellA38B64_check' depends on axioms: [propext]
'Math.B699.CRTStage0Pair23.Chunk004.cellA38B65_check' depends on axioms: [propext]
'Math.B699.CRTStage0Pair23.Chunk004.cellA38B66_check' depends on axioms: [propext]
'Math.B699.CRTStage0Pair23.Chunk004.cellA38B67_check' depends on axioms: [propext]
'Math.B699.CRTStage0Pair23.Chunk004.cellA38B68_check' depends on axioms: [propext]
'Math.B699.CRTStage0Pair23.Chunk004.rowA38_cell_check' depends on axioms: [propext]
'Math.B699.CRTStage0Pair23.Chunk004.rowA38_block_check' depends on axioms: [propext, Quot.sound]
