# command: LEAN -j1 -M1536 -DautoImplicit=false -DrelaxedAutoImplicit=false --root=PROJECT_ROOT -o .tools/20260911-low-index-lean-513dc7cc/20260912T021717136565Z/olean/research/tasks/B699-Binomial/runs/20260911-low-index-lean-513dc7cc/lean/CrtStage0Pair25/Pack009P1.olean research/tasks/B699-Binomial/runs/20260911-low-index-lean-513dc7cc/lean/CrtStage0Pair25/Pack009P1.lean
# cwd: PROJECT_ROOT
# started_utc: 2026-09-12T02:18:14.234948Z
# finished_utc: 2026-09-12T02:18:26.703712Z
# exit_code: 0
# timed_out: False
'Math.B699.CRTStage0Pair25.Chunk009.cellA75B1_check' depends on axioms: [propext]
'Math.B699.CRTStage0Pair25.Chunk009.cellA75B2_check' depends on axioms: [propext]
'Math.B699.CRTStage0Pair25.Chunk009.cellA75B3_check' depends on axioms: [propext]
'Math.B699.CRTStage0Pair25.Chunk009.cellA75B4_check' depends on axioms: [propext]
'Math.B699.CRTStage0Pair25.Chunk009.cellA75B5_check' depends on axioms: [propext]
'Math.B699.CRTStage0Pair25.Chunk009.cellA75B6_check' depends on axioms: [propext]
'Math.B699.CRTStage0Pair25.Chunk009.cellA75B7_check' depends on axioms: [propext]
'Math.B699.CRTStage0Pair25.Chunk009.cellA75B8_check' depends on axioms: [propext]
'Math.B699.CRTStage0Pair25.Chunk009.cellA75B9_check' depends on axioms: [propext]
'Math.B699.CRTStage0Pair25.Chunk009.cellA75B10_check' depends on axioms: [propext]
'Math.B699.CRTStage0Pair25.Chunk009.cellA75B11_check' depends on axioms: [propext]
'Math.B699.CRTStage0Pair25.Chunk009.cellA75B12_check' depends on axioms: [propext]
'Math.B699.CRTStage0Pair25.Chunk009.cellA75B13_check' depends on axioms: [propext]
'Math.B699.CRTStage0Pair25.Chunk009.cellA75B14_check' depends on axioms: [propext]
'Math.B699.CRTStage0Pair25.Chunk009.cellA75B15_check' depends on axioms: [propext]
'Math.B699.CRTStage0Pair25.Chunk009.cellA75B16_check' depends on axioms: [propext]
'Math.B699.CRTStage0Pair25.Chunk009.cellA75B17_check' depends on axioms: [propext]
'Math.B699.CRTStage0Pair25.Chunk009.cellA75B18_check' depends on axioms: [propext]
'Math.B699.CRTStage0Pair25.Chunk009.cellA75B19_check' depends on axioms: [propext]
'Math.B699.CRTStage0Pair25.Chunk009.cellA75B20_check' depends on axioms: [propext]
'Math.B699.CRTStage0Pair25.Chunk009.cellA75B21_check' depends on axioms: [propext]
'Math.B699.CRTStage0Pair25.Chunk009.cellA75B22_check' depends on axioms: [propext]
'Math.B699.CRTStage0Pair25.Chunk009.cellA75B23_check' depends on axioms: [propext]
'Math.B699.CRTStage0Pair25.Chunk009.cellA75B24_check' depends on axioms: [propext]
'Math.B699.CRTStage0Pair25.Chunk009.cellA75B25_check' depends on axioms: [propext]
'Math.B699.CRTStage0Pair25.Chunk009.cellA75B26_check' depends on axioms: [propext]
'Math.B699.CRTStage0Pair25.Chunk009.cellA75B27_check' depends on axioms: [propext]
'Math.B699.CRTStage0Pair25.Chunk009.cellA75B28_check' depends on axioms: [propext]
'Math.B699.CRTStage0Pair25.Chunk009.cellA75B29_check' depends on axioms: [propext]
'Math.B699.CRTStage0Pair25.Chunk009.cellA75B30_check' depends on axioms: [propext]
'Math.B699.CRTStage0Pair25.Chunk009.cellA75B31_check' depends on axioms: [propext]
'Math.B699.CRTStage0Pair25.Chunk009.cellA75B32_check' depends on axioms: [propext]
'Math.B699.CRTStage0Pair25.Chunk009.cellA75B33_check' depends on axioms: [propext]
'Math.B699.CRTStage0Pair25.Chunk009.cellA75B34_check' depends on axioms: [propext]
'Math.B699.CRTStage0Pair25.Chunk009.cellA75B35_check' depends on axioms: [propext]
'Math.B699.CRTStage0Pair25.Chunk009.cellA75B36_check' depends on axioms: [propext]
'Math.B699.CRTStage0Pair25.Chunk009.cellA75B37_check' depends on axioms: [propext]
'Math.B699.CRTStage0Pair25.Chunk009.cellA75B38_check' depends on axioms: [propext]
'Math.B699.CRTStage0Pair25.Chunk009.cellA75B39_check' depends on axioms: [propext]
'Math.B699.CRTStage0Pair25.Chunk009.cellA75B40_check' depends on axioms: [propext]
'Math.B699.CRTStage0Pair25.Chunk009.cellA75B41_check' depends on axioms: [propext]
'Math.B699.CRTStage0Pair25.Chunk009.cellA75B42_check' depends on axioms: [propext]
'Math.B699.CRTStage0Pair25.Chunk009.cellA75B43_check' depends on axioms: [propext]
'Math.B699.CRTStage0Pair25.Chunk009.cellA75B44_check' depends on axioms: [propext]
'Math.B699.CRTStage0Pair25.Chunk009.cellA75B45_check' depends on axioms: [propext]
'Math.B699.CRTStage0Pair25.Chunk009.cellA75B46_check' depends on axioms: [propext]
'Math.B699.CRTStage0Pair25.Chunk009.rowA75_cell_check' depends on axioms: [propext]
'Math.B699.CRTStage0Pair25.Chunk009.rowA75_block_check' depends on axioms: [propext, Quot.sound]
'Math.B699.CRTStage0Pair25.Chunk009.cellA76B1_check' depends on axioms: [propext]
'Math.B699.CRTStage0Pair25.Chunk009.cellA76B2_check' depends on axioms: [propext]
'Math.B699.CRTStage0Pair25.Chunk009.cellA76B3_check' depends on axioms: [propext]
'Math.B699.CRTStage0Pair25.Chunk009.cellA76B4_check' depends on axioms: [propext]
'Math.B699.CRTStage0Pair25.Chunk009.cellA76B5_check' depends on axioms: [propext]
'Math.B699.CRTStage0Pair25.Chunk009.cellA76B6_check' depends on axioms: [propext]
'Math.B699.CRTStage0Pair25.Chunk009.cellA76B7_check' depends on axioms: [propext]
'Math.B699.CRTStage0Pair25.Chunk009.cellA76B8_check' depends on axioms: [propext]
'Math.B699.CRTStage0Pair25.Chunk009.cellA76B9_check' depends on axioms: [propext]
'Math.B699.CRTStage0Pair25.Chunk009.cellA76B10_check' depends on axioms: [propext]
'Math.B699.CRTStage0Pair25.Chunk009.cellA76B11_check' depends on axioms: [propext]
'Math.B699.CRTStage0Pair25.Chunk009.cellA76B12_check' depends on axioms: [propext]
'Math.B699.CRTStage0Pair25.Chunk009.cellA76B13_check' depends on axioms: [propext]
'Math.B699.CRTStage0Pair25.Chunk009.cellA76B14_check' depends on axioms: [propext]
'Math.B699.CRTStage0Pair25.Chunk009.cellA76B15_check' depends on axioms: [propext]
'Math.B699.CRTStage0Pair25.Chunk009.cellA76B16_check' depends on axioms: [propext]
'Math.B699.CRTStage0Pair25.Chunk009.cellA76B17_check' depends on axioms: [propext]
'Math.B699.CRTStage0Pair25.Chunk009.cellA76B18_check' depends on axioms: [propext]
'Math.B699.CRTStage0Pair25.Chunk009.cellA76B19_check' depends on axioms: [propext]
'Math.B699.CRTStage0Pair25.Chunk009.cellA76B20_check' depends on axioms: [propext]
'Math.B699.CRTStage0Pair25.Chunk009.cellA76B21_check' depends on axioms: [propext]
'Math.B699.CRTStage0Pair25.Chunk009.cellA76B22_check' depends on axioms: [propext]
'Math.B699.CRTStage0Pair25.Chunk009.cellA76B23_check' depends on axioms: [propext]
'Math.B699.CRTStage0Pair25.Chunk009.cellA76B24_check' depends on axioms: [propext]
'Math.B699.CRTStage0Pair25.Chunk009.cellA76B25_check' depends on axioms: [propext]
'Math.B699.CRTStage0Pair25.Chunk009.cellA76B26_check' depends on axioms: [propext]
'Math.B699.CRTStage0Pair25.Chunk009.cellA76B27_check' depends on axioms: [propext]
'Math.B699.CRTStage0Pair25.Chunk009.cellA76B28_check' depends on axioms: [propext]
'Math.B699.CRTStage0Pair25.Chunk009.cellA76B29_check' depends on axioms: [propext]
'Math.B699.CRTStage0Pair25.Chunk009.cellA76B30_check' depends on axioms: [propext]
'Math.B699.CRTStage0Pair25.Chunk009.cellA76B31_check' depends on axioms: [propext]
'Math.B699.CRTStage0Pair25.Chunk009.cellA76B32_check' depends on axioms: [propext]
'Math.B699.CRTStage0Pair25.Chunk009.cellA76B33_check' depends on axioms: [propext]
'Math.B699.CRTStage0Pair25.Chunk009.cellA76B34_check' depends on axioms: [propext]
'Math.B699.CRTStage0Pair25.Chunk009.cellA76B35_check' depends on axioms: [propext]
'Math.B699.CRTStage0Pair25.Chunk009.cellA76B36_check' depends on axioms: [propext]
'Math.B699.CRTStage0Pair25.Chunk009.cellA76B37_check' depends on axioms: [propext]
'Math.B699.CRTStage0Pair25.Chunk009.cellA76B38_check' depends on axioms: [propext]
'Math.B699.CRTStage0Pair25.Chunk009.cellA76B39_check' depends on axioms: [propext]
'Math.B699.CRTStage0Pair25.Chunk009.cellA76B40_check' depends on axioms: [propext]
'Math.B699.CRTStage0Pair25.Chunk009.cellA76B41_check' depends on axioms: [propext]
'Math.B699.CRTStage0Pair25.Chunk009.cellA76B42_check' depends on axioms: [propext]
'Math.B699.CRTStage0Pair25.Chunk009.cellA76B43_check' depends on axioms: [propext]
'Math.B699.CRTStage0Pair25.Chunk009.cellA76B44_check' depends on axioms: [propext]
'Math.B699.CRTStage0Pair25.Chunk009.cellA76B45_check' depends on axioms: [propext]
'Math.B699.CRTStage0Pair25.Chunk009.cellA76B46_check' depends on axioms: [propext]
'Math.B699.CRTStage0Pair25.Chunk009.rowA76_cell_check' depends on axioms: [propext]
'Math.B699.CRTStage0Pair25.Chunk009.rowA76_block_check' depends on axioms: [propext, Quot.sound]
