# command: LEAN -j1 -M1536 -DautoImplicit=false -DrelaxedAutoImplicit=false --root=PROJECT_ROOT -o .tools/20260911-low-index-lean-513dc7cc/20260911T043125770167Z/olean/research/tasks/B699-Binomial/runs/20260911-low-index-lean-513dc7cc/lean/rows/Row077B16/Block003.olean research/tasks/B699-Binomial/runs/20260911-low-index-lean-513dc7cc/lean/rows/Row077B16/Block003.lean
# cwd: PROJECT_ROOT
# started_utc: 2026-09-11T04:32:19.997261Z
# finished_utc: 2026-09-11T04:32:32.853648Z
# exit_code: 0
# timed_out: False
'B699LowIndex.LowIndexLean513dc7cc.row077_layer001_chunks_eq' does not depend on any axioms
'B699LowIndex.LowIndexLean513dc7cc.row077_layer001_pairs' depends on axioms: [propext, Quot.sound]
'B699LowIndex.LowIndexLean513dc7cc.row077_layer001_checked' depends on axioms: [propext, Classical.choice, Quot.sound]
'B699LowIndex.LowIndexLean513dc7cc.row077_layer002_intervals' does not depend on any axioms
'B699LowIndex.LowIndexLean513dc7cc.row077_layer002_arithmetic' depends on axioms: [propext,
 Classical.choice,
 Quot.sound]
'B699LowIndex.LowIndexLean513dc7cc.row077_layer002_enumeration' depends on axioms: [propext,
 Classical.choice,
 Quot.sound]
'B699LowIndex.LowIndexLean513dc7cc.row077_layer002_pairs000' does not depend on any axioms
'B699LowIndex.LowIndexLean513dc7cc.row077_layer002_pairs001' does not depend on any axioms
'B699LowIndex.LowIndexLean513dc7cc.row077_layer002_pairs002' does not depend on any axioms
'B699LowIndex.LowIndexLean513dc7cc.row077_layer002_pairs003' does not depend on any axioms
'B699LowIndex.LowIndexLean513dc7cc.row077_layer002_pairs004' does not depend on any axioms
'B699LowIndex.LowIndexLean513dc7cc.row077_layer002_pairs005' does not depend on any axioms
'B699LowIndex.LowIndexLean513dc7cc.row077_layer002_pairs006' does not depend on any axioms
'B699LowIndex.LowIndexLean513dc7cc.row077_layer002_pairs007' does not depend on any axioms
'B699LowIndex.LowIndexLean513dc7cc.row077_layer002_pairs008' does not depend on any axioms
'B699LowIndex.LowIndexLean513dc7cc.row077_layer002_pairs009' does not depend on any axioms
'B699LowIndex.LowIndexLean513dc7cc.row077_layer002_pairs010' does not depend on any axioms
