PASS: original P, unique monic B, all ten source residuals
PASS: ratio coordinates, no variable division hidden
PASS: all regular residuals, both vanishing equations, frozen diagnostic
PASS: quadratic and discriminant; division-free linear identity including a=0
PASS: entire real interval excluded; exact handoff source hash
{
  "status": "PASS",
  "checker": "stdlib Fraction sparse expansion",
  "python": "3.13.5",
  "checks": 90,
  "elapsed_seconds": 4.235,
  "claims_not_checked": [
    "old NC3-to-GATE bridge",
    "UU applicability",
    "global REG4 emptiness",
    "Lean",
    "external independent review"
  ],
  "checked_identities": [
    "V divisible by x",
    "P numerator divisible by x",
    "P monic degree20",
    "B0 exact coefficient",
    "high square coefficient 10",
    "B1 exact coefficient",
    "high square coefficient 11",
    "B2 exact coefficient",
    "high square coefficient 12",
    "B3 exact coefficient",
    "high square coefficient 13",
    "B4 exact coefficient",
    "high square coefficient 14",
    "B5 exact coefficient",
    "high square coefficient 15",
    "B6 exact coefficient",
    "high square coefficient 16",
    "B7 exact coefficient",
    "high square coefficient 17",
    "B8 exact coefficient",
    "high square coefficient 18",
    "B9 exact coefficient",
    "high square coefficient 19",
    "B10 exact coefficient",
    "high square coefficient 20",
    "E0 exact source residual",
    "E1 exact source residual",
    "E2 exact source residual",
    "E3 exact source residual",
    "E4 exact source residual",
    "E5 exact source residual",
    "E6 exact source residual",
    "E7 exact source residual",
    "E8 exact source residual",
    "E9 exact source residual",
    "ratio E0=ell^2 F0",
    "ratio E1=ell^2 F1",
    "ratio E2=ell^2 F2",
    "ratio E3=ell^2 F3",
    "ratio E4=ell^2 F4",
    "ratio E5=ell^2 F5",
    "ratio E6=ell^2 F6",
    "ratio E7=ell^2 F7",
    "ratio E8=ell^2 F8",
    "ratio E9=ell^2 F9",
    "F9 identically zero",
    "regular F0 safe factor identity",
    "normalization powers 0",
    "regular F1 safe factor identity",
    "normalization powers 1",
    "regular F2 safe factor identity",
    "normalization powers 2",
    "regular F3 safe factor identity",
    "normalization powers 3",
    "regular F4 safe factor identity",
    "normalization powers 4",
    "regular F5 safe factor identity",
    "normalization powers 5",
    "regular F6 safe factor identity",
    "normalization powers 6",
    "regular F7 safe factor identity",
    "normalization powers 7",
    "regular F8 safe factor identity",
    "normalization powers 8",
    "R8 identically zero",
    "source R7 exact normalization",
    "frozen R14 diagnostic",
    "D definition",
    "F definition",
    "C definition",
    "w degree R7",
    "cleared R7",
    "w degree R6",
    "cleared R6",
    "w degree R5",
    "cleared R5",
    "Q2 all coefficients",
    "Q3 degree3",
    "nonzero quadratic constant identity",
    "discriminant factorization",
    "Q3 leading divisible by a polynomial identity",
    "eprime definition",
    "Cstar definition",
    "division-free linear certificate",
    "all auxiliary coefficients scale independent",
    "Bernstein slice specialization",
    "Bernstein complete identity",
    "Bernstein every coefficient strictly positive",
    "slice D never zero exact formula",
    "R14 source SHA256"
  ]
}
