exact project closure files: 18
research/tasks/B699-Binomial/runs/20260911-low-index-lean-513dc7cc/lean/Moment/Moment.lean
research/tasks/B699-Binomial/runs/20260911-low-index-lean-513dc7cc/lean/Moment/Bernstein.lean
research/tasks/B699-Binomial/runs/20260911-low-index-lean-513dc7cc/lean/Growth/Affine.lean
research/tasks/B699-Binomial/runs/20260911-low-index-lean-513dc7cc/lean/Moment/Factors.lean
research/tasks/B699-Binomial/runs/20260911-low-index-lean-513dc7cc/lean/Moment/Subdivision.lean
research/tasks/B699-Binomial/runs/20260911-low-index-lean-513dc7cc/lean/Growth/Partition.lean
research/tasks/B699-Binomial/runs/20260911-low-index-lean-513dc7cc/lean/Growth/I11SevenTwoShared.lean
research/tasks/B699-Binomial/runs/20260911-low-index-lean-513dc7cc/lean/Growth/I11SevenTwoLeaves/Chunk00.lean
research/tasks/B699-Binomial/runs/20260911-low-index-lean-513dc7cc/lean/Growth/I11SevenTwoLeaves/Chunk01.lean
research/tasks/B699-Binomial/runs/20260911-low-index-lean-513dc7cc/lean/Growth/I11SevenTwoLeaves/Chunk02.lean
research/tasks/B699-Binomial/runs/20260911-low-index-lean-513dc7cc/lean/Growth/I11SevenTwoLeaves/Chunk03.lean
research/tasks/B699-Binomial/runs/20260911-low-index-lean-513dc7cc/lean/Growth/I11SevenTwoLeaves/Chunk04.lean
research/tasks/B699-Binomial/runs/20260911-low-index-lean-513dc7cc/lean/Growth/I11SevenTwoLeaves/Chunk05.lean
research/tasks/B699-Binomial/runs/20260911-low-index-lean-513dc7cc/lean/Growth/I11SevenTwoLeaves/Chunk06.lean
research/tasks/B699-Binomial/runs/20260911-low-index-lean-513dc7cc/lean/Growth/I11SevenTwoLeaves/Chunk07.lean
research/tasks/B699-Binomial/runs/20260911-low-index-lean-513dc7cc/lean/Growth/I11SevenTwoLeaves/Chunk08.lean
research/tasks/B699-Binomial/runs/20260911-low-index-lean-513dc7cc/lean/Growth/I11SevenTwoLeaves.lean
research/tasks/B699-Binomial/runs/20260911-low-index-lean-513dc7cc/lean/Growth/I11SevenTwoTree.lean

Source policy passed for exact project closure.
