# command: LEAN -j1 -M1536 -DautoImplicit=false -DrelaxedAutoImplicit=false --root=PROJECT_ROOT -o .tools/20260911-low-index-lean-513dc7cc/20260912T001823554146Z/olean/research/tasks/B699-Binomial/runs/20260911-low-index-lean-513dc7cc/lean/CrtStage0Pair23/Chunk006RowA55.olean research/tasks/B699-Binomial/runs/20260911-low-index-lean-513dc7cc/lean/CrtStage0Pair23/Chunk006RowA55.lean
# cwd: PROJECT_ROOT
# started_utc: 2026-09-12T00:20:17.808920Z
# finished_utc: 2026-09-12T00:20:29.049221Z
# exit_code: 0
# timed_out: False
'Math.B699.CRTStage0Pair23.Chunk006.cellA55B1_check' depends on axioms: [propext]
'Math.B699.CRTStage0Pair23.Chunk006.cellA55B2_check' depends on axioms: [propext]
'Math.B699.CRTStage0Pair23.Chunk006.cellA55B3_check' depends on axioms: [propext]
'Math.B699.CRTStage0Pair23.Chunk006.cellA55B4_check' depends on axioms: [propext]
'Math.B699.CRTStage0Pair23.Chunk006.cellA55B5_check' depends on axioms: [propext]
'Math.B699.CRTStage0Pair23.Chunk006.cellA55B6_check' depends on axioms: [propext]
'Math.B699.CRTStage0Pair23.Chunk006.cellA55B7_check' depends on axioms: [propext]
'Math.B699.CRTStage0Pair23.Chunk006.cellA55B8_check' depends on axioms: [propext]
'Math.B699.CRTStage0Pair23.Chunk006.cellA55B9_check' depends on axioms: [propext]
'Math.B699.CRTStage0Pair23.Chunk006.cellA55B10_check' depends on axioms: [propext]
'Math.B699.CRTStage0Pair23.Chunk006.cellA55B11_check' depends on axioms: [propext]
'Math.B699.CRTStage0Pair23.Chunk006.cellA55B12_check' depends on axioms: [propext]
'Math.B699.CRTStage0Pair23.Chunk006.cellA55B13_check' depends on axioms: [propext]
'Math.B699.CRTStage0Pair23.Chunk006.cellA55B14_check' depends on axioms: [propext]
'Math.B699.CRTStage0Pair23.Chunk006.cellA55B15_check' depends on axioms: [propext]
'Math.B699.CRTStage0Pair23.Chunk006.cellA55B16_check' depends on axioms: [propext]
'Math.B699.CRTStage0Pair23.Chunk006.cellA55B17_check' depends on axioms: [propext]
'Math.B699.CRTStage0Pair23.Chunk006.cellA55B18_check' depends on axioms: [propext]
'Math.B699.CRTStage0Pair23.Chunk006.cellA55B19_check' depends on axioms: [propext]
'Math.B699.CRTStage0Pair23.Chunk006.cellA55B20_check' depends on axioms: [propext]
'Math.B699.CRTStage0Pair23.Chunk006.cellA55B21_check' depends on axioms: [propext]
'Math.B699.CRTStage0Pair23.Chunk006.cellA55B22_check' depends on axioms: [propext]
'Math.B699.CRTStage0Pair23.Chunk006.cellA55B23_check' depends on axioms: [propext]
'Math.B699.CRTStage0Pair23.Chunk006.cellA55B24_check' depends on axioms: [propext]
'Math.B699.CRTStage0Pair23.Chunk006.cellA55B25_check' depends on axioms: [propext]
'Math.B699.CRTStage0Pair23.Chunk006.cellA55B26_check' depends on axioms: [propext]
'Math.B699.CRTStage0Pair23.Chunk006.cellA55B27_check' depends on axioms: [propext]
'Math.B699.CRTStage0Pair23.Chunk006.cellA55B28_check' depends on axioms: [propext]
'Math.B699.CRTStage0Pair23.Chunk006.cellA55B29_check' depends on axioms: [propext]
'Math.B699.CRTStage0Pair23.Chunk006.cellA55B30_check' depends on axioms: [propext]
'Math.B699.CRTStage0Pair23.Chunk006.cellA55B31_check' depends on axioms: [propext]
'Math.B699.CRTStage0Pair23.Chunk006.cellA55B32_check' depends on axioms: [propext]
'Math.B699.CRTStage0Pair23.Chunk006.cellA55B33_check' depends on axioms: [propext]
'Math.B699.CRTStage0Pair23.Chunk006.cellA55B34_check' depends on axioms: [propext]
'Math.B699.CRTStage0Pair23.Chunk006.cellA55B35_check' depends on axioms: [propext]
'Math.B699.CRTStage0Pair23.Chunk006.cellA55B36_check' depends on axioms: [propext]
'Math.B699.CRTStage0Pair23.Chunk006.cellA55B37_check' depends on axioms: [propext]
'Math.B699.CRTStage0Pair23.Chunk006.cellA55B38_check' depends on axioms: [propext]
'Math.B699.CRTStage0Pair23.Chunk006.cellA55B39_check' depends on axioms: [propext]
'Math.B699.CRTStage0Pair23.Chunk006.cellA55B40_check' depends on axioms: [propext]
'Math.B699.CRTStage0Pair23.Chunk006.cellA55B41_check' depends on axioms: [propext]
'Math.B699.CRTStage0Pair23.Chunk006.cellA55B42_check' depends on axioms: [propext]
'Math.B699.CRTStage0Pair23.Chunk006.cellA55B43_check' depends on axioms: [propext]
'Math.B699.CRTStage0Pair23.Chunk006.cellA55B44_check' depends on axioms: [propext]
'Math.B699.CRTStage0Pair23.Chunk006.cellA55B45_check' depends on axioms: [propext]
'Math.B699.CRTStage0Pair23.Chunk006.cellA55B46_check' depends on axioms: [propext]
'Math.B699.CRTStage0Pair23.Chunk006.cellA55B47_check' depends on axioms: [propext]
'Math.B699.CRTStage0Pair23.Chunk006.cellA55B48_check' depends on axioms: [propext]
'Math.B699.CRTStage0Pair23.Chunk006.cellA55B49_check' depends on axioms: [propext]
'Math.B699.CRTStage0Pair23.Chunk006.cellA55B50_check' depends on axioms: [propext]
'Math.B699.CRTStage0Pair23.Chunk006.cellA55B51_check' depends on axioms: [propext]
'Math.B699.CRTStage0Pair23.Chunk006.cellA55B52_check' depends on axioms: [propext]
'Math.B699.CRTStage0Pair23.Chunk006.cellA55B53_check' depends on axioms: [propext]
'Math.B699.CRTStage0Pair23.Chunk006.cellA55B54_check' depends on axioms: [propext]
'Math.B699.CRTStage0Pair23.Chunk006.cellA55B55_check' depends on axioms: [propext]
'Math.B699.CRTStage0Pair23.Chunk006.cellA55B56_check' depends on axioms: [propext]
'Math.B699.CRTStage0Pair23.Chunk006.cellA55B57_check' depends on axioms: [propext]
'Math.B699.CRTStage0Pair23.Chunk006.cellA55B58_check' depends on axioms: [propext]
'Math.B699.CRTStage0Pair23.Chunk006.cellA55B59_check' depends on axioms: [propext]
'Math.B699.CRTStage0Pair23.Chunk006.cellA55B60_check' depends on axioms: [propext]
'Math.B699.CRTStage0Pair23.Chunk006.cellA55B61_check' depends on axioms: [propext]
'Math.B699.CRTStage0Pair23.Chunk006.cellA55B62_check' depends on axioms: [propext]
'Math.B699.CRTStage0Pair23.Chunk006.cellA55B63_check' depends on axioms: [propext]
'Math.B699.CRTStage0Pair23.Chunk006.cellA55B64_check' depends on axioms: [propext]
'Math.B699.CRTStage0Pair23.Chunk006.cellA55B65_check' depends on axioms: [propext]
'Math.B699.CRTStage0Pair23.Chunk006.cellA55B66_check' depends on axioms: [propext]
'Math.B699.CRTStage0Pair23.Chunk006.cellA55B67_check' depends on axioms: [propext]
'Math.B699.CRTStage0Pair23.Chunk006.cellA55B68_check' depends on axioms: [propext]
'Math.B699.CRTStage0Pair23.Chunk006.rowA55_cell_check' depends on axioms: [propext]
'Math.B699.CRTStage0Pair23.Chunk006.rowA55_block_check' depends on axioms: [propext, Quot.sound]
