# command: LEAN -j1 -M1536 -DautoImplicit=false -DrelaxedAutoImplicit=false --root=PROJECT_ROOT -o .tools/20260911-low-index-lean-513dc7cc/20260912T001823554146Z/olean/research/tasks/B699-Binomial/runs/20260911-low-index-lean-513dc7cc/lean/CrtStage0Pair23/Chunk006RowA50.olean research/tasks/B699-Binomial/runs/20260911-low-index-lean-513dc7cc/lean/CrtStage0Pair23/Chunk006RowA50.lean
# cwd: PROJECT_ROOT
# started_utc: 2026-09-12T00:19:21.472869Z
# finished_utc: 2026-09-12T00:19:32.645865Z
# exit_code: 0
# timed_out: False
'Math.B699.CRTStage0Pair23.Chunk006.cellA50B1_check' depends on axioms: [propext]
'Math.B699.CRTStage0Pair23.Chunk006.cellA50B2_check' depends on axioms: [propext]
'Math.B699.CRTStage0Pair23.Chunk006.cellA50B3_check' depends on axioms: [propext]
'Math.B699.CRTStage0Pair23.Chunk006.cellA50B4_check' depends on axioms: [propext]
'Math.B699.CRTStage0Pair23.Chunk006.cellA50B5_check' depends on axioms: [propext]
'Math.B699.CRTStage0Pair23.Chunk006.cellA50B6_check' depends on axioms: [propext]
'Math.B699.CRTStage0Pair23.Chunk006.cellA50B7_check' depends on axioms: [propext]
'Math.B699.CRTStage0Pair23.Chunk006.cellA50B8_check' depends on axioms: [propext]
'Math.B699.CRTStage0Pair23.Chunk006.cellA50B9_check' depends on axioms: [propext]
'Math.B699.CRTStage0Pair23.Chunk006.cellA50B10_check' depends on axioms: [propext]
'Math.B699.CRTStage0Pair23.Chunk006.cellA50B11_check' depends on axioms: [propext]
'Math.B699.CRTStage0Pair23.Chunk006.cellA50B12_check' depends on axioms: [propext]
'Math.B699.CRTStage0Pair23.Chunk006.cellA50B13_check' depends on axioms: [propext]
'Math.B699.CRTStage0Pair23.Chunk006.cellA50B14_check' depends on axioms: [propext]
'Math.B699.CRTStage0Pair23.Chunk006.cellA50B15_check' depends on axioms: [propext]
'Math.B699.CRTStage0Pair23.Chunk006.cellA50B16_check' depends on axioms: [propext]
'Math.B699.CRTStage0Pair23.Chunk006.cellA50B17_check' depends on axioms: [propext]
'Math.B699.CRTStage0Pair23.Chunk006.cellA50B18_check' depends on axioms: [propext]
'Math.B699.CRTStage0Pair23.Chunk006.cellA50B19_check' depends on axioms: [propext]
'Math.B699.CRTStage0Pair23.Chunk006.cellA50B20_check' depends on axioms: [propext]
'Math.B699.CRTStage0Pair23.Chunk006.cellA50B21_check' depends on axioms: [propext]
'Math.B699.CRTStage0Pair23.Chunk006.cellA50B22_check' depends on axioms: [propext]
'Math.B699.CRTStage0Pair23.Chunk006.cellA50B23_check' depends on axioms: [propext]
'Math.B699.CRTStage0Pair23.Chunk006.cellA50B24_check' depends on axioms: [propext]
'Math.B699.CRTStage0Pair23.Chunk006.cellA50B25_check' depends on axioms: [propext]
'Math.B699.CRTStage0Pair23.Chunk006.cellA50B26_check' depends on axioms: [propext]
'Math.B699.CRTStage0Pair23.Chunk006.cellA50B27_check' depends on axioms: [propext]
'Math.B699.CRTStage0Pair23.Chunk006.cellA50B28_check' depends on axioms: [propext]
'Math.B699.CRTStage0Pair23.Chunk006.cellA50B29_check' depends on axioms: [propext]
'Math.B699.CRTStage0Pair23.Chunk006.cellA50B30_check' depends on axioms: [propext]
'Math.B699.CRTStage0Pair23.Chunk006.cellA50B31_check' depends on axioms: [propext]
'Math.B699.CRTStage0Pair23.Chunk006.cellA50B32_check' depends on axioms: [propext]
'Math.B699.CRTStage0Pair23.Chunk006.cellA50B33_check' depends on axioms: [propext]
'Math.B699.CRTStage0Pair23.Chunk006.cellA50B34_check' depends on axioms: [propext]
'Math.B699.CRTStage0Pair23.Chunk006.cellA50B35_check' depends on axioms: [propext]
'Math.B699.CRTStage0Pair23.Chunk006.cellA50B36_check' depends on axioms: [propext]
'Math.B699.CRTStage0Pair23.Chunk006.cellA50B37_check' depends on axioms: [propext]
'Math.B699.CRTStage0Pair23.Chunk006.cellA50B38_check' depends on axioms: [propext]
'Math.B699.CRTStage0Pair23.Chunk006.cellA50B39_check' depends on axioms: [propext]
'Math.B699.CRTStage0Pair23.Chunk006.cellA50B40_check' depends on axioms: [propext]
'Math.B699.CRTStage0Pair23.Chunk006.cellA50B41_check' depends on axioms: [propext]
'Math.B699.CRTStage0Pair23.Chunk006.cellA50B42_check' depends on axioms: [propext]
'Math.B699.CRTStage0Pair23.Chunk006.cellA50B43_check' depends on axioms: [propext]
'Math.B699.CRTStage0Pair23.Chunk006.cellA50B44_check' depends on axioms: [propext]
'Math.B699.CRTStage0Pair23.Chunk006.cellA50B45_check' depends on axioms: [propext]
'Math.B699.CRTStage0Pair23.Chunk006.cellA50B46_check' depends on axioms: [propext]
'Math.B699.CRTStage0Pair23.Chunk006.cellA50B47_check' depends on axioms: [propext]
'Math.B699.CRTStage0Pair23.Chunk006.cellA50B48_check' depends on axioms: [propext]
'Math.B699.CRTStage0Pair23.Chunk006.cellA50B49_check' depends on axioms: [propext]
'Math.B699.CRTStage0Pair23.Chunk006.cellA50B50_check' depends on axioms: [propext]
'Math.B699.CRTStage0Pair23.Chunk006.cellA50B51_check' depends on axioms: [propext]
'Math.B699.CRTStage0Pair23.Chunk006.cellA50B52_check' depends on axioms: [propext]
'Math.B699.CRTStage0Pair23.Chunk006.cellA50B53_check' depends on axioms: [propext]
'Math.B699.CRTStage0Pair23.Chunk006.cellA50B54_check' depends on axioms: [propext]
'Math.B699.CRTStage0Pair23.Chunk006.cellA50B55_check' depends on axioms: [propext]
'Math.B699.CRTStage0Pair23.Chunk006.cellA50B56_check' depends on axioms: [propext]
'Math.B699.CRTStage0Pair23.Chunk006.cellA50B57_check' depends on axioms: [propext]
'Math.B699.CRTStage0Pair23.Chunk006.cellA50B58_check' depends on axioms: [propext]
'Math.B699.CRTStage0Pair23.Chunk006.cellA50B59_check' depends on axioms: [propext]
'Math.B699.CRTStage0Pair23.Chunk006.cellA50B60_check' depends on axioms: [propext]
'Math.B699.CRTStage0Pair23.Chunk006.cellA50B61_check' depends on axioms: [propext]
'Math.B699.CRTStage0Pair23.Chunk006.cellA50B62_check' depends on axioms: [propext]
'Math.B699.CRTStage0Pair23.Chunk006.cellA50B63_check' depends on axioms: [propext]
'Math.B699.CRTStage0Pair23.Chunk006.cellA50B64_check' depends on axioms: [propext]
'Math.B699.CRTStage0Pair23.Chunk006.cellA50B65_check' depends on axioms: [propext]
'Math.B699.CRTStage0Pair23.Chunk006.cellA50B66_check' depends on axioms: [propext]
'Math.B699.CRTStage0Pair23.Chunk006.cellA50B67_check' depends on axioms: [propext]
'Math.B699.CRTStage0Pair23.Chunk006.cellA50B68_check' depends on axioms: [propext]
'Math.B699.CRTStage0Pair23.Chunk006.rowA50_cell_check' depends on axioms: [propext]
'Math.B699.CRTStage0Pair23.Chunk006.rowA50_block_check' depends on axioms: [propext, Quot.sound]
