# command: LEAN -j1 -M1536 -DautoImplicit=false -DrelaxedAutoImplicit=false --root=PROJECT_ROOT -o .tools/20260911-low-index-lean-513dc7cc/20260912T001823554146Z/olean/research/tasks/B699-Binomial/runs/20260911-low-index-lean-513dc7cc/lean/CrtStage0Pair23/Chunk006RowA51.olean research/tasks/B699-Binomial/runs/20260911-low-index-lean-513dc7cc/lean/CrtStage0Pair23/Chunk006RowA51.lean
# cwd: PROJECT_ROOT
# started_utc: 2026-09-12T00:19:32.665971Z
# finished_utc: 2026-09-12T00:19:44.280920Z
# exit_code: 0
# timed_out: False
'Math.B699.CRTStage0Pair23.Chunk006.cellA51B1_check' depends on axioms: [propext]
'Math.B699.CRTStage0Pair23.Chunk006.cellA51B2_check' depends on axioms: [propext]
'Math.B699.CRTStage0Pair23.Chunk006.cellA51B3_check' depends on axioms: [propext]
'Math.B699.CRTStage0Pair23.Chunk006.cellA51B4_check' depends on axioms: [propext]
'Math.B699.CRTStage0Pair23.Chunk006.cellA51B5_check' depends on axioms: [propext]
'Math.B699.CRTStage0Pair23.Chunk006.cellA51B6_check' depends on axioms: [propext]
'Math.B699.CRTStage0Pair23.Chunk006.cellA51B7_check' depends on axioms: [propext]
'Math.B699.CRTStage0Pair23.Chunk006.cellA51B8_check' depends on axioms: [propext]
'Math.B699.CRTStage0Pair23.Chunk006.cellA51B9_check' depends on axioms: [propext]
'Math.B699.CRTStage0Pair23.Chunk006.cellA51B10_check' depends on axioms: [propext]
'Math.B699.CRTStage0Pair23.Chunk006.cellA51B11_check' depends on axioms: [propext]
'Math.B699.CRTStage0Pair23.Chunk006.cellA51B12_check' depends on axioms: [propext]
'Math.B699.CRTStage0Pair23.Chunk006.cellA51B13_check' depends on axioms: [propext]
'Math.B699.CRTStage0Pair23.Chunk006.cellA51B14_check' depends on axioms: [propext]
'Math.B699.CRTStage0Pair23.Chunk006.cellA51B15_check' depends on axioms: [propext]
'Math.B699.CRTStage0Pair23.Chunk006.cellA51B16_check' depends on axioms: [propext]
'Math.B699.CRTStage0Pair23.Chunk006.cellA51B17_check' depends on axioms: [propext]
'Math.B699.CRTStage0Pair23.Chunk006.cellA51B18_check' depends on axioms: [propext]
'Math.B699.CRTStage0Pair23.Chunk006.cellA51B19_check' depends on axioms: [propext]
'Math.B699.CRTStage0Pair23.Chunk006.cellA51B20_check' depends on axioms: [propext]
'Math.B699.CRTStage0Pair23.Chunk006.cellA51B21_check' depends on axioms: [propext]
'Math.B699.CRTStage0Pair23.Chunk006.cellA51B22_check' depends on axioms: [propext]
'Math.B699.CRTStage0Pair23.Chunk006.cellA51B23_check' depends on axioms: [propext]
'Math.B699.CRTStage0Pair23.Chunk006.cellA51B24_check' depends on axioms: [propext]
'Math.B699.CRTStage0Pair23.Chunk006.cellA51B25_check' depends on axioms: [propext]
'Math.B699.CRTStage0Pair23.Chunk006.cellA51B26_check' depends on axioms: [propext]
'Math.B699.CRTStage0Pair23.Chunk006.cellA51B27_check' depends on axioms: [propext]
'Math.B699.CRTStage0Pair23.Chunk006.cellA51B28_check' depends on axioms: [propext]
'Math.B699.CRTStage0Pair23.Chunk006.cellA51B29_check' depends on axioms: [propext]
'Math.B699.CRTStage0Pair23.Chunk006.cellA51B30_check' depends on axioms: [propext]
'Math.B699.CRTStage0Pair23.Chunk006.cellA51B31_check' depends on axioms: [propext]
'Math.B699.CRTStage0Pair23.Chunk006.cellA51B32_check' depends on axioms: [propext]
'Math.B699.CRTStage0Pair23.Chunk006.cellA51B33_check' depends on axioms: [propext]
'Math.B699.CRTStage0Pair23.Chunk006.cellA51B34_check' depends on axioms: [propext]
'Math.B699.CRTStage0Pair23.Chunk006.cellA51B35_check' depends on axioms: [propext]
'Math.B699.CRTStage0Pair23.Chunk006.cellA51B36_check' depends on axioms: [propext]
'Math.B699.CRTStage0Pair23.Chunk006.cellA51B37_check' depends on axioms: [propext]
'Math.B699.CRTStage0Pair23.Chunk006.cellA51B38_check' depends on axioms: [propext]
'Math.B699.CRTStage0Pair23.Chunk006.cellA51B39_check' depends on axioms: [propext]
'Math.B699.CRTStage0Pair23.Chunk006.cellA51B40_check' depends on axioms: [propext]
'Math.B699.CRTStage0Pair23.Chunk006.cellA51B41_check' depends on axioms: [propext]
'Math.B699.CRTStage0Pair23.Chunk006.cellA51B42_check' depends on axioms: [propext]
'Math.B699.CRTStage0Pair23.Chunk006.cellA51B43_check' depends on axioms: [propext]
'Math.B699.CRTStage0Pair23.Chunk006.cellA51B44_check' depends on axioms: [propext]
'Math.B699.CRTStage0Pair23.Chunk006.cellA51B45_check' depends on axioms: [propext]
'Math.B699.CRTStage0Pair23.Chunk006.cellA51B46_check' depends on axioms: [propext]
'Math.B699.CRTStage0Pair23.Chunk006.cellA51B47_check' depends on axioms: [propext]
'Math.B699.CRTStage0Pair23.Chunk006.cellA51B48_check' depends on axioms: [propext]
'Math.B699.CRTStage0Pair23.Chunk006.cellA51B49_check' depends on axioms: [propext]
'Math.B699.CRTStage0Pair23.Chunk006.cellA51B50_check' depends on axioms: [propext]
'Math.B699.CRTStage0Pair23.Chunk006.cellA51B51_check' depends on axioms: [propext]
'Math.B699.CRTStage0Pair23.Chunk006.cellA51B52_check' depends on axioms: [propext]
'Math.B699.CRTStage0Pair23.Chunk006.cellA51B53_check' depends on axioms: [propext]
'Math.B699.CRTStage0Pair23.Chunk006.cellA51B54_check' depends on axioms: [propext]
'Math.B699.CRTStage0Pair23.Chunk006.cellA51B55_check' depends on axioms: [propext]
'Math.B699.CRTStage0Pair23.Chunk006.cellA51B56_check' depends on axioms: [propext]
'Math.B699.CRTStage0Pair23.Chunk006.cellA51B57_check' depends on axioms: [propext]
'Math.B699.CRTStage0Pair23.Chunk006.cellA51B58_check' depends on axioms: [propext]
'Math.B699.CRTStage0Pair23.Chunk006.cellA51B59_check' depends on axioms: [propext]
'Math.B699.CRTStage0Pair23.Chunk006.cellA51B60_check' depends on axioms: [propext]
'Math.B699.CRTStage0Pair23.Chunk006.cellA51B61_check' depends on axioms: [propext]
'Math.B699.CRTStage0Pair23.Chunk006.cellA51B62_check' depends on axioms: [propext]
'Math.B699.CRTStage0Pair23.Chunk006.cellA51B63_check' depends on axioms: [propext]
'Math.B699.CRTStage0Pair23.Chunk006.cellA51B64_check' depends on axioms: [propext]
'Math.B699.CRTStage0Pair23.Chunk006.cellA51B65_check' depends on axioms: [propext]
'Math.B699.CRTStage0Pair23.Chunk006.cellA51B66_check' depends on axioms: [propext]
'Math.B699.CRTStage0Pair23.Chunk006.cellA51B67_check' depends on axioms: [propext]
'Math.B699.CRTStage0Pair23.Chunk006.cellA51B68_check' depends on axioms: [propext]
'Math.B699.CRTStage0Pair23.Chunk006.rowA51_cell_check' depends on axioms: [propext]
'Math.B699.CRTStage0Pair23.Chunk006.rowA51_block_check' depends on axioms: [propext, Quot.sound]
