PASS m5_H0 309 0 8
PASS m5_H1 617 0 0
PASS m5_H2 341 0 0
PASS m5_H3 227 0 11
PASS m5_H4 227 0 0
PASS m5_H04 1235 571 13
PASS m7_H01 6990 0 7
PASS m7_H02 7863 0 5
PASS m7_H03 7864 0 7
PASS m7_H04 7863 0 3
PASS m7_H05 4369 0 6
PASS m7_H06 4659 0 0
PASS m7_H12 10484 0 4
PASS m7_H13 11796 0 2
PASS m7_H14 7864 0 0
PASS m7_H15 9320 0 2
PASS m7_H16 4369 0 0
PASS m7_H23 3276 0 1
PASS m7_H24 2912 0 1
PASS m7_H25 7863 0 4
PASS m7_H26 7865 0 0
PASS m7_H34 1638 0 2
PASS m7_H35 5897 0 5
PASS m7_H36 983 0 0
PASS m7_H45 5242 0 0
PASS m7_H46 1964 0 0
PASS m7_H56 434 0 0
PASS m7_H035 23302 1 22
PASS m7_H036 22718 1 7
PASS m7_H045 21843 1 10
PASS m7_H046 22718 0 7
PASS m7_H056 15726 0 8
PASS m8_H0357 2185 0 3
PASS m5_min4 7256 119 34
PASS m7_min6 212180 2 62
PASS NEW CHAIN 141 rows 277765 inputs; seconds 12.1789760260001
