{
  "K16_orders": [
    [
      4
    ],
    [
      8,
      8
    ],
    [
      3,
      4,
      3
    ],
    [
      4,
      4,
      4,
      4
    ],
    [
      3,
      3,
      3,
      3,
      3
    ],
    [
      2,
      2,
      1,
      1,
      2,
      2
    ]
  ],
  "K20_orders": [
    [
      4
    ],
    [
      10,
      10
    ],
    [
      4,
      2,
      4
    ],
    [
      5,
      5,
      5,
      5
    ],
    [
      4,
      4,
      4,
      4,
      4
    ],
    [
      2,
      1,
      1,
      1,
      1,
      2
    ]
  ],
  "positive_factors": {
    "H16": {
      "positive_shift_coefficients": 45,
      "minimum": 34,
      "constant": 5169449500
    },
    "H20": {
      "positive_shift_coefficients": 45,
      "minimum": 34,
      "constant": 4874141200
    },
    "G20": {
      "positive_shift_coefficients": 28,
      "minimum": 2,
      "constant": 3422600
    }
  },
  "norm_certificates": {
    "H16": {
      "ceiling": 34,
      "degree": 8,
      "valid_from_n": 1006,
      "leading_Mobius_coefficients": [
        "0",
        "91/2",
        "1503/16",
        "273/4",
        "553/32"
      ],
      "lower_group_upper_bounds": {
        "0": "2448",
        "1": "-13260",
        "2": "30362",
        "3": "-144965/4",
        "4": "115723/4",
        "5": "-10108",
        "6": "66083/16",
        "7": "-151/2"
      },
      "positive_tail_at_entry": "267572006596033676735/65172725345226429496",
      "negative_margin": "151/2"
    },
    "H20": {
      "ceiling": 34,
      "degree": 8,
      "valid_from_n": 1006,
      "leading_Mobius_coefficients": [
        "0",
        "17",
        "1005/16",
        "489/8",
        "571/32"
      ],
      "lower_group_upper_bounds": {
        "0": "2448",
        "1": "-13260",
        "2": "30362",
        "3": "-143789/4",
        "4": "115759/4",
        "5": "-10033",
        "6": "61421/16",
        "7": "-1103/4"
      },
      "positive_tail_at_entry": "497391125979569078629/130345450690452858992",
      "negative_margin": "1103/4"
    },
    "G20": {
      "ceiling": 2,
      "degree": 6,
      "valid_from_n": 1006,
      "leading_Mobius_coefficients": [
        "0",
        "1/2",
        "25/16",
        "41/64"
      ],
      "lower_group_upper_bounds": {
        "0": "48",
        "1": "-196",
        "2": "318",
        "3": "-969/4",
        "4": "1819/16",
        "5": "-69/4"
      },
      "positive_tail_at_entry": "116440976700835/1030362166487776",
      "negative_margin": "69/4"
    }
  },
  "QIG_identities": {
    "I_identity": true,
    "B_identity": true,
    "positive_gap_identity": true,
    "I_monomials": 13,
    "B_monomials": 19,
    "gap_monomials": 72
  },
  "BFT_table_gaps": {
    "2": [],
    "3": [],
    "5": [
      [
        1029,
        1024
      ],
      [
        1215,
        1210
      ],
      [
        30618,
        30613
      ]
    ]
  },
  "payer_triangles": {
    "477": {
      "single": {
        "weights": [
          4,
          3,
          1
        ],
        "branches": [
          {
            "choices": [
              0,
              0,
              0
            ],
            "exponents": [
              "57/200",
              "129/500",
              "0"
            ],
            "sum": "957/500"
          },
          {
            "choices": [
              0,
              0,
              1
            ],
            "exponents": [
              "57/200",
              "0",
              "129/500"
            ],
            "sum": "699/500"
          },
          {
            "choices": [
              0,
              1,
              0
            ],
            "exponents": [
              "27/125",
              "129/500",
              "57/200"
            ],
            "sum": "1923/1000"
          },
          {
            "choices": [
              0,
              1,
              1
            ],
            "exponents": [
              "27/125",
              "0",
              "57/200"
            ],
            "sum": "1149/1000"
          },
          {
            "choices": [
              1,
              0,
              0
            ],
            "exponents": [
              "57/200",
              "129/500",
              "0"
            ],
            "sum": "957/500"
          },
          {
            "choices": [
              1,
              0,
              1
            ],
            "exponents": [
              "57/200",
              "27/125",
              "129/500"
            ],
            "sum": "1023/500"
          },
          {
            "choices": [
              1,
              1,
              0
            ],
            "exponents": [
              "0",
              "129/500",
              "57/200"
            ],
            "sum": "1059/1000"
          },
          {
            "choices": [
              1,
              1,
              1
            ],
            "exponents": [
              "0",
              "27/125",
              "57/200"
            ],
            "sum": "933/1000"
          }
        ],
        "minimum": "933/1000"
      },
      "joint": {
        "weights": [
          12,
          10,
          3
        ],
        "branches": [
          {
            "choices": [
              0,
              0,
              0
            ],
            "exponents": [
              "57/200",
              "129/500",
              "0"
            ],
            "sum": "6"
          },
          {
            "choices": [
              0,
              0,
              1
            ],
            "exponents": [
              "57/200",
              "0",
              "129/500"
            ],
            "sum": "2097/500"
          },
          {
            "choices": [
              0,
              1,
              0
            ],
            "exponents": [
              "27/125",
              "129/500",
              "57/200"
            ],
            "sum": "6027/1000"
          },
          {
            "choices": [
              0,
              1,
              1
            ],
            "exponents": [
              "27/125",
              "0",
              "57/200"
            ],
            "sum": "3447/1000"
          },
          {
            "choices": [
              1,
              0,
              0
            ],
            "exponents": [
              "57/200",
              "129/500",
              "0"
            ],
            "sum": "6"
          },
          {
            "choices": [
              1,
              0,
              1
            ],
            "exponents": [
              "57/200",
              "27/125",
              "129/500"
            ],
            "sum": "3177/500"
          },
          {
            "choices": [
              1,
              1,
              0
            ],
            "exponents": [
              "0",
              "129/500",
              "57/200"
            ],
            "sum": "687/200"
          },
          {
            "choices": [
              1,
              1,
              1
            ],
            "exponents": [
              "0",
              "27/125",
              "57/200"
            ],
            "sum": "603/200"
          }
        ],
        "minimum": "603/200"
      }
    },
    "1325": {
      "single": {
        "weights": [
          4,
          3,
          1
        ],
        "branches": [
          {
            "choices": [
              0,
              0,
              0
            ],
            "exponents": [
              "129/500",
              "57/200",
              "0"
            ],
            "sum": "1887/1000"
          },
          {
            "choices": [
              0,
              0,
              1
            ],
            "exponents": [
              "129/500",
              "0",
              "57/200"
            ],
            "sum": "1317/1000"
          },
          {
            "choices": [
              0,
              1,
              0
            ],
            "exponents": [
              "27/125",
              "57/200",
              "129/500"
            ],
            "sum": "1977/1000"
          },
          {
            "choices": [
              0,
              1,
              1
            ],
            "exponents": [
              "27/125",
              "0",
              "57/200"
            ],
            "sum": "1149/1000"
          },
          {
            "choices": [
              1,
              0,
              0
            ],
            "exponents": [
              "129/500",
              "57/200",
              "0"
            ],
            "sum": "1887/1000"
          },
          {
            "choices": [
              1,
              0,
              1
            ],
            "exponents": [
              "129/500",
              "27/125",
              "57/200"
            ],
            "sum": "393/200"
          },
          {
            "choices": [
              1,
              1,
              0
            ],
            "exponents": [
              "0",
              "57/200",
              "129/500"
            ],
            "sum": "1113/1000"
          },
          {
            "choices": [
              1,
              1,
              1
            ],
            "exponents": [
              "0",
              "27/125",
              "57/200"
            ],
            "sum": "933/1000"
          }
        ],
        "minimum": "933/1000"
      },
      "joint": {
        "weights": [
          12,
          10,
          3
        ],
        "branches": [
          {
            "choices": [
              0,
              0,
              0
            ],
            "exponents": [
              "129/500",
              "57/200",
              "0"
            ],
            "sum": "2973/500"
          },
          {
            "choices": [
              0,
              0,
              1
            ],
            "exponents": [
              "129/500",
              "0",
              "57/200"
            ],
            "sum": "3951/1000"
          },
          {
            "choices": [
              0,
              1,
              0
            ],
            "exponents": [
              "27/125",
              "57/200",
              "129/500"
            ],
            "sum": "777/125"
          },
          {
            "choices": [
              0,
              1,
              1
            ],
            "exponents": [
              "27/125",
              "0",
              "57/200"
            ],
            "sum": "3447/1000"
          },
          {
            "choices": [
              1,
              0,
              0
            ],
            "exponents": [
              "129/500",
              "57/200",
              "0"
            ],
            "sum": "2973/500"
          },
          {
            "choices": [
              1,
              0,
              1
            ],
            "exponents": [
              "129/500",
              "27/125",
              "57/200"
            ],
            "sum": "6111/1000"
          },
          {
            "choices": [
              1,
              1,
              0
            ],
            "exponents": [
              "0",
              "57/200",
              "129/500"
            ],
            "sum": "453/125"
          },
          {
            "choices": [
              1,
              1,
              1
            ],
            "exponents": [
              "0",
              "27/125",
              "57/200"
            ],
            "sum": "603/200"
          }
        ],
        "minimum": "603/200"
      }
    }
  },
  "height_ledger": [
    {
      "residue": 477,
      "joint_C": 2204767849922715130527744,
      "BFT_denominator": 1,
      "K": 5593,
      "n_bound": "n<2^5593",
      "strict_integer_comparison": "2^603*(C*D)^200<2^(3*K)"
    },
    {
      "residue": 1325,
      "joint_C": 1382886560579452928,
      "BFT_denominator": 3375,
      "K": 5000,
      "n_bound": "n<2^5000",
      "strict_integer_comparison": "2^603*(C*D)^200<2^(3*K)"
    }
  ],
  "local_parts": [
    {
      "residue": 477,
      "s1": 4,
      "s3": 6,
      "s4": 1,
      "T4_constant": 24
    },
    {
      "residue": 1325,
      "s1": 4,
      "s3": 2,
      "s4": 1,
      "T4_constant": 8
    }
  ],
  "external_theorem_reproved": false,
  "Lean": false
}
