1679 cached p 257 h 111 constraints 12610 independent 12610 min_weight 223 max_weight 224 nullity 0
1702 cached p 257 h 113 constraints 13063 independent 13063 min_weight 227 max_weight 228 nullity 0
1708 cached p 257 h 113 constraints 13062 independent 13062 min_weight 227 max_weight 228 nullity 0
1751 cached p 257 h 117 constraints 13982 independent 13982 min_weight 235 max_weight 236 nullity 0
1769 cached p 257 h 118 constraints 14218 independent 14218 min_weight 237 max_weight 238 nullity 0
1795 cached p 257 h 121 constraints 14935 independent 14935 min_weight 243 max_weight 244 nullity 0
1775 cached p 257 h 119 constraints 14453 independent 14453 min_weight 239 max_weight 240 nullity 0
1842 cached p 257 h 125 constraints 15921 independent 15921 min_weight 251 max_weight 252 nullity 0
1857 cached p 257 h 127 constraints 16428 independent 16428 min_weight 255 max_weight 256 nullity 0
1903 cached p 257 h 131 constraints 17460 independent 17460 min_weight 263 max_weight 264 nullity 0
1901 cached p 257 h 131 constraints 17460 independent 17460 min_weight 263 max_weight 264 nullity 0
1909 cached p 257 h 133 constraints 17992 independent 17992 min_weight 267 max_weight 268 nullity 0
1914 cached p 257 h 134 constraints 18257 independent 18257 min_weight 269 max_weight 270 nullity 0
1927 cached p 257 h 136 constraints 18798 independent 18798 min_weight 273 max_weight 274 nullity 0
1947 cached p 257 h 138 constraints 19349 independent 19349 min_weight 277 max_weight 278 nullity 0
1989 cached p 257 h 141 constraints 20187 independent 20187 min_weight 283 max_weight 284 nullity 0
1949 cached p 257 h 138 constraints 19350 independent 19350 min_weight 277 max_weight 278 nullity 0
1998 p 257 h 142 constraints 20470 independent 20470 min_weight 285 max_weight 286 nullity 0
2016 p 257 h 145 constraints 21334 independent 21334 min_weight 291 max_weight 292 nullity 0
2031 p 257 h 148 constraints 22215 independent 22215 min_weight 297 max_weight 298 nullity 0
