# command: LEAN -j1 -M1536 -DautoImplicit=false -DrelaxedAutoImplicit=false --root=PROJECT_ROOT -o .tools/20260911-low-index-lean-513dc7cc/20260912T053140846150Z/olean/research/tasks/B699-Binomial/runs/20260911-low-index-lean-513dc7cc/lean/CrtStage3Pair25/Cells003P0.olean research/tasks/B699-Binomial/runs/20260911-low-index-lean-513dc7cc/lean/CrtStage3Pair25/Cells003P0.lean
# cwd: PROJECT_ROOT
# started_utc: 2026-09-12T05:34:15.286293Z
# finished_utc: 2026-09-12T05:34:27.357127Z
# exit_code: 0
# timed_out: False
'Math.B699.CRTStage3Pair25.Chunk003.cellA25B1_check' depends on axioms: [propext]
'Math.B699.CRTStage3Pair25.Chunk003.cellA25B2_check' depends on axioms: [propext]
'Math.B699.CRTStage3Pair25.Chunk003.cellA25B3_check' depends on axioms: [propext]
'Math.B699.CRTStage3Pair25.Chunk003.cellA25B4_check' depends on axioms: [propext]
'Math.B699.CRTStage3Pair25.Chunk003.cellA25B5_check' depends on axioms: [propext]
'Math.B699.CRTStage3Pair25.Chunk003.cellA25B6_check' depends on axioms: [propext]
'Math.B699.CRTStage3Pair25.Chunk003.cellA25B7_check' depends on axioms: [propext]
'Math.B699.CRTStage3Pair25.Chunk003.cellA25B8_check' depends on axioms: [propext]
'Math.B699.CRTStage3Pair25.Chunk003.cellA25B9_check' depends on axioms: [propext]
'Math.B699.CRTStage3Pair25.Chunk003.cellA25B10_check' depends on axioms: [propext]
'Math.B699.CRTStage3Pair25.Chunk003.cellA25B11_check' depends on axioms: [propext]
'Math.B699.CRTStage3Pair25.Chunk003.rowA25_cell_check' depends on axioms: [propext]
'Math.B699.CRTStage3Pair25.Chunk003.rowA25_block_check' depends on axioms: [propext, Quot.sound]
'Math.B699.CRTStage3Pair25.Chunk003.cellA26B1_check' depends on axioms: [propext]
'Math.B699.CRTStage3Pair25.Chunk003.cellA26B2_check' depends on axioms: [propext]
'Math.B699.CRTStage3Pair25.Chunk003.cellA26B3_check' depends on axioms: [propext]
'Math.B699.CRTStage3Pair25.Chunk003.cellA26B4_check' depends on axioms: [propext]
'Math.B699.CRTStage3Pair25.Chunk003.cellA26B5_check' depends on axioms: [propext]
'Math.B699.CRTStage3Pair25.Chunk003.cellA26B6_check' depends on axioms: [propext]
'Math.B699.CRTStage3Pair25.Chunk003.cellA26B7_check' depends on axioms: [propext]
'Math.B699.CRTStage3Pair25.Chunk003.cellA26B8_check' depends on axioms: [propext]
'Math.B699.CRTStage3Pair25.Chunk003.cellA26B9_check' depends on axioms: [propext]
'Math.B699.CRTStage3Pair25.Chunk003.cellA26B10_check' depends on axioms: [propext]
'Math.B699.CRTStage3Pair25.Chunk003.cellA26B11_check' depends on axioms: [propext]
'Math.B699.CRTStage3Pair25.Chunk003.rowA26_cell_check' depends on axioms: [propext]
'Math.B699.CRTStage3Pair25.Chunk003.rowA26_block_check' depends on axioms: [propext, Quot.sound]
'Math.B699.CRTStage3Pair25.Chunk003.cellA27B1_check' depends on axioms: [propext]
'Math.B699.CRTStage3Pair25.Chunk003.cellA27B2_check' depends on axioms: [propext]
'Math.B699.CRTStage3Pair25.Chunk003.cellA27B3_check' depends on axioms: [propext]
'Math.B699.CRTStage3Pair25.Chunk003.cellA27B4_check' depends on axioms: [propext]
'Math.B699.CRTStage3Pair25.Chunk003.cellA27B5_check' depends on axioms: [propext]
'Math.B699.CRTStage3Pair25.Chunk003.cellA27B6_check' depends on axioms: [propext]
'Math.B699.CRTStage3Pair25.Chunk003.cellA27B7_check' depends on axioms: [propext]
'Math.B699.CRTStage3Pair25.Chunk003.cellA27B8_check' depends on axioms: [propext]
'Math.B699.CRTStage3Pair25.Chunk003.cellA27B9_check' depends on axioms: [propext]
'Math.B699.CRTStage3Pair25.Chunk003.cellA27B10_check' depends on axioms: [propext]
'Math.B699.CRTStage3Pair25.Chunk003.cellA27B11_check' depends on axioms: [propext]
'Math.B699.CRTStage3Pair25.Chunk003.rowA27_cell_check' depends on axioms: [propext]
'Math.B699.CRTStage3Pair25.Chunk003.rowA27_block_check' depends on axioms: [propext, Quot.sound]
