./ENVIRONMENT.json: OK
./FAILURES.md: OK
./FRONTIER.json: OK
./HANDOFF.md: OK
./MANIFEST.json: OK
./PACKAGE_INDEX.md: OK
./PROOFS.md: OK
./README.md: OK
./REPLAY.md: OK
./REPORT.md: OK
./SOURCE_ADOPTION.md: OK
./VALIDATION_RECEIPT.json: OK
./inputs/OVERVIEW-2026-09-22.md.txt: OK
./inputs/PREVIOUS_HANDOFF.md: OK
./inputs/PREVIOUS_PROOFS.md: OK
./logs/close_022.log: OK
./logs/close_022.time: OK
./logs/close_202.log: OK
./logs/close_202.time: OK
./logs/frozen_replay.log: OK
./logs/frozen_replay.time: OK
./logs/independent_check.log: OK
./logs/independent_check.time: OK
./outputs/close_022.json: OK
./outputs/close_202.json: OK
./outputs/independent_check.json: OK
./replay.sh: OK
./src/close_022.py: OK
./src/close_202.py: OK
./src/independent_check.py: OK
JSON_STATUS_CHECK=PASS
CERTIFICATES_BYTE_IDENTICAL=PASS
OCTIC_ALL_REPLAY=PASS
