# command: LEAN -j1 -M1536 -DautoImplicit=false -DrelaxedAutoImplicit=false --root=PROJECT_ROOT -o .tools/20260911-low-index-lean-513dc7cc/20260912T022403660376Z/olean/research/tasks/B699-Binomial/runs/20260911-low-index-lean-513dc7cc/lean/CrtStage0Pair25/Pack013P1.olean research/tasks/B699-Binomial/runs/20260911-low-index-lean-513dc7cc/lean/CrtStage0Pair25/Pack013P1.lean
# cwd: PROJECT_ROOT
# started_utc: 2026-09-12T02:24:59.804709Z
# finished_utc: 2026-09-12T02:25:11.740594Z
# exit_code: 0
# timed_out: False
'Math.B699.CRTStage0Pair25.Chunk013.cellA107B1_check' depends on axioms: [propext]
'Math.B699.CRTStage0Pair25.Chunk013.cellA107B2_check' depends on axioms: [propext]
'Math.B699.CRTStage0Pair25.Chunk013.cellA107B3_check' depends on axioms: [propext]
'Math.B699.CRTStage0Pair25.Chunk013.cellA107B4_check' depends on axioms: [propext]
'Math.B699.CRTStage0Pair25.Chunk013.cellA107B5_check' depends on axioms: [propext]
'Math.B699.CRTStage0Pair25.Chunk013.cellA107B6_check' depends on axioms: [propext]
'Math.B699.CRTStage0Pair25.Chunk013.cellA107B7_check' depends on axioms: [propext]
'Math.B699.CRTStage0Pair25.Chunk013.cellA107B8_check' depends on axioms: [propext]
'Math.B699.CRTStage0Pair25.Chunk013.cellA107B9_check' depends on axioms: [propext]
'Math.B699.CRTStage0Pair25.Chunk013.cellA107B10_check' depends on axioms: [propext]
'Math.B699.CRTStage0Pair25.Chunk013.cellA107B11_check' depends on axioms: [propext]
'Math.B699.CRTStage0Pair25.Chunk013.cellA107B12_check' depends on axioms: [propext]
'Math.B699.CRTStage0Pair25.Chunk013.cellA107B13_check' depends on axioms: [propext]
'Math.B699.CRTStage0Pair25.Chunk013.cellA107B14_check' depends on axioms: [propext]
'Math.B699.CRTStage0Pair25.Chunk013.cellA107B15_check' depends on axioms: [propext]
'Math.B699.CRTStage0Pair25.Chunk013.cellA107B16_check' depends on axioms: [propext]
'Math.B699.CRTStage0Pair25.Chunk013.cellA107B17_check' depends on axioms: [propext]
'Math.B699.CRTStage0Pair25.Chunk013.cellA107B18_check' depends on axioms: [propext]
'Math.B699.CRTStage0Pair25.Chunk013.cellA107B19_check' depends on axioms: [propext]
'Math.B699.CRTStage0Pair25.Chunk013.cellA107B20_check' depends on axioms: [propext]
'Math.B699.CRTStage0Pair25.Chunk013.cellA107B21_check' depends on axioms: [propext]
'Math.B699.CRTStage0Pair25.Chunk013.cellA107B22_check' depends on axioms: [propext]
'Math.B699.CRTStage0Pair25.Chunk013.cellA107B23_check' depends on axioms: [propext]
'Math.B699.CRTStage0Pair25.Chunk013.cellA107B24_check' depends on axioms: [propext]
'Math.B699.CRTStage0Pair25.Chunk013.cellA107B25_check' depends on axioms: [propext]
'Math.B699.CRTStage0Pair25.Chunk013.cellA107B26_check' depends on axioms: [propext]
'Math.B699.CRTStage0Pair25.Chunk013.cellA107B27_check' depends on axioms: [propext]
'Math.B699.CRTStage0Pair25.Chunk013.cellA107B28_check' depends on axioms: [propext]
'Math.B699.CRTStage0Pair25.Chunk013.cellA107B29_check' depends on axioms: [propext]
'Math.B699.CRTStage0Pair25.Chunk013.cellA107B30_check' depends on axioms: [propext]
'Math.B699.CRTStage0Pair25.Chunk013.cellA107B31_check' depends on axioms: [propext]
'Math.B699.CRTStage0Pair25.Chunk013.cellA107B32_check' depends on axioms: [propext]
'Math.B699.CRTStage0Pair25.Chunk013.cellA107B33_check' depends on axioms: [propext]
'Math.B699.CRTStage0Pair25.Chunk013.cellA107B34_check' depends on axioms: [propext]
'Math.B699.CRTStage0Pair25.Chunk013.cellA107B35_check' depends on axioms: [propext]
'Math.B699.CRTStage0Pair25.Chunk013.cellA107B36_check' depends on axioms: [propext]
'Math.B699.CRTStage0Pair25.Chunk013.cellA107B37_check' depends on axioms: [propext]
'Math.B699.CRTStage0Pair25.Chunk013.cellA107B38_check' depends on axioms: [propext]
'Math.B699.CRTStage0Pair25.Chunk013.cellA107B39_check' depends on axioms: [propext]
'Math.B699.CRTStage0Pair25.Chunk013.cellA107B40_check' depends on axioms: [propext]
'Math.B699.CRTStage0Pair25.Chunk013.cellA107B41_check' depends on axioms: [propext]
'Math.B699.CRTStage0Pair25.Chunk013.cellA107B42_check' depends on axioms: [propext]
'Math.B699.CRTStage0Pair25.Chunk013.cellA107B43_check' depends on axioms: [propext]
'Math.B699.CRTStage0Pair25.Chunk013.cellA107B44_check' depends on axioms: [propext]
'Math.B699.CRTStage0Pair25.Chunk013.cellA107B45_check' depends on axioms: [propext]
'Math.B699.CRTStage0Pair25.Chunk013.cellA107B46_check' depends on axioms: [propext]
'Math.B699.CRTStage0Pair25.Chunk013.rowA107_cell_check' depends on axioms: [propext]
'Math.B699.CRTStage0Pair25.Chunk013.rowA107_block_check' depends on axioms: [propext, Quot.sound]
'Math.B699.CRTStage0Pair25.Chunk013.cellA108B1_check' depends on axioms: [propext]
'Math.B699.CRTStage0Pair25.Chunk013.cellA108B2_check' depends on axioms: [propext]
'Math.B699.CRTStage0Pair25.Chunk013.cellA108B3_check' depends on axioms: [propext]
'Math.B699.CRTStage0Pair25.Chunk013.cellA108B4_check' depends on axioms: [propext]
'Math.B699.CRTStage0Pair25.Chunk013.cellA108B5_check' depends on axioms: [propext]
'Math.B699.CRTStage0Pair25.Chunk013.cellA108B6_check' depends on axioms: [propext]
'Math.B699.CRTStage0Pair25.Chunk013.cellA108B7_check' depends on axioms: [propext]
'Math.B699.CRTStage0Pair25.Chunk013.cellA108B8_check' depends on axioms: [propext]
'Math.B699.CRTStage0Pair25.Chunk013.cellA108B9_check' depends on axioms: [propext]
'Math.B699.CRTStage0Pair25.Chunk013.cellA108B10_check' depends on axioms: [propext]
'Math.B699.CRTStage0Pair25.Chunk013.cellA108B11_check' depends on axioms: [propext]
'Math.B699.CRTStage0Pair25.Chunk013.cellA108B12_check' depends on axioms: [propext]
'Math.B699.CRTStage0Pair25.Chunk013.cellA108B13_check' depends on axioms: [propext]
'Math.B699.CRTStage0Pair25.Chunk013.cellA108B14_check' depends on axioms: [propext]
'Math.B699.CRTStage0Pair25.Chunk013.cellA108B15_check' depends on axioms: [propext]
'Math.B699.CRTStage0Pair25.Chunk013.cellA108B16_check' depends on axioms: [propext]
'Math.B699.CRTStage0Pair25.Chunk013.cellA108B17_check' depends on axioms: [propext]
'Math.B699.CRTStage0Pair25.Chunk013.cellA108B18_check' depends on axioms: [propext]
'Math.B699.CRTStage0Pair25.Chunk013.cellA108B19_check' depends on axioms: [propext]
'Math.B699.CRTStage0Pair25.Chunk013.cellA108B20_check' depends on axioms: [propext]
'Math.B699.CRTStage0Pair25.Chunk013.cellA108B21_check' depends on axioms: [propext]
'Math.B699.CRTStage0Pair25.Chunk013.cellA108B22_check' depends on axioms: [propext]
'Math.B699.CRTStage0Pair25.Chunk013.cellA108B23_check' depends on axioms: [propext]
'Math.B699.CRTStage0Pair25.Chunk013.cellA108B24_check' depends on axioms: [propext]
'Math.B699.CRTStage0Pair25.Chunk013.cellA108B25_check' depends on axioms: [propext]
'Math.B699.CRTStage0Pair25.Chunk013.cellA108B26_check' depends on axioms: [propext]
'Math.B699.CRTStage0Pair25.Chunk013.cellA108B27_check' depends on axioms: [propext]
'Math.B699.CRTStage0Pair25.Chunk013.cellA108B28_check' depends on axioms: [propext]
'Math.B699.CRTStage0Pair25.Chunk013.cellA108B29_check' depends on axioms: [propext]
'Math.B699.CRTStage0Pair25.Chunk013.cellA108B30_check' depends on axioms: [propext]
'Math.B699.CRTStage0Pair25.Chunk013.cellA108B31_check' depends on axioms: [propext]
'Math.B699.CRTStage0Pair25.Chunk013.cellA108B32_check' depends on axioms: [propext]
'Math.B699.CRTStage0Pair25.Chunk013.cellA108B33_check' depends on axioms: [propext]
'Math.B699.CRTStage0Pair25.Chunk013.cellA108B34_check' depends on axioms: [propext]
'Math.B699.CRTStage0Pair25.Chunk013.cellA108B35_check' depends on axioms: [propext]
'Math.B699.CRTStage0Pair25.Chunk013.cellA108B36_check' depends on axioms: [propext]
'Math.B699.CRTStage0Pair25.Chunk013.cellA108B37_check' depends on axioms: [propext]
'Math.B699.CRTStage0Pair25.Chunk013.cellA108B38_check' depends on axioms: [propext]
'Math.B699.CRTStage0Pair25.Chunk013.cellA108B39_check' depends on axioms: [propext]
'Math.B699.CRTStage0Pair25.Chunk013.cellA108B40_check' depends on axioms: [propext]
'Math.B699.CRTStage0Pair25.Chunk013.cellA108B41_check' depends on axioms: [propext]
'Math.B699.CRTStage0Pair25.Chunk013.cellA108B42_check' depends on axioms: [propext]
'Math.B699.CRTStage0Pair25.Chunk013.cellA108B43_check' depends on axioms: [propext]
'Math.B699.CRTStage0Pair25.Chunk013.cellA108B44_check' depends on axioms: [propext]
'Math.B699.CRTStage0Pair25.Chunk013.cellA108B45_check' depends on axioms: [propext]
'Math.B699.CRTStage0Pair25.Chunk013.cellA108B46_check' depends on axioms: [propext]
'Math.B699.CRTStage0Pair25.Chunk013.rowA108_cell_check' depends on axioms: [propext]
'Math.B699.CRTStage0Pair25.Chunk013.rowA108_block_check' depends on axioms: [propext, Quot.sound]
