# command: LEAN -j1 -M1536 -DautoImplicit=false -DrelaxedAutoImplicit=false --root=PROJECT_ROOT -o .tools/20260911-low-index-lean-513dc7cc/20260912T032703404973Z/olean/research/tasks/B699-Binomial/runs/20260911-low-index-lean-513dc7cc/lean/CrtStage0Pair35/Cells000P1.olean research/tasks/B699-Binomial/runs/20260911-low-index-lean-513dc7cc/lean/CrtStage0Pair35/Cells000P1.lean
# cwd: PROJECT_ROOT
# started_utc: 2026-09-12T03:28:03.663566Z
# finished_utc: 2026-09-12T03:28:15.892463Z
# exit_code: 0
# timed_out: False
'Math.B699.CRTStage0Pair35.Chunk000.cellA3B1_check' depends on axioms: [propext]
'Math.B699.CRTStage0Pair35.Chunk000.cellA3B2_check' depends on axioms: [propext]
'Math.B699.CRTStage0Pair35.Chunk000.cellA3B3_check' depends on axioms: [propext]
'Math.B699.CRTStage0Pair35.Chunk000.cellA3B4_check' depends on axioms: [propext]
'Math.B699.CRTStage0Pair35.Chunk000.cellA3B5_check' depends on axioms: [propext]
'Math.B699.CRTStage0Pair35.Chunk000.cellA3B6_check' depends on axioms: [propext]
'Math.B699.CRTStage0Pair35.Chunk000.cellA3B7_check' depends on axioms: [propext]
'Math.B699.CRTStage0Pair35.Chunk000.cellA3B8_check' depends on axioms: [propext]
'Math.B699.CRTStage0Pair35.Chunk000.cellA3B9_check' depends on axioms: [propext]
'Math.B699.CRTStage0Pair35.Chunk000.cellA3B10_check' depends on axioms: [propext]
'Math.B699.CRTStage0Pair35.Chunk000.cellA3B11_check' depends on axioms: [propext]
'Math.B699.CRTStage0Pair35.Chunk000.cellA3B12_check' depends on axioms: [propext]
'Math.B699.CRTStage0Pair35.Chunk000.cellA3B13_check' depends on axioms: [propext]
'Math.B699.CRTStage0Pair35.Chunk000.cellA3B14_check' depends on axioms: [propext]
'Math.B699.CRTStage0Pair35.Chunk000.cellA3B15_check' depends on axioms: [propext]
'Math.B699.CRTStage0Pair35.Chunk000.cellA3B16_check' depends on axioms: [propext]
'Math.B699.CRTStage0Pair35.Chunk000.cellA3B17_check' depends on axioms: [propext]
'Math.B699.CRTStage0Pair35.Chunk000.cellA3B18_check' depends on axioms: [propext]
'Math.B699.CRTStage0Pair35.Chunk000.cellA3B19_check' depends on axioms: [propext]
'Math.B699.CRTStage0Pair35.Chunk000.cellA3B20_check' depends on axioms: [propext]
'Math.B699.CRTStage0Pair35.Chunk000.cellA3B21_check' depends on axioms: [propext]
'Math.B699.CRTStage0Pair35.Chunk000.cellA3B22_check' depends on axioms: [propext]
'Math.B699.CRTStage0Pair35.Chunk000.cellA3B23_check' depends on axioms: [propext]
'Math.B699.CRTStage0Pair35.Chunk000.cellA3B24_check' depends on axioms: [propext]
'Math.B699.CRTStage0Pair35.Chunk000.cellA3B25_check' depends on axioms: [propext]
'Math.B699.CRTStage0Pair35.Chunk000.cellA3B26_check' depends on axioms: [propext]
'Math.B699.CRTStage0Pair35.Chunk000.cellA3B27_check' depends on axioms: [propext]
'Math.B699.CRTStage0Pair35.Chunk000.cellA3B28_check' depends on axioms: [propext]
'Math.B699.CRTStage0Pair35.Chunk000.cellA3B29_check' depends on axioms: [propext]
'Math.B699.CRTStage0Pair35.Chunk000.cellA3B30_check' depends on axioms: [propext]
'Math.B699.CRTStage0Pair35.Chunk000.cellA3B31_check' depends on axioms: [propext]
'Math.B699.CRTStage0Pair35.Chunk000.cellA3B32_check' depends on axioms: [propext]
'Math.B699.CRTStage0Pair35.Chunk000.cellA3B33_check' depends on axioms: [propext]
'Math.B699.CRTStage0Pair35.Chunk000.cellA3B34_check' depends on axioms: [propext]
'Math.B699.CRTStage0Pair35.Chunk000.cellA3B35_check' depends on axioms: [propext]
'Math.B699.CRTStage0Pair35.Chunk000.cellA3B36_check' depends on axioms: [propext]
'Math.B699.CRTStage0Pair35.Chunk000.cellA3B37_check' depends on axioms: [propext]
'Math.B699.CRTStage0Pair35.Chunk000.cellA3B38_check' depends on axioms: [propext]
'Math.B699.CRTStage0Pair35.Chunk000.cellA3B39_check' depends on axioms: [propext]
'Math.B699.CRTStage0Pair35.Chunk000.cellA3B40_check' depends on axioms: [propext]
'Math.B699.CRTStage0Pair35.Chunk000.cellA3B41_check' depends on axioms: [propext]
'Math.B699.CRTStage0Pair35.Chunk000.cellA3B42_check' depends on axioms: [propext]
'Math.B699.CRTStage0Pair35.Chunk000.cellA3B43_check' depends on axioms: [propext]
'Math.B699.CRTStage0Pair35.Chunk000.cellA3B44_check' depends on axioms: [propext]
'Math.B699.CRTStage0Pair35.Chunk000.cellA3B45_check' depends on axioms: [propext]
'Math.B699.CRTStage0Pair35.Chunk000.cellA3B46_check' depends on axioms: [propext]
'Math.B699.CRTStage0Pair35.Chunk000.rowA3_cell_check' depends on axioms: [propext]
'Math.B699.CRTStage0Pair35.Chunk000.rowA3_block_check' depends on axioms: [propext, Quot.sound]
'Math.B699.CRTStage0Pair35.Chunk000.cellA4B1_check' depends on axioms: [propext]
'Math.B699.CRTStage0Pair35.Chunk000.cellA4B2_check' depends on axioms: [propext]
'Math.B699.CRTStage0Pair35.Chunk000.cellA4B3_check' depends on axioms: [propext]
'Math.B699.CRTStage0Pair35.Chunk000.cellA4B4_check' depends on axioms: [propext]
'Math.B699.CRTStage0Pair35.Chunk000.cellA4B5_check' depends on axioms: [propext]
'Math.B699.CRTStage0Pair35.Chunk000.cellA4B6_check' depends on axioms: [propext]
'Math.B699.CRTStage0Pair35.Chunk000.cellA4B7_check' depends on axioms: [propext]
'Math.B699.CRTStage0Pair35.Chunk000.cellA4B8_check' depends on axioms: [propext]
'Math.B699.CRTStage0Pair35.Chunk000.cellA4B9_check' depends on axioms: [propext]
'Math.B699.CRTStage0Pair35.Chunk000.cellA4B10_check' depends on axioms: [propext]
'Math.B699.CRTStage0Pair35.Chunk000.cellA4B11_check' depends on axioms: [propext]
'Math.B699.CRTStage0Pair35.Chunk000.cellA4B12_check' depends on axioms: [propext]
'Math.B699.CRTStage0Pair35.Chunk000.cellA4B13_check' depends on axioms: [propext]
'Math.B699.CRTStage0Pair35.Chunk000.cellA4B14_check' depends on axioms: [propext]
'Math.B699.CRTStage0Pair35.Chunk000.cellA4B15_check' depends on axioms: [propext]
'Math.B699.CRTStage0Pair35.Chunk000.cellA4B16_check' depends on axioms: [propext]
'Math.B699.CRTStage0Pair35.Chunk000.cellA4B17_check' depends on axioms: [propext]
'Math.B699.CRTStage0Pair35.Chunk000.cellA4B18_check' depends on axioms: [propext]
'Math.B699.CRTStage0Pair35.Chunk000.cellA4B19_check' depends on axioms: [propext]
'Math.B699.CRTStage0Pair35.Chunk000.cellA4B20_check' depends on axioms: [propext]
'Math.B699.CRTStage0Pair35.Chunk000.cellA4B21_check' depends on axioms: [propext]
'Math.B699.CRTStage0Pair35.Chunk000.cellA4B22_check' depends on axioms: [propext]
'Math.B699.CRTStage0Pair35.Chunk000.cellA4B23_check' depends on axioms: [propext]
'Math.B699.CRTStage0Pair35.Chunk000.cellA4B24_check' depends on axioms: [propext]
'Math.B699.CRTStage0Pair35.Chunk000.cellA4B25_check' depends on axioms: [propext]
'Math.B699.CRTStage0Pair35.Chunk000.cellA4B26_check' depends on axioms: [propext]
'Math.B699.CRTStage0Pair35.Chunk000.cellA4B27_check' depends on axioms: [propext]
'Math.B699.CRTStage0Pair35.Chunk000.cellA4B28_check' depends on axioms: [propext]
'Math.B699.CRTStage0Pair35.Chunk000.cellA4B29_check' depends on axioms: [propext]
'Math.B699.CRTStage0Pair35.Chunk000.cellA4B30_check' depends on axioms: [propext]
'Math.B699.CRTStage0Pair35.Chunk000.cellA4B31_check' depends on axioms: [propext]
'Math.B699.CRTStage0Pair35.Chunk000.cellA4B32_check' depends on axioms: [propext]
'Math.B699.CRTStage0Pair35.Chunk000.cellA4B33_check' depends on axioms: [propext]
'Math.B699.CRTStage0Pair35.Chunk000.cellA4B34_check' depends on axioms: [propext]
'Math.B699.CRTStage0Pair35.Chunk000.cellA4B35_check' depends on axioms: [propext]
'Math.B699.CRTStage0Pair35.Chunk000.cellA4B36_check' depends on axioms: [propext]
'Math.B699.CRTStage0Pair35.Chunk000.cellA4B37_check' depends on axioms: [propext]
'Math.B699.CRTStage0Pair35.Chunk000.cellA4B38_check' depends on axioms: [propext]
'Math.B699.CRTStage0Pair35.Chunk000.cellA4B39_check' depends on axioms: [propext]
'Math.B699.CRTStage0Pair35.Chunk000.cellA4B40_check' depends on axioms: [propext]
'Math.B699.CRTStage0Pair35.Chunk000.cellA4B41_check' depends on axioms: [propext]
'Math.B699.CRTStage0Pair35.Chunk000.cellA4B42_check' depends on axioms: [propext]
'Math.B699.CRTStage0Pair35.Chunk000.cellA4B43_check' depends on axioms: [propext]
'Math.B699.CRTStage0Pair35.Chunk000.cellA4B44_check' depends on axioms: [propext]
'Math.B699.CRTStage0Pair35.Chunk000.cellA4B45_check' depends on axioms: [propext]
'Math.B699.CRTStage0Pair35.Chunk000.cellA4B46_check' depends on axioms: [propext]
'Math.B699.CRTStage0Pair35.Chunk000.rowA4_cell_check' depends on axioms: [propext]
'Math.B699.CRTStage0Pair35.Chunk000.rowA4_block_check' depends on axioms: [propext, Quot.sound]
