# command: LEAN -j1 -M1536 -DautoImplicit=false -DrelaxedAutoImplicit=false --root=PROJECT_ROOT -o .tools/20260911-low-index-lean-513dc7cc/20260912T032703404973Z/olean/research/tasks/B699-Binomial/runs/20260911-low-index-lean-513dc7cc/lean/CrtStage0Pair35/Cells002P1.olean research/tasks/B699-Binomial/runs/20260911-low-index-lean-513dc7cc/lean/CrtStage0Pair35/Cells002P1.lean
# cwd: PROJECT_ROOT
# started_utc: 2026-09-12T03:30:24.821713Z
# finished_utc: 2026-09-12T03:30:36.989971Z
# exit_code: 0
# timed_out: False
'Math.B699.CRTStage0Pair35.Chunk002.cellA19B1_check' depends on axioms: [propext]
'Math.B699.CRTStage0Pair35.Chunk002.cellA19B2_check' depends on axioms: [propext]
'Math.B699.CRTStage0Pair35.Chunk002.cellA19B3_check' depends on axioms: [propext]
'Math.B699.CRTStage0Pair35.Chunk002.cellA19B4_check' depends on axioms: [propext]
'Math.B699.CRTStage0Pair35.Chunk002.cellA19B5_check' depends on axioms: [propext]
'Math.B699.CRTStage0Pair35.Chunk002.cellA19B6_check' depends on axioms: [propext]
'Math.B699.CRTStage0Pair35.Chunk002.cellA19B7_check' depends on axioms: [propext]
'Math.B699.CRTStage0Pair35.Chunk002.cellA19B8_check' depends on axioms: [propext]
'Math.B699.CRTStage0Pair35.Chunk002.cellA19B9_check' depends on axioms: [propext]
'Math.B699.CRTStage0Pair35.Chunk002.cellA19B10_check' depends on axioms: [propext]
'Math.B699.CRTStage0Pair35.Chunk002.cellA19B11_check' depends on axioms: [propext]
'Math.B699.CRTStage0Pair35.Chunk002.cellA19B12_check' depends on axioms: [propext]
'Math.B699.CRTStage0Pair35.Chunk002.cellA19B13_check' depends on axioms: [propext]
'Math.B699.CRTStage0Pair35.Chunk002.cellA19B14_check' depends on axioms: [propext]
'Math.B699.CRTStage0Pair35.Chunk002.cellA19B15_check' depends on axioms: [propext]
'Math.B699.CRTStage0Pair35.Chunk002.cellA19B16_check' depends on axioms: [propext]
'Math.B699.CRTStage0Pair35.Chunk002.cellA19B17_check' depends on axioms: [propext]
'Math.B699.CRTStage0Pair35.Chunk002.cellA19B18_check' depends on axioms: [propext]
'Math.B699.CRTStage0Pair35.Chunk002.cellA19B19_check' depends on axioms: [propext]
'Math.B699.CRTStage0Pair35.Chunk002.cellA19B20_check' depends on axioms: [propext]
'Math.B699.CRTStage0Pair35.Chunk002.cellA19B21_check' depends on axioms: [propext]
'Math.B699.CRTStage0Pair35.Chunk002.cellA19B22_check' depends on axioms: [propext]
'Math.B699.CRTStage0Pair35.Chunk002.cellA19B23_check' depends on axioms: [propext]
'Math.B699.CRTStage0Pair35.Chunk002.cellA19B24_check' depends on axioms: [propext]
'Math.B699.CRTStage0Pair35.Chunk002.cellA19B25_check' depends on axioms: [propext]
'Math.B699.CRTStage0Pair35.Chunk002.cellA19B26_check' depends on axioms: [propext]
'Math.B699.CRTStage0Pair35.Chunk002.cellA19B27_check' depends on axioms: [propext]
'Math.B699.CRTStage0Pair35.Chunk002.cellA19B28_check' depends on axioms: [propext]
'Math.B699.CRTStage0Pair35.Chunk002.cellA19B29_check' depends on axioms: [propext]
'Math.B699.CRTStage0Pair35.Chunk002.cellA19B30_check' depends on axioms: [propext]
'Math.B699.CRTStage0Pair35.Chunk002.cellA19B31_check' depends on axioms: [propext]
'Math.B699.CRTStage0Pair35.Chunk002.cellA19B32_check' depends on axioms: [propext]
'Math.B699.CRTStage0Pair35.Chunk002.cellA19B33_check' depends on axioms: [propext]
'Math.B699.CRTStage0Pair35.Chunk002.cellA19B34_check' depends on axioms: [propext]
'Math.B699.CRTStage0Pair35.Chunk002.cellA19B35_check' depends on axioms: [propext]
'Math.B699.CRTStage0Pair35.Chunk002.cellA19B36_check' depends on axioms: [propext]
'Math.B699.CRTStage0Pair35.Chunk002.cellA19B37_check' depends on axioms: [propext]
'Math.B699.CRTStage0Pair35.Chunk002.cellA19B38_check' depends on axioms: [propext]
'Math.B699.CRTStage0Pair35.Chunk002.cellA19B39_check' depends on axioms: [propext]
'Math.B699.CRTStage0Pair35.Chunk002.cellA19B40_check' depends on axioms: [propext]
'Math.B699.CRTStage0Pair35.Chunk002.cellA19B41_check' depends on axioms: [propext]
'Math.B699.CRTStage0Pair35.Chunk002.cellA19B42_check' depends on axioms: [propext]
'Math.B699.CRTStage0Pair35.Chunk002.cellA19B43_check' depends on axioms: [propext]
'Math.B699.CRTStage0Pair35.Chunk002.cellA19B44_check' depends on axioms: [propext]
'Math.B699.CRTStage0Pair35.Chunk002.cellA19B45_check' depends on axioms: [propext]
'Math.B699.CRTStage0Pair35.Chunk002.cellA19B46_check' depends on axioms: [propext]
'Math.B699.CRTStage0Pair35.Chunk002.rowA19_cell_check' depends on axioms: [propext]
'Math.B699.CRTStage0Pair35.Chunk002.rowA19_block_check' depends on axioms: [propext, Quot.sound]
'Math.B699.CRTStage0Pair35.Chunk002.cellA20B1_check' depends on axioms: [propext]
'Math.B699.CRTStage0Pair35.Chunk002.cellA20B2_check' depends on axioms: [propext]
'Math.B699.CRTStage0Pair35.Chunk002.cellA20B3_check' depends on axioms: [propext]
'Math.B699.CRTStage0Pair35.Chunk002.cellA20B4_check' depends on axioms: [propext]
'Math.B699.CRTStage0Pair35.Chunk002.cellA20B5_check' depends on axioms: [propext]
'Math.B699.CRTStage0Pair35.Chunk002.cellA20B6_check' depends on axioms: [propext]
'Math.B699.CRTStage0Pair35.Chunk002.cellA20B7_check' depends on axioms: [propext]
'Math.B699.CRTStage0Pair35.Chunk002.cellA20B8_check' depends on axioms: [propext]
'Math.B699.CRTStage0Pair35.Chunk002.cellA20B9_check' depends on axioms: [propext]
'Math.B699.CRTStage0Pair35.Chunk002.cellA20B10_check' depends on axioms: [propext]
'Math.B699.CRTStage0Pair35.Chunk002.cellA20B11_check' depends on axioms: [propext]
'Math.B699.CRTStage0Pair35.Chunk002.cellA20B12_check' depends on axioms: [propext]
'Math.B699.CRTStage0Pair35.Chunk002.cellA20B13_check' depends on axioms: [propext]
'Math.B699.CRTStage0Pair35.Chunk002.cellA20B14_check' depends on axioms: [propext]
'Math.B699.CRTStage0Pair35.Chunk002.cellA20B15_check' depends on axioms: [propext]
'Math.B699.CRTStage0Pair35.Chunk002.cellA20B16_check' depends on axioms: [propext]
'Math.B699.CRTStage0Pair35.Chunk002.cellA20B17_check' depends on axioms: [propext]
'Math.B699.CRTStage0Pair35.Chunk002.cellA20B18_check' depends on axioms: [propext]
'Math.B699.CRTStage0Pair35.Chunk002.cellA20B19_check' depends on axioms: [propext]
'Math.B699.CRTStage0Pair35.Chunk002.cellA20B20_check' depends on axioms: [propext]
'Math.B699.CRTStage0Pair35.Chunk002.cellA20B21_check' depends on axioms: [propext]
'Math.B699.CRTStage0Pair35.Chunk002.cellA20B22_check' depends on axioms: [propext]
'Math.B699.CRTStage0Pair35.Chunk002.cellA20B23_check' depends on axioms: [propext]
'Math.B699.CRTStage0Pair35.Chunk002.cellA20B24_check' depends on axioms: [propext]
'Math.B699.CRTStage0Pair35.Chunk002.cellA20B25_check' depends on axioms: [propext]
'Math.B699.CRTStage0Pair35.Chunk002.cellA20B26_check' depends on axioms: [propext]
'Math.B699.CRTStage0Pair35.Chunk002.cellA20B27_check' depends on axioms: [propext]
'Math.B699.CRTStage0Pair35.Chunk002.cellA20B28_check' depends on axioms: [propext]
'Math.B699.CRTStage0Pair35.Chunk002.cellA20B29_check' depends on axioms: [propext]
'Math.B699.CRTStage0Pair35.Chunk002.cellA20B30_check' depends on axioms: [propext]
'Math.B699.CRTStage0Pair35.Chunk002.cellA20B31_check' depends on axioms: [propext]
'Math.B699.CRTStage0Pair35.Chunk002.cellA20B32_check' depends on axioms: [propext]
'Math.B699.CRTStage0Pair35.Chunk002.cellA20B33_check' depends on axioms: [propext]
'Math.B699.CRTStage0Pair35.Chunk002.cellA20B34_check' depends on axioms: [propext]
'Math.B699.CRTStage0Pair35.Chunk002.cellA20B35_check' depends on axioms: [propext]
'Math.B699.CRTStage0Pair35.Chunk002.cellA20B36_check' depends on axioms: [propext]
'Math.B699.CRTStage0Pair35.Chunk002.cellA20B37_check' depends on axioms: [propext]
'Math.B699.CRTStage0Pair35.Chunk002.cellA20B38_check' depends on axioms: [propext]
'Math.B699.CRTStage0Pair35.Chunk002.cellA20B39_check' depends on axioms: [propext]
'Math.B699.CRTStage0Pair35.Chunk002.cellA20B40_check' depends on axioms: [propext]
'Math.B699.CRTStage0Pair35.Chunk002.cellA20B41_check' depends on axioms: [propext]
'Math.B699.CRTStage0Pair35.Chunk002.cellA20B42_check' depends on axioms: [propext]
'Math.B699.CRTStage0Pair35.Chunk002.cellA20B43_check' depends on axioms: [propext]
'Math.B699.CRTStage0Pair35.Chunk002.cellA20B44_check' depends on axioms: [propext]
'Math.B699.CRTStage0Pair35.Chunk002.cellA20B45_check' depends on axioms: [propext]
'Math.B699.CRTStage0Pair35.Chunk002.cellA20B46_check' depends on axioms: [propext]
'Math.B699.CRTStage0Pair35.Chunk002.rowA20_cell_check' depends on axioms: [propext]
'Math.B699.CRTStage0Pair35.Chunk002.rowA20_block_check' depends on axioms: [propext, Quot.sound]
