exact project closure files: 410
Math/B699/CofactorCriterion.lean
research/tasks/B699-Binomial/runs/20260909-large-prime-structure-cb4764f0/lean/GapBridge.lean
research/tasks/B699-Binomial/runs/20260908-external-reductions-b3c1b7/lean/DivisorTransfer.lean
research/tasks/B699-Binomial/runs/20260909-large-prime-structure-cb4764f0/lean/PrimePowerTransfer.lean
research/tasks/B699-Binomial/runs/20260909-large-prime-structure-cb4764f0/lean/SmallPartBound.lean
research/tasks/B699-Binomial/runs/20260909-low-index-structure-b41a5a63/lean/ThreeWindowWeights.lean
research/tasks/B699-Binomial/runs/20260909-low-index-structure-b41a5a63/lean/ThreeWindowSize.lean
research/tasks/B699-Binomial/runs/20260909-low-index-structure-b41a5a63/lean/LargeDivisorWitness.lean
research/tasks/B699-Binomial/runs/20260909-low-index-structure-b41a5a63/lean/IntervalCover.lean
research/tasks/B699-Binomial/runs/20260911-low-index-lean-513dc7cc/lean/I11Terminal/Special330.lean
research/tasks/B699-Binomial/runs/20260911-low-index-lean-513dc7cc/lean/I11TerminalCover/Witness.lean
research/tasks/B699-Binomial/runs/20260911-low-index-lean-513dc7cc/lean/I11TerminalCover/Cover.lean
research/tasks/B699-Binomial/runs/20260911-low-index-lean-513dc7cc/lean/I11TerminalCover/Append.lean
research/tasks/B699-Binomial/runs/20260911-low-index-lean-513dc7cc/lean/I11TerminalCandidateCoverage/Generic.lean
research/tasks/B699-Binomial/runs/20260909-low-index-structure-b41a5a63/lean/TrialPrimeCheck.lean
research/tasks/B699-Binomial/runs/20260911-low-index-lean-513dc7cc/lean/WitnessBridge.lean
research/tasks/B699-Binomial/runs/20260911-low-index-lean-513dc7cc/lean/I11TerminalData/Chunk000.lean
research/tasks/B699-Binomial/runs/20260911-low-index-lean-513dc7cc/lean/I11TerminalCandidateCoverage/FirstParts/P000.lean
research/tasks/B699-Binomial/runs/20260911-low-index-lean-513dc7cc/lean/I11TerminalData/Chunk001.lean
research/tasks/B699-Binomial/runs/20260911-low-index-lean-513dc7cc/lean/I11TerminalCandidateCoverage/FirstParts/P001.lean
research/tasks/B699-Binomial/runs/20260911-low-index-lean-513dc7cc/lean/I11TerminalData/Chunk002.lean
research/tasks/B699-Binomial/runs/20260911-low-index-lean-513dc7cc/lean/I11TerminalCandidateCoverage/FirstParts/P002.lean
research/tasks/B699-Binomial/runs/20260911-low-index-lean-513dc7cc/lean/I11TerminalData/Chunk003.lean
research/tasks/B699-Binomial/runs/20260911-low-index-lean-513dc7cc/lean/I11TerminalCandidateCoverage/FirstParts/P003.lean
research/tasks/B699-Binomial/runs/20260911-low-index-lean-513dc7cc/lean/I11TerminalData/Chunk004.lean
research/tasks/B699-Binomial/runs/20260911-low-index-lean-513dc7cc/lean/I11TerminalCandidateCoverage/FirstParts/P004.lean
research/tasks/B699-Binomial/runs/20260911-low-index-lean-513dc7cc/lean/I11TerminalData/Chunk005.lean
research/tasks/B699-Binomial/runs/20260911-low-index-lean-513dc7cc/lean/I11TerminalCandidateCoverage/FirstParts/P005.lean
research/tasks/B699-Binomial/runs/20260911-low-index-lean-513dc7cc/lean/I11TerminalData/Chunk006.lean
research/tasks/B699-Binomial/runs/20260911-low-index-lean-513dc7cc/lean/I11TerminalCandidateCoverage/FirstParts/P006.lean
research/tasks/B699-Binomial/runs/20260911-low-index-lean-513dc7cc/lean/I11TerminalData/Chunk007.lean
research/tasks/B699-Binomial/runs/20260911-low-index-lean-513dc7cc/lean/I11TerminalCandidateCoverage/FirstParts/P007.lean
research/tasks/B699-Binomial/runs/20260911-low-index-lean-513dc7cc/lean/I11TerminalData/Chunk008.lean
research/tasks/B699-Binomial/runs/20260911-low-index-lean-513dc7cc/lean/I11TerminalCandidateCoverage/FirstParts/P008.lean
research/tasks/B699-Binomial/runs/20260911-low-index-lean-513dc7cc/lean/I11TerminalData/Chunk009.lean
research/tasks/B699-Binomial/runs/20260911-low-index-lean-513dc7cc/lean/I11TerminalCandidateCoverage/FirstParts/P009.lean
research/tasks/B699-Binomial/runs/20260911-low-index-lean-513dc7cc/lean/I11TerminalData/Chunk010.lean
research/tasks/B699-Binomial/runs/20260911-low-index-lean-513dc7cc/lean/I11TerminalCandidateCoverage/FirstParts/P010.lean
research/tasks/B699-Binomial/runs/20260911-low-index-lean-513dc7cc/lean/I11TerminalData/Chunk011.lean
research/tasks/B699-Binomial/runs/20260911-low-index-lean-513dc7cc/lean/I11TerminalCandidateCoverage/FirstParts/P011.lean
research/tasks/B699-Binomial/runs/20260911-low-index-lean-513dc7cc/lean/I11TerminalData/Chunk012.lean
research/tasks/B699-Binomial/runs/20260911-low-index-lean-513dc7cc/lean/I11TerminalCandidateCoverage/FirstParts/P012.lean
research/tasks/B699-Binomial/runs/20260911-low-index-lean-513dc7cc/lean/I11TerminalData/Chunk013.lean
research/tasks/B699-Binomial/runs/20260911-low-index-lean-513dc7cc/lean/I11TerminalCandidateCoverage/FirstParts/P013.lean
research/tasks/B699-Binomial/runs/20260911-low-index-lean-513dc7cc/lean/I11TerminalData/Chunk014.lean
research/tasks/B699-Binomial/runs/20260911-low-index-lean-513dc7cc/lean/I11TerminalCandidateCoverage/FirstParts/P014.lean
research/tasks/B699-Binomial/runs/20260911-low-index-lean-513dc7cc/lean/I11TerminalData/Chunk015.lean
research/tasks/B699-Binomial/runs/20260911-low-index-lean-513dc7cc/lean/I11TerminalCandidateCoverage/FirstParts/P015.lean
research/tasks/B699-Binomial/runs/20260911-low-index-lean-513dc7cc/lean/I11TerminalData/Chunk016.lean
research/tasks/B699-Binomial/runs/20260911-low-index-lean-513dc7cc/lean/I11TerminalCandidateCoverage/FirstParts/P016.lean
research/tasks/B699-Binomial/runs/20260911-low-index-lean-513dc7cc/lean/I11TerminalData/Chunk017.lean
research/tasks/B699-Binomial/runs/20260911-low-index-lean-513dc7cc/lean/I11TerminalCandidateCoverage/FirstParts/P017.lean
research/tasks/B699-Binomial/runs/20260911-low-index-lean-513dc7cc/lean/I11TerminalData/Chunk018.lean
research/tasks/B699-Binomial/runs/20260911-low-index-lean-513dc7cc/lean/I11TerminalCandidateCoverage/FirstParts/P018.lean
research/tasks/B699-Binomial/runs/20260911-low-index-lean-513dc7cc/lean/I11TerminalData/Chunk019.lean
research/tasks/B699-Binomial/runs/20260911-low-index-lean-513dc7cc/lean/I11TerminalCandidateCoverage/FirstParts/P019.lean
research/tasks/B699-Binomial/runs/20260911-low-index-lean-513dc7cc/lean/I11TerminalData/Chunk020.lean
research/tasks/B699-Binomial/runs/20260911-low-index-lean-513dc7cc/lean/I11TerminalCandidateCoverage/FirstParts/P020.lean
research/tasks/B699-Binomial/runs/20260911-low-index-lean-513dc7cc/lean/I11TerminalData/Chunk021.lean
research/tasks/B699-Binomial/runs/20260911-low-index-lean-513dc7cc/lean/I11TerminalCandidateCoverage/FirstParts/P021.lean
research/tasks/B699-Binomial/runs/20260911-low-index-lean-513dc7cc/lean/I11TerminalData/Chunk022.lean
research/tasks/B699-Binomial/runs/20260911-low-index-lean-513dc7cc/lean/I11TerminalCandidateCoverage/FirstParts/P022.lean
research/tasks/B699-Binomial/runs/20260911-low-index-lean-513dc7cc/lean/I11TerminalData/Chunk023.lean
research/tasks/B699-Binomial/runs/20260911-low-index-lean-513dc7cc/lean/I11TerminalCandidateCoverage/FirstParts/P023.lean
research/tasks/B699-Binomial/runs/20260911-low-index-lean-513dc7cc/lean/I11TerminalData/Chunk024.lean
research/tasks/B699-Binomial/runs/20260911-low-index-lean-513dc7cc/lean/I11TerminalCandidateCoverage/FirstParts/P024.lean
research/tasks/B699-Binomial/runs/20260911-low-index-lean-513dc7cc/lean/I11TerminalData/Chunk025.lean
research/tasks/B699-Binomial/runs/20260911-low-index-lean-513dc7cc/lean/I11TerminalCandidateCoverage/FirstParts/P025.lean
research/tasks/B699-Binomial/runs/20260911-low-index-lean-513dc7cc/lean/I11TerminalData/Chunk026.lean
research/tasks/B699-Binomial/runs/20260911-low-index-lean-513dc7cc/lean/I11TerminalCandidateCoverage/FirstParts/P026.lean
research/tasks/B699-Binomial/runs/20260911-low-index-lean-513dc7cc/lean/I11TerminalData/Chunk027.lean
research/tasks/B699-Binomial/runs/20260911-low-index-lean-513dc7cc/lean/I11TerminalCandidateCoverage/FirstParts/P027.lean
research/tasks/B699-Binomial/runs/20260911-low-index-lean-513dc7cc/lean/I11TerminalData/Chunk028.lean
research/tasks/B699-Binomial/runs/20260911-low-index-lean-513dc7cc/lean/I11TerminalCandidateCoverage/FirstParts/P028.lean
research/tasks/B699-Binomial/runs/20260911-low-index-lean-513dc7cc/lean/I11TerminalData/Chunk029.lean
research/tasks/B699-Binomial/runs/20260911-low-index-lean-513dc7cc/lean/I11TerminalCandidateCoverage/FirstParts/P029.lean
research/tasks/B699-Binomial/runs/20260911-low-index-lean-513dc7cc/lean/I11TerminalData/Chunk030.lean
research/tasks/B699-Binomial/runs/20260911-low-index-lean-513dc7cc/lean/I11TerminalCandidateCoverage/FirstParts/P030.lean
research/tasks/B699-Binomial/runs/20260911-low-index-lean-513dc7cc/lean/I11TerminalData/Chunk031.lean
research/tasks/B699-Binomial/runs/20260911-low-index-lean-513dc7cc/lean/I11TerminalCandidateCoverage/FirstParts/P031.lean
research/tasks/B699-Binomial/runs/20260911-low-index-lean-513dc7cc/lean/I11TerminalData/Chunk032.lean
research/tasks/B699-Binomial/runs/20260911-low-index-lean-513dc7cc/lean/I11TerminalCandidateCoverage/FirstParts/P032.lean
research/tasks/B699-Binomial/runs/20260911-low-index-lean-513dc7cc/lean/I11TerminalData/Chunk033.lean
research/tasks/B699-Binomial/runs/20260911-low-index-lean-513dc7cc/lean/I11TerminalCandidateCoverage/FirstParts/P033.lean
research/tasks/B699-Binomial/runs/20260911-low-index-lean-513dc7cc/lean/I11TerminalData/Chunk034.lean
research/tasks/B699-Binomial/runs/20260911-low-index-lean-513dc7cc/lean/I11TerminalCandidateCoverage/FirstParts/P034.lean
research/tasks/B699-Binomial/runs/20260911-low-index-lean-513dc7cc/lean/I11TerminalData/Chunk035.lean
research/tasks/B699-Binomial/runs/20260911-low-index-lean-513dc7cc/lean/I11TerminalCandidateCoverage/FirstParts/P035.lean
research/tasks/B699-Binomial/runs/20260911-low-index-lean-513dc7cc/lean/I11TerminalData/Chunk036.lean
research/tasks/B699-Binomial/runs/20260911-low-index-lean-513dc7cc/lean/I11TerminalCandidateCoverage/FirstParts/P036.lean
research/tasks/B699-Binomial/runs/20260911-low-index-lean-513dc7cc/lean/I11TerminalData/Chunk037.lean
research/tasks/B699-Binomial/runs/20260911-low-index-lean-513dc7cc/lean/I11TerminalCandidateCoverage/FirstParts/P037.lean
research/tasks/B699-Binomial/runs/20260911-low-index-lean-513dc7cc/lean/I11TerminalData/Chunk038.lean
research/tasks/B699-Binomial/runs/20260911-low-index-lean-513dc7cc/lean/I11TerminalCandidateCoverage/FirstParts/P038.lean
research/tasks/B699-Binomial/runs/20260911-low-index-lean-513dc7cc/lean/I11TerminalData/Chunk039.lean
research/tasks/B699-Binomial/runs/20260911-low-index-lean-513dc7cc/lean/I11TerminalCandidateCoverage/FirstParts/P039.lean
research/tasks/B699-Binomial/runs/20260911-low-index-lean-513dc7cc/lean/I11TerminalData/Chunk040.lean
research/tasks/B699-Binomial/runs/20260911-low-index-lean-513dc7cc/lean/I11TerminalCandidateCoverage/FirstParts/P040.lean
research/tasks/B699-Binomial/runs/20260911-low-index-lean-513dc7cc/lean/I11TerminalData/Chunk041.lean
research/tasks/B699-Binomial/runs/20260911-low-index-lean-513dc7cc/lean/I11TerminalCandidateCoverage/FirstParts/P041.lean
research/tasks/B699-Binomial/runs/20260911-low-index-lean-513dc7cc/lean/I11TerminalData/Chunk042.lean
research/tasks/B699-Binomial/runs/20260911-low-index-lean-513dc7cc/lean/I11TerminalCandidateCoverage/FirstParts/P042.lean
research/tasks/B699-Binomial/runs/20260911-low-index-lean-513dc7cc/lean/I11TerminalData/Chunk043.lean
research/tasks/B699-Binomial/runs/20260911-low-index-lean-513dc7cc/lean/I11TerminalCandidateCoverage/FirstParts/P043.lean
research/tasks/B699-Binomial/runs/20260911-low-index-lean-513dc7cc/lean/I11TerminalData/Chunk044.lean
research/tasks/B699-Binomial/runs/20260911-low-index-lean-513dc7cc/lean/I11TerminalCandidateCoverage/FirstParts/P044.lean
research/tasks/B699-Binomial/runs/20260911-low-index-lean-513dc7cc/lean/I11TerminalData/Chunk045.lean
research/tasks/B699-Binomial/runs/20260911-low-index-lean-513dc7cc/lean/I11TerminalCandidateCoverage/FirstParts/P045.lean
research/tasks/B699-Binomial/runs/20260911-low-index-lean-513dc7cc/lean/I11TerminalData/Chunk046.lean
research/tasks/B699-Binomial/runs/20260911-low-index-lean-513dc7cc/lean/I11TerminalCandidateCoverage/FirstParts/P046.lean
research/tasks/B699-Binomial/runs/20260911-low-index-lean-513dc7cc/lean/I11TerminalData/Chunk047.lean
research/tasks/B699-Binomial/runs/20260911-low-index-lean-513dc7cc/lean/I11TerminalCandidateCoverage/FirstParts/P047.lean
research/tasks/B699-Binomial/runs/20260911-low-index-lean-513dc7cc/lean/I11TerminalData/Chunk048.lean
research/tasks/B699-Binomial/runs/20260911-low-index-lean-513dc7cc/lean/I11TerminalCandidateCoverage/FirstParts/P048.lean
research/tasks/B699-Binomial/runs/20260911-low-index-lean-513dc7cc/lean/I11TerminalData/Chunk049.lean
research/tasks/B699-Binomial/runs/20260911-low-index-lean-513dc7cc/lean/I11TerminalCandidateCoverage/FirstParts/P049.lean
research/tasks/B699-Binomial/runs/20260911-low-index-lean-513dc7cc/lean/I11TerminalData/Chunk050.lean
research/tasks/B699-Binomial/runs/20260911-low-index-lean-513dc7cc/lean/I11TerminalCandidateCoverage/FirstParts/P050.lean
research/tasks/B699-Binomial/runs/20260911-low-index-lean-513dc7cc/lean/I11TerminalData/Chunk051.lean
research/tasks/B699-Binomial/runs/20260911-low-index-lean-513dc7cc/lean/I11TerminalCandidateCoverage/FirstParts/P051.lean
research/tasks/B699-Binomial/runs/20260911-low-index-lean-513dc7cc/lean/I11TerminalData/Chunk052.lean
research/tasks/B699-Binomial/runs/20260911-low-index-lean-513dc7cc/lean/I11TerminalCandidateCoverage/FirstParts/P052.lean
research/tasks/B699-Binomial/runs/20260911-low-index-lean-513dc7cc/lean/I11TerminalData/Chunk053.lean
research/tasks/B699-Binomial/runs/20260911-low-index-lean-513dc7cc/lean/I11TerminalCandidateCoverage/FirstParts/P053.lean
research/tasks/B699-Binomial/runs/20260911-low-index-lean-513dc7cc/lean/I11TerminalData/Chunk054.lean
research/tasks/B699-Binomial/runs/20260911-low-index-lean-513dc7cc/lean/I11TerminalCandidateCoverage/FirstParts/P054.lean
research/tasks/B699-Binomial/runs/20260911-low-index-lean-513dc7cc/lean/I11TerminalData/Chunk055.lean
research/tasks/B699-Binomial/runs/20260911-low-index-lean-513dc7cc/lean/I11TerminalCandidateCoverage/FirstParts/P055.lean
research/tasks/B699-Binomial/runs/20260911-low-index-lean-513dc7cc/lean/I11TerminalData/Chunk056.lean
research/tasks/B699-Binomial/runs/20260911-low-index-lean-513dc7cc/lean/I11TerminalCandidateCoverage/FirstParts/P056.lean
research/tasks/B699-Binomial/runs/20260911-low-index-lean-513dc7cc/lean/I11TerminalCandidateCoverage/First.lean
research/tasks/B699-Binomial/runs/20260911-low-index-lean-513dc7cc/lean/I11TerminalData/Chunk057.lean
research/tasks/B699-Binomial/runs/20260911-low-index-lean-513dc7cc/lean/I11TerminalData/Chunk058.lean
research/tasks/B699-Binomial/runs/20260911-low-index-lean-513dc7cc/lean/I11TerminalData/Chunk059.lean
research/tasks/B699-Binomial/runs/20260911-low-index-lean-513dc7cc/lean/I11TerminalData/Chunk060.lean
research/tasks/B699-Binomial/runs/20260911-low-index-lean-513dc7cc/lean/I11TerminalData/Chunk061.lean
research/tasks/B699-Binomial/runs/20260911-low-index-lean-513dc7cc/lean/I11TerminalData/Chunk062.lean
research/tasks/B699-Binomial/runs/20260911-low-index-lean-513dc7cc/lean/I11TerminalData/Chunk063.lean
research/tasks/B699-Binomial/runs/20260911-low-index-lean-513dc7cc/lean/I11TerminalData/Chunk064.lean
research/tasks/B699-Binomial/runs/20260911-low-index-lean-513dc7cc/lean/I11TerminalData/Chunk065.lean
research/tasks/B699-Binomial/runs/20260911-low-index-lean-513dc7cc/lean/I11TerminalCandidateCoverage/Groups/G000.lean
research/tasks/B699-Binomial/runs/20260911-low-index-lean-513dc7cc/lean/I11TerminalData/Chunk066.lean
research/tasks/B699-Binomial/runs/20260911-low-index-lean-513dc7cc/lean/I11TerminalData/Chunk067.lean
research/tasks/B699-Binomial/runs/20260911-low-index-lean-513dc7cc/lean/I11TerminalData/Chunk068.lean
research/tasks/B699-Binomial/runs/20260911-low-index-lean-513dc7cc/lean/I11TerminalCandidateCoverage/Groups/G001.lean
research/tasks/B699-Binomial/runs/20260911-low-index-lean-513dc7cc/lean/I11TerminalData/Chunk069.lean
research/tasks/B699-Binomial/runs/20260911-low-index-lean-513dc7cc/lean/I11TerminalData/Chunk070.lean
research/tasks/B699-Binomial/runs/20260911-low-index-lean-513dc7cc/lean/I11TerminalData/Chunk071.lean
research/tasks/B699-Binomial/runs/20260911-low-index-lean-513dc7cc/lean/I11TerminalCandidateCoverage/Groups/G002.lean
research/tasks/B699-Binomial/runs/20260911-low-index-lean-513dc7cc/lean/I11TerminalData/Chunk072.lean
research/tasks/B699-Binomial/runs/20260911-low-index-lean-513dc7cc/lean/I11TerminalData/Chunk073.lean
research/tasks/B699-Binomial/runs/20260911-low-index-lean-513dc7cc/lean/I11TerminalData/Chunk074.lean
research/tasks/B699-Binomial/runs/20260911-low-index-lean-513dc7cc/lean/I11TerminalData/Chunk075.lean
research/tasks/B699-Binomial/runs/20260911-low-index-lean-513dc7cc/lean/I11TerminalCandidateCoverage/Groups/G003.lean
research/tasks/B699-Binomial/runs/20260911-low-index-lean-513dc7cc/lean/I11TerminalData/Chunk076.lean
research/tasks/B699-Binomial/runs/20260911-low-index-lean-513dc7cc/lean/I11TerminalData/Chunk077.lean
research/tasks/B699-Binomial/runs/20260911-low-index-lean-513dc7cc/lean/I11TerminalData/Chunk078.lean
research/tasks/B699-Binomial/runs/20260911-low-index-lean-513dc7cc/lean/I11TerminalCandidateCoverage/Groups/G004.lean
research/tasks/B699-Binomial/runs/20260911-low-index-lean-513dc7cc/lean/I11TerminalData/Chunk079.lean
research/tasks/B699-Binomial/runs/20260911-low-index-lean-513dc7cc/lean/I11TerminalData/Chunk080.lean
research/tasks/B699-Binomial/runs/20260911-low-index-lean-513dc7cc/lean/I11TerminalData/Chunk081.lean
research/tasks/B699-Binomial/runs/20260911-low-index-lean-513dc7cc/lean/I11TerminalData/Chunk082.lean
research/tasks/B699-Binomial/runs/20260911-low-index-lean-513dc7cc/lean/I11TerminalCandidateCoverage/Groups/G005.lean
research/tasks/B699-Binomial/runs/20260911-low-index-lean-513dc7cc/lean/I11TerminalData/Chunk083.lean
research/tasks/B699-Binomial/runs/20260911-low-index-lean-513dc7cc/lean/I11TerminalData/Chunk084.lean
research/tasks/B699-Binomial/runs/20260911-low-index-lean-513dc7cc/lean/I11TerminalData/Chunk085.lean
research/tasks/B699-Binomial/runs/20260911-low-index-lean-513dc7cc/lean/I11TerminalData/Chunk086.lean
research/tasks/B699-Binomial/runs/20260911-low-index-lean-513dc7cc/lean/I11TerminalCandidateCoverage/Groups/G006.lean
research/tasks/B699-Binomial/runs/20260911-low-index-lean-513dc7cc/lean/I11TerminalData/Chunk087.lean
research/tasks/B699-Binomial/runs/20260911-low-index-lean-513dc7cc/lean/I11TerminalData/Chunk088.lean
research/tasks/B699-Binomial/runs/20260911-low-index-lean-513dc7cc/lean/I11TerminalCandidateCoverage/Groups/G007.lean
research/tasks/B699-Binomial/runs/20260911-low-index-lean-513dc7cc/lean/I11TerminalData/Chunk089.lean
research/tasks/B699-Binomial/runs/20260911-low-index-lean-513dc7cc/lean/I11TerminalData/Chunk090.lean
research/tasks/B699-Binomial/runs/20260911-low-index-lean-513dc7cc/lean/I11TerminalData/Chunk091.lean
research/tasks/B699-Binomial/runs/20260911-low-index-lean-513dc7cc/lean/I11TerminalCandidateCoverage/Groups/G008.lean
research/tasks/B699-Binomial/runs/20260911-low-index-lean-513dc7cc/lean/I11TerminalData/Chunk092.lean
research/tasks/B699-Binomial/runs/20260911-low-index-lean-513dc7cc/lean/I11TerminalData/Chunk093.lean
research/tasks/B699-Binomial/runs/20260911-low-index-lean-513dc7cc/lean/I11TerminalData/Chunk094.lean
research/tasks/B699-Binomial/runs/20260911-low-index-lean-513dc7cc/lean/I11TerminalData/Chunk095.lean
research/tasks/B699-Binomial/runs/20260911-low-index-lean-513dc7cc/lean/I11TerminalCandidateCoverage/Groups/G009.lean
research/tasks/B699-Binomial/runs/20260911-low-index-lean-513dc7cc/lean/I11TerminalData/Chunk096.lean
research/tasks/B699-Binomial/runs/20260911-low-index-lean-513dc7cc/lean/I11TerminalData/Chunk097.lean
research/tasks/B699-Binomial/runs/20260911-low-index-lean-513dc7cc/lean/I11TerminalData/Chunk098.lean
research/tasks/B699-Binomial/runs/20260911-low-index-lean-513dc7cc/lean/I11TerminalCandidateCoverage/Groups/G010.lean
research/tasks/B699-Binomial/runs/20260911-low-index-lean-513dc7cc/lean/I11TerminalData/Chunk099.lean
research/tasks/B699-Binomial/runs/20260911-low-index-lean-513dc7cc/lean/I11TerminalData/Chunk100.lean
research/tasks/B699-Binomial/runs/20260911-low-index-lean-513dc7cc/lean/I11TerminalData/Chunk101.lean
research/tasks/B699-Binomial/runs/20260911-low-index-lean-513dc7cc/lean/I11TerminalCandidateCoverage/Groups/G011.lean
research/tasks/B699-Binomial/runs/20260911-low-index-lean-513dc7cc/lean/I11TerminalData/Chunk102.lean
research/tasks/B699-Binomial/runs/20260911-low-index-lean-513dc7cc/lean/I11TerminalData/Chunk103.lean
research/tasks/B699-Binomial/runs/20260911-low-index-lean-513dc7cc/lean/I11TerminalData/Chunk104.lean
research/tasks/B699-Binomial/runs/20260911-low-index-lean-513dc7cc/lean/I11TerminalCandidateCoverage/Groups/G012.lean
research/tasks/B699-Binomial/runs/20260911-low-index-lean-513dc7cc/lean/I11TerminalData/Chunk105.lean
research/tasks/B699-Binomial/runs/20260911-low-index-lean-513dc7cc/lean/I11TerminalData/Chunk106.lean
research/tasks/B699-Binomial/runs/20260911-low-index-lean-513dc7cc/lean/I11TerminalData/Chunk107.lean
research/tasks/B699-Binomial/runs/20260911-low-index-lean-513dc7cc/lean/I11TerminalCandidateCoverage/Groups/G013.lean
research/tasks/B699-Binomial/runs/20260911-low-index-lean-513dc7cc/lean/I11TerminalData/Chunk108.lean
research/tasks/B699-Binomial/runs/20260911-low-index-lean-513dc7cc/lean/I11TerminalData/Chunk109.lean
research/tasks/B699-Binomial/runs/20260911-low-index-lean-513dc7cc/lean/I11TerminalData/Chunk110.lean
research/tasks/B699-Binomial/runs/20260911-low-index-lean-513dc7cc/lean/I11TerminalCandidateCoverage/Groups/G014.lean
research/tasks/B699-Binomial/runs/20260911-low-index-lean-513dc7cc/lean/I11TerminalData/Chunk111.lean
research/tasks/B699-Binomial/runs/20260911-low-index-lean-513dc7cc/lean/I11TerminalData/Chunk112.lean
research/tasks/B699-Binomial/runs/20260911-low-index-lean-513dc7cc/lean/I11TerminalData/Chunk113.lean
research/tasks/B699-Binomial/runs/20260911-low-index-lean-513dc7cc/lean/I11TerminalData/Chunk114.lean
research/tasks/B699-Binomial/runs/20260911-low-index-lean-513dc7cc/lean/I11TerminalCandidateCoverage/Groups/G015.lean
research/tasks/B699-Binomial/runs/20260911-low-index-lean-513dc7cc/lean/I11TerminalData/Chunk115.lean
research/tasks/B699-Binomial/runs/20260911-low-index-lean-513dc7cc/lean/I11TerminalData/Chunk116.lean
research/tasks/B699-Binomial/runs/20260911-low-index-lean-513dc7cc/lean/I11TerminalData/Chunk117.lean
research/tasks/B699-Binomial/runs/20260911-low-index-lean-513dc7cc/lean/I11TerminalCandidateCoverage/Groups/G016.lean
research/tasks/B699-Binomial/runs/20260911-low-index-lean-513dc7cc/lean/I11TerminalData/Chunk118.lean
research/tasks/B699-Binomial/runs/20260911-low-index-lean-513dc7cc/lean/I11TerminalData/Chunk119.lean
research/tasks/B699-Binomial/runs/20260911-low-index-lean-513dc7cc/lean/I11TerminalData/Chunk120.lean
research/tasks/B699-Binomial/runs/20260911-low-index-lean-513dc7cc/lean/I11TerminalCandidateCoverage/Groups/G017.lean
research/tasks/B699-Binomial/runs/20260911-low-index-lean-513dc7cc/lean/I11TerminalData/Chunk121.lean
research/tasks/B699-Binomial/runs/20260911-low-index-lean-513dc7cc/lean/I11TerminalData/Chunk122.lean
research/tasks/B699-Binomial/runs/20260911-low-index-lean-513dc7cc/lean/I11TerminalData/Chunk123.lean
research/tasks/B699-Binomial/runs/20260911-low-index-lean-513dc7cc/lean/I11TerminalCandidateCoverage/Groups/G018.lean
research/tasks/B699-Binomial/runs/20260911-low-index-lean-513dc7cc/lean/I11TerminalData/Chunk124.lean
research/tasks/B699-Binomial/runs/20260911-low-index-lean-513dc7cc/lean/I11TerminalData/Chunk125.lean
research/tasks/B699-Binomial/runs/20260911-low-index-lean-513dc7cc/lean/I11TerminalCandidateCoverage/Groups/G019.lean
research/tasks/B699-Binomial/runs/20260911-low-index-lean-513dc7cc/lean/I11TerminalData/Chunk126.lean
research/tasks/B699-Binomial/runs/20260911-low-index-lean-513dc7cc/lean/I11TerminalData/Chunk127.lean
research/tasks/B699-Binomial/runs/20260911-low-index-lean-513dc7cc/lean/I11TerminalData/Chunk128.lean
research/tasks/B699-Binomial/runs/20260911-low-index-lean-513dc7cc/lean/I11TerminalData/Chunk129.lean
research/tasks/B699-Binomial/runs/20260911-low-index-lean-513dc7cc/lean/I11TerminalCandidateCoverage/Groups/G020.lean
research/tasks/B699-Binomial/runs/20260911-low-index-lean-513dc7cc/lean/I11TerminalData/Chunk130.lean
research/tasks/B699-Binomial/runs/20260911-low-index-lean-513dc7cc/lean/I11TerminalData/Chunk131.lean
research/tasks/B699-Binomial/runs/20260911-low-index-lean-513dc7cc/lean/I11TerminalData/Chunk132.lean
research/tasks/B699-Binomial/runs/20260911-low-index-lean-513dc7cc/lean/I11TerminalData/Chunk133.lean
research/tasks/B699-Binomial/runs/20260911-low-index-lean-513dc7cc/lean/I11TerminalCandidateCoverage/Groups/G021.lean
research/tasks/B699-Binomial/runs/20260911-low-index-lean-513dc7cc/lean/I11TerminalData/Chunk134.lean
research/tasks/B699-Binomial/runs/20260911-low-index-lean-513dc7cc/lean/I11TerminalData/Chunk135.lean
research/tasks/B699-Binomial/runs/20260911-low-index-lean-513dc7cc/lean/I11TerminalCandidateCoverage/Groups/G022.lean
research/tasks/B699-Binomial/runs/20260911-low-index-lean-513dc7cc/lean/I11TerminalData/Chunk136.lean
research/tasks/B699-Binomial/runs/20260911-low-index-lean-513dc7cc/lean/I11TerminalData/Chunk137.lean
research/tasks/B699-Binomial/runs/20260911-low-index-lean-513dc7cc/lean/I11TerminalCandidateCoverage/Groups/G023.lean
research/tasks/B699-Binomial/runs/20260911-low-index-lean-513dc7cc/lean/I11TerminalData/Chunk138.lean
research/tasks/B699-Binomial/runs/20260911-low-index-lean-513dc7cc/lean/I11TerminalData/Chunk139.lean
research/tasks/B699-Binomial/runs/20260911-low-index-lean-513dc7cc/lean/I11TerminalData/Chunk140.lean
research/tasks/B699-Binomial/runs/20260911-low-index-lean-513dc7cc/lean/I11TerminalData/Chunk141.lean
research/tasks/B699-Binomial/runs/20260911-low-index-lean-513dc7cc/lean/I11TerminalCandidateCoverage/Groups/G024.lean
research/tasks/B699-Binomial/runs/20260911-low-index-lean-513dc7cc/lean/I11TerminalData/Chunk142.lean
research/tasks/B699-Binomial/runs/20260911-low-index-lean-513dc7cc/lean/I11TerminalData/Chunk143.lean
research/tasks/B699-Binomial/runs/20260911-low-index-lean-513dc7cc/lean/I11TerminalData/Chunk144.lean
research/tasks/B699-Binomial/runs/20260911-low-index-lean-513dc7cc/lean/I11TerminalCandidateCoverage/Groups/G025.lean
research/tasks/B699-Binomial/runs/20260911-low-index-lean-513dc7cc/lean/I11TerminalData/Chunk145.lean
research/tasks/B699-Binomial/runs/20260911-low-index-lean-513dc7cc/lean/I11TerminalData/Chunk146.lean
research/tasks/B699-Binomial/runs/20260911-low-index-lean-513dc7cc/lean/I11TerminalCandidateCoverage/Groups/G026.lean
research/tasks/B699-Binomial/runs/20260911-low-index-lean-513dc7cc/lean/I11TerminalData/Chunk147.lean
research/tasks/B699-Binomial/runs/20260911-low-index-lean-513dc7cc/lean/I11TerminalData/Chunk148.lean
research/tasks/B699-Binomial/runs/20260911-low-index-lean-513dc7cc/lean/I11TerminalData/Chunk149.lean
research/tasks/B699-Binomial/runs/20260911-low-index-lean-513dc7cc/lean/I11TerminalData/Chunk150.lean
research/tasks/B699-Binomial/runs/20260911-low-index-lean-513dc7cc/lean/I11TerminalCandidateCoverage/Groups/G027.lean
research/tasks/B699-Binomial/runs/20260911-low-index-lean-513dc7cc/lean/I11TerminalData/Chunk151.lean
research/tasks/B699-Binomial/runs/20260911-low-index-lean-513dc7cc/lean/I11TerminalData/Chunk152.lean
research/tasks/B699-Binomial/runs/20260911-low-index-lean-513dc7cc/lean/I11TerminalCandidateCoverage/Groups/G028.lean
research/tasks/B699-Binomial/runs/20260911-low-index-lean-513dc7cc/lean/I11TerminalData/Chunk153.lean
research/tasks/B699-Binomial/runs/20260911-low-index-lean-513dc7cc/lean/I11TerminalData/Chunk154.lean
research/tasks/B699-Binomial/runs/20260911-low-index-lean-513dc7cc/lean/I11TerminalData/Chunk155.lean
research/tasks/B699-Binomial/runs/20260911-low-index-lean-513dc7cc/lean/I11TerminalCandidateCoverage/Groups/G029.lean
research/tasks/B699-Binomial/runs/20260911-low-index-lean-513dc7cc/lean/I11TerminalData/Chunk156.lean
research/tasks/B699-Binomial/runs/20260911-low-index-lean-513dc7cc/lean/I11TerminalData/Chunk157.lean
research/tasks/B699-Binomial/runs/20260911-low-index-lean-513dc7cc/lean/I11TerminalData/Chunk158.lean
research/tasks/B699-Binomial/runs/20260911-low-index-lean-513dc7cc/lean/I11TerminalCandidateCoverage/Groups/G030.lean
research/tasks/B699-Binomial/runs/20260911-low-index-lean-513dc7cc/lean/I11TerminalData/Chunk159.lean
research/tasks/B699-Binomial/runs/20260911-low-index-lean-513dc7cc/lean/I11TerminalData/Chunk160.lean
research/tasks/B699-Binomial/runs/20260911-low-index-lean-513dc7cc/lean/I11TerminalCandidateCoverage/Groups/G031.lean
research/tasks/B699-Binomial/runs/20260911-low-index-lean-513dc7cc/lean/I11TerminalData/Chunk161.lean
research/tasks/B699-Binomial/runs/20260911-low-index-lean-513dc7cc/lean/I11TerminalData/Chunk162.lean
research/tasks/B699-Binomial/runs/20260911-low-index-lean-513dc7cc/lean/I11TerminalData/Chunk163.lean
research/tasks/B699-Binomial/runs/20260911-low-index-lean-513dc7cc/lean/I11TerminalCandidateCoverage/Groups/G032.lean
research/tasks/B699-Binomial/runs/20260911-low-index-lean-513dc7cc/lean/I11TerminalData/Chunk164.lean
research/tasks/B699-Binomial/runs/20260911-low-index-lean-513dc7cc/lean/I11TerminalData/Chunk165.lean
research/tasks/B699-Binomial/runs/20260911-low-index-lean-513dc7cc/lean/I11TerminalData/Chunk166.lean
research/tasks/B699-Binomial/runs/20260911-low-index-lean-513dc7cc/lean/I11TerminalCandidateCoverage/Groups/G033.lean
research/tasks/B699-Binomial/runs/20260911-low-index-lean-513dc7cc/lean/I11TerminalData/Chunk167.lean
research/tasks/B699-Binomial/runs/20260911-low-index-lean-513dc7cc/lean/I11TerminalData/Chunk168.lean
research/tasks/B699-Binomial/runs/20260911-low-index-lean-513dc7cc/lean/I11TerminalCandidateCoverage/Groups/G034.lean
research/tasks/B699-Binomial/runs/20260911-low-index-lean-513dc7cc/lean/I11TerminalData/Chunk169.lean
research/tasks/B699-Binomial/runs/20260911-low-index-lean-513dc7cc/lean/I11TerminalData/Chunk170.lean
research/tasks/B699-Binomial/runs/20260911-low-index-lean-513dc7cc/lean/I11TerminalCandidateCoverage/Groups/G035.lean
research/tasks/B699-Binomial/runs/20260911-low-index-lean-513dc7cc/lean/I11TerminalData/Chunk171.lean
research/tasks/B699-Binomial/runs/20260911-low-index-lean-513dc7cc/lean/I11TerminalData/Chunk172.lean
research/tasks/B699-Binomial/runs/20260911-low-index-lean-513dc7cc/lean/I11TerminalData/Chunk173.lean
research/tasks/B699-Binomial/runs/20260911-low-index-lean-513dc7cc/lean/I11TerminalCandidateCoverage/Groups/G036.lean
research/tasks/B699-Binomial/runs/20260911-low-index-lean-513dc7cc/lean/I11TerminalData/Chunk174.lean
research/tasks/B699-Binomial/runs/20260911-low-index-lean-513dc7cc/lean/I11TerminalData/Chunk175.lean
research/tasks/B699-Binomial/runs/20260911-low-index-lean-513dc7cc/lean/I11TerminalData/Chunk176.lean
research/tasks/B699-Binomial/runs/20260911-low-index-lean-513dc7cc/lean/I11TerminalCandidateCoverage/Groups/G037.lean
research/tasks/B699-Binomial/runs/20260911-low-index-lean-513dc7cc/lean/I11TerminalData/Chunk177.lean
research/tasks/B699-Binomial/runs/20260911-low-index-lean-513dc7cc/lean/I11TerminalData/Chunk178.lean
research/tasks/B699-Binomial/runs/20260911-low-index-lean-513dc7cc/lean/I11TerminalCandidateCoverage/Groups/G038.lean
research/tasks/B699-Binomial/runs/20260911-low-index-lean-513dc7cc/lean/I11TerminalData/Chunk179.lean
research/tasks/B699-Binomial/runs/20260911-low-index-lean-513dc7cc/lean/I11TerminalData/Chunk180.lean
research/tasks/B699-Binomial/runs/20260911-low-index-lean-513dc7cc/lean/I11TerminalData/Chunk181.lean
research/tasks/B699-Binomial/runs/20260911-low-index-lean-513dc7cc/lean/I11TerminalData/Chunk182.lean
research/tasks/B699-Binomial/runs/20260911-low-index-lean-513dc7cc/lean/I11TerminalCandidateCoverage/Groups/G039.lean
research/tasks/B699-Binomial/runs/20260911-low-index-lean-513dc7cc/lean/I11TerminalData/Chunk183.lean
research/tasks/B699-Binomial/runs/20260911-low-index-lean-513dc7cc/lean/I11TerminalData/Chunk184.lean
research/tasks/B699-Binomial/runs/20260911-low-index-lean-513dc7cc/lean/I11TerminalData/Chunk185.lean
research/tasks/B699-Binomial/runs/20260911-low-index-lean-513dc7cc/lean/I11TerminalCandidateCoverage/Groups/G040.lean
research/tasks/B699-Binomial/runs/20260911-low-index-lean-513dc7cc/lean/I11TerminalData/Chunk186.lean
research/tasks/B699-Binomial/runs/20260911-low-index-lean-513dc7cc/lean/I11TerminalData/Chunk187.lean
research/tasks/B699-Binomial/runs/20260911-low-index-lean-513dc7cc/lean/I11TerminalCandidateCoverage/Groups/G041.lean
research/tasks/B699-Binomial/runs/20260911-low-index-lean-513dc7cc/lean/I11TerminalData/Chunk188.lean
research/tasks/B699-Binomial/runs/20260911-low-index-lean-513dc7cc/lean/I11TerminalData/Chunk189.lean
research/tasks/B699-Binomial/runs/20260911-low-index-lean-513dc7cc/lean/I11TerminalData/Chunk190.lean
research/tasks/B699-Binomial/runs/20260911-low-index-lean-513dc7cc/lean/I11TerminalCandidateCoverage/Groups/G042.lean
research/tasks/B699-Binomial/runs/20260911-low-index-lean-513dc7cc/lean/I11TerminalData/Chunk191.lean
research/tasks/B699-Binomial/runs/20260911-low-index-lean-513dc7cc/lean/I11TerminalData/Chunk192.lean
research/tasks/B699-Binomial/runs/20260911-low-index-lean-513dc7cc/lean/I11TerminalCandidateCoverage/Groups/G043.lean
research/tasks/B699-Binomial/runs/20260911-low-index-lean-513dc7cc/lean/I11TerminalData/Chunk193.lean
research/tasks/B699-Binomial/runs/20260911-low-index-lean-513dc7cc/lean/I11TerminalData/Chunk194.lean
research/tasks/B699-Binomial/runs/20260911-low-index-lean-513dc7cc/lean/I11TerminalData/Chunk195.lean
research/tasks/B699-Binomial/runs/20260911-low-index-lean-513dc7cc/lean/I11TerminalCandidateCoverage/Groups/G044.lean
research/tasks/B699-Binomial/runs/20260911-low-index-lean-513dc7cc/lean/I11TerminalData/Chunk196.lean
research/tasks/B699-Binomial/runs/20260911-low-index-lean-513dc7cc/lean/I11TerminalData/Chunk197.lean
research/tasks/B699-Binomial/runs/20260911-low-index-lean-513dc7cc/lean/I11TerminalData/Chunk198.lean
research/tasks/B699-Binomial/runs/20260911-low-index-lean-513dc7cc/lean/I11TerminalCandidateCoverage/Groups/G045.lean
research/tasks/B699-Binomial/runs/20260911-low-index-lean-513dc7cc/lean/I11TerminalData/Chunk199.lean
research/tasks/B699-Binomial/runs/20260911-low-index-lean-513dc7cc/lean/I11TerminalData/Chunk200.lean
research/tasks/B699-Binomial/runs/20260911-low-index-lean-513dc7cc/lean/I11TerminalCandidateCoverage/Groups/G046.lean
research/tasks/B699-Binomial/runs/20260911-low-index-lean-513dc7cc/lean/I11TerminalData/Chunk201.lean
research/tasks/B699-Binomial/runs/20260911-low-index-lean-513dc7cc/lean/I11TerminalData/Chunk202.lean
research/tasks/B699-Binomial/runs/20260911-low-index-lean-513dc7cc/lean/I11TerminalData/Chunk203.lean
research/tasks/B699-Binomial/runs/20260911-low-index-lean-513dc7cc/lean/I11TerminalData/Chunk204.lean
research/tasks/B699-Binomial/runs/20260911-low-index-lean-513dc7cc/lean/I11TerminalCandidateCoverage/Groups/G047.lean
research/tasks/B699-Binomial/runs/20260911-low-index-lean-513dc7cc/lean/I11TerminalData/Chunk205.lean
research/tasks/B699-Binomial/runs/20260911-low-index-lean-513dc7cc/lean/I11TerminalData/Chunk206.lean
research/tasks/B699-Binomial/runs/20260911-low-index-lean-513dc7cc/lean/I11TerminalData/Chunk207.lean
research/tasks/B699-Binomial/runs/20260911-low-index-lean-513dc7cc/lean/I11TerminalCandidateCoverage/Groups/G048.lean
research/tasks/B699-Binomial/runs/20260911-low-index-lean-513dc7cc/lean/I11TerminalData/Chunk208.lean
research/tasks/B699-Binomial/runs/20260911-low-index-lean-513dc7cc/lean/I11TerminalData/Chunk209.lean
research/tasks/B699-Binomial/runs/20260911-low-index-lean-513dc7cc/lean/I11TerminalData/Chunk210.lean
research/tasks/B699-Binomial/runs/20260911-low-index-lean-513dc7cc/lean/I11TerminalCandidateCoverage/Groups/G049.lean
research/tasks/B699-Binomial/runs/20260911-low-index-lean-513dc7cc/lean/I11TerminalData/Chunk211.lean
research/tasks/B699-Binomial/runs/20260911-low-index-lean-513dc7cc/lean/I11TerminalData/Chunk212.lean
research/tasks/B699-Binomial/runs/20260911-low-index-lean-513dc7cc/lean/I11TerminalCandidateCoverage/Groups/G050.lean
research/tasks/B699-Binomial/runs/20260911-low-index-lean-513dc7cc/lean/I11TerminalData/Chunk213.lean
research/tasks/B699-Binomial/runs/20260911-low-index-lean-513dc7cc/lean/I11TerminalData/Chunk214.lean
research/tasks/B699-Binomial/runs/20260911-low-index-lean-513dc7cc/lean/I11TerminalCandidateCoverage/Groups/G051.lean
research/tasks/B699-Binomial/runs/20260911-low-index-lean-513dc7cc/lean/I11TerminalData/Chunk215.lean
research/tasks/B699-Binomial/runs/20260911-low-index-lean-513dc7cc/lean/I11TerminalData/Chunk216.lean
research/tasks/B699-Binomial/runs/20260911-low-index-lean-513dc7cc/lean/I11TerminalCandidateCoverage/Groups/G052.lean
research/tasks/B699-Binomial/runs/20260911-low-index-lean-513dc7cc/lean/I11TerminalData/Chunk217.lean
research/tasks/B699-Binomial/runs/20260911-low-index-lean-513dc7cc/lean/I11TerminalData/Chunk218.lean
research/tasks/B699-Binomial/runs/20260911-low-index-lean-513dc7cc/lean/I11TerminalData/Chunk219.lean
research/tasks/B699-Binomial/runs/20260911-low-index-lean-513dc7cc/lean/I11TerminalCandidateCoverage/Groups/G053.lean
research/tasks/B699-Binomial/runs/20260911-low-index-lean-513dc7cc/lean/I11TerminalData/Chunk220.lean
research/tasks/B699-Binomial/runs/20260911-low-index-lean-513dc7cc/lean/I11TerminalData/Chunk221.lean
research/tasks/B699-Binomial/runs/20260911-low-index-lean-513dc7cc/lean/I11TerminalData/Chunk222.lean
research/tasks/B699-Binomial/runs/20260911-low-index-lean-513dc7cc/lean/I11TerminalCandidateCoverage/Groups/G054.lean
research/tasks/B699-Binomial/runs/20260911-low-index-lean-513dc7cc/lean/I11TerminalData/Chunk223.lean
research/tasks/B699-Binomial/runs/20260911-low-index-lean-513dc7cc/lean/I11TerminalData/Chunk224.lean
research/tasks/B699-Binomial/runs/20260911-low-index-lean-513dc7cc/lean/I11TerminalData/Chunk225.lean
research/tasks/B699-Binomial/runs/20260911-low-index-lean-513dc7cc/lean/I11TerminalCandidateCoverage/Groups/G055.lean
research/tasks/B699-Binomial/runs/20260911-low-index-lean-513dc7cc/lean/I11TerminalData/Chunk226.lean
research/tasks/B699-Binomial/runs/20260911-low-index-lean-513dc7cc/lean/I11TerminalData/Chunk227.lean
research/tasks/B699-Binomial/runs/20260911-low-index-lean-513dc7cc/lean/I11TerminalCandidateCoverage/Groups/G056.lean
research/tasks/B699-Binomial/runs/20260911-low-index-lean-513dc7cc/lean/I11TerminalData/Chunk228.lean
research/tasks/B699-Binomial/runs/20260911-low-index-lean-513dc7cc/lean/I11TerminalData/Chunk229.lean
research/tasks/B699-Binomial/runs/20260911-low-index-lean-513dc7cc/lean/I11TerminalData/Chunk230.lean
research/tasks/B699-Binomial/runs/20260911-low-index-lean-513dc7cc/lean/I11TerminalData/Chunk231.lean
research/tasks/B699-Binomial/runs/20260911-low-index-lean-513dc7cc/lean/I11TerminalCandidateCoverage/Groups/G057.lean
research/tasks/B699-Binomial/runs/20260911-low-index-lean-513dc7cc/lean/I11TerminalData/Chunk232.lean
research/tasks/B699-Binomial/runs/20260911-low-index-lean-513dc7cc/lean/I11TerminalData/Chunk233.lean
research/tasks/B699-Binomial/runs/20260911-low-index-lean-513dc7cc/lean/I11TerminalCandidateCoverage/Groups/G058.lean
research/tasks/B699-Binomial/runs/20260911-low-index-lean-513dc7cc/lean/I11TerminalData/Chunk234.lean
research/tasks/B699-Binomial/runs/20260911-low-index-lean-513dc7cc/lean/I11TerminalData/Chunk235.lean
research/tasks/B699-Binomial/runs/20260911-low-index-lean-513dc7cc/lean/I11TerminalData/Chunk236.lean
research/tasks/B699-Binomial/runs/20260911-low-index-lean-513dc7cc/lean/I11TerminalCandidateCoverage/Groups/G059.lean
research/tasks/B699-Binomial/runs/20260911-low-index-lean-513dc7cc/lean/I11TerminalData/Chunk237.lean
research/tasks/B699-Binomial/runs/20260911-low-index-lean-513dc7cc/lean/I11TerminalData/Chunk238.lean
research/tasks/B699-Binomial/runs/20260911-low-index-lean-513dc7cc/lean/I11TerminalData/Chunk239.lean
research/tasks/B699-Binomial/runs/20260911-low-index-lean-513dc7cc/lean/I11TerminalCandidateCoverage/Groups/G060.lean
research/tasks/B699-Binomial/runs/20260911-low-index-lean-513dc7cc/lean/I11TerminalData/Chunk240.lean
research/tasks/B699-Binomial/runs/20260911-low-index-lean-513dc7cc/lean/I11TerminalData/Chunk241.lean
research/tasks/B699-Binomial/runs/20260911-low-index-lean-513dc7cc/lean/I11TerminalCandidateCoverage/Groups/G061.lean
research/tasks/B699-Binomial/runs/20260911-low-index-lean-513dc7cc/lean/I11TerminalData/Chunk242.lean
research/tasks/B699-Binomial/runs/20260911-low-index-lean-513dc7cc/lean/I11TerminalData/Chunk243.lean
research/tasks/B699-Binomial/runs/20260911-low-index-lean-513dc7cc/lean/I11TerminalData/Chunk244.lean
research/tasks/B699-Binomial/runs/20260911-low-index-lean-513dc7cc/lean/I11TerminalCandidateCoverage/Groups/G062.lean
research/tasks/B699-Binomial/runs/20260911-low-index-lean-513dc7cc/lean/I11TerminalData/Chunk245.lean
research/tasks/B699-Binomial/runs/20260911-low-index-lean-513dc7cc/lean/I11TerminalData/Chunk246.lean
research/tasks/B699-Binomial/runs/20260911-low-index-lean-513dc7cc/lean/I11TerminalData/Chunk247.lean
research/tasks/B699-Binomial/runs/20260911-low-index-lean-513dc7cc/lean/I11TerminalCandidateCoverage/Groups/G063.lean
research/tasks/B699-Binomial/runs/20260911-low-index-lean-513dc7cc/lean/I11TerminalData/Chunk248.lean
research/tasks/B699-Binomial/runs/20260911-low-index-lean-513dc7cc/lean/I11TerminalData/Chunk249.lean
research/tasks/B699-Binomial/runs/20260911-low-index-lean-513dc7cc/lean/I11TerminalData/Chunk250.lean
research/tasks/B699-Binomial/runs/20260911-low-index-lean-513dc7cc/lean/I11TerminalCandidateCoverage/Groups/G064.lean
research/tasks/B699-Binomial/runs/20260911-low-index-lean-513dc7cc/lean/I11TerminalData/Chunk252.lean
research/tasks/B699-Binomial/runs/20260911-low-index-lean-513dc7cc/lean/I11TerminalCandidateCoverage/Last.lean
research/tasks/B699-Binomial/runs/20260911-low-index-lean-513dc7cc/lean/I11TerminalData/Chunk251.lean
research/tasks/B699-Binomial/runs/20260911-low-index-lean-513dc7cc/lean/I11TerminalCandidateCoverage/Groups/G065.lean
research/tasks/B699-Binomial/runs/20260911-low-index-lean-513dc7cc/lean/CubicBlock/Residues.lean
research/tasks/B699-Binomial/runs/20260911-low-index-lean-513dc7cc/lean/CrtPair/Parameterization.lean
research/tasks/B699-Binomial/runs/20260911-low-index-lean-513dc7cc/lean/CrtPair/Bounds.lean
research/tasks/B699-Binomial/runs/20260911-low-index-lean-513dc7cc/lean/CrtPair/Consumer.lean
research/tasks/B699-Binomial/runs/20260911-low-index-lean-513dc7cc/lean/CrtGrid/Cell.lean
research/tasks/B699-Binomial/runs/20260911-low-index-lean-513dc7cc/lean/I11TerminalCrt/RowCell.lean
research/tasks/B699-Binomial/runs/20260909-eees-chain-5a2e10/lean/PowerBounds.lean
research/tasks/B699-Binomial/runs/20260909-low-index-structure-b41a5a63/lean/HeightCertificate.lean
research/tasks/B699-Binomial/runs/20260909-low-index-structure-b41a5a63/lean/LargeSmallPowers.lean
research/tasks/B699-Binomial/runs/20260909-low-index-structure-b41a5a63/lean/CofactorCover.lean
research/tasks/B699-Binomial/runs/20260911-low-index-lean-513dc7cc/lean/UpperHeight/UpperSmallPart.lean
research/tasks/B699-Binomial/runs/20260911-low-index-lean-513dc7cc/lean/UpperHeight/I11SmallPart.lean
research/tasks/B699-Binomial/runs/20260911-low-index-lean-513dc7cc/lean/I11CrtStages/NumericMetadata.lean
research/tasks/B699-Binomial/runs/20260911-low-index-lean-513dc7cc/lean/I11TerminalMembership/Candidates.lean
research/tasks/B699-Binomial/runs/20260911-low-index-lean-513dc7cc/lean/I11TerminalCandidateCoverage/Assembly.lean
research/tasks/B699-Binomial/runs/20260911-low-index-lean-513dc7cc/lean/I11TerminalCandidateCoverage/Audit.lean

Source policy passed for exact project closure.
