h 117 [17, 14, 13, 11, 8, 8] max 10 leaves 6 records 1 trace_reject 1
h 125 [13, 11, 9, 8, 6, 8] max 9 leaves 2 records 61 trace_reject 1
h 127 [12, 10, 8, 7, 6, 8] max 10 leaves 1 records 59 trace_reject 0
h 127 [12, 10, 8, 7, 7, 7] max 10 leaves 1 records 16 trace_reject 0
h 127 [12, 10, 8, 7, 8, 6] max 10 leaves 1 records 16 trace_reject 0
h 127 [12, 10, 9, 8, 6, 6] max 10 leaves 4 records 13 trace_reject 0
h 129 [11, 10, 8, 7, 5, 6] max 10 leaves 11 records 2 trace_reject 3
h 131 [10, 9, 7, 6, 5, 6] max 10 leaves 5 records 8 trace_reject 0
h 133 [9, 8, 6, 6, 4, 6] max 10 leaves 1 records 6 trace_reject 0
h 133 [9, 8, 7, 6, 4, 5] max 10 leaves 7 records 10 trace_reject 1
h 133 [9, 8, 7, 6, 5, 4] max 10 leaves 7 records 10 trace_reject 1
h 133 [9, 8, 8, 6, 4, 4] max 9 leaves 11 records 43 trace_reject 7
h 135 [8, 7, 6, 5, 4, 5] max 9 leaves 3 records 101 trace_reject 1
h 135 [8, 7, 6, 5, 5, 4] max 9 leaves 3 records 101 trace_reject 1
h 137 [7, 6, 5, 5, 3, 5] max 10 leaves 2 records 19 trace_reject 1
h 137 [7, 6, 5, 5, 4, 4] max 10 leaves 2 records 38 trace_reject 0
h 137 [7, 6, 5, 6, 3, 4] max 9 leaves 2 records 64 trace_reject 1
h 137 [7, 6, 6, 5, 3, 4] max 10 leaves 5 records 26 trace_reject 1
h 138 [7, 6, 5, 4, 3, 4] max 10 leaves 17 records 2 trace_reject 3
h 139 [6, 6, 5, 4, 3, 3] max 10 leaves 15 records 2 trace_reject 2
h 141 [5, 5, 4, 3, 2, 4] max 10 leaves 2 records 1 trace_reject 1
h 141 [5, 5, 4, 4, 2, 3] max 9 leaves 10 records 133 trace_reject 3
h 142 [5, 4, 3, 3, 2, 4] max 10 leaves 2 records 69 trace_reject 0
h 142 [5, 4, 3, 3, 3, 3] max 10 leaves 2 records 11 trace_reject 0
h 142 [5, 4, 3, 3, 4, 2] max 10 leaves 2 records 11 trace_reject 0
h 142 [5, 4, 4, 3, 2, 3] max 10 leaves 10 records 16 trace_reject 0
h 142 [5, 4, 4, 3, 3, 2] max 10 leaves 10 records 16 trace_reject 4
h 142 [5, 4, 4, 4, 2, 2] max 10 leaves 14 records 12 trace_reject 2
h 143 [4, 4, 3, 3, 2, 3] max 10 leaves 3 records 10 trace_reject 0
h 143 [4, 4, 3, 3, 3, 2] max 10 leaves 3 records 10 trace_reject 0
h 143 [4, 4, 3, 4, 2, 2] max 10 leaves 3 records 6 trace_reject 0
h 143 [4, 4, 4, 3, 2, 2] max 10 leaves 9 records 24 trace_reject 1
h 145 [3, 3, 2, 3, 2, 2] max 10 leaves 1 records 9 trace_reject 0
h 145 [3, 3, 3, 2, 2, 2] max 10 leaves 2 records 11 trace_reject 0
h 145 [3, 3, 3, 3, 1, 2] max 10 leaves 4 records 10 trace_reject 1
h 147 [2, 2, 2, 2, 1, 2] max 10 leaves 3 records 94 trace_reject 0
h 147 [2, 2, 2, 2, 2, 1] max 10 leaves 3 records 14 trace_reject 1
h 147 [2, 2, 2, 3, 1, 1] max 9 leaves 3 records 107 trace_reject 1
h 147 [2, 2, 3, 2, 1, 1] max 10 leaves 6 records 9 trace_reject 2
h 147 [2, 3, 2, 2, 1, 1] max 10 leaves 14 records 1 trace_reject 3
h 148 [2, 2, 1, 1, 1, 2] max 10 leaves 2 records 38 trace_reject 0
h 149 [1, 2, 1, 1, 0, 2] max 10 leaves 6 records 20 trace_reject 5
h 149 [1, 2, 1, 1, 1, 1] max 10 leaves 6 records 1 trace_reject 1
h 149 [1, 2, 1, 2, 0, 1] max 10 leaves 6 records 1 trace_reject 2
h 149 [1, 2, 2, 1, 0, 1] max 10 leaves 11 records 2 trace_reject 5
h 150 [1, 1, 1, 1, 0, 1] max 10 leaves 24 records 18 trace_reject 1
h 151 [0, 1, 0, 1, 0, 1] max 10 leaves 2 records 6 trace_reject 0
h 151 [0, 1, 0, 1, 1, 0] max 10 leaves 2 records 2 trace_reject 1
h 151 [0, 1, 0, 2, 0, 0] max 9 leaves 2 records 38 trace_reject 1
h 151 [0, 1, 1, 1, 0, 0] max 10 leaves 14 records 24 trace_reject 3
h 152 [0, 0, 0, 0, 0, 1] max 10 leaves 6 records 68 trace_reject 2
h 152 [0, 0, 0, 0, 1, 0] max 10 leaves 6 records 68 trace_reject 2
h 152 [0, 0, 0, 1, 0, 0] max 10 leaves 6 records 24 trace_reject 0
h 152 [0, 0, 1, 0, 0, 0] max 10 leaves 6 records 14 trace_reject 0
max 10 states 46 min_h 117
