exact project closure files: 26
research/tasks/B699-Binomial/runs/20260909-low-index-structure-b41a5a63/lean/TrialPrimeCheck.lean
research/tasks/B699-Binomial/runs/20260909-middle-index-cert-1a78f8cd/lean/extension/PrimeBasis.lean
Math/B699/CofactorCriterion.lean
research/tasks/B699-Binomial/runs/20260909-large-prime-structure-cb4764f0/lean/GapBridge.lean
research/tasks/B699-Binomial/runs/20260908-external-reductions-b3c1b7/lean/DivisorTransfer.lean
research/tasks/B699-Binomial/runs/20260909-large-prime-structure-cb4764f0/lean/PrimePowerTransfer.lean
research/tasks/B699-Binomial/runs/20260909-large-prime-structure-cb4764f0/lean/SmallPartBound.lean
research/tasks/B699-Binomial/runs/20260909-middle-index-cert-1a78f8cd/lean/SmallPrimeCount.lean
research/tasks/B699-Binomial/runs/20260909-middle-index-cert-1a78f8cd/lean/extension/PrimeBasisCoverage.lean
research/tasks/B699-Binomial/runs/20260909-middle-index-cert-1a78f8cd/lean/extension/basis/BasisData.lean
research/tasks/B699-Binomial/runs/20260909-middle-index-cert-1a78f8cd/lean/extension/basis/Coverage00.lean
research/tasks/B699-Binomial/runs/20260909-middle-index-cert-1a78f8cd/lean/extension/basis/Coverage01.lean
research/tasks/B699-Binomial/runs/20260909-middle-index-cert-1a78f8cd/lean/extension/basis/Coverage02.lean
research/tasks/B699-Binomial/runs/20260909-middle-index-cert-1a78f8cd/lean/extension/basis/Coverage03.lean
research/tasks/B699-Binomial/runs/20260909-middle-index-cert-1a78f8cd/lean/extension/basis/Coverage04.lean
research/tasks/B699-Binomial/runs/20260909-middle-index-cert-1a78f8cd/lean/extension/basis/Coverage05.lean
research/tasks/B699-Binomial/runs/20260909-middle-index-cert-1a78f8cd/lean/extension/basis/Coverage06.lean
research/tasks/B699-Binomial/runs/20260909-middle-index-cert-1a78f8cd/lean/extension/basis/Coverage07.lean
research/tasks/B699-Binomial/runs/20260909-middle-index-cert-1a78f8cd/lean/extension/basis/Coverage08.lean
research/tasks/B699-Binomial/runs/20260909-middle-index-cert-1a78f8cd/lean/extension/basis/Coverage09.lean
research/tasks/B699-Binomial/runs/20260909-middle-index-cert-1a78f8cd/lean/extension/PrimeBasis4473.lean
research/tasks/B699-Binomial/runs/20260909-middle-index-cert-1a78f8cd/lean/primeChain/Core.lean
research/tasks/B699-Binomial/runs/20260909-middle-index-cert-1a78f8cd/lean/PrimeChain.lean
research/tasks/B699-Binomial/runs/20260909-middle-index-cert-1a78f8cd/lean/extension/PrimeBasisChain.lean
research/tasks/B699-Binomial/runs/20260909-middle-index-cert-1a78f8cd/lean/extension/basis/End512Basis.lean
research/tasks/B699-Binomial/runs/20260909-middle-index-cert-1a78f8cd/lean/extension/basis/End512BasisConsumer.lean

Source policy passed for exact project closure.
