all0_center PASS nodes 13 time 0.01
all0_noncenter PASS nodes 72 time 0.06
all4 PASS nodes 334 time 0.35
mixed PASS nodes 213 time 14.44
[
  {
    "name": "all0_center",
    "input_polynomials": 3,
    "verified_nodes": 13,
    "multipliers_terms": 28,
    "max_node_numerator_bits": 8,
    "target_monomial": [
      0,
      0,
      2
    ],
    "status": "PASS"
  },
  {
    "name": "all0_noncenter",
    "input_polynomials": 6,
    "verified_nodes": 72,
    "multipliers_terms": 305,
    "max_node_numerator_bits": 1827,
    "target_monomial": [
      0,
      0,
      0,
      3
    ],
    "status": "PASS"
  },
  {
    "name": "all4",
    "input_polynomials": 8,
    "verified_nodes": 334,
    "multipliers_terms": 1690,
    "max_node_numerator_bits": 279,
    "target_monomial": [
      0,
      0,
      0,
      0,
      0,
      6
    ],
    "status": "PASS"
  },
  {
    "name": "mixed",
    "input_polynomials": 7,
    "verified_nodes": 213,
    "multipliers_terms": 2564,
    "max_node_numerator_bits": 23460,
    "target_monomial": [
      0,
      0,
      0,
      0,
      3
    ],
    "status": "PASS"
  }
]
ORIGINAL_CUBIC_CHART_IDENTITIES=PASS
GATE14_D2_APPLICATIONS=PASS (3 rows; no j enumeration)
BROAD_CUBIC_RECOVERY_FAILURE=PASS
CORRUPTED_CERTIFICATES_REJECTED=PASS (5)
STANDARD_LIBRARY_IDEAL_MEMBERSHIP=PASS
ORIGINAL_CONNECTION_AND_FAILURE_CHECKS=PASS
STANDARD_OUTPUTS_BYTE_IDENTICAL=PASS
M2_NO14_REPLAY=PASS
OUTPUT_DIRECTORY=/mnt/data/b699_round10_work/standard_complete
