{
  "e": 10,
  "gate_stats": {
    "sum": 3363800,
    "z14": 3282435,
    "e2": 39891
  },
  "max_line_hit_hist": {
    "18": 2,
    "19": 65,
    "20": 315,
    "21": 863,
    "22": 1687,
    "23": 2381,
    "24": 3124,
    "25": 3427,
    "26": 3537,
    "27": 3844,
    "28": 3481,
    "29": 3232,
    "30": 2914,
    "31": 2258,
    "32": 2045,
    "33": 1623,
    "34": 1324,
    "35": 1099,
    "36": 692,
    "37": 591,
    "38": 400,
    "39": 315,
    "40": 273,
    "41": 112,
    "42": 102,
    "43": 71,
    "44": 42,
    "45": 42,
    "46": 8,
    "47": 5,
    "48": 5,
    "49": 7,
    "50": 5
  },
  "after_line_test": 382,
  "seconds": 5.792617567000008
}
