{
  "e": 1,
  "gate_stats": {
    "sum": 4,
    "e2": 4
  },
  "max_line_hit_hist": {
    "6": 4
  },
  "after_line_test": 0,
  "seconds": 0.00020068200001333025
}
{
  "e": 2,
  "gate_stats": {
    "sum": 14,
    "e2": 10
  },
  "max_line_hit_hist": {
    "6": 2,
    "7": 4,
    "12": 4
  },
  "after_line_test": 0,
  "seconds": 0.00047003699995684656
}
{
  "e": 3,
  "gate_stats": {
    "sum": 112,
    "e2": 21,
    "z14": 15
  },
  "max_line_hit_hist": {
    "6": 1,
    "7": 1,
    "8": 3,
    "12": 4,
    "13": 8,
    "18": 4
  },
  "after_line_test": 1,
  "seconds": 0.0010970899999733774
}
{
  "e": 4,
  "gate_stats": {
    "sum": 930,
    "e2": 56,
    "z14": 331
  },
  "max_line_hit_hist": {
    "8": 1,
    "9": 2,
    "11": 4,
    "12": 8,
    "13": 7,
    "14": 17,
    "17": 1,
    "18": 4,
    "19": 8,
    "24": 4
  },
  "after_line_test": 1,
  "seconds": 0.003720477000001665
}
{
  "e": 5,
  "gate_stats": {
    "sum": 5453,
    "e2": 188,
    "z14": 3499
  },
  "max_line_hit_hist": {
    "10": 1,
    "11": 2,
    "12": 14,
    "13": 21,
    "14": 17,
    "15": 41,
    "16": 11,
    "17": 10,
    "18": 17,
    "19": 11,
    "20": 26,
    "23": 1,
    "24": 4,
    "25": 8,
    "30": 4
  },
  "after_line_test": 1,
  "seconds": 0.014790560999983882
}
{
  "e": 6,
  "gate_stats": {
    "sum": 27267,
    "e2": 684,
    "z14": 21063
  },
  "max_line_hit_hist": {
    "12": 3,
    "13": 26,
    "14": 45,
    "15": 62,
    "16": 107,
    "17": 58,
    "18": 75,
    "19": 71,
    "20": 56,
    "21": 73,
    "22": 17,
    "23": 19,
    "24": 18,
    "25": 11,
    "26": 26,
    "29": 1,
    "30": 4,
    "31": 8,
    "36": 4
  },
  "after_line_test": 3,
  "seconds": 0.06272250199998552
}
{
  "e": 7,
  "gate_stats": {
    "sum": 108500,
    "e2": 2195,
    "z14": 96985
  },
  "max_line_hit_hist": {
    "13": 2,
    "14": 19,
    "15": 63,
    "16": 149,
    "17": 220,
    "18": 207,
    "19": 251,
    "20": 240,
    "21": 231,
    "22": 238,
    "23": 107,
    "24": 124,
    "25": 84,
    "26": 63,
    "27": 84,
    "28": 21,
    "29": 20,
    "30": 18,
    "31": 11,
    "32": 26,
    "35": 1,
    "36": 4,
    "37": 8,
    "42": 4
  },
  "after_line_test": 21,
  "seconds": 0.22246632700000646
}
{
  "e": 8,
  "gate_stats": {
    "sum": 377405,
    "e2": 6344,
    "z14": 352916
  },
  "max_line_hit_hist": {
    "15": 7,
    "16": 46,
    "17": 179,
    "18": 383,
    "19": 444,
    "20": 638,
    "21": 702,
    "22": 686,
    "23": 693,
    "24": 478,
    "25": 473,
    "26": 362,
    "27": 312,
    "28": 307,
    "29": 131,
    "30": 142,
    "31": 90,
    "32": 69,
    "33": 87,
    "34": 22,
    "35": 20,
    "36": 18,
    "37": 12,
    "38": 26,
    "41": 1,
    "42": 4,
    "43": 8,
    "48": 4
  },
  "after_line_test": 53,
  "seconds": 0.7006370559999482
}
{
  "e": 9,
  "gate_stats": {
    "sum": 1177156,
    "e2": 16725,
    "z14": 1132314
  },
  "max_line_hit_hist": {
    "17": 19,
    "18": 132,
    "19": 398,
    "20": 749,
    "21": 1190,
    "22": 1416,
    "23": 1618,
    "24": 1697,
    "25": 1466,
    "26": 1508,
    "27": 1318,
    "28": 1138,
    "29": 1018,
    "30": 680,
    "31": 592,
    "32": 420,
    "33": 354,
    "34": 341,
    "35": 142,
    "36": 155,
    "37": 95,
    "38": 75,
    "39": 87,
    "40": 23,
    "41": 20,
    "42": 18,
    "43": 13,
    "44": 26,
    "47": 1,
    "48": 4,
    "49": 8,
    "54": 4
  },
  "after_line_test": 151,
  "seconds": 2.000628940000013
}
{
  "e": 10,
  "gate_stats": {
    "sum": 3363800,
    "e2": 41897,
    "z14": 3282435
  },
  "max_line_hit_hist": {
    "18": 2,
    "19": 65,
    "20": 319,
    "21": 871,
    "22": 1706,
    "23": 2422,
    "24": 3170,
    "25": 3474,
    "26": 3618,
    "27": 3942,
    "28": 3571,
    "29": 3333,
    "30": 3042,
    "31": 2389,
    "32": 2174,
    "33": 1760,
    "34": 1435,
    "35": 1211,
    "36": 796,
    "37": 686,
    "38": 466,
    "39": 387,
    "40": 353,
    "41": 159,
    "42": 161,
    "43": 99,
    "44": 81,
    "45": 88,
    "46": 23,
    "47": 20,
    "48": 18,
    "49": 13,
    "50": 26,
    "53": 1,
    "54": 4,
    "55": 8,
    "60": 4
  },
  "after_line_test": 386,
  "seconds": 5.624765486999991
}
