# command: LEAN -j1 -M1536 -DautoImplicit=false -DrelaxedAutoImplicit=false --root=PROJECT_ROOT -o .tools/20260911-low-index-lean-513dc7cc/20260912T040147957758Z/olean/research/tasks/B699-Binomial/runs/20260911-low-index-lean-513dc7cc/lean/CrtStage1Pair25/Cells004P1.olean research/tasks/B699-Binomial/runs/20260911-low-index-lean-513dc7cc/lean/CrtStage1Pair25/Cells004P1.lean
# cwd: PROJECT_ROOT
# started_utc: 2026-09-12T04:05:41.003060Z
# finished_utc: 2026-09-12T04:05:52.526110Z
# exit_code: 0
# timed_out: False
'Math.B699.CRTStage1Pair25.Chunk004.cellA38B1_check' depends on axioms: [propext]
'Math.B699.CRTStage1Pair25.Chunk004.cellA38B2_check' depends on axioms: [propext]
'Math.B699.CRTStage1Pair25.Chunk004.cellA38B3_check' depends on axioms: [propext]
'Math.B699.CRTStage1Pair25.Chunk004.cellA38B4_check' depends on axioms: [propext]
'Math.B699.CRTStage1Pair25.Chunk004.cellA38B5_check' depends on axioms: [propext]
'Math.B699.CRTStage1Pair25.Chunk004.cellA38B6_check' depends on axioms: [propext]
'Math.B699.CRTStage1Pair25.Chunk004.cellA38B7_check' depends on axioms: [propext]
'Math.B699.CRTStage1Pair25.Chunk004.cellA38B8_check' depends on axioms: [propext]
'Math.B699.CRTStage1Pair25.Chunk004.cellA38B9_check' depends on axioms: [propext]
'Math.B699.CRTStage1Pair25.Chunk004.cellA38B10_check' depends on axioms: [propext]
'Math.B699.CRTStage1Pair25.Chunk004.cellA38B11_check' depends on axioms: [propext]
'Math.B699.CRTStage1Pair25.Chunk004.cellA38B12_check' depends on axioms: [propext]
'Math.B699.CRTStage1Pair25.Chunk004.cellA38B13_check' depends on axioms: [propext]
'Math.B699.CRTStage1Pair25.Chunk004.cellA38B14_check' depends on axioms: [propext]
'Math.B699.CRTStage1Pair25.Chunk004.cellA38B15_check' depends on axioms: [propext]
'Math.B699.CRTStage1Pair25.Chunk004.cellA38B16_check' depends on axioms: [propext]
'Math.B699.CRTStage1Pair25.Chunk004.cellA38B17_check' depends on axioms: [propext]
'Math.B699.CRTStage1Pair25.Chunk004.cellA38B18_check' depends on axioms: [propext]
'Math.B699.CRTStage1Pair25.Chunk004.cellA38B19_check' depends on axioms: [propext]
'Math.B699.CRTStage1Pair25.Chunk004.cellA38B20_check' depends on axioms: [propext]
'Math.B699.CRTStage1Pair25.Chunk004.cellA38B21_check' depends on axioms: [propext]
'Math.B699.CRTStage1Pair25.Chunk004.cellA38B22_check' depends on axioms: [propext]
'Math.B699.CRTStage1Pair25.Chunk004.cellA38B23_check' depends on axioms: [propext]
'Math.B699.CRTStage1Pair25.Chunk004.cellA38B24_check' depends on axioms: [propext]
'Math.B699.CRTStage1Pair25.Chunk004.cellA38B25_check' depends on axioms: [propext]
'Math.B699.CRTStage1Pair25.Chunk004.rowA38_cell_check' depends on axioms: [propext]
'Math.B699.CRTStage1Pair25.Chunk004.rowA38_block_check' depends on axioms: [propext, Quot.sound]
'Math.B699.CRTStage1Pair25.Chunk004.cellA39B1_check' depends on axioms: [propext]
'Math.B699.CRTStage1Pair25.Chunk004.cellA39B2_check' depends on axioms: [propext]
'Math.B699.CRTStage1Pair25.Chunk004.cellA39B3_check' depends on axioms: [propext]
'Math.B699.CRTStage1Pair25.Chunk004.cellA39B4_check' depends on axioms: [propext]
'Math.B699.CRTStage1Pair25.Chunk004.cellA39B5_check' depends on axioms: [propext]
'Math.B699.CRTStage1Pair25.Chunk004.cellA39B6_check' depends on axioms: [propext]
'Math.B699.CRTStage1Pair25.Chunk004.cellA39B7_check' depends on axioms: [propext]
'Math.B699.CRTStage1Pair25.Chunk004.cellA39B8_check' depends on axioms: [propext]
'Math.B699.CRTStage1Pair25.Chunk004.cellA39B9_check' depends on axioms: [propext]
'Math.B699.CRTStage1Pair25.Chunk004.cellA39B10_check' depends on axioms: [propext]
'Math.B699.CRTStage1Pair25.Chunk004.cellA39B11_check' depends on axioms: [propext]
'Math.B699.CRTStage1Pair25.Chunk004.cellA39B12_check' depends on axioms: [propext]
'Math.B699.CRTStage1Pair25.Chunk004.cellA39B13_check' depends on axioms: [propext]
'Math.B699.CRTStage1Pair25.Chunk004.cellA39B14_check' depends on axioms: [propext]
'Math.B699.CRTStage1Pair25.Chunk004.cellA39B15_check' depends on axioms: [propext]
'Math.B699.CRTStage1Pair25.Chunk004.cellA39B16_check' depends on axioms: [propext]
'Math.B699.CRTStage1Pair25.Chunk004.cellA39B17_check' depends on axioms: [propext]
'Math.B699.CRTStage1Pair25.Chunk004.cellA39B18_check' depends on axioms: [propext]
'Math.B699.CRTStage1Pair25.Chunk004.cellA39B19_check' depends on axioms: [propext]
'Math.B699.CRTStage1Pair25.Chunk004.cellA39B20_check' depends on axioms: [propext]
'Math.B699.CRTStage1Pair25.Chunk004.cellA39B21_check' depends on axioms: [propext]
'Math.B699.CRTStage1Pair25.Chunk004.cellA39B22_check' depends on axioms: [propext]
'Math.B699.CRTStage1Pair25.Chunk004.cellA39B23_check' depends on axioms: [propext]
'Math.B699.CRTStage1Pair25.Chunk004.cellA39B24_check' depends on axioms: [propext]
'Math.B699.CRTStage1Pair25.Chunk004.cellA39B25_check' depends on axioms: [propext]
'Math.B699.CRTStage1Pair25.Chunk004.rowA39_cell_check' depends on axioms: [propext]
'Math.B699.CRTStage1Pair25.Chunk004.rowA39_block_check' depends on axioms: [propext, Quot.sound]
'Math.B699.CRTStage1Pair25.Chunk004.cellA40B1_check' depends on axioms: [propext]
'Math.B699.CRTStage1Pair25.Chunk004.cellA40B2_check' depends on axioms: [propext]
'Math.B699.CRTStage1Pair25.Chunk004.cellA40B3_check' depends on axioms: [propext]
'Math.B699.CRTStage1Pair25.Chunk004.cellA40B4_check' depends on axioms: [propext]
'Math.B699.CRTStage1Pair25.Chunk004.cellA40B5_check' depends on axioms: [propext]
'Math.B699.CRTStage1Pair25.Chunk004.cellA40B6_check' depends on axioms: [propext]
'Math.B699.CRTStage1Pair25.Chunk004.cellA40B7_check' depends on axioms: [propext]
'Math.B699.CRTStage1Pair25.Chunk004.cellA40B8_check' depends on axioms: [propext]
'Math.B699.CRTStage1Pair25.Chunk004.cellA40B9_check' depends on axioms: [propext]
'Math.B699.CRTStage1Pair25.Chunk004.cellA40B10_check' depends on axioms: [propext]
'Math.B699.CRTStage1Pair25.Chunk004.cellA40B11_check' depends on axioms: [propext]
'Math.B699.CRTStage1Pair25.Chunk004.cellA40B12_check' depends on axioms: [propext]
'Math.B699.CRTStage1Pair25.Chunk004.cellA40B13_check' depends on axioms: [propext]
'Math.B699.CRTStage1Pair25.Chunk004.cellA40B14_check' depends on axioms: [propext]
'Math.B699.CRTStage1Pair25.Chunk004.cellA40B15_check' depends on axioms: [propext]
'Math.B699.CRTStage1Pair25.Chunk004.cellA40B16_check' depends on axioms: [propext]
'Math.B699.CRTStage1Pair25.Chunk004.cellA40B17_check' depends on axioms: [propext]
'Math.B699.CRTStage1Pair25.Chunk004.cellA40B18_check' depends on axioms: [propext]
'Math.B699.CRTStage1Pair25.Chunk004.cellA40B19_check' depends on axioms: [propext]
'Math.B699.CRTStage1Pair25.Chunk004.cellA40B20_check' depends on axioms: [propext]
'Math.B699.CRTStage1Pair25.Chunk004.cellA40B21_check' depends on axioms: [propext]
'Math.B699.CRTStage1Pair25.Chunk004.cellA40B22_check' depends on axioms: [propext]
'Math.B699.CRTStage1Pair25.Chunk004.cellA40B23_check' depends on axioms: [propext]
'Math.B699.CRTStage1Pair25.Chunk004.cellA40B24_check' depends on axioms: [propext]
'Math.B699.CRTStage1Pair25.Chunk004.cellA40B25_check' depends on axioms: [propext]
'Math.B699.CRTStage1Pair25.Chunk004.rowA40_cell_check' depends on axioms: [propext]
'Math.B699.CRTStage1Pair25.Chunk004.rowA40_block_check' depends on axioms: [propext, Quot.sound]
