# command: LEAN -j1 -M1536 -DautoImplicit=false -DrelaxedAutoImplicit=false --root=PROJECT_ROOT -o .tools/20260911-low-index-lean-513dc7cc/20260912T040147957758Z/olean/research/tasks/B699-Binomial/runs/20260911-low-index-lean-513dc7cc/lean/CrtStage1Pair25/Cells002P1.olean research/tasks/B699-Binomial/runs/20260911-low-index-lean-513dc7cc/lean/CrtStage1Pair25/Cells002P1.lean
# cwd: PROJECT_ROOT
# started_utc: 2026-09-12T04:04:16.035544Z
# finished_utc: 2026-09-12T04:04:27.304237Z
# exit_code: 0
# timed_out: False
'Math.B699.CRTStage1Pair25.Chunk002.cellA22B1_check' depends on axioms: [propext]
'Math.B699.CRTStage1Pair25.Chunk002.cellA22B2_check' depends on axioms: [propext]
'Math.B699.CRTStage1Pair25.Chunk002.cellA22B3_check' depends on axioms: [propext]
'Math.B699.CRTStage1Pair25.Chunk002.cellA22B4_check' depends on axioms: [propext]
'Math.B699.CRTStage1Pair25.Chunk002.cellA22B5_check' depends on axioms: [propext]
'Math.B699.CRTStage1Pair25.Chunk002.cellA22B6_check' depends on axioms: [propext]
'Math.B699.CRTStage1Pair25.Chunk002.cellA22B7_check' depends on axioms: [propext]
'Math.B699.CRTStage1Pair25.Chunk002.cellA22B8_check' depends on axioms: [propext]
'Math.B699.CRTStage1Pair25.Chunk002.cellA22B9_check' depends on axioms: [propext]
'Math.B699.CRTStage1Pair25.Chunk002.cellA22B10_check' depends on axioms: [propext]
'Math.B699.CRTStage1Pair25.Chunk002.cellA22B11_check' depends on axioms: [propext]
'Math.B699.CRTStage1Pair25.Chunk002.cellA22B12_check' depends on axioms: [propext]
'Math.B699.CRTStage1Pair25.Chunk002.cellA22B13_check' depends on axioms: [propext]
'Math.B699.CRTStage1Pair25.Chunk002.cellA22B14_check' depends on axioms: [propext]
'Math.B699.CRTStage1Pair25.Chunk002.cellA22B15_check' depends on axioms: [propext]
'Math.B699.CRTStage1Pair25.Chunk002.cellA22B16_check' depends on axioms: [propext]
'Math.B699.CRTStage1Pair25.Chunk002.cellA22B17_check' depends on axioms: [propext]
'Math.B699.CRTStage1Pair25.Chunk002.cellA22B18_check' depends on axioms: [propext]
'Math.B699.CRTStage1Pair25.Chunk002.cellA22B19_check' depends on axioms: [propext]
'Math.B699.CRTStage1Pair25.Chunk002.cellA22B20_check' depends on axioms: [propext]
'Math.B699.CRTStage1Pair25.Chunk002.cellA22B21_check' depends on axioms: [propext]
'Math.B699.CRTStage1Pair25.Chunk002.cellA22B22_check' depends on axioms: [propext]
'Math.B699.CRTStage1Pair25.Chunk002.cellA22B23_check' depends on axioms: [propext]
'Math.B699.CRTStage1Pair25.Chunk002.cellA22B24_check' depends on axioms: [propext]
'Math.B699.CRTStage1Pair25.Chunk002.cellA22B25_check' depends on axioms: [propext]
'Math.B699.CRTStage1Pair25.Chunk002.rowA22_cell_check' depends on axioms: [propext]
'Math.B699.CRTStage1Pair25.Chunk002.rowA22_block_check' depends on axioms: [propext, Quot.sound]
'Math.B699.CRTStage1Pair25.Chunk002.cellA23B1_check' depends on axioms: [propext]
'Math.B699.CRTStage1Pair25.Chunk002.cellA23B2_check' depends on axioms: [propext]
'Math.B699.CRTStage1Pair25.Chunk002.cellA23B3_check' depends on axioms: [propext]
'Math.B699.CRTStage1Pair25.Chunk002.cellA23B4_check' depends on axioms: [propext]
'Math.B699.CRTStage1Pair25.Chunk002.cellA23B5_check' depends on axioms: [propext]
'Math.B699.CRTStage1Pair25.Chunk002.cellA23B6_check' depends on axioms: [propext]
'Math.B699.CRTStage1Pair25.Chunk002.cellA23B7_check' depends on axioms: [propext]
'Math.B699.CRTStage1Pair25.Chunk002.cellA23B8_check' depends on axioms: [propext]
'Math.B699.CRTStage1Pair25.Chunk002.cellA23B9_check' depends on axioms: [propext]
'Math.B699.CRTStage1Pair25.Chunk002.cellA23B10_check' depends on axioms: [propext]
'Math.B699.CRTStage1Pair25.Chunk002.cellA23B11_check' depends on axioms: [propext]
'Math.B699.CRTStage1Pair25.Chunk002.cellA23B12_check' depends on axioms: [propext]
'Math.B699.CRTStage1Pair25.Chunk002.cellA23B13_check' depends on axioms: [propext]
'Math.B699.CRTStage1Pair25.Chunk002.cellA23B14_check' depends on axioms: [propext]
'Math.B699.CRTStage1Pair25.Chunk002.cellA23B15_check' depends on axioms: [propext]
'Math.B699.CRTStage1Pair25.Chunk002.cellA23B16_check' depends on axioms: [propext]
'Math.B699.CRTStage1Pair25.Chunk002.cellA23B17_check' depends on axioms: [propext]
'Math.B699.CRTStage1Pair25.Chunk002.cellA23B18_check' depends on axioms: [propext]
'Math.B699.CRTStage1Pair25.Chunk002.cellA23B19_check' depends on axioms: [propext]
'Math.B699.CRTStage1Pair25.Chunk002.cellA23B20_check' depends on axioms: [propext]
'Math.B699.CRTStage1Pair25.Chunk002.cellA23B21_check' depends on axioms: [propext]
'Math.B699.CRTStage1Pair25.Chunk002.cellA23B22_check' depends on axioms: [propext]
'Math.B699.CRTStage1Pair25.Chunk002.cellA23B23_check' depends on axioms: [propext]
'Math.B699.CRTStage1Pair25.Chunk002.cellA23B24_check' depends on axioms: [propext]
'Math.B699.CRTStage1Pair25.Chunk002.cellA23B25_check' depends on axioms: [propext]
'Math.B699.CRTStage1Pair25.Chunk002.rowA23_cell_check' depends on axioms: [propext]
'Math.B699.CRTStage1Pair25.Chunk002.rowA23_block_check' depends on axioms: [propext, Quot.sound]
'Math.B699.CRTStage1Pair25.Chunk002.cellA24B1_check' depends on axioms: [propext]
'Math.B699.CRTStage1Pair25.Chunk002.cellA24B2_check' depends on axioms: [propext]
'Math.B699.CRTStage1Pair25.Chunk002.cellA24B3_check' depends on axioms: [propext]
'Math.B699.CRTStage1Pair25.Chunk002.cellA24B4_check' depends on axioms: [propext]
'Math.B699.CRTStage1Pair25.Chunk002.cellA24B5_check' depends on axioms: [propext]
'Math.B699.CRTStage1Pair25.Chunk002.cellA24B6_check' depends on axioms: [propext]
'Math.B699.CRTStage1Pair25.Chunk002.cellA24B7_check' depends on axioms: [propext]
'Math.B699.CRTStage1Pair25.Chunk002.cellA24B8_check' depends on axioms: [propext]
'Math.B699.CRTStage1Pair25.Chunk002.cellA24B9_check' depends on axioms: [propext]
'Math.B699.CRTStage1Pair25.Chunk002.cellA24B10_check' depends on axioms: [propext]
'Math.B699.CRTStage1Pair25.Chunk002.cellA24B11_check' depends on axioms: [propext]
'Math.B699.CRTStage1Pair25.Chunk002.cellA24B12_check' depends on axioms: [propext]
'Math.B699.CRTStage1Pair25.Chunk002.cellA24B13_check' depends on axioms: [propext]
'Math.B699.CRTStage1Pair25.Chunk002.cellA24B14_check' depends on axioms: [propext]
'Math.B699.CRTStage1Pair25.Chunk002.cellA24B15_check' depends on axioms: [propext]
'Math.B699.CRTStage1Pair25.Chunk002.cellA24B16_check' depends on axioms: [propext]
'Math.B699.CRTStage1Pair25.Chunk002.cellA24B17_check' depends on axioms: [propext]
'Math.B699.CRTStage1Pair25.Chunk002.cellA24B18_check' depends on axioms: [propext]
'Math.B699.CRTStage1Pair25.Chunk002.cellA24B19_check' depends on axioms: [propext]
'Math.B699.CRTStage1Pair25.Chunk002.cellA24B20_check' depends on axioms: [propext]
'Math.B699.CRTStage1Pair25.Chunk002.cellA24B21_check' depends on axioms: [propext]
'Math.B699.CRTStage1Pair25.Chunk002.cellA24B22_check' depends on axioms: [propext]
'Math.B699.CRTStage1Pair25.Chunk002.cellA24B23_check' depends on axioms: [propext]
'Math.B699.CRTStage1Pair25.Chunk002.cellA24B24_check' depends on axioms: [propext]
'Math.B699.CRTStage1Pair25.Chunk002.cellA24B25_check' depends on axioms: [propext]
'Math.B699.CRTStage1Pair25.Chunk002.rowA24_cell_check' depends on axioms: [propext]
'Math.B699.CRTStage1Pair25.Chunk002.rowA24_block_check' depends on axioms: [propext, Quot.sound]
