# command: LEAN -j1 -M1536 -DautoImplicit=false -DrelaxedAutoImplicit=false --root=PROJECT_ROOT -o .tools/20260911-low-index-lean-513dc7cc/20260912T040147957758Z/olean/research/tasks/B699-Binomial/runs/20260911-low-index-lean-513dc7cc/lean/CrtStage1Pair25/Cells006P0.olean research/tasks/B699-Binomial/runs/20260911-low-index-lean-513dc7cc/lean/CrtStage1Pair25/Cells006P0.lean
# cwd: PROJECT_ROOT
# started_utc: 2026-09-12T04:06:52.140908Z
# finished_utc: 2026-09-12T04:07:04.929319Z
# exit_code: 0
# timed_out: False
'Math.B699.CRTStage1Pair25.Chunk006.cellA49B1_check' depends on axioms: [propext]
'Math.B699.CRTStage1Pair25.Chunk006.cellA49B2_check' depends on axioms: [propext]
'Math.B699.CRTStage1Pair25.Chunk006.cellA49B3_check' depends on axioms: [propext]
'Math.B699.CRTStage1Pair25.Chunk006.cellA49B4_check' depends on axioms: [propext]
'Math.B699.CRTStage1Pair25.Chunk006.cellA49B5_check' depends on axioms: [propext]
'Math.B699.CRTStage1Pair25.Chunk006.cellA49B6_check' depends on axioms: [propext]
'Math.B699.CRTStage1Pair25.Chunk006.cellA49B7_check' depends on axioms: [propext]
'Math.B699.CRTStage1Pair25.Chunk006.cellA49B8_check' depends on axioms: [propext]
'Math.B699.CRTStage1Pair25.Chunk006.cellA49B9_check' depends on axioms: [propext]
'Math.B699.CRTStage1Pair25.Chunk006.cellA49B10_check' depends on axioms: [propext]
'Math.B699.CRTStage1Pair25.Chunk006.cellA49B11_check' depends on axioms: [propext]
'Math.B699.CRTStage1Pair25.Chunk006.cellA49B12_check' depends on axioms: [propext]
'Math.B699.CRTStage1Pair25.Chunk006.cellA49B13_check' depends on axioms: [propext]
'Math.B699.CRTStage1Pair25.Chunk006.cellA49B14_check' depends on axioms: [propext]
'Math.B699.CRTStage1Pair25.Chunk006.cellA49B15_check' depends on axioms: [propext]
'Math.B699.CRTStage1Pair25.Chunk006.cellA49B16_check' depends on axioms: [propext]
'Math.B699.CRTStage1Pair25.Chunk006.cellA49B17_check' depends on axioms: [propext]
'Math.B699.CRTStage1Pair25.Chunk006.cellA49B18_check' depends on axioms: [propext]
'Math.B699.CRTStage1Pair25.Chunk006.cellA49B19_check' depends on axioms: [propext]
'Math.B699.CRTStage1Pair25.Chunk006.cellA49B20_check' depends on axioms: [propext]
'Math.B699.CRTStage1Pair25.Chunk006.cellA49B21_check' depends on axioms: [propext]
'Math.B699.CRTStage1Pair25.Chunk006.cellA49B22_check' depends on axioms: [propext]
'Math.B699.CRTStage1Pair25.Chunk006.cellA49B23_check' depends on axioms: [propext]
'Math.B699.CRTStage1Pair25.Chunk006.cellA49B24_check' depends on axioms: [propext]
'Math.B699.CRTStage1Pair25.Chunk006.cellA49B25_check' depends on axioms: [propext]
'Math.B699.CRTStage1Pair25.Chunk006.rowA49_cell_check' depends on axioms: [propext]
'Math.B699.CRTStage1Pair25.Chunk006.rowA49_block_check' depends on axioms: [propext, Quot.sound]
'Math.B699.CRTStage1Pair25.Chunk006.cellA50B1_check' depends on axioms: [propext]
'Math.B699.CRTStage1Pair25.Chunk006.cellA50B2_check' depends on axioms: [propext]
'Math.B699.CRTStage1Pair25.Chunk006.cellA50B3_check' depends on axioms: [propext]
'Math.B699.CRTStage1Pair25.Chunk006.cellA50B4_check' depends on axioms: [propext]
'Math.B699.CRTStage1Pair25.Chunk006.cellA50B5_check' depends on axioms: [propext]
'Math.B699.CRTStage1Pair25.Chunk006.cellA50B6_check' depends on axioms: [propext]
'Math.B699.CRTStage1Pair25.Chunk006.cellA50B7_check' depends on axioms: [propext]
'Math.B699.CRTStage1Pair25.Chunk006.cellA50B8_check' depends on axioms: [propext]
'Math.B699.CRTStage1Pair25.Chunk006.cellA50B9_check' depends on axioms: [propext]
'Math.B699.CRTStage1Pair25.Chunk006.cellA50B10_check' depends on axioms: [propext]
'Math.B699.CRTStage1Pair25.Chunk006.cellA50B11_check' depends on axioms: [propext]
'Math.B699.CRTStage1Pair25.Chunk006.cellA50B12_check' depends on axioms: [propext]
'Math.B699.CRTStage1Pair25.Chunk006.cellA50B13_check' depends on axioms: [propext]
'Math.B699.CRTStage1Pair25.Chunk006.cellA50B14_check' depends on axioms: [propext]
'Math.B699.CRTStage1Pair25.Chunk006.cellA50B15_check' depends on axioms: [propext]
'Math.B699.CRTStage1Pair25.Chunk006.cellA50B16_check' depends on axioms: [propext]
'Math.B699.CRTStage1Pair25.Chunk006.cellA50B17_check' depends on axioms: [propext]
'Math.B699.CRTStage1Pair25.Chunk006.cellA50B18_check' depends on axioms: [propext]
'Math.B699.CRTStage1Pair25.Chunk006.cellA50B19_check' depends on axioms: [propext]
'Math.B699.CRTStage1Pair25.Chunk006.cellA50B20_check' depends on axioms: [propext]
'Math.B699.CRTStage1Pair25.Chunk006.cellA50B21_check' depends on axioms: [propext]
'Math.B699.CRTStage1Pair25.Chunk006.cellA50B22_check' depends on axioms: [propext]
'Math.B699.CRTStage1Pair25.Chunk006.cellA50B23_check' depends on axioms: [propext]
'Math.B699.CRTStage1Pair25.Chunk006.cellA50B24_check' depends on axioms: [propext]
'Math.B699.CRTStage1Pair25.Chunk006.cellA50B25_check' depends on axioms: [propext]
'Math.B699.CRTStage1Pair25.Chunk006.rowA50_cell_check' depends on axioms: [propext]
'Math.B699.CRTStage1Pair25.Chunk006.rowA50_block_check' depends on axioms: [propext, Quot.sound]
'Math.B699.CRTStage1Pair25.Chunk006.cellA51B1_check' depends on axioms: [propext]
'Math.B699.CRTStage1Pair25.Chunk006.cellA51B2_check' depends on axioms: [propext]
'Math.B699.CRTStage1Pair25.Chunk006.cellA51B3_check' depends on axioms: [propext]
'Math.B699.CRTStage1Pair25.Chunk006.cellA51B4_check' depends on axioms: [propext]
'Math.B699.CRTStage1Pair25.Chunk006.cellA51B5_check' depends on axioms: [propext]
'Math.B699.CRTStage1Pair25.Chunk006.cellA51B6_check' depends on axioms: [propext]
'Math.B699.CRTStage1Pair25.Chunk006.cellA51B7_check' depends on axioms: [propext]
'Math.B699.CRTStage1Pair25.Chunk006.cellA51B8_check' depends on axioms: [propext]
'Math.B699.CRTStage1Pair25.Chunk006.cellA51B9_check' depends on axioms: [propext]
'Math.B699.CRTStage1Pair25.Chunk006.cellA51B10_check' depends on axioms: [propext]
'Math.B699.CRTStage1Pair25.Chunk006.cellA51B11_check' depends on axioms: [propext]
'Math.B699.CRTStage1Pair25.Chunk006.cellA51B12_check' depends on axioms: [propext]
'Math.B699.CRTStage1Pair25.Chunk006.cellA51B13_check' depends on axioms: [propext]
'Math.B699.CRTStage1Pair25.Chunk006.cellA51B14_check' depends on axioms: [propext]
'Math.B699.CRTStage1Pair25.Chunk006.cellA51B15_check' depends on axioms: [propext]
'Math.B699.CRTStage1Pair25.Chunk006.cellA51B16_check' depends on axioms: [propext]
'Math.B699.CRTStage1Pair25.Chunk006.cellA51B17_check' depends on axioms: [propext]
'Math.B699.CRTStage1Pair25.Chunk006.cellA51B18_check' depends on axioms: [propext]
'Math.B699.CRTStage1Pair25.Chunk006.cellA51B19_check' depends on axioms: [propext]
'Math.B699.CRTStage1Pair25.Chunk006.cellA51B20_check' depends on axioms: [propext]
'Math.B699.CRTStage1Pair25.Chunk006.cellA51B21_check' depends on axioms: [propext]
'Math.B699.CRTStage1Pair25.Chunk006.cellA51B22_check' depends on axioms: [propext]
'Math.B699.CRTStage1Pair25.Chunk006.cellA51B23_check' depends on axioms: [propext]
'Math.B699.CRTStage1Pair25.Chunk006.cellA51B24_check' depends on axioms: [propext]
'Math.B699.CRTStage1Pair25.Chunk006.cellA51B25_check' depends on axioms: [propext]
'Math.B699.CRTStage1Pair25.Chunk006.rowA51_cell_check' depends on axioms: [propext]
'Math.B699.CRTStage1Pair25.Chunk006.rowA51_block_check' depends on axioms: [propext, Quot.sound]
'Math.B699.CRTStage1Pair25.Chunk006.cellA52B1_check' depends on axioms: [propext]
'Math.B699.CRTStage1Pair25.Chunk006.cellA52B2_check' depends on axioms: [propext]
'Math.B699.CRTStage1Pair25.Chunk006.cellA52B3_check' depends on axioms: [propext]
'Math.B699.CRTStage1Pair25.Chunk006.cellA52B4_check' depends on axioms: [propext]
'Math.B699.CRTStage1Pair25.Chunk006.cellA52B5_check' depends on axioms: [propext]
'Math.B699.CRTStage1Pair25.Chunk006.cellA52B6_check' depends on axioms: [propext]
'Math.B699.CRTStage1Pair25.Chunk006.cellA52B7_check' depends on axioms: [propext]
'Math.B699.CRTStage1Pair25.Chunk006.cellA52B8_check' depends on axioms: [propext]
'Math.B699.CRTStage1Pair25.Chunk006.cellA52B9_check' depends on axioms: [propext]
'Math.B699.CRTStage1Pair25.Chunk006.cellA52B10_check' depends on axioms: [propext]
'Math.B699.CRTStage1Pair25.Chunk006.cellA52B11_check' depends on axioms: [propext]
'Math.B699.CRTStage1Pair25.Chunk006.cellA52B12_check' depends on axioms: [propext]
'Math.B699.CRTStage1Pair25.Chunk006.cellA52B13_check' depends on axioms: [propext]
'Math.B699.CRTStage1Pair25.Chunk006.cellA52B14_check' depends on axioms: [propext]
'Math.B699.CRTStage1Pair25.Chunk006.cellA52B15_check' depends on axioms: [propext]
'Math.B699.CRTStage1Pair25.Chunk006.cellA52B16_check' depends on axioms: [propext]
'Math.B699.CRTStage1Pair25.Chunk006.cellA52B17_check' depends on axioms: [propext]
'Math.B699.CRTStage1Pair25.Chunk006.cellA52B18_check' depends on axioms: [propext]
'Math.B699.CRTStage1Pair25.Chunk006.cellA52B19_check' depends on axioms: [propext]
'Math.B699.CRTStage1Pair25.Chunk006.cellA52B20_check' depends on axioms: [propext]
'Math.B699.CRTStage1Pair25.Chunk006.cellA52B21_check' depends on axioms: [propext]
'Math.B699.CRTStage1Pair25.Chunk006.cellA52B22_check' depends on axioms: [propext]
'Math.B699.CRTStage1Pair25.Chunk006.cellA52B23_check' depends on axioms: [propext]
'Math.B699.CRTStage1Pair25.Chunk006.cellA52B24_check' depends on axioms: [propext]
'Math.B699.CRTStage1Pair25.Chunk006.cellA52B25_check' depends on axioms: [propext]
'Math.B699.CRTStage1Pair25.Chunk006.rowA52_cell_check' depends on axioms: [propext]
'Math.B699.CRTStage1Pair25.Chunk006.rowA52_block_check' depends on axioms: [propext, Quot.sound]
'Math.B699.CRTStage1Pair25.Chunk006.cellA53B1_check' depends on axioms: [propext]
'Math.B699.CRTStage1Pair25.Chunk006.cellA53B2_check' depends on axioms: [propext]
'Math.B699.CRTStage1Pair25.Chunk006.cellA53B3_check' depends on axioms: [propext]
'Math.B699.CRTStage1Pair25.Chunk006.cellA53B4_check' depends on axioms: [propext]
'Math.B699.CRTStage1Pair25.Chunk006.cellA53B5_check' depends on axioms: [propext]
'Math.B699.CRTStage1Pair25.Chunk006.cellA53B6_check' depends on axioms: [propext]
'Math.B699.CRTStage1Pair25.Chunk006.cellA53B7_check' depends on axioms: [propext]
'Math.B699.CRTStage1Pair25.Chunk006.cellA53B8_check' depends on axioms: [propext]
'Math.B699.CRTStage1Pair25.Chunk006.cellA53B9_check' depends on axioms: [propext]
'Math.B699.CRTStage1Pair25.Chunk006.cellA53B10_check' depends on axioms: [propext]
'Math.B699.CRTStage1Pair25.Chunk006.cellA53B11_check' depends on axioms: [propext]
'Math.B699.CRTStage1Pair25.Chunk006.cellA53B12_check' depends on axioms: [propext]
'Math.B699.CRTStage1Pair25.Chunk006.cellA53B13_check' depends on axioms: [propext]
'Math.B699.CRTStage1Pair25.Chunk006.cellA53B14_check' depends on axioms: [propext]
'Math.B699.CRTStage1Pair25.Chunk006.cellA53B15_check' depends on axioms: [propext]
'Math.B699.CRTStage1Pair25.Chunk006.cellA53B16_check' depends on axioms: [propext]
'Math.B699.CRTStage1Pair25.Chunk006.cellA53B17_check' depends on axioms: [propext]
'Math.B699.CRTStage1Pair25.Chunk006.cellA53B18_check' depends on axioms: [propext]
'Math.B699.CRTStage1Pair25.Chunk006.cellA53B19_check' depends on axioms: [propext]
'Math.B699.CRTStage1Pair25.Chunk006.cellA53B20_check' depends on axioms: [propext]
'Math.B699.CRTStage1Pair25.Chunk006.cellA53B21_check' depends on axioms: [propext]
'Math.B699.CRTStage1Pair25.Chunk006.cellA53B22_check' depends on axioms: [propext]
'Math.B699.CRTStage1Pair25.Chunk006.cellA53B23_check' depends on axioms: [propext]
'Math.B699.CRTStage1Pair25.Chunk006.cellA53B24_check' depends on axioms: [propext]
'Math.B699.CRTStage1Pair25.Chunk006.cellA53B25_check' depends on axioms: [propext]
'Math.B699.CRTStage1Pair25.Chunk006.rowA53_cell_check' depends on axioms: [propext]
'Math.B699.CRTStage1Pair25.Chunk006.rowA53_block_check' depends on axioms: [propext, Quot.sound]
