[
  {
    "name": "mathlib",
    "path": ".lake/packages/mathlib",
    "manifestRev": "0df444a360eaa60ab8c11dca51a86af692955474",
    "observedHead": "0df444a360eaa60ab8c11dca51a86af692955474",
    "headMatches": true,
    "origin": "https://github.com/leanprover-community/mathlib4",
    "originMatchesManifest": true,
    "clean": true,
    "statusChanges": []
  },
  {
    "name": "plausible",
    "path": ".lake/packages/plausible",
    "manifestRev": "b7eb3304aeae834b12dda98993a37f6a41f6f0bb",
    "observedHead": "b7eb3304aeae834b12dda98993a37f6a41f6f0bb",
    "headMatches": true,
    "origin": "https://github.com/leanprover-community/plausible",
    "originMatchesManifest": true,
    "clean": true,
    "statusChanges": []
  },
  {
    "name": "LeanSearchClient",
    "path": ".lake/packages/LeanSearchClient",
    "manifestRev": "5f4d51b81cbd3f6b32b156bfad9056621a040404",
    "observedHead": "5f4d51b81cbd3f6b32b156bfad9056621a040404",
    "headMatches": true,
    "origin": "https://github.com/leanprover-community/LeanSearchClient",
    "originMatchesManifest": true,
    "clean": true,
    "statusChanges": []
  },
  {
    "name": "importGraph",
    "path": ".lake/packages/importGraph",
    "manifestRev": "16f02aa7642864af59f1ff0e384a015994db9118",
    "observedHead": "16f02aa7642864af59f1ff0e384a015994db9118",
    "headMatches": true,
    "origin": "https://github.com/leanprover-community/import-graph",
    "originMatchesManifest": true,
    "clean": true,
    "statusChanges": []
  },
  {
    "name": "proofwidgets",
    "path": ".lake/packages/proofwidgets",
    "manifestRev": "4be2e3d5087eeb272cf5a8853b8f9dd025ef5957",
    "observedHead": "4be2e3d5087eeb272cf5a8853b8f9dd025ef5957",
    "headMatches": true,
    "origin": "https://github.com/leanprover-community/ProofWidgets4",
    "originMatchesManifest": true,
    "clean": true,
    "statusChanges": []
  },
  {
    "name": "aesop",
    "path": ".lake/packages/aesop",
    "manifestRev": "3448c0bcc5ce01b2d1546e483ec3620e32df3d0e",
    "observedHead": "3448c0bcc5ce01b2d1546e483ec3620e32df3d0e",
    "headMatches": true,
    "origin": "https://github.com/leanprover-community/aesop",
    "originMatchesManifest": true,
    "clean": true,
    "statusChanges": []
  },
  {
    "name": "Qq",
    "path": ".lake/packages/Qq",
    "manifestRev": "92c15be17b7caf78c2ad767ec40f89052d908d81",
    "observedHead": "92c15be17b7caf78c2ad767ec40f89052d908d81",
    "headMatches": true,
    "origin": "https://github.com/leanprover-community/quote4",
    "originMatchesManifest": true,
    "clean": true,
    "statusChanges": []
  },
  {
    "name": "batteries",
    "path": ".lake/packages/batteries",
    "manifestRev": "4488d40d070b9700d4d5a6aa342f0d40c31b2a2d",
    "observedHead": "4488d40d070b9700d4d5a6aa342f0d40c31b2a2d",
    "headMatches": true,
    "origin": "https://github.com/leanprover-community/batteries",
    "originMatchesManifest": true,
    "clean": true,
    "statusChanges": []
  },
  {
    "name": "Cli",
    "path": ".lake/packages/Cli",
    "manifestRev": "6130a47896ce867c6a4a55373441e59e565bad0f",
    "observedHead": "6130a47896ce867c6a4a55373441e59e565bad0f",
    "headMatches": true,
    "origin": "https://github.com/leanprover/lean4-cli",
    "originMatchesManifest": true,
    "clean": true,
    "statusChanges": []
  }
]
