2026-10-04T12:08:30.5156473Z Current runner version: '2.337.0'
2026-10-04T12:08:30.5173755Z ##[group]Runner Image Provisioner
2026-10-04T12:08:30.5174276Z Hosted Compute Agent
2026-10-04T12:08:30.5174748Z Version: 20260901.588
2026-10-04T12:08:30.5175124Z Commit: f88ec8081b781fac6c440065ac7ff9e710ce3d0b
2026-10-04T12:08:30.5175954Z Build Date: 2026-09-01T19:56:44Z
2026-10-04T12:08:30.5176351Z Worker ID: {85b85382-1b43-4f38-aa41-554d7354ea12}
2026-10-04T12:08:30.5176746Z Azure Region: centralus
2026-10-04T12:08:30.5177134Z ##[endgroup]
2026-10-04T12:08:30.5177890Z ##[group]Operating System
2026-10-04T12:08:30.5178269Z Ubuntu
2026-10-04T12:08:30.5178621Z 24.04.5
2026-10-04T12:08:30.5178930Z LTS
2026-10-04T12:08:30.5179295Z ##[endgroup]
2026-10-04T12:08:30.5179619Z ##[group]Runner Image
2026-10-04T12:08:30.5179983Z Image: ubuntu-24.04
2026-10-04T12:08:30.5180364Z Version: 20260927.320.1
2026-10-04T12:08:30.5181129Z Included Software: https://github.com/actions/runner-images/blob/ubuntu24/20260927.320/images/ubuntu/Ubuntu2404-Readme.md
2026-10-04T12:08:30.5182394Z Image Release: https://github.com/actions/runner-images/releases/tag/ubuntu24%2F20260927.320
2026-10-04T12:08:30.5183004Z ##[endgroup]
2026-10-04T12:08:30.5183659Z ##[group]GITHUB_TOKEN Permissions
2026-10-04T12:08:30.5184939Z Contents: read
2026-10-04T12:08:30.5185289Z Metadata: read
2026-10-04T12:08:30.5185618Z ##[endgroup]
2026-10-04T12:08:30.5187005Z Secret source: Actions
2026-10-04T12:08:30.5187552Z Cache mode: write
2026-10-04T12:08:30.5188025Z Prepare workflow directory
2026-10-04T12:08:30.5430728Z Prepare all required actions
2026-10-04T12:08:30.5472063Z Getting action download info
2026-10-04T12:08:30.7920035Z Download action repository 'actions/checkout@3d3c42e5aac5ba805825da76410c181273ba90b1' (SHA:3d3c42e5aac5ba805825da76410c181273ba90b1)
2026-10-04T12:08:30.8800402Z Download action repository 'leanprover/lean-action@50fcf42d2e460296f1a34b402e990d1b24f8b596' (SHA:50fcf42d2e460296f1a34b402e990d1b24f8b596)
2026-10-04T12:08:31.0896952Z Download action repository 'actions/upload-artifact@ea165f8d65b6e75b540449e92b4886f43607fa02' (SHA:ea165f8d65b6e75b540449e92b4886f43607fa02)
2026-10-04T12:08:31.3614741Z Getting action download info
2026-10-04T12:08:31.4684251Z Download action repository 'actions/cache@v5' (SHA:caa296126883cff596d87d8935842f9db880ef25)
2026-10-04T12:08:31.7761490Z Complete job name: scoped
2026-10-04T12:08:31.8173794Z ##[group]Run test "$(date -u +%s)" -le "$(date -u -d '2026-10-04 12:08:00 UTC' +%s)" || { echo 'Late start rejected'; exit 124; }
2026-10-04T12:08:31.8174612Z [36;1mtest "$(date -u +%s)" -le "$(date -u -d '2026-10-04 12:08:00 UTC' +%s)" || { echo 'Late start rejected'; exit 124; }[0m
2026-10-04T12:08:31.8861143Z shell: /usr/bin/bash --noprofile --norc -e -o pipefail {0}
2026-10-04T12:08:31.8862221Z env:
2026-10-04T12:08:31.8863090Z   B699_RUNTIME: research/tasks/B699-Binomial/runs/20261001-lean-nonr7-01a0f779/continuations/20261004-tail-until2020/runtime
2026-10-04T12:08:31.8864045Z ##[endgroup]
2026-10-04T12:08:31.9541038Z Late start rejected
2026-10-04T12:08:31.9548891Z ##[error]Process completed with exit code 124.
2026-10-04T12:08:31.9775777Z Cleaning up orphan processes
