# command: LEAN -j1 -M1536 -DautoImplicit=false -DrelaxedAutoImplicit=false --root=PROJECT_ROOT -o .tools/20260911-low-index-lean-513dc7cc/20260912T081818645080Z/olean/research/tasks/B699-Binomial/runs/20260911-low-index-lean-513dc7cc/lean/I11TCovBatch/Group06.olean research/tasks/B699-Binomial/runs/20260911-low-index-lean-513dc7cc/lean/I11TCovBatch/Group06.lean
# cwd: PROJECT_ROOT
# started_utc: 2026-09-12T08:23:38.051621Z
# finished_utc: 2026-09-12T08:23:47.297398Z
# exit_code: 0
# timed_out: False
Math.B699.I11TerminalCandidateCoverage.Groups.G048.intervals_sound : Math.B699.I11TerminalCandidateCoverage.IntervalsSound
  Math.B699.I11TerminalCandidateCoverage.Groups.G048.intervals
'Math.B699.I11TerminalCandidateCoverage.Groups.G048.intervals_sound' depends on axioms: [propext,
 Classical.choice,
 Quot.sound]
Math.B699.I11TerminalCandidateCoverage.Groups.G049.intervals_sound : Math.B699.I11TerminalCandidateCoverage.IntervalsSound
  Math.B699.I11TerminalCandidateCoverage.Groups.G049.intervals
'Math.B699.I11TerminalCandidateCoverage.Groups.G049.intervals_sound' depends on axioms: [propext,
 Classical.choice,
 Quot.sound]
Math.B699.I11TerminalCandidateCoverage.Groups.G050.intervals_sound : Math.B699.I11TerminalCandidateCoverage.IntervalsSound
  Math.B699.I11TerminalCandidateCoverage.Groups.G050.intervals
'Math.B699.I11TerminalCandidateCoverage.Groups.G050.intervals_sound' depends on axioms: [propext,
 Classical.choice,
 Quot.sound]
Math.B699.I11TerminalCandidateCoverage.Groups.G051.intervals_sound : Math.B699.I11TerminalCandidateCoverage.IntervalsSound
  Math.B699.I11TerminalCandidateCoverage.Groups.G051.intervals
'Math.B699.I11TerminalCandidateCoverage.Groups.G051.intervals_sound' depends on axioms: [propext,
 Classical.choice,
 Quot.sound]
Math.B699.I11TerminalCandidateCoverage.Groups.G052.intervals_sound : Math.B699.I11TerminalCandidateCoverage.IntervalsSound
  Math.B699.I11TerminalCandidateCoverage.Groups.G052.intervals
'Math.B699.I11TerminalCandidateCoverage.Groups.G052.intervals_sound' depends on axioms: [propext,
 Classical.choice,
 Quot.sound]
Math.B699.I11TerminalCandidateCoverage.Groups.G053.intervals_sound : Math.B699.I11TerminalCandidateCoverage.IntervalsSound
  Math.B699.I11TerminalCandidateCoverage.Groups.G053.intervals
'Math.B699.I11TerminalCandidateCoverage.Groups.G053.intervals_sound' depends on axioms: [propext,
 Classical.choice,
 Quot.sound]
Math.B699.I11TerminalCandidateCoverage.Groups.G054.intervals_sound : Math.B699.I11TerminalCandidateCoverage.IntervalsSound
  Math.B699.I11TerminalCandidateCoverage.Groups.G054.intervals
'Math.B699.I11TerminalCandidateCoverage.Groups.G054.intervals_sound' depends on axioms: [propext,
 Classical.choice,
 Quot.sound]
Math.B699.I11TerminalCandidateCoverage.Groups.G055.intervals_sound : Math.B699.I11TerminalCandidateCoverage.IntervalsSound
  Math.B699.I11TerminalCandidateCoverage.Groups.G055.intervals
'Math.B699.I11TerminalCandidateCoverage.Groups.G055.intervals_sound' depends on axioms: [propext,
 Classical.choice,
 Quot.sound]
