# command: LEAN -j1 -M2048 -DautoImplicit=false -DrelaxedAutoImplicit=false --root=PROJECT_ROOT -o .tools/20260911-low-index-lean-513dc7cc/20260911T064311417078Z/olean/research/tasks/B699-Binomial/runs/20260911-low-index-lean-513dc7cc/lean/rows/Row029J8/Block002.olean research/tasks/B699-Binomial/runs/20260911-low-index-lean-513dc7cc/lean/rows/Row029J8/Block002.lean
# cwd: PROJECT_ROOT
# started_utc: 2026-09-11T06:44:19.577248Z
# finished_utc: 2026-09-11T06:44:46.480279Z
# exit_code: 3221226505
# timed_out: False
'B699LowIndex.LowIndexLean513dc7cc.row029_registered' depends on axioms: [propext]
'B699LowIndex.LowIndexLean513dc7cc.row029_small_checked' does not depend on any axioms
'B699LowIndex.LowIndexLean513dc7cc.row029_layerCover_checked' does not depend on any axioms
PROJECT_ROOT\research\tasks\B699-Binomial\runs\20260911-low-index-lean-513dc7cc\lean\rows\Row029J8\Block002.lean:37:2: error: Tactic `decide` failed for proposition
  coverLayerCheck row029.height row029.goods { lower := 1624, upper := 3248, M := 32 } = true
because its `Decidable` instance
  instDecidableEqBool (coverLayerCheck row029.height row029.goods { lower := 1624, upper := 3248, M := 32 }) true
did not reduce to `isTrue` or `isFalse`.

Reduction got stuck at the `Decidable` instance
  match coverLayerCheck row029.height row029.goods { lower := 1624, upper := 3248, M := 32 }, true with
  | false, false => isTrue ⋯
  | false, true => isFalse ⋯
  | true, false => isFalse ⋯
  | true, true => isTrue ⋯
PROJECT_ROOT\research\tasks\B699-Binomial\runs\20260911-low-index-lean-513dc7cc\lean\rows\Row029J8\Block002.lean:41:2: error: Tactic `decide` failed for proposition
  coverLayerCheck row029.height row029.goods { lower := 3248, upper := 6496, M := 31 } = true
because its `Decidable` instance
  instDecidableEqBool (coverLayerCheck row029.height row029.goods { lower := 3248, upper := 6496, M := 31 }) true
did not reduce to `isTrue` or `isFalse`.

Reduction got stuck at the `Decidable` instance
  match coverLayerCheck row029.height row029.goods { lower := 3248, upper := 6496, M := 31 }, true with
  | false, false => isTrue ⋯
  | false, true => isFalse ⋯
  | true, false => isFalse ⋯
  | true, true => isTrue ⋯
PROJECT_ROOT\research\tasks\B699-Binomial\runs\20260911-low-index-lean-513dc7cc\lean\rows\Row029J8\Block002.lean:45:2: error: Tactic `decide` failed for proposition
  coverLayerCheck row029.height row029.goods { lower := 6496, upper := 12992, M := 30 } = true
because its `Decidable` instance
  instDecidableEqBool (coverLayerCheck row029.height row029.goods { lower := 6496, upper := 12992, M := 30 }) true
did not reduce to `isTrue` or `isFalse`.

Reduction got stuck at the `Decidable` instance
  match coverLayerCheck row029.height row029.goods { lower := 6496, upper := 12992, M := 30 }, true with
  | false, false => isTrue ⋯
  | false, true => isFalse ⋯
  | true, false => isFalse ⋯
  | true, true => isTrue ⋯
'B699LowIndex.LowIndexLean513dc7cc.row029_layer001_checked' depends on axioms: [propext,
 sorryAx,
 Classical.choice,
 Quot.sound]
'B699LowIndex.LowIndexLean513dc7cc.row029_layer002_checked' depends on axioms: [propext,
 sorryAx,
 Classical.choice,
 Quot.sound]
'B699LowIndex.LowIndexLean513dc7cc.row029_layer003_checked' depends on axioms: [propext,
 sorryAx,
 Classical.choice,
 Quot.sound]
PROJECT_ROOT\research\tasks\B699-Binomial\runs\20260911-low-index-lean-513dc7cc\lean\rows\Row029J8\Block002.lean:61:2: error: Tactic `decide` failed for proposition
  coverLayerCheck row029.height row029.goods { lower := 12992, upper := 25984, M := 29 } = true
because its `Decidable` instance
  instDecidableEqBool (coverLayerCheck row029.height row029.goods { lower := 12992, upper := 25984, M := 29 }) true
did not reduce to `isTrue` or `isFalse`.

Reduction got stuck at the `Decidable` instance
  match coverLayerCheck row029.height row029.goods { lower := 12992, upper := 25984, M := 29 }, true with
  | false, false => isTrue ⋯
  | false, true => isFalse ⋯
  | true, false => isFalse ⋯
  | true, true => isTrue ⋯
PROJECT_ROOT\research\tasks\B699-Binomial\runs\20260911-low-index-lean-513dc7cc\lean\rows\Row029J8\Block002.lean:65:2: error: Tactic `decide` failed for proposition
  coverLayerCheck row029.height row029.goods { lower := 25984, upper := 51968, M := 28 } = true
because its `Decidable` instance
  instDecidableEqBool (colibc++abi: terminating due to uncaught exception of type lean::memory_exception: excessive memory consumption detected at 'interpreter' (potential solution: increase memory consumption threshold)
