B699_RESOURCE_CONTRACT path=/sys/fs/cgroup memory.max=14227079168 memory.current=1757184 cpu.max=max 100000 pids.max=1024 pids.current=3
B699_DIAGNOSTIC_TIMER timeout (GNU coreutils) 9.1
{"caption":"","data":"Variable name `hin` is not explicitly referenced.\n\nHint: The binding can be removed (if unused) or named `_` (if used implicitly). Alternatively, prefix the name with `_` to silence this warning:\n  [apply] _hin\n\nNote: This linter can be disabled with `set_option linter.unusedVariables false`","endPos":{"column":26,"line":383},"fileName":"/contribution/Frozen/Diag_A151Prelude.lean","isSilent":false,"keepFullRange":false,"kind":"linter.unusedVariables","pos":{"column":23,"line":383},"severity":"warning"}
{"caption":"","data":"elaboration took 102ms\n","endPos":null,"fileName":"/contribution/Frozen/Diag_A151Prelude.lean","isSilent":false,"keepFullRange":false,"kind":"[anonymous]","pos":{"column":0,"line":631},"severity":"information"}
{"caption":"","data":"Contribution.B699ProfilingA151Prelude.N5.profilingPrelude : True","endPos":{"column":6,"line":809},"fileName":"/contribution/Frozen/Diag_A151Prelude.lean","isSilent":false,"keepFullRange":false,"kind":"[anonymous]","pos":{"column":0,"line":809},"severity":"information"}
{"caption":"","data":"'Contribution.B699ProfilingA151Prelude.N5.profilingPrelude' does not depend on any axioms","endPos":{"column":6,"line":810},"fileName":"/contribution/Frozen/Diag_A151Prelude.lean","isSilent":false,"keepFullRange":false,"kind":"[anonymous]","pos":{"column":0,"line":810},"severity":"information"}
cumulative profiling times:
	attribute application 0.794ms
	compilation (IR) 1.98ms
	compilation (LCNF base) 28.7ms
	compilation (LCNF impure) 12.2ms
	compilation (LCNF mono) 19.5ms
	congr simp thm 7.26ms
	dsimp 0.634ms
	elaboration 261ms
	fix level params 1.82ms
	instantiate metavars 4.2ms
	interpretation 0.0958ms
	let-to-have transformation 2.14ms
	linting 415ms
	norm_num 21.6ms
	overlappingInstancesLinter 10.5ms
	parsing 45.9ms
	process pre-definitions 53ms
	ring 53.4ms
	share common exprs 14ms
	simp 185ms
	tactic execution 924ms
	tacticAnalysis 129ms
	type checking 931ms
	typeclass inference 562ms
