B699_RESOURCE_CONTRACT path=/sys/fs/cgroup memory.max=14495514624 memory.current=1699840 cpu.max=max 100000 pids.max=1024 pids.current=3
B699_DIAGNOSTIC_TIMER timeout (GNU coreutils) 9.1
B699_DIAGNOSTIC_LEASE seconds=180 deadline.epoch=1791330025
{"caption":"","data":"This simp argument is unused:\n  mul_neg_one\n\nHint: Omit it from the simp argument list.\n  [apply] simp [id_eq, pow_succ, neg_mul]\n\nNote: This linter can be disabled with `set_option linter.unusedSimpArgs false`","endPos":{"column":36,"line":243},"fileName":"/contribution/Frozen/Diag_HighPreludeNoExample.lean","isSilent":false,"keepFullRange":false,"kind":"linter.unusedSimpArgs","pos":{"column":25,"line":243},"severity":"warning"}
{"caption":"","data":"Variable name `hin` is not explicitly referenced.\n\nHint: The binding can be removed (if unused) or named `_` (if used implicitly). Alternatively, prefix the name with `_` to silence this warning:\n  [apply] _hin\n\nNote: This linter can be disabled with `set_option linter.unusedVariables false`","endPos":{"column":43,"line":622},"fileName":"/contribution/Frozen/Diag_HighPreludeNoExample.lean","isSilent":false,"keepFullRange":false,"kind":"linter.unusedVariables","pos":{"column":40,"line":622},"severity":"warning"}
{"caption":"","data":"This simp argument is unused:\n  Nat.cast_add\n\nHint: Omit it from the simp argument list.\n  [apply] simp only [Nat.cast_succ, Nat.cast_one] at *\n\nNote: This linter can be disabled with `set_option linter.unusedSimpArgs false`","endPos":{"column":42,"line":818},"fileName":"/contribution/Frozen/Diag_HighPreludeNoExample.lean","isSilent":false,"keepFullRange":false,"kind":"linter.unusedSimpArgs","pos":{"column":30,"line":818},"severity":"warning"}
{"caption":"","data":"This simp argument is unused:\n  Nat.cast_one\n\nHint: Omit it from the simp argument list.\n  [apply] simp only [Nat.cast_succ, Nat.cast_add] at *\n\nNote: This linter can be disabled with `set_option linter.unusedSimpArgs false`","endPos":{"column":56,"line":818},"fileName":"/contribution/Frozen/Diag_HighPreludeNoExample.lean","isSilent":false,"keepFullRange":false,"kind":"linter.unusedSimpArgs","pos":{"column":44,"line":818},"severity":"warning"}
{"caption":"","data":"tactic execution of Mathlib.Tactic.nlinarith took 135ms\ntactic execution of Mathlib.Tactic.nlinarith took 149ms\n","endPos":null,"fileName":"/contribution/Frozen/Diag_HighPreludeNoExample.lean","isSilent":false,"keepFullRange":false,"kind":"[anonymous]","pos":{"column":0,"line":801},"severity":"information"}
{"caption":"","data":"This simp argument is unused:\n  Nat.cast_add\n\nHint: Omit it from the simp argument list.\n  [apply] simp only [Nat.cast_succ, Nat.cast_one] at *\n\nNote: This linter can be disabled with `set_option linter.unusedSimpArgs false`","endPos":{"column":42,"line":853},"fileName":"/contribution/Frozen/Diag_HighPreludeNoExample.lean","isSilent":false,"keepFullRange":false,"kind":"linter.unusedSimpArgs","pos":{"column":30,"line":853},"severity":"warning"}
{"caption":"","data":"This simp argument is unused:\n  Nat.cast_one\n\nHint: Omit it from the simp argument list.\n  [apply] simp only [Nat.cast_succ, Nat.cast_add] at *\n\nNote: This linter can be disabled with `set_option linter.unusedSimpArgs false`","endPos":{"column":56,"line":853},"fileName":"/contribution/Frozen/Diag_HighPreludeNoExample.lean","isSilent":false,"keepFullRange":false,"kind":"linter.unusedSimpArgs","pos":{"column":44,"line":853},"severity":"warning"}
{"caption":"","data":"tactic execution of Mathlib.Tactic.nlinarith took 437ms\n","endPos":null,"fileName":"/contribution/Frozen/Diag_HighPreludeNoExample.lean","isSilent":false,"keepFullRange":false,"kind":"[anonymous]","pos":{"column":0,"line":832},"severity":"information"}
{"caption":"","data":"tactic execution of Mathlib.Tactic.nlinarith took 297ms\ntactic execution of Mathlib.Tactic.nlinarith took 750ms\ntactic execution of Mathlib.Tactic.nlinarith took 992ms\n","endPos":null,"fileName":"/contribution/Frozen/Diag_HighPreludeNoExample.lean","isSilent":false,"keepFullRange":false,"kind":"[anonymous]","pos":{"column":0,"line":861},"severity":"information"}
{"caption":"","data":"Unused tactic linter: `ring` does nothing\n\nNote: This linter can be disabled with `set_option linter.unusedTactic false`","endPos":{"column":32,"line":943},"fileName":"/contribution/Frozen/Diag_HighPreludeNoExample.lean","isSilent":false,"keepFullRange":false,"kind":"linter.unusedTactic","pos":{"column":28,"line":943},"severity":"warning"}
{"caption":"","data":"this tactic is never executed\n\nNote: This linter can be disabled with `set_option linter.unreachableTactic false`","endPos":{"column":32,"line":943},"fileName":"/contribution/Frozen/Diag_HighPreludeNoExample.lean","isSilent":false,"keepFullRange":false,"kind":"linter.unreachableTactic","pos":{"column":28,"line":943},"severity":"warning"}
{"caption":"","data":"tactic execution of Mathlib.Tactic.nlinarith took 400ms\n","endPos":null,"fileName":"/contribution/Frozen/Diag_HighPreludeNoExample.lean","isSilent":false,"keepFullRange":false,"kind":"[anonymous]","pos":{"column":0,"line":934},"severity":"information"}
{"caption":"","data":"tactic execution of Mathlib.Tactic.nlinarith took 1.31s\ntactic execution of Mathlib.Tactic.nlinarith took 1.62s\ntactic execution of Mathlib.Tactic.nlinarith took 1.92s\ntactic execution of Mathlib.Tactic.linarith took 110ms\ntactic execution of Mathlib.Tactic.linarith took 113ms\ntactic execution of Mathlib.Tactic.nlinarith took 3.95s\n","endPos":null,"fileName":"/contribution/Frozen/Diag_HighPreludeNoExample.lean","isSilent":false,"keepFullRange":false,"kind":"[anonymous]","pos":{"column":0,"line":958},"severity":"information"}
{"caption":"","data":"type checking took 253ms\ntactic execution of Lean.Parser.Tactic.omega took 219ms\n","endPos":null,"fileName":"/contribution/Frozen/Diag_HighPreludeNoExample.lean","isSilent":false,"keepFullRange":false,"kind":"[anonymous]","pos":{"column":0,"line":1014},"severity":"information"}
{"caption":"","data":"Unused tactic linter: `ring` does nothing\n\nNote: This linter can be disabled with `set_option linter.unusedTactic false`","endPos":{"column":33,"line":1140},"fileName":"/contribution/Frozen/Diag_HighPreludeNoExample.lean","isSilent":false,"keepFullRange":false,"kind":"linter.unusedTactic","pos":{"column":29,"line":1140},"severity":"warning"}
{"caption":"","data":"this tactic is never executed\n\nNote: This linter can be disabled with `set_option linter.unreachableTactic false`","endPos":{"column":33,"line":1140},"fileName":"/contribution/Frozen/Diag_HighPreludeNoExample.lean","isSilent":false,"keepFullRange":false,"kind":"linter.unreachableTactic","pos":{"column":29,"line":1140},"severity":"warning"}
{"caption":"","data":"Used `tac1 <;> tac2` where `(tac1; tac2)` would suffice\n\nNote: This linter can be disabled with `set_option linter.unnecessarySeqFocus false`","endPos":{"column":28,"line":1144},"fileName":"/contribution/Frozen/Diag_HighPreludeNoExample.lean","isSilent":false,"keepFullRange":false,"kind":"linter.unnecessarySeqFocus","pos":{"column":25,"line":1144},"severity":"warning"}
{"caption":"","data":"tactic execution of Mathlib.Tactic.nlinarith took 2.53s\ntactic execution of Mathlib.Tactic.nlinarith took 4.09s\ntactic execution of Mathlib.Tactic.FieldSimp.fieldSimp took 120ms\n","endPos":null,"fileName":"/contribution/Frozen/Diag_HighPreludeNoExample.lean","isSilent":false,"keepFullRange":false,"kind":"[anonymous]","pos":{"column":0,"line":1073},"severity":"information"}
{"caption":"","data":"simp took 119ms\nsimp took 126ms\ntactic execution of Mathlib.Tactic.nlinarith took 3.07s\nsimp took 129ms\ntactic execution of Mathlib.Tactic.nlinarith took 1.45s\nsimp took 135ms\ntactic execution of Mathlib.Tactic.nlinarith took 1.57s\n","endPos":null,"fileName":"/contribution/Frozen/Diag_HighPreludeNoExample.lean","isSilent":false,"keepFullRange":false,"kind":"[anonymous]","pos":{"column":0,"line":1148},"severity":"information"}
{"caption":"","data":"Unused tactic linter: `ring` does nothing\n\nNote: This linter can be disabled with `set_option linter.unusedTactic false`","endPos":{"column":35,"line":1273},"fileName":"/contribution/Frozen/Diag_HighPreludeNoExample.lean","isSilent":false,"keepFullRange":false,"kind":"linter.unusedTactic","pos":{"column":31,"line":1273},"severity":"warning"}
{"caption":"","data":"this tactic is never executed\n\nNo.olean serialization took 398ms
cumulative profiling times:
	.olean serialization 398ms
	attribute application 0.849ms
	compilation (IR) 1.37ms
	compilation (LCNF base) 20.6ms
	compilation (LCNF impure) 7.47ms
	compilation (LCNF mono) 12.3ms
	congr simp thm 126ms
	dsimp 11.5ms
	elaboration 460ms
	fix level params 9.2ms
	instantiate metavars 38.3ms
	interpretation 0.575ms
	let-to-have transformation 1.96ms
	linting 741ms
	module linting 0.000971ms
	norm_num 3.61s
	overlappingInstancesLinter 21.2ms
	parsing 79.8ms
	process pre-definitions 85.2ms
	ring 393ms
	share common exprs 144ms
	simp 2.87s
	tactic execution 29.4s
	tacticAnalysis 247ms
	type checking 1.73s
	typeclass inference 6.41s
te: This linter can be disabled with `set_option linter.unreachableTactic false`","endPos":{"column":35,"line":1273},"fileName":"/contribution/Frozen/Diag_HighPreludeNoExample.lean","isSilent":false,"keepFullRange":false,"kind":"linter.unreachableTactic","pos":{"column":31,"line":1273},"severity":"warning"}
{"caption":"","data":"Used `tac1 <;> tac2` where `(tac1; tac2)` would suffice\n\nNote: This linter can be disabled with `set_option linter.unnecessarySeqFocus false`","endPos":{"column":30,"line":1277},"fileName":"/contribution/Frozen/Diag_HighPreludeNoExample.lean","isSilent":false,"keepFullRange":false,"kind":"linter.unnecessarySeqFocus","pos":{"column":27,"line":1277},"severity":"warning"}
{"caption":"","data":"tactic execution of Mathlib.Tactic.nlinarith took 227ms\ntactic execution of Mathlib.Tactic.nlinarith took 515ms\ntactic execution of Mathlib.Tactic.FieldSimp.fieldSimp took 111ms\n","endPos":null,"fileName":"/contribution/Frozen/Diag_HighPreludeNoExample.lean","isSilent":false,"keepFullRange":false,"kind":"[anonymous]","pos":{"column":0,"line":1217},"severity":"information"}
{"caption":"","data":"'Contribution.NumericHighPreludeNoExample.prelude_closed' does not depend on any axioms","endPos":{"column":6,"line":1382},"fileName":"/contribution/Frozen/Diag_HighPreludeNoExample.lean","isSilent":false,"keepFullRange":false,"kind":"[anonymous]","pos":{"column":0,"line":1382},"severity":"information"}
