B699_RESOURCE_CONTRACT path=/sys/fs/cgroup memory.max=14227079168 memory.current=1789952 cpu.max=max 100000 pids.max=1024 pids.current=3
B699_DIAGNOSTIC_TIMER timeout (GNU coreutils) 9.1
B699_DIAGNOSTIC_LEASE seconds=180 deadline.epoch=1791330025
cumulative profiling times:
	.olean serialization 7.72ms
	attribute application 0.0386ms
	compilation (IR) 0.117ms
	compilation (LCNF base) 1.47ms
	compilation (LCNF impure) 0.439ms
	compilation (LCNF mono) 0.722ms
	elaboration 11.8ms
	fix level params 0.023ms
	instantiate metavars 0.0456ms
	let-to-have transformation 0.215ms
	linting 0.791ms
	module linting 0.000941ms
	parsing 0.673ms
	process pre-definitions 4.47ms
	share common exprs 0.106ms
	tactic execution 0.413ms
	type checking 69.6ms
	typeclass inference 6.78ms
{"caption":"","data":"Variable name `p` is not explicitly referenced.\n\nHint: The binding can be removed (if unused) or named `_` (if used implicitly). Alternatively, prefix the name with `_` to silence this warning:\n  [apply] _p\n\nNote: This linter can be disabled with `set_option linter.unusedVariables false`","endPos":{"column":27,"line":16},"fileName":"/contribution/Frozen/Diag_MiddleDecodeTail.lean","isSilent":false,"keepFullRange":false,"kind":"linter.unusedVariables","pos":{"column":26,"line":16},"severity":"warning"}
{"caption":"","data":"'Contribution.NumericMiddleDecodeTail.decode_eq' depends on axioms: [propext, Classical.choice, Quot.sound]","endPos":{"column":6,"line":19},"fileName":"/contribution/Frozen/Diag_MiddleDecodeTail.lean","isSilent":false,"keepFullRange":false,"kind":"[anonymous]","pos":{"column":0,"line":19},"severity":"information"}
