COMPILE research/tasks/B686-Four/runs/20260908-formalization-92c221/lean/distance/CentralPair.lean
research/tasks/B686-Four/runs/20260908-formalization-92c221/lean/distance/CentralPair.lean:133:40: error: Invalid argument name `m` for function `IsCoprime.pow_right`

Hint: Perhaps you meant one of the following parameter names:
  • `R`: m̵R̲
  • `x`: m̵x̲
  • `y`: m̵y̲
  • `n`: m̵n̲
  • `H`: m̵H̲
Try this:
  [apply] ring_nf
  
  The `ring` tactic failed to close the goal. Use `ring_nf` to obtain a normal form.
    
  Note that `ring` works primarily in *commutative* rings. If you have a noncommutative ring, abelian group or module, consider using `noncomm_ring`, `abel` or `module` instead.
Try this:
  [apply] ring_nf
  
  The `ring` tactic failed to close the goal. Use `ring_nf` to obtain a normal form.
    
  Note that `ring` works primarily in *commutative* rings. If you have a noncommutative ring, abelian group or module, consider using `noncomm_ring`, `abel` or `module` instead.
research/tasks/B686-Four/runs/20260908-formalization-92c221/lean/distance/CentralPair.lean:159:41: error: ring failed, ring expressions not equal
r n m : ℕ
hr : 1 ≤ r
hsep : n + 2 * r ≤ m
heq : product (2 * r) m = 4 * product (2 * r) n
hr0 : r - 1 + 1 = r
hl : ∀ (t : ℕ), ↑(product (2 * r) t) = (↑t + ↑r) * (↑t + 2 * ↑r) * centralKernel (r - 1) (↑t + ↑r)
hh : ∀ (t : ℕ), ↑(product (2 * r) t) = (↑t + ↑r + 1) * (↑t + 1) * centralKernel (r - 1) (↑t + ↑r + 1)
hnat : n + (m - n) = m
hcast : ↑n + ↑(m - n) = ↑m
heqZ :
  (↑m + ↑r) * (↑m + 2 * ↑r) * centralKernel (r - 1) (↑m + ↑r) =
    4 * ((↑n + ↑r) * (↑n + 2 * ↑r) * centralKernel (r - 1) (↑n + ↑r))
⊢ -↑n + ↑n * ↑r * 3 + ↑n * ↑(m - n) * 2 + ↑n ^ 2 + ↑r * ↑(m - n) * 3 - ↑r * ↑m * 3 - ↑(m - n) + ↑(m - n) ^ 2 + ↑m -
      ↑m ^ 2 =
    0
research/tasks/B686-Four/runs/20260908-formalization-92c221/lean/distance/CentralPair.lean:159:41: error: ring failed, ring expressions not equal
r n m : ℕ
hr : 1 ≤ r
hsep : n + 2 * r ≤ m
heq : product (2 * r) m = 4 * product (2 * r) n
hr0 : r - 1 + 1 = r
hl : ∀ (t : ℕ), ↑(product (2 * r) t) = (↑t + ↑r) * (↑t + 2 * ↑r) * centralKernel (r - 1) (↑t + ↑r)
hh : ∀ (t : ℕ), ↑(product (2 * r) t) = (↑t + ↑r + 1) * (↑t + 1) * centralKernel (r - 1) (↑t + ↑r + 1)
hnat : n + (m - n) = m
hcast : ↑n + ↑(m - n) = ↑m
heqZ :
  (↑m + ↑r) * (↑m + 2 * ↑r) * centralKernel (r - 1) (↑m + ↑r) =
    4 * ((↑n + ↑r) * (↑n + 2 * ↑r) * centralKernel (r - 1) (↑n + ↑r))
⊢ centralKernel (r - 1) (↑n + ↑r + ↑(m - n)) + ↑m - centralKernel (r - 1) (↑m + ↑r) - ↑n - ↑(m - n) = 0
research/tasks/B686-Four/runs/20260908-formalization-92c221/lean/distance/CentralPair.lean:159:41: error: ring failed, ring expressions not equal
r n m : ℕ
hr : 1 ≤ r
hsep : n + 2 * r ≤ m
heq : product (2 * r) m = 4 * product (2 * r) n
hr0 : r - 1 + 1 = r
hl : ∀ (t : ℕ), ↑(product (2 * r) t) = (↑t + ↑r) * (↑t + 2 * ↑r) * centralKernel (r - 1) (↑t + ↑r)
hh : ∀ (t : ℕ), ↑(product (2 * r) t) = (↑t + ↑r + 1) * (↑t + 1) * centralKernel (r - 1) (↑t + ↑r + 1)
hnat : n + (m - n) = m
hcast : ↑n + ↑(m - n) = ↑m
heqZ :
  (↑m + ↑r) * (↑m + 2 * ↑r) * centralKernel (r - 1) (↑m + ↑r) =
    4 * ((↑n + ↑r) * (↑n + 2 * ↑r) * centralKernel (r - 1) (↑n + ↑r))
⊢ -↑n + ↑m - ↑(m - n) = 0
research/tasks/B686-Four/runs/20260908-formalization-92c221/lean/distance/CentralPair.lean:161:41: error: ring failed, ring expressions not equal
r n m : ℕ
hr : 1 ≤ r
hsep : n + 2 * r ≤ m
heq : product (2 * r) m = 4 * product (2 * r) n
hr0 : r - 1 + 1 = r
hl : ∀ (t : ℕ), ↑(product (2 * r) t) = (↑t + ↑r) * (↑t + 2 * ↑r) * centralKernel (r - 1) (↑t + ↑r)
hh : ∀ (t : ℕ), ↑(product (2 * r) t) = (↑t + ↑r + 1) * (↑t + 1) * centralKernel (r - 1) (↑t + ↑r + 1)
hnat : n + (m - n) = m
hcast : ↑n + ↑(m - n) = ↑m
heqZ :
  (↑m + ↑r + 1) * (↑m + 1) * centralKernel (r - 1) (↑m + ↑r + 1) =
    4 * ((↑n + ↑r + 1) * (↑n + 1) * centralKernel (r - 1) (↑n + ↑r + 1))
⊢ ↑n + ↑n * ↑r + ↑n * ↑(m - n) * 2 + ↑n ^ 2 + ↑r * ↑(m - n) - ↑r * ↑m + ↑(m - n) + ↑(m - n) ^ 2 - ↑m - ↑m ^ 2 = 0
research/tasks/B686-Four/runs/20260908-formalization-92c221/lean/distance/CentralPair.lean:161:41: error: ring failed, ring expressions not equal
r n m : ℕ
hr : 1 ≤ r
hsep : n + 2 * r ≤ m
heq : product (2 * r) m = 4 * product (2 * r) n
hr0 : r - 1 + 1 = r
hl : ∀ (t : ℕ), ↑(product (2 * r) t) = (↑t + ↑r) * (↑t + 2 * ↑r) * centralKernel (r - 1) (↑t + ↑r)
hh : ∀ (t : ℕ), ↑(product (2 * r) t) = (↑t + ↑r + 1) * (↑t + 1) * centralKernel (r - 1) (↑t + ↑r + 1)
hnat : n + (m - n) = m
hcast : ↑n + ↑(m - n) = ↑m
heqZ :
  (↑m + ↑r + 1) * (↑m + 1) * centralKernel (r - 1) (↑m + ↑r + 1) =
    4 * ((↑n + ↑r + 1) * (↑n + 1) * centralKernel (r - 1) (↑n + ↑r + 1))
⊢ centralKernel (r - 1) (↑n + ↑r + 1 + ↑(m - n)) + ↑m - centralKernel (r - 1) (↑m + ↑r + 1) - ↑n - ↑(m - n) = 0
research/tasks/B686-Four/runs/20260908-formalization-92c221/lean/distance/CentralPair.lean:161:41: error: ring failed, ring expressions not equal
r n m : ℕ
hr : 1 ≤ r
hsep : n + 2 * r ≤ m
heq : product (2 * r) m = 4 * product (2 * r) n
hr0 : r - 1 + 1 = r
hl : ∀ (t : ℕ), ↑(product (2 * r) t) = (↑t + ↑r) * (↑t + 2 * ↑r) * centralKernel (r - 1) (↑t + ↑r)
hh : ∀ (t : ℕ), ↑(product (2 * r) t) = (↑t + ↑r + 1) * (↑t + 1) * centralKernel (r - 1) (↑t + ↑r + 1)
hnat : n + (m - n) = m
hcast : ↑n + ↑(m - n) = ↑m
heqZ :
  (↑m + ↑r + 1) * (↑m + 1) * centralKernel (r - 1) (↑m + ↑r + 1) =
    4 * ((↑n + ↑r + 1) * (↑n + 1) * centralKernel (r - 1) (↑n + ↑r + 1))
⊢ -↑n + ↑m - ↑(m - n) = 0
