LINEAR_UPPER=PASS (42 positive coefficients; universal half-plane)
LINEAR_LOWER=PASS (42 positive coefficients; universal half-plane)
EXTRA3_SHARP_UPPER=PASS (42 positive coefficients; universal half-plane)
EXTRA3_SHARP_LOWER=PASS (42 positive coefficients; universal half-plane)
EXTRA3_BROAD_UPPER=PASS (42 positive coefficients; universal half-plane)
EXTRA3_BROAD_LOWER=PASS (42 positive coefficients; universal half-plane)
SAME_INPUT_AND_OVERLAP_IDENTITIES=PASS
LINEAR_TAIL_ALL_W_GE_192=PASS (identities + universal coefficient certificate)
EXTRA3_TAIL_ALL_W_GE_1024=PASS (sharp and broad intervals)
FINITE_TERMINAL=PASS (1255 linear + 2547 extra3 = 3802 nonsquares)
DUAL_CYC1_CONDITIONAL_CORE_REPLAY=PASS
PRECISE_FAILURE_MODELS=PASS (norm failures explicit; no NC3 assertion)
UNBOUNDED_WEAK_SHELL_NORM_FAILURE=PASS
SMALL_PRIME_OVERLAP_CERTIFICATES=PASS
REPLAY=PASS
{
  "Delta": 49,
  "W_Delta": 72,
  "v": 1634,
  "Q": 1683,
  "D_v": 817,
  "D_W": 1,
  "shared": 2,
  "result": [
    "EXCLUDED_DUAL_CYC1"
  ],
  "logic": "Conditional gate in the frozen minimal branch. Surviving parameters are not NC3 and are not original counterexamples."
}
{
  "Delta": 65,
  "W_Delta": 2,
  "v": 137312,
  "Q": 137377,
  "D_v": 4291,
  "D_W": 1,
  "shared": 2,
  "result": [
    "EXCLUDED_DUAL_CYC1"
  ],
  "logic": "Conditional gate in the frozen minimal branch. Surviving parameters are not NC3 and are not original counterexamples."
}
