research/tasks/B699-Binomial/runs/20260911-smooth-window-lean-894d6b50/lean/Congruence.lean:18:2: warning: Try this: 
  letI̵

The goal is a proposition, so `let` is preferred over `letI`.
The difference between `let` and `letI` is that `letI` inlines the value.
But this is not relevant for proofs because of proof irrelevance.

Note: This linter can be disabled with `set_option linter.style.haveILetI false`
research/tasks/B699-Binomial/runs/20260911-smooth-window-lean-894d6b50/lean/Congruence.lean:32:58: warning: Variable name `hm` is not explicitly referenced.

Hint: The binding can be removed (if unused) or named `_` (if used implicitly). Alternatively, prefix the name with `_` to silence this warning:
  [apply] _hm

Note: This linter can be disabled with `set_option linter.unusedVariables false`
research/tasks/B699-Binomial/runs/20260911-smooth-window-lean-894d6b50/lean/Congruence.lean:55:2: error: Type mismatch: After simplification, term
  hh
 has type
  1152921504606846976 ^ k * 4 ≡ 4 [MOD 5005]
but is expected to have type
  2 ^ (60 * k + 2) ≡ 4 [MOD 5005]
research/tasks/B699-Binomial/runs/20260911-smooth-window-lean-894d6b50/lean/Congruence.lean:62:2: error: Type mismatch: After simplification, term
  hh
 has type
  1152921504606846976 ^ k * 4 ≡ 4 [MOD 9]
but is expected to have type
  2 ^ (60 * k + 2) ≡ 4 [MOD 9]
research/tasks/B699-Binomial/runs/20260911-smooth-window-lean-894d6b50/lean/Congruence.lean:67:12: error: unexpected identifier after decimal point; consider parenthesizing the number
research/tasks/B699-Binomial/runs/20260911-smooth-window-lean-894d6b50/lean/Congruence.lean:67:7: error: Missing cases:
research/tasks/B699-Binomial/runs/20260911-smooth-window-lean-894d6b50/lean/Congruence.lean:66:45: error: unsolved goals
m p : ℕ
hp : Nat.Prime p
h5p : 5 ≤ p
hpm : p ≤ m
k : ℕ
hc : sorry
⊢ 2 ^ (m.factorial * k + 2) ≡ 4 [MOD p]
'B699.SmoothWindow.prime_dvd_primeProduct' depends on axioms: [propext, Classical.choice, Quot.sound]
'B699.SmoothWindow.choose_four_modEq_one' depends on axioms: [propext, Classical.choice, Quot.sound]
'B699.SmoothWindow.prime_not_dvd_choose_four' depends on axioms: [propext, Classical.choice, Quot.sound]
'B699.SmoothWindow.same_prime_above_of_local_congruence' depends on axioms: [propext, Classical.choice, Quot.sound]
'B699.SmoothWindow.same_prime_above_of_product_congruence' depends on axioms: [propext, Classical.choice, Quot.sound]
'B699.SmoothWindow.pow_sixty_modEq' depends on axioms: [propext, sorryAx]
'B699.SmoothWindow.primeProduct_fourteen' depends on axioms: [propext, Classical.choice, Quot.sound]
'B699.SmoothWindow.pow_sixty_modEq_nine' depends on axioms: [propext, sorryAx]
'B699.SmoothWindow.factorial_period_modEq' depends on axioms: [propext, sorryAx]
Command exited with non-zero status 1
	Command being timed: "lake env lean -M 3072 -o research/tasks/B699-Binomial/runs/20260911-smooth-window-lean-894d6b50/lean/Congruence.olean research/tasks/B699-Binomial/runs/20260911-smooth-window-lean-894d6b50/lean/Congruence.lean"
	User time (seconds): 1.65
	System time (seconds): 1.01
	Percent of CPU this job got: 107%
	Elapsed (wall clock) time (h:mm:ss or m:ss): 0:02.48
	Average shared text size (kbytes): 0
	Average unshared data size (kbytes): 0
	Average stack size (kbytes): 0
	Average total size (kbytes): 0
	Maximum resident set size (kbytes): 2484740
	Average resident set size (kbytes): 0
	Major (requiring I/O) page faults: 0
	Minor (reclaiming a frame) page faults: 79248
	Voluntary context switches: 915
	Involuntary context switches: 913
	Swaps: 0
	File system inputs: 0
	File system outputs: 8
	Socket messages sent: 0
	Socket messages received: 0
	Signals delivered: 0
	Page size (bytes): 4096
	Exit status: 1
