CACHE_MODULE_BEGIN Cache.Cli threads=1 Elab.async=false managed=1536MiB sandboxed=True
B699_RESOURCE_CONTRACT path=/sys/fs/cgroup memory.max=2147483648 memory.current=1904640 cpu.max=100000 100000 pids.max=256 pids.current=3
B699_DIAGNOSTIC_TIMER timeout (GNU coreutils) 9.1
B699_DIAGNOSTIC_LEASE seconds=3473 deadline.epoch=1791329425
built Cache.Cli
CACHE_MODULE_BEGIN Cache.Lean threads=1 Elab.async=false managed=1536MiB sandboxed=True
B699_RESOURCE_CONTRACT path=/sys/fs/cgroup memory.max=2147483648 memory.current=1728512 cpu.max=100000 100000 pids.max=256 pids.current=3
B699_DIAGNOSTIC_TIMER timeout (GNU coreutils) 9.1
B699_DIAGNOSTIC_LEASE seconds=3473 deadline.epoch=1791329425
built Cache.Lean
CACHE_MODULE_BEGIN Batteries.Tactic.OpenPrivate threads=1 Elab.async=false managed=1536MiB sandboxed=True
B699_RESOURCE_CONTRACT path=/sys/fs/cgroup memory.max=2147483648 memory.current=1794048 cpu.max=100000 100000 pids.max=256 pids.current=3
B699_DIAGNOSTIC_TIMER timeout (GNU coreutils) 9.1
B699_DIAGNOSTIC_LEASE seconds=3472 deadline.epoch=1791329425
built Batteries.Tactic.OpenPrivate
CACHE_MODULE_BEGIN Cache.IO threads=1 Elab.async=false managed=1536MiB sandboxed=True
B699_RESOURCE_CONTRACT path=/sys/fs/cgroup memory.max=2147483648 memory.current=1949696 cpu.max=100000 100000 pids.max=256 pids.current=3
B699_DIAGNOSTIC_TIMER timeout (GNU coreutils) 9.1
B699_DIAGNOSTIC_LEASE seconds=3471 deadline.epoch=1791329425
built Cache.IO
CACHE_MODULE_BEGIN Cache.Hashing threads=1 Elab.async=false managed=1536MiB sandboxed=True
B699_RESOURCE_CONTRACT path=/sys/fs/cgroup memory.max=2147483648 memory.current=1798144 cpu.max=100000 100000 pids.max=256 pids.current=3
B699_DIAGNOSTIC_TIMER timeout (GNU coreutils) 9.1
B699_DIAGNOSTIC_LEASE seconds=3469 deadline.epoch=1791329425
built Cache.Hashing
CACHE_MODULE_BEGIN Cache.Infra threads=1 Elab.async=false managed=1536MiB sandboxed=True
B699_RESOURCE_CONTRACT path=/sys/fs/cgroup memory.max=2147483648 memory.current=1773568 cpu.max=100000 100000 pids.max=256 pids.current=3
B699_DIAGNOSTIC_TIMER timeout (GNU coreutils) 9.1
B699_DIAGNOSTIC_LEASE seconds=3468 deadline.epoch=1791329425
built Cache.Infra
CACHE_MODULE_BEGIN Cache.Requests threads=1 Elab.async=false managed=1536MiB sandboxed=True
B699_RESOURCE_CONTRACT path=/sys/fs/cgroup memory.max=2147483648 memory.current=2048000 cpu.max=100000 100000 pids.max=256 pids.current=3
B699_DIAGNOSTIC_TIMER timeout (GNU coreutils) 9.1
B699_DIAGNOSTIC_LEASE seconds=3467 deadline.epoch=1791329425
built Cache.Requests
CACHE_MODULE_BEGIN Cache.Marker threads=1 Elab.async=false managed=1536MiB sandboxed=True
B699_RESOURCE_CONTRACT path=/sys/fs/cgroup memory.max=2147483648 memory.current=1937408 cpu.max=100000 100000 pids.max=256 pids.current=3
B699_DIAGNOSTIC_TIMER timeout (GNU coreutils) 9.1
B699_DIAGNOSTIC_LEASE seconds=3464 deadline.epoch=1791329425
built Cache.Marker
CACHE_MODULE_BEGIN Cache.Query threads=1 Elab.async=false managed=1536MiB sandboxed=True
B699_RESOURCE_CONTRACT path=/sys/fs/cgroup memory.max=2147483648 memory.current=1802240 cpu.max=100000 100000 pids.max=256 pids.current=3
B699_DIAGNOSTIC_TIMER timeout (GNU coreutils) 9.1
B699_DIAGNOSTIC_LEASE seconds=3464 deadline.epoch=1791329425
built Cache.Query
CACHE_MODULE_BEGIN Cache.Warning threads=1 Elab.async=false managed=1536MiB sandboxed=True
B699_RESOURCE_CONTRACT path=/sys/fs/cgroup memory.max=2147483648 memory.current=1515520 cpu.max=100000 100000 pids.max=256 pids.current=3
B699_DIAGNOSTIC_TIMER timeout (GNU coreutils) 9.1
B699_DIAGNOSTIC_LEASE seconds=3463 deadline.epoch=1791329425
built Cache.Warning
CACHE_MODULE_BEGIN Cache.Main threads=1 Elab.async=false managed=1536MiB sandboxed=True
B699_RESOURCE_CONTRACT path=/sys/fs/cgroup memory.max=2147483648 memory.current=1560576 cpu.max=100000 100000 pids.max=256 pids.current=3
B699_DIAGNOSTIC_TIMER timeout (GNU coreutils) 9.1
B699_DIAGNOSTIC_LEASE seconds=3462 deadline.epoch=1791329425
built Cache.Main
built 11 modules; no native executable link
