RESOURCE {"source": "research/tasks/B699-Binomial/runs/20260911-low-index-lean-513dc7cc/lean/Growth/Row00CandidateLeaves.lean", "selected_memory_mb": 1536, "wait_snapshot_count": 0, "platform": "windows", "cpu_count": 16, "disk": [294517391360, 293074386944, 1443004416], "available_physical_bytes": 4679540736, "total_physical_bytes": 16851132416, "memory_load_percent": 72, "meminfo": ["MemAvailable: 4569864 kB"], "memory.max": null, "memory.current": null, "cpu.max": null}
COMPILE {"source": "research/tasks/B699-Binomial/runs/20260911-low-index-lean-513dc7cc/lean/Growth/Row00CandidateLeaves.lean", "seconds": 28.468, "exit_code": 1, "failure": "Lean exit 1; #print axioms output count mismatch for unguarded declarations: source=117 actual=72", "axiom_audit": {"declared_print_axioms": 117, "declared_names": ["Math.B699.GrowthTreeRow00Candidate.QLeaf000.actual_gap_eq", "Math.B699.GrowthTreeRow00Candidate.QLeaf000.leafMap_eq_path", "Math.B699.GrowthTreeRow00Candidate.QLeaf000.gapExpansion_cone", "Math.B699.GrowthTreeRow00Candidate.QLeaf000.local_gap_cone", "Math.B699.GrowthTreeRow00Candidate.QLeaf000.local_core_cone", "Math.B699.GrowthTreeRow00Candidate.QLeaf000.local_weight0_cone", "Math.B699.GrowthTreeRow00Candidate.QLeaf000.local_weight1_cone", "Math.B699.GrowthTreeRow00Candidate.QLeaf000.leaf_delta0", "Math.B699.GrowthTreeRow00Candidate.QLeaf000.leaf_delta1", "Math.B699.GrowthTreeRow00Candidate.QLeaf001.actual_gap_eq", "Math.B699.GrowthTreeRow00Candidate.QLeaf001.leafMap_eq_path", "Math.B699.GrowthTreeRow00Candidate.QLeaf001.gapExpansion_cone", "Math.B699.GrowthTreeRow00Candidate.QLeaf001.local_gap_cone", "Math.B699.GrowthTreeRow00Candidate.QLeaf001.local_core_cone", "Math.B699.GrowthTreeRow00Candidate.QLeaf001.local_weight0_cone", "Math.B699.GrowthTreeRow00Candidate.QLeaf001.local_weight1_cone", "Math.B699.GrowthTreeRow00Candidate.QLeaf001.leaf_delta0", "Math.B699.GrowthTreeRow00Candidate.QLeaf001.leaf_delta1", "Math.B699.GrowthTreeRow00Candidate.QLeaf002.actual_gap_eq", "Math.B699.GrowthTreeRow00Candidate.QLeaf002.leafMap_eq_path", "Math.B699.GrowthTreeRow00Candidate.QLeaf002.gapExpansion_cone", "Math.B699.GrowthTreeRow00Candidate.QLeaf002.local_gap_cone", "Math.B699.GrowthTreeRow00Candidate.QLeaf002.local_core_cone", "Math.B699.GrowthTreeRow00Candidate.QLeaf002.local_weight0_cone", "Math.B699.GrowthTreeRow00Candidate.QLeaf002.local_weight1_cone", "Math.B699.GrowthTreeRow00Candidate.QLeaf002.leaf_delta0", "Math.B699.GrowthTreeRow00Candidate.QLeaf002.leaf_delta1", "Math.B699.GrowthTreeRow00Candidate.QLeaf003.actual_gap_eq", "Math.B699.GrowthTreeRow00Candidate.QLeaf003.leafMap_eq_path", "Math.B699.GrowthTreeRow00Candidate.QLeaf003.gapExpansion_cone", "Math.B699.GrowthTreeRow00Candidate.QLeaf003.local_gap_cone", "Math.B699.GrowthTreeRow00Candidate.QLeaf003.local_core_cone", "Math.B699.GrowthTreeRow00Candidate.QLeaf003.local_weight0_cone", "Math.B699.GrowthTreeRow00Candidate.QLeaf003.local_weight1_cone", "Math.B699.GrowthTreeRow00Candidate.QLeaf003.leaf_delta0", "Math.B699.GrowthTreeRow00Candidate.QLeaf003.leaf_delta1", "Math.B699.GrowthTreeRow00Candidate.QLeaf004.actual_gap_eq", "Math.B699.GrowthTreeRow00Candidate.QLeaf004.leafMap_eq_path", "Math.B699.GrowthTreeRow00Candidate.QLeaf004.gapExpansion_cone", "Math.B699.GrowthTreeRow00Candidate.QLeaf004.local_gap_cone", "Math.B699.GrowthTreeRow00Candidate.QLeaf004.local_core_cone", "Math.B699.GrowthTreeRow00Candidate.QLeaf004.local_weight0_cone", "Math.B699.GrowthTreeRow00Candidate.QLeaf004.local_weight1_cone", "Math.B699.GrowthTreeRow00Candidate.QLeaf004.leaf_delta0", "Math.B699.GrowthTreeRow00Candidate.QLeaf004.leaf_delta1", "Math.B699.GrowthTreeRow00Candidate.QLeaf005.actual_gap_eq", "Math.B699.GrowthTreeRow00Candidate.QLeaf005.leafMap_eq_path", "Math.B699.GrowthTreeRow00Candidate.QLeaf005.gapExpansion_cone", "Math.B699.GrowthTreeRow00Candidate.QLeaf005.local_gap_cone", "Math.B699.GrowthTreeRow00Candidate.QLeaf005.local_core_cone", "Math.B699.GrowthTreeRow00Candidate.QLeaf005.local_weight0_cone", "Math.B699.GrowthTreeRow00Candidate.QLeaf005.local_weight1_cone", "Math.B699.GrowthTreeRow00Candidate.QLeaf005.leaf_delta0", "Math.B699.GrowthTreeRow00Candidate.QLeaf005.leaf_delta1", "Math.B699.GrowthTreeRow00Candidate.QLeaf006.actual_gap_eq", "Math.B699.GrowthTreeRow00Candidate.QLeaf006.leafMap_eq_path", "Math.B699.GrowthTreeRow00Candidate.QLeaf006.gapExpansion_cone", "Math.B699.GrowthTreeRow00Candidate.QLeaf006.local_gap_cone", "Math.B699.GrowthTreeRow00Candidate.QLeaf006.local_core_cone", "Math.B699.GrowthTreeRow00Candidate.QLeaf006.local_weight0_cone", "Math.B699.GrowthTreeRow00Candidate.QLeaf006.local_weight1_cone", "Math.B699.GrowthTreeRow00Candidate.QLeaf006.leaf_delta0", "Math.B699.GrowthTreeRow00Candidate.QLeaf006.leaf_delta1", "Math.B699.GrowthTreeRow00Candidate.QLeaf007.actual_gap_eq", "Math.B699.GrowthTreeRow00Candidate.QLeaf007.leafMap_eq_path", "Math.B699.GrowthTreeRow00Candidate.QLeaf007.gapExpansion_cone", "Math.B699.GrowthTreeRow00Candidate.QLeaf007.local_gap_cone", "Math.B699.GrowthTreeRow00Candidate.QLeaf007.local_core_cone", "Math.B699.GrowthTreeRow00Candidate.QLeaf007.local_weight0_cone", "Math.B699.GrowthTreeRow00Candidate.QLeaf007.local_weight1_cone", "Math.B699.GrowthTreeRow00Candidate.QLeaf007.leaf_delta0", "Math.B699.GrowthTreeRow00Candidate.QLeaf007.leaf_delta1", "Math.B699.GrowthTreeRow00Candidate.QLeaf008.actual_gap_eq", "Math.B699.GrowthTreeRow00Candidate.QLeaf008.leafMap_eq_path", "Math.B699.GrowthTreeRow00Candidate.QLeaf008.gapExpansion_cone", "Math.B699.GrowthTreeRow00Candidate.QLeaf008.local_gap_cone", "Math.B699.GrowthTreeRow00Candidate.QLeaf008.local_core_cone", "Math.B699.GrowthTreeRow00Candidate.QLeaf008.local_weight0_cone", "Math.B699.GrowthTreeRow00Candidate.QLeaf008.local_weight1_cone", "Math.B699.GrowthTreeRow00Candidate.QLeaf008.leaf_delta0", "Math.B699.GrowthTreeRow00Candidate.QLeaf008.leaf_delta1", "Math.B699.GrowthTreeRow00Candidate.QLeaf009.actual_gap_eq", "Math.B699.GrowthTreeRow00Candidate.QLeaf009.leafMap_eq_path", "Math.B699.GrowthTreeRow00Candidate.QLeaf009.gapExpansion_cone", "Math.B699.GrowthTreeRow00Candidate.QLeaf009.local_gap_cone", "Math.B699.GrowthTreeRow00Candidate.QLeaf009.local_core_cone", "Math.B699.GrowthTreeRow00Candidate.QLeaf009.local_weight0_cone", "Math.B699.GrowthTreeRow00Candidate.QLeaf009.local_weight1_cone", "Math.B699.GrowthTreeRow00Candidate.QLeaf009.leaf_delta0", "Math.B699.GrowthTreeRow00Candidate.QLeaf009.leaf_delta1", "Math.B699.GrowthTreeRow00Candidate.QLeaf010.actual_gap_eq", "Math.B699.GrowthTreeRow00Candidate.QLeaf010.leafMap_eq_path", "Math.B699.GrowthTreeRow00Candidate.QLeaf010.gapExpansion_cone", "Math.B699.GrowthTreeRow00Candidate.QLeaf010.local_gap_cone", "Math.B699.GrowthTreeRow00Candidate.QLeaf010.local_core_cone", "Math.B699.GrowthTreeRow00Candidate.QLeaf010.local_weight0_cone", "Math.B699.GrowthTreeRow00Candidate.QLeaf010.local_weight1_cone", "Math.B699.GrowthTreeRow00Candidate.QLeaf010.leaf_delta0", "Math.B699.GrowthTreeRow00Candidate.QLeaf010.leaf_delta1", "Math.B699.GrowthTreeRow00Candidate.QLeaf011.actual_gap_eq", "Math.B699.GrowthTreeRow00Candidate.QLeaf011.leafMap_eq_path", "Math.B699.GrowthTreeRow00Candidate.QLeaf011.gapExpansion_cone", "Math.B699.GrowthTreeRow00Candidate.QLeaf011.local_gap_cone", "Math.B699.GrowthTreeRow00Candidate.QLeaf011.local_core_cone", "Math.B699.GrowthTreeRow00Candidate.QLeaf011.local_weight0_cone", "Math.B699.GrowthTreeRow00Candidate.QLeaf011.local_weight1_cone", "Math.B699.GrowthTreeRow00Candidate.QLeaf011.leaf_delta0", "Math.B699.GrowthTreeRow00Candidate.QLeaf011.leaf_delta1", "Math.B699.GrowthTreeRow00Candidate.QLeaf012.actual_gap_eq", "Math.B699.GrowthTreeRow00Candidate.QLeaf012.leafMap_eq_path", "Math.B699.GrowthTreeRow00Candidate.QLeaf012.gapExpansion_cone", "Math.B699.GrowthTreeRow00Candidate.QLeaf012.local_gap_cone", "Math.B699.GrowthTreeRow00Candidate.QLeaf012.local_core_cone", "Math.B699.GrowthTreeRow00Candidate.QLeaf012.local_weight0_cone", "Math.B699.GrowthTreeRow00Candidate.QLeaf012.local_weight1_cone", "Math.B699.GrowthTreeRow00Candidate.QLeaf012.leaf_delta0", "Math.B699.GrowthTreeRow00Candidate.QLeaf012.leaf_delta1"], "guarded_print_axioms": 0, "guarded_names": [], "actual_printed": 72, "guard_msgs_in_source": 0, "printed": [{"declared_name": "Math.B699.GrowthTreeRow00Candidate.QLeaf000.actual_gap_eq", "axioms": ["propext", "sorryAx", "Classical.choice", "Quot.sound"]}, {"declared_name": "Math.B699.GrowthTreeRow00Candidate.QLeaf000.leafMap_eq_path", "axioms": ["propext", "Classical.choice", "Quot.sound"]}, {"declared_name": "Math.B699.GrowthTreeRow00Candidate.QLeaf000.gapExpansion_cone", "axioms": ["propext", "Classical.choice", "Quot.sound"]}, {"declared_name": "Math.B699.GrowthTreeRow00Candidate.QLeaf000.local_gap_cone", "axioms": ["propext", "sorryAx", "Classical.choice", "Quot.sound"]}, {"declared_name": "Math.B699.GrowthTreeRow00Candidate.QLeaf000.local_core_cone", "axioms": ["propext", "sorryAx", "Classical.choice", "Quot.sound"]}, {"declared_name": "Math.B699.GrowthTreeRow00Candidate.QLeaf000.local_weight0_cone", "axioms": ["propext", "sorryAx", "Classical.choice", "Quot.sound"]}, {"declared_name": "Math.B699.GrowthTreeRow00Candidate.QLeaf000.local_weight1_cone", "axioms": ["propext", "sorryAx", "Classical.choice", "Quot.sound"]}, {"declared_name": "Math.B699.GrowthTreeRow00Candidate.QLeaf000.leaf_delta0", "axioms": ["propext", "sorryAx", "Classical.choice", "Quot.sound"]}, {"declared_name": "Math.B699.GrowthTreeRow00Candidate.QLeaf000.leaf_delta1", "axioms": ["propext", "sorryAx", "Classical.choice", "Quot.sound"]}, {"declared_name": "Math.B699.GrowthTreeRow00Candidate.QLeaf001.actual_gap_eq", "axioms": ["propext", "sorryAx", "Classical.choice", "Quot.sound"]}, {"declared_name": "Math.B699.GrowthTreeRow00Candidate.QLeaf001.leafMap_eq_path", "axioms": ["propext", "Classical.choice", "Quot.sound"]}, {"declared_name": "Math.B699.GrowthTreeRow00Candidate.QLeaf001.gapExpansion_cone", "axioms": ["propext", "Classical.choice", "Quot.sound"]}, {"declared_name": "Math.B699.GrowthTreeRow00Candidate.QLeaf001.local_gap_cone", "axioms": ["propext", "sorryAx", "Classical.choice", "Quot.sound"]}, {"declared_name": "Math.B699.GrowthTreeRow00Candidate.QLeaf001.local_core_cone", "axioms": ["propext", "sorryAx", "Classical.choice", "Quot.sound"]}, {"declared_name": "Math.B699.GrowthTreeRow00Candidate.QLeaf001.local_weight0_cone", "axioms": ["propext", "sorryAx", "Classical.choice", "Quot.sound"]}, {"declared_name": "Math.B699.GrowthTreeRow00Candidate.QLeaf001.local_weight1_cone", "axioms": ["propext", "sorryAx", "Classical.choice", "Quot.sound"]}, {"declared_name": "Math.B699.GrowthTreeRow00Candidate.QLeaf001.leaf_delta0", "axioms": ["propext", "sorryAx", "Classical.choice", "Quot.sound"]}, {"declared_name": "Math.B699.GrowthTreeRow00Candidate.QLeaf001.leaf_delta1", "axioms": ["propext", "sorryAx", "Classical.choice", "Quot.sound"]}, {"declared_name": "Math.B699.GrowthTreeRow00Candidate.QLeaf002.actual_gap_eq", "axioms": ["propext", "sorryAx", "Classical.choice", "Quot.sound"]}, {"declared_name": "Math.B699.GrowthTreeRow00Candidate.QLeaf002.leafMap_eq_path", "axioms": ["propext", "Classical.choice", "Quot.sound"]}, {"declared_name": "Math.B699.GrowthTreeRow00Candidate.QLeaf002.gapExpansion_cone", "axioms": ["propext", "Classical.choice", "Quot.sound"]}, {"declared_name": "Math.B699.GrowthTreeRow00Candidate.QLeaf002.local_gap_cone", "axioms": ["propext", "sorryAx", "Classical.choice", "Quot.sound"]}, {"declared_name": "Math.B699.GrowthTreeRow00Candidate.QLeaf002.local_core_cone", "axioms": ["propext", "sorryAx", "Classical.choice", "Quot.sound"]}, {"declared_name": "Math.B699.GrowthTreeRow00Candidate.QLeaf002.local_weight0_cone", "axioms": ["propext", "sorryAx", "Classical.choice", "Quot.sound"]}, {"declared_name": "Math.B699.GrowthTreeRow00Candidate.QLeaf002.local_weight1_cone", "axioms": ["propext", "sorryAx", "Classical.choice", "Quot.sound"]}, {"declared_name": "Math.B699.GrowthTreeRow00Candidate.QLeaf002.leaf_delta0", "axioms": ["propext", "sorryAx", "Classical.choice", "Quot.sound"]}, {"declared_name": "Math.B699.GrowthTreeRow00Candidate.QLeaf002.leaf_delta1", "axioms": ["propext", "sorryAx", "Classical.choice", "Quot.sound"]}, {"declared_name": "Math.B699.GrowthTreeRow00Candidate.QLeaf003.actual_gap_eq", "axioms": ["propext", "sorryAx", "Classical.choice", "Quot.sound"]}, {"declared_name": "Math.B699.GrowthTreeRow00Candidate.QLeaf003.leafMap_eq_path", "axioms": ["propext", "Classical.choice", "Quot.sound"]}, {"declared_name": "Math.B699.GrowthTreeRow00Candidate.QLeaf003.gapExpansion_cone", "axioms": ["propext", "Classical.choice", "Quot.sound"]}, {"declared_name": "Math.B699.GrowthTreeRow00Candidate.QLeaf003.local_gap_cone", "axioms": ["propext", "sorryAx", "Classical.choice", "Quot.sound"]}, {"declared_name": "Math.B699.GrowthTreeRow00Candidate.QLeaf003.local_core_cone", "axioms": ["propext", "sorryAx", "Classical.choice", "Quot.sound"]}, {"declared_name": "Math.B699.GrowthTreeRow00Candidate.QLeaf003.local_weight0_cone", "axioms": ["propext", "sorryAx", "Classical.choice", "Quot.sound"]}, {"declared_name": "Math.B699.GrowthTreeRow00Candidate.QLeaf003.local_weight1_cone", "axioms": ["propext", "sorryAx", "Classical.choice", "Quot.sound"]}, {"declared_name": "Math.B699.GrowthTreeRow00Candidate.QLeaf003.leaf_delta0", "axioms": ["propext", "sorryAx", "Classical.choice", "Quot.sound"]}, {"declared_name": "Math.B699.GrowthTreeRow00Candidate.QLeaf003.leaf_delta1", "axioms": ["propext", "sorryAx", "Classical.choice", "Quot.sound"]}, {"declared_name": "Math.B699.GrowthTreeRow00Candidate.QLeaf004.actual_gap_eq", "axioms": ["propext", "sorryAx", "Classical.choice", "Quot.sound"]}, {"declared_name": "Math.B699.GrowthTreeRow00Candidate.QLeaf004.leafMap_eq_path", "axioms": ["propext", "Classical.choice", "Quot.sound"]}, {"declared_name": "Math.B699.GrowthTreeRow00Candidate.QLeaf004.gapExpansion_cone", "axioms": ["propext", "Classical.choice", "Quot.sound"]}, {"declared_name": "Math.B699.GrowthTreeRow00Candidate.QLeaf004.local_gap_cone", "axioms": ["propext", "sorryAx", "Classical.choice", "Quot.sound"]}, {"declared_name": "Math.B699.GrowthTreeRow00Candidate.QLeaf004.local_core_cone", "axioms": ["propext", "sorryAx", "Classical.choice", "Quot.sound"]}, {"declared_name": "Math.B699.GrowthTreeRow00Candidate.QLeaf004.local_weight0_cone", "axioms": ["propext", "sorryAx", "Classical.choice", "Quot.sound"]}, {"declared_name": "Math.B699.GrowthTreeRow00Candidate.QLeaf004.local_weight1_cone", "axioms": ["propext", "sorryAx", "Classical.choice", "Quot.sound"]}, {"declared_name": "Math.B699.GrowthTreeRow00Candidate.QLeaf004.leaf_delta0", "axioms": ["propext", "sorryAx", "Classical.choice", "Quot.sound"]}, {"declared_name": "Math.B699.GrowthTreeRow00Candidate.QLeaf004.leaf_delta1", "axioms": ["propext", "sorryAx", "Classical.choice", "Quot.sound"]}, {"declared_name": "Math.B699.GrowthTreeRow00Candidate.QLeaf005.actual_gap_eq", "axioms": ["propext", "sorryAx", "Classical.choice", "Quot.sound"]}, {"declared_name": "Math.B699.GrowthTreeRow00Candidate.QLeaf005.leafMap_eq_path", "axioms": ["propext", "Classical.choice", "Quot.sound"]}, {"declared_name": "Math.B699.GrowthTreeRow00Candidate.QLeaf005.gapExpansion_cone", "axioms": ["propext", "Classical.choice", "Quot.sound"]}, {"declared_name": "Math.B699.GrowthTreeRow00Candidate.QLeaf005.local_gap_cone", "axioms": ["propext", "sorryAx", "Classical.choice", "Quot.sound"]}, {"declared_name": "Math.B699.GrowthTreeRow00Candidate.QLeaf005.local_core_cone", "axioms": ["propext", "sorryAx", "Classical.choice", "Quot.sound"]}, {"declared_name": "Math.B699.GrowthTreeRow00Candidate.QLeaf005.local_weight0_cone", "axioms": ["propext", "sorryAx", "Classical.choice", "Quot.sound"]}, {"declared_name": "Math.B699.GrowthTreeRow00Candidate.QLeaf005.local_weight1_cone", "axioms": ["propext", "sorryAx", "Classical.choice", "Quot.sound"]}, {"declared_name": "Math.B699.GrowthTreeRow00Candidate.QLeaf005.leaf_delta0", "axioms": ["propext", "sorryAx", "Classical.choice", "Quot.sound"]}, {"declared_name": "Math.B699.GrowthTreeRow00Candidate.QLeaf005.leaf_delta1", "axioms": ["propext", "sorryAx", "Classical.choice", "Quot.sound"]}, {"declared_name": "Math.B699.GrowthTreeRow00Candidate.QLeaf006.actual_gap_eq", "axioms": ["propext", "sorryAx", "Classical.choice", "Quot.sound"]}, {"declared_name": "Math.B699.GrowthTreeRow00Candidate.QLeaf006.leafMap_eq_path", "axioms": ["propext", "Classical.choice", "Quot.sound"]}, {"declared_name": "Math.B699.GrowthTreeRow00Candidate.QLeaf006.gapExpansion_cone", "axioms": ["propext", "Classical.choice", "Quot.sound"]}, {"declared_name": "Math.B699.GrowthTreeRow00Candidate.QLeaf006.local_gap_cone", "axioms": ["propext", "sorryAx", "Classical.choice", "Quot.sound"]}, {"declared_name": "Math.B699.GrowthTreeRow00Candidate.QLeaf006.local_core_cone", "axioms": ["propext", "sorryAx", "Classical.choice", "Quot.sound"]}, {"declared_name": "Math.B699.GrowthTreeRow00Candidate.QLeaf006.local_weight0_cone", "axioms": ["propext", "sorryAx", "Classical.choice", "Quot.sound"]}, {"declared_name": "Math.B699.GrowthTreeRow00Candidate.QLeaf006.local_weight1_cone", "axioms": ["propext", "sorryAx", "Classical.choice", "Quot.sound"]}, {"declared_name": "Math.B699.GrowthTreeRow00Candidate.QLeaf006.leaf_delta0", "axioms": ["propext", "sorryAx", "Classical.choice", "Quot.sound"]}, {"declared_name": "Math.B699.GrowthTreeRow00Candidate.QLeaf006.leaf_delta1", "axioms": ["propext", "sorryAx", "Classical.choice", "Quot.sound"]}, {"declared_name": "Math.B699.GrowthTreeRow00Candidate.QLeaf007.actual_gap_eq", "axioms": ["propext", "sorryAx", "Classical.choice", "Quot.sound"]}, {"declared_name": "Math.B699.GrowthTreeRow00Candidate.QLeaf007.leafMap_eq_path", "axioms": ["propext", "Classical.choice", "Quot.sound"]}, {"declared_name": "Math.B699.GrowthTreeRow00Candidate.QLeaf007.gapExpansion_cone", "axioms": ["propext", "Classical.choice", "Quot.sound"]}, {"declared_name": "Math.B699.GrowthTreeRow00Candidate.QLeaf007.local_gap_cone", "axioms": ["propext", "sorryAx", "Classical.choice", "Quot.sound"]}, {"declared_name": "Math.B699.GrowthTreeRow00Candidate.QLeaf007.local_core_cone", "axioms": ["propext", "sorryAx", "Classical.choice", "Quot.sound"]}, {"declared_name": "Math.B699.GrowthTreeRow00Candidate.QLeaf007.local_weight0_cone", "axioms": ["propext", "sorryAx", "Classical.choice", "Quot.sound"]}, {"declared_name": "Math.B699.GrowthTreeRow00Candidate.QLeaf007.local_weight1_cone", "axioms": ["propext", "sorryAx", "Classical.choice", "Quot.sound"]}, {"declared_name": "Math.B699.GrowthTreeRow00Candidate.QLeaf007.leaf_delta0", "axioms": ["propext", "sorryAx", "Classical.choice", "Quot.sound"]}, {"declared_name": "Math.B699.GrowthTreeRow00Candidate.QLeaf007.leaf_delta1", "axioms": ["propext", "sorryAx", "Classical.choice", "Quot.sound"]}], "unexpected_axioms": ["sorryAx"], "guarded_output_inferred": false, "error": "#print axioms output count mismatch for unguarded declarations: source=117 actual=72"}}
Mathlib.Meta.NormNum.IsNat.to_isNNRat (Mathlib.Meta.NormNum.isNat_ofNat ℚ (Eq.refl 512))))
                  (Eq.refl (Nat.mul 103 1)) (Eq.refl 512)))
              (Eq.refl 103) (Eq.refl 512)))
          1)
        (eq_true
          (Mathlib.Meta.NormNum.isRat_le_true
            (Mathlib.Meta.NormNum.IsNNRat.to_isRat
              (Mathlib.Meta.NormNum.isNNRat_div
                (Mathlib.Meta.NormNum.isNNRat_mul (Eq.refl HMul.hMul)
                  (Mathlib.Meta.NormNum.IsNat.to_isNNRat (Mathlib.Meta.NormNum.isNat_ofNat ℚ (Eq.refl 103)))
                  (Mathlib.Meta.NormNum.isNNRat_inv_pos
                    (Mathlib.Meta.NormNum.IsNat.to_isNNRat (Mathlib.Meta.NormNum.isNat_ofNat ℚ (Eq.refl 512))))
                  (Eq.refl (Nat.mul 103 1)) (Eq.refl 512))))
            (Mathlib.Meta.NormNum.IsNNRat.to_isRat
              (Mathlib.Meta.NormNum.IsNat.to_isNNRat (Mathlib.Meta.NormNum.isNat_ofNat ℚ (Eq.refl 1))))
            (Eq.refl true)))))
has type
  BernsteinCone ((qWeight seedC seedD 0 seedZ).comp (affine leafA leafB))
but is expected to have type
  BernsteinCone localWeight0
PROJECT_ROOT\research\tasks\B699-Binomial\runs\20260911-low-index-lean-513dc7cc\lean\Growth\Row00CandidateLeaves.lean:924:2: error: Type mismatch
  cone_comp_affine
    (cone_qWeight seedC seedD 1 seedZ
      (of_eq_true
        (Eq.trans
          (congrArg (LE.le 0)
            (Mathlib.Meta.NormNum.IsNNRat.to_eq
              (Mathlib.Meta.NormNum.isNNRat_div
                (Mathlib.Meta.NormNum.isNNRat_mul (Eq.refl HMul.hMul)
                  (Mathlib.Meta.NormNum.IsNat.to_isNNRat (Mathlib.Meta.NormNum.isNat_ofNat ℚ (Eq.refl 5)))
                  (Mathlib.Meta.NormNum.isNNRat_inv_pos
                    (Mathlib.Meta.NormNum.IsNat.to_isNNRat (Mathlib.Meta.NormNum.isNat_ofNat ℚ (Eq.refl 512))))
                  (Eq.refl (Nat.mul 5 1)) (Eq.refl 512)))
              (Eq.refl 5) (Eq.refl 512)))
          (eq_true
            (Mathlib.Meta.NormNum.isRat_le_true
              (Mathlib.Meta.NormNum.IsNNRat.to_isRat
                (Mathlib.Meta.NormNum.IsNat.to_isNNRat (Mathlib.Meta.NormNum.isNat_ofNat ℚ (Eq.refl 0))))
              (Mathlib.Meta.NormNum.IsNNRat.to_isRat
                (Mathlib.Meta.NormNum.isNNRat_div
                  (Mathlib.Meta.NormNum.isNNRat_mul (Eq.refl HMul.hMul)
                    (Mathlib.Meta.NormNum.IsNat.to_isNNRat (Mathlib.Meta.NormNum.isNat_ofNat ℚ (Eq.refl 5)))
                    (Mathlib.Meta.NormNum.isNNRat_inv_pos
                      (Mathlib.Meta.NormNum.IsNat.to_isNNRat (Mathlib.Meta.NormNum.isNat_ofNat ℚ (Eq.refl 512))))
                    (Eq.refl (Nat.mul 5 1)) (Eq.refl 512))))
              (Eq.refl true))))))
    leafA leafB
    (of_eq_true
      (Eq.trans
        (congrArg (LE.le 0)
          (Mathlib.Meta.NormNum.IsNNRat.to_eq
            (Mathlib.Meta.NormNum.isNNRat_div
              (Mathlib.Meta.NormNum.isNNRat_mul (Eq.refl HMul.hMul)
                (Mathlib.Meta.NormNum.IsNat.to_isNNRat (Mathlib.Meta.NormNum.isNat_ofNat ℚ (Eq.refl 823)))
                (Mathlib.Meta.NormNum.isNNRat_inv_pos
                  (Mathlib.Meta.NormNum.IsNat.to_isNNRat (Mathlib.Meta.NormNum.isNat_ofNat ℚ (Eq.refl 4096))))
                (Eq.refl (Nat.mul 823 1)) (Eq.refl 4096)))
            (Eq.refl 823) (Eq.refl 4096)))
        (eq_true
          (Mathlib.Meta.NormNum.isRat_le_true
            (Mathlib.Meta.NormNum.IsNNRat.to_isRat
              (Mathlib.Meta.NormNum.IsNat.to_isNNRat (Mathlib.Meta.NormNum.isNat_ofNat ℚ (Eq.refl 0))))
            (Mathlib.Meta.NormNum.IsNNRat.to_isRat
              (Mathlib.Meta.NormNum.isNNRat_div
                (Mathlib.Meta.NormNum.isNNRat_mul (Eq.refl HMul.hMul)
                  (Mathlib.Meta.NormNum.IsNat.to_isNNRat (Mathlib.Meta.NormNum.isNat_ofNat ℚ (Eq.refl 823)))
                  (Mathlib.Meta.NormNum.isNNRat_inv_pos
                    (Mathlib.Meta.NormNum.IsNat.to_isNNRat (Mathlib.Meta.NormNum.isNat_ofNat ℚ (Eq.refl 4096))))
                  (Eq.refl (Nat.mul 823 1)) (Eq.refl 4096))))
            (Eq.refl true)))))
    (of_eq_true
      (Eq.trans
        (congr
          (congrArg LE.le
            (Mathlib.Meta.NormNum.IsNNRat.to_eq
              (Mathlib.Meta.NormNum.isNNRat_div
                (Mathlib.Meta.NormNum.isNNRat_mul (Eq.refl HMul.hMul)
                  (Mathlib.Meta.NormNum.IsNat.to_isNNRat (Mathlib.Meta.NormNum.isNat_ofNat ℚ (Eq.refl 823)))
                  (Mathlib.Meta.NormNum.isNNRat_inv_pos
                    (Mathlib.Meta.NormNum.IsNat.to_isNNRat (Mathlib.Meta.NormNum.isNat_ofNat ℚ (Eq.refl 4096))))
                  (Eq.refl (Nat.mul 823 1)) (Eq.refl 4096)))
              (Eq.refl 823) (Eq.refl 4096)))
          (Mathlib.Meta.NormNum.IsNNRat.to_eq
            (Mathlib.Meta.NormNum.isNNRat_div
              (Mathlib.Meta.NormNum.isNNRat_mul (Eq.refl HMul.hMul)
                (Mathlib.Meta.NormNum.IsNat.to_isNNRat (Mathlib.Meta.NormNum.isNat_ofNat ℚ (Eq.refl 103)))
                (Mathlib.Meta.NormNum.isNNRat_inv_pos
                  (Mathlib.Meta.NormNum.IsNat.to_isNNRat (Mathlib.Meta.NormNum.isNat_ofNat ℚ (Eq.refl 512))))
                (Eq.refl (Nat.mul 103 1)) (Eq.refl 512)))
            (Eq.refl 103) (Eq.refl 512)))
        (eq_true
          (Mathlib.Meta.NormNum.isRat_le_true
            (Mathlib.Meta.NormNum.IsNNRat.to_isRat
              (Mathlib.Meta.NormNum.isNNRat_div
                (Mathlib.Meta.NormNum.isNNRat_mul (Eq.refl HMul.hMul)
                  (Mathlib.Meta.NormNum.IsNat.to_isNNRat (Mathlib.Meta.NormNum.isNat_ofNat ℚ (Eq.refl 823)))
                  (Mathlib.Meta.NormNum.isNNRat_inv_pos
                    (Mathlib.Meta.NormNum.IsNat.to_isNNRat (Mathlib.Meta.NormNum.isNat_ofNat ℚ (Eq.refl 4096))))
                  (Eq.refl (Nat.mul 823 1)) (Eq.refl 4096))))
            (Mathlib.Meta.NormNum.IsNNRat.to_isRat
              (Mathlib.Meta.NormNum.isNNRat_div
                (Mathlib.Meta.NormNum.isNNRat_mul (Eq.refl HMul.hMul)
                  (Mathlib.Meta.NormNum.IsNat.to_isNNRat (Mathlib.Meta.NormNum.isNat_ofNat ℚ (Eq.refl 103)))
                  (Mathlib.Meta.NormNum.isNNRat_inv_pos
                    (Mathlib.Meta.NormNum.IsNat.to_isNNRat (Mathlib.Meta.NormNum.isNat_ofNat ℚ (Eq.refl 512))))
                  (Eq.refl (Nat.mul 103 1)) (Eq.refl 512))))
            (Eq.refl true)))))
    (of_eq_true
      (Eq.trans
        (congrFun'
          (congrArg LE.le
            (Mathlib.Meta.NormNum.IsNNRat.to_eq
              (Mathlib.Meta.NormNum.isNNRat_div
                (Mathlib.Meta.NormNum.isNNRat_mul (Eq.refl HMul.hMul)
                  (Mathlib.Meta.NormNum.IsNat.to_isNNRat (Mathlib.Meta.NormNum.isNat_ofNat ℚ (Eq.refl 103)))
                  (Mathlib.Meta.NormNum.isNNRat_inv_pos
                    (Mathlib.Meta.NormNum.IsNat.to_isNNRat (Mathlib.Meta.NormNum.isNat_ofNat ℚ (Eq.refl 512))))
                  (Eq.refl (Nat.mul 103 1)) (Eq.refl 512)))
              (Eq.refl 103) (Eq.refl 512)))
          1)
        (eq_true
          (Mathlib.Meta.NormNum.isRat_le_true
            (Mathlib.Meta.NormNum.IsNNRat.to_isRat
              (Mathlib.Meta.NormNum.isNNRat_div
                (Mathlib.Meta.NormNum.isNNRat_mul (Eq.refl HMul.hMul)
                  (Mathlib.Meta.NormNum.IsNat.to_isNNRat (Mathlib.Meta.NormNum.isNat_ofNat ℚ (Eq.refl 103)))
                  (Mathlib.Meta.NormNum.isNNRat_inv_pos
                    (Mathlib.Meta.NormNum.IsNat.to_isNNRat (Mathlib.Meta.NormNum.isNat_ofNat ℚ (Eq.refl 512))))
                  (Eq.refl (Nat.mul 103 1)) (Eq.refl 512))))
            (Mathlib.Meta.NormNum.IsNNRat.to_isRat
              (Mathlib.Meta.NormNum.IsNat.to_isNNRat (Mathlib.Meta.NormNum.isNat_ofNat ℚ (Eq.refl 1))))
            (Eq.refl true)))))
has type
  BernsteinCone ((qWeight seedC seedD 1 seedZ).comp (affine leafA leafB))
but is expected to have type
  BernsteinCone localWeight1
'Math.B699.GrowthTreeRow00Candidate.QLeaf007.actual_gap_eq' depends on axioms: [propext,
 sorryAx,
 Classical.choice,
 Quot.sound]
'Math.B699.GrowthTreeRow00Candidate.QLeaf007.leafMap_eq_path' depends on axioms: [propext, Classical.choice, Quot.sound]
'Math.B699.GrowthTreeRow00Candidate.QLeaf007.gapExpansion_cone' depends on axioms: [propext,
 Classical.choice,
 Quot.sound]
'Math.B699.GrowthTreeRow00Candidate.QLeaf007.local_gap_cone' depends on axioms: [propext,
 sorryAx,
 Classical.choice,
 Quot.sound]
'Math.B699.GrowthTreeRow00Candidate.QLeaf007.local_core_cone' depends on axioms: [propext,
 sorryAx,
 Classical.choice,
 Quot.sound]
'Math.B699.GrowthTreeRow00Candidate.QLeaf007.local_weight0_cone' depends on axioms: [propext,
 sorryAx,
 Classical.choice,
 Quot.sound]
'Math.B699.GrowthTreeRow00Candidate.QLeaf007.local_weight1_cone' depends on axioms: [propext,
 sorryAx,
 Classical.choice,
 Quot.sound]
'Math.B699.GrowthTreeRow00Candidate.QLeaf007.leaf_delta0' depends on axioms: [propext,
 sorryAx,
 Classical.choice,
 Quot.sound]
'Math.B699.GrowthTreeRow00Candidate.QLeaf007.leaf_delta1' depends on axioms: [propext,
 sorryAx,
 Classical.choice,
 Quot.sound]
PROJECT_ROOT\research\tasks\B699-Binomial\runs\20260911-low-index-lean-513dc7cc\lean\Growth\Row00CandidateLeaves.lean:950:5: error: unknown namespace `Math.B699.GrowthTreeRow00Candidate.Shared`
PROJECT_ROOT\research\tasks\B699-Binomial\runs\20260911-low-index-lean-513dc7cc\lean\Growth\Row00CandidateLeaves.lean:962:37: error(lean.unknownIdentifier): Unknown identifier `qSeedCore`
PROJECT_ROOT\research\tasks\B699-Binomial\runs\20260911-low-index-lean-513dc7cc\lean\Growth\Row00CandidateLeaves.lean:963:40: error(lean.unknownIdentifier): Unknown identifier `qSeedWeight0`
PROJECT_ROOT\research\tasks\B699-Binomial\runs\20260911-low-index-lean-513dc7cc\lean\Growth\Row00CandidateLeaves.lean:964:40: error(lean.unknownIdentifier): Unknown identifier `qSeedWeight1`
PROJECT_ROOT\research\tasks\B699-Binomial\runs\20260911-low-index-lean-513dc7cc\lean\Growth\Row00CandidateLeaves.lean:998:38: error: maximum number of errors (100; from option `maxErrors`) reached, exiting

EVIDENCE research/tasks/B699-Binomial/runs/20260911-low-index-lean-513dc7cc/verification/20260911T114416162852Z/evidence.json
RESULT {"success": false, "exit_code": 1, "compiled_count": 1, "reused_count": 6, "failure": "Compile failed: research.tasks.B699-Binomial.runs.20260911-low-index-lean-513dc7cc.lean.Growth.Row00CandidateLeaves"}
