# command: LEAN -j1 -M1536 -DautoImplicit=false -DrelaxedAutoImplicit=false --root=PROJECT_ROOT -o .tools/20260911-low-index-lean-513dc7cc/20260912T045737051778Z/olean/research/tasks/B699-Binomial/runs/20260911-low-index-lean-513dc7cc/lean/CrtStage3Pair57/Cells001P0.olean research/tasks/B699-Binomial/runs/20260911-low-index-lean-513dc7cc/lean/CrtStage3Pair57/Cells001P0.lean
# cwd: PROJECT_ROOT
# started_utc: 2026-09-12T04:59:01.822034Z
# finished_utc: 2026-09-12T04:59:12.648595Z
# exit_code: 0
# timed_out: False
'Math.B699.CRTStage3Pair57.Chunk001.cellA9B1_check' depends on axioms: [propext]
'Math.B699.CRTStage3Pair57.Chunk001.cellA9B2_check' depends on axioms: [propext]
'Math.B699.CRTStage3Pair57.Chunk001.cellA9B3_check' depends on axioms: [propext]
'Math.B699.CRTStage3Pair57.Chunk001.cellA9B4_check' depends on axioms: [propext]
'Math.B699.CRTStage3Pair57.Chunk001.cellA9B5_check' depends on axioms: [propext]
'Math.B699.CRTStage3Pair57.Chunk001.cellA9B6_check' depends on axioms: [propext]
'Math.B699.CRTStage3Pair57.Chunk001.cellA9B7_check' depends on axioms: [propext]
'Math.B699.CRTStage3Pair57.Chunk001.cellA9B8_check' depends on axioms: [propext]
'Math.B699.CRTStage3Pair57.Chunk001.cellA9B9_check' depends on axioms: [propext]
'Math.B699.CRTStage3Pair57.Chunk001.rowA9_cell_check' depends on axioms: [propext]
'Math.B699.CRTStage3Pair57.Chunk001.rowA9_block_check' depends on axioms: [propext, Quot.sound]
'Math.B699.CRTStage3Pair57.Chunk001.cellA10B1_check' depends on axioms: [propext]
'Math.B699.CRTStage3Pair57.Chunk001.cellA10B2_check' depends on axioms: [propext]
'Math.B699.CRTStage3Pair57.Chunk001.cellA10B3_check' depends on axioms: [propext]
'Math.B699.CRTStage3Pair57.Chunk001.cellA10B4_check' depends on axioms: [propext]
'Math.B699.CRTStage3Pair57.Chunk001.cellA10B5_check' depends on axioms: [propext]
'Math.B699.CRTStage3Pair57.Chunk001.cellA10B6_check' depends on axioms: [propext]
'Math.B699.CRTStage3Pair57.Chunk001.cellA10B7_check' depends on axioms: [propext]
'Math.B699.CRTStage3Pair57.Chunk001.cellA10B8_check' depends on axioms: [propext]
'Math.B699.CRTStage3Pair57.Chunk001.cellA10B9_check' depends on axioms: [propext]
'Math.B699.CRTStage3Pair57.Chunk001.rowA10_cell_check' depends on axioms: [propext]
'Math.B699.CRTStage3Pair57.Chunk001.rowA10_block_check' depends on axioms: [propext, Quot.sound]
'Math.B699.CRTStage3Pair57.Chunk001.cellA11B1_check' depends on axioms: [propext]
'Math.B699.CRTStage3Pair57.Chunk001.cellA11B2_check' depends on axioms: [propext]
'Math.B699.CRTStage3Pair57.Chunk001.cellA11B3_check' depends on axioms: [propext]
'Math.B699.CRTStage3Pair57.Chunk001.cellA11B4_check' depends on axioms: [propext]
'Math.B699.CRTStage3Pair57.Chunk001.cellA11B5_check' depends on axioms: [propext]
'Math.B699.CRTStage3Pair57.Chunk001.cellA11B6_check' depends on axioms: [propext]
'Math.B699.CRTStage3Pair57.Chunk001.cellA11B7_check' depends on axioms: [propext]
'Math.B699.CRTStage3Pair57.Chunk001.cellA11B8_check' depends on axioms: [propext]
'Math.B699.CRTStage3Pair57.Chunk001.cellA11B9_check' depends on axioms: [propext]
'Math.B699.CRTStage3Pair57.Chunk001.rowA11_cell_check' depends on axioms: [propext]
'Math.B699.CRTStage3Pair57.Chunk001.rowA11_block_check' depends on axioms: [propext, Quot.sound]
