RESOURCE {"source": "research/tasks/B699-Binomial/runs/20260911-low-index-lean-513dc7cc/lean/CubicBlock/Ground.lean", "selected_memory_mb": 256, "wait_snapshot_count": 0, "platform": "windows", "cpu_count": 16, "disk": [294517391360, 293158498304, 1358893056], "available_physical_bytes": 1286594560, "total_physical_bytes": 16851132416, "memory_load_percent": 92, "meminfo": ["MemAvailable: 1256440 kB"], "memory.max": null, "memory.current": null, "cpu.max": null}
COMPILE {"source": "research/tasks/B699-Binomial/runs/20260911-low-index-lean-513dc7cc/lean/CubicBlock/Ground.lean", "seconds": 4.436, "exit_code": 1, "failure": "Lean exit 1; unexpected axioms: Math.B699.CubicBlockGround.all_finite_differences, Math.B699.CubicBlockGround.base_checks, Math.B699.CubicBlockGround.boundary_check, Math.B699.CubicBlockGround.differences, Math.B699.CubicBlockGround.expectedRho, Math.B699.CubicBlockGround.inverse_check, Math.B699.CubicBlockGround.rho_values, Math.B699.CubicBlockGround.tamper_extended_endpoint_rejected, Math.B699.CubicBlockGround.tamper_inverse_rejected, Math.B699.CubicBlockGround.zero_uses_positive_representative", "axiom_audit": {"declared_print_axioms": 8, "declared_names": ["Math.B699.CubicBlockGround.base_checks", "Math.B699.CubicBlockGround.inverse_check", "Math.B699.CubicBlockGround.boundary_check", "Math.B699.CubicBlockGround.rho_values", "Math.B699.CubicBlockGround.all_finite_differences", "Math.B699.CubicBlockGround.zero_uses_positive_representative", "Math.B699.CubicBlockGround.tamper_inverse_rejected", "Math.B699.CubicBlockGround.tamper_extended_endpoint_rejected"], "guarded_print_axioms": 0, "guarded_names": [], "actual_printed": 8, "guard_msgs_in_source": 0, "printed": [{"declared_name": "Math.B699.CubicBlockGround.base_checks", "axioms": ["Math.B699.CubicBlockGround.base_checks"]}, {"declared_name": "Math.B699.CubicBlockGround.inverse_check", "axioms": ["Math.B699.CubicBlockGround.inverse_check"]}, {"declared_name": "Math.B699.CubicBlockGround.boundary_check", "axioms": ["Math.B699.CubicBlockGround.boundary_check"]}, {"declared_name": "Math.B699.CubicBlockGround.rho_values", "axioms": ["Math.B699.CubicBlockGround.differences", "Math.B699.CubicBlockGround.expectedRho", "Math.B699.CubicBlockGround.rho_values"]}, {"declared_name": "Math.B699.CubicBlockGround.all_finite_differences", "axioms": ["Math.B699.CubicBlockGround.all_finite_differences"]}, {"declared_name": "Math.B699.CubicBlockGround.zero_uses_positive_representative", "axioms": ["Math.B699.CubicBlockGround.zero_uses_positive_representative"]}, {"declared_name": "Math.B699.CubicBlockGround.tamper_inverse_rejected", "axioms": ["Math.B699.CubicBlockGround.tamper_inverse_rejected"]}, {"declared_name": "Math.B699.CubicBlockGround.tamper_extended_endpoint_rejected", "axioms": ["Math.B699.CubicBlockGround.tamper_extended_endpoint_rejected"]}], "unexpected_axioms": ["Math.B699.CubicBlockGround.all_finite_differences", "Math.B699.CubicBlockGround.base_checks", "Math.B699.CubicBlockGround.boundary_check", "Math.B699.CubicBlockGround.differences", "Math.B699.CubicBlockGround.expectedRho", "Math.B699.CubicBlockGround.inverse_check", "Math.B699.CubicBlockGround.rho_values", "Math.B699.CubicBlockGround.tamper_extended_endpoint_rejected", "Math.B699.CubicBlockGround.tamper_inverse_rejected", "Math.B699.CubicBlockGround.zero_uses_positive_representative"], "guarded_output_inferred": false, "error": "unexpected axioms: Math.B699.CubicBlockGround.all_finite_differences, Math.B699.CubicBlockGround.base_checks, Math.B699.CubicBlockGround.boundary_check, Math.B699.CubicBlockGround.differences, Math.B699.CubicBlockGround.expectedRho, Math.B699.CubicBlockGround.inverse_check, Math.B699.CubicBlockGround.rho_values, Math.B699.CubicBlockGround.tamper_extended_endpoint_rejected, Math.B699.CubicBlockGround.tamper_inverse_rejected, Math.B699.CubicBlockGround.zero_uses_positive_representative"}}
# command: LEAN -j1 -M256 -DautoImplicit=false -DrelaxedAutoImplicit=false --root=PROJECT_ROOT -o .tools/20260911-low-index-lean-513dc7cc/20260911T142731256044Z/olean/research/tasks/B699-Binomial/runs/20260911-low-index-lean-513dc7cc/lean/CubicBlock/Ground.olean research/tasks/B699-Binomial/runs/20260911-low-index-lean-513dc7cc/lean/CubicBlock/Ground.lean
# cwd: PROJECT_ROOT
# started_utc: 2026-09-11T14:28:01.003690Z
# finished_utc: 2026-09-11T14:28:05.439864Z
# exit_code: 1
# timed_out: False
PROJECT_ROOT\research\tasks\B699-Binomial\runs\20260911-low-index-lean-513dc7cc\lean\CubicBlock\Ground.lean:17:4: error: (kernel) excessive memory consumption detected
PROJECT_ROOT\research\tasks\B699-Binomial\runs\20260911-low-index-lean-513dc7cc\lean\CubicBlock\Ground.lean:21:4: error: (kernel) excessive memory consumption detected
PROJECT_ROOT\research\tasks\B699-Binomial\runs\20260911-low-index-lean-513dc7cc\lean\CubicBlock\Ground.lean:25:2: error: Tactic `decide` failed. The elaborator is able to reduce the `Decidable` instance, but the kernel fails with:

  (kernel) excessive memory consumption detected
PROJECT_ROOT\research\tasks\B699-Binomial\runs\20260911-low-index-lean-513dc7cc\lean\CubicBlock\Ground.lean:24:8: error: (kernel) excessive memory consumption detected
PROJECT_ROOT\research\tasks\B699-Binomial\runs\20260911-low-index-lean-513dc7cc\lean\CubicBlock\Ground.lean:28:2: error: Tactic `decide` failed. The elaborator is able to reduce the `Decidable` instance, but the kernel fails with:

  (kernel) excessive memory consumption detected
PROJECT_ROOT\research\tasks\B699-Binomial\runs\20260911-low-index-lean-513dc7cc\lean\CubicBlock\Ground.lean:27:8: error: (kernel) excessive memory consumption detected
PROJECT_ROOT\research\tasks\B699-Binomial\runs\20260911-low-index-lean-513dc7cc\lean\CubicBlock\Ground.lean:31:2: error: Tactic `decide` failed. The elaborator is able to reduce the `Decidable` instance, but the kernel fails with:

  (kernel) excessive memory consumption detected
PROJECT_ROOT\research\tasks\B699-Binomial\runs\20260911-low-index-lean-513dc7cc\lean\CubicBlock\Ground.lean:30:8: error: (kernel) excessive memory consumption detected
PROJECT_ROOT\research\tasks\B699-Binomial\runs\20260911-low-index-lean-513dc7cc\lean\CubicBlock\Ground.lean:34:2: error: Tactic `decide` failed. The elaborator is able to reduce the `Decidable` instance, but the kernel fails with:

  (kernel) application type mismatch
    id (Eq.refl true)
  argument has type
    true = true
  but function has type
    decide (List.map rho differences = expectedRho) = true → decide (List.map rho differences = expectedRho) = true
PROJECT_ROOT\research\tasks\B699-Binomial\runs\20260911-low-index-lean-513dc7cc\lean\CubicBlock\Ground.lean:33:8: error: (kernel) excessive memory consumption detected
PROJECT_ROOT\research\tasks\B699-Binomial\runs\20260911-low-index-lean-513dc7cc\lean\CubicBlock\Ground.lean:38:2: error: Tactic `decide` failed. The elaborator is able to reduce the `Decidable` instance, but the kernel fails with:

  (kernel) excessive memory consumption detected
PROJECT_ROOT\research\tasks\B699-Binomial\runs\20260911-low-index-lean-513dc7cc\lean\CubicBlock\Ground.lean:36:8: error: (kernel) excessive memory consumption detected
PROJECT_ROOT\research\tasks\B699-Binomial\runs\20260911-low-index-lean-513dc7cc\lean\CubicBlock\Ground.lean:41:2: error: Tactic `decide` failed. The elaborator is able to reduce the `Decidable` instance, but the kernel fails with:

  (kernel) excessive memory consumption detected
PROJECT_ROOT\research\tasks\B699-Binomial\runs\20260911-low-index-lean-513dc7cc\lean\CubicBlock\Ground.lean:40:8: error: (kernel) excessive memory consumption detected
PROJECT_ROOT\research\tasks\B699-Binomial\runs\20260911-low-index-lean-513dc7cc\lean\CubicBlock\Ground.lean:44:2: error: Tactic `decide` failed. The elaborator is able to reduce the `Decidable` instance, but the kernel fails with:

  (kernel) excessive memory consumption detected
PROJECT_ROOT\research\tasks\B699-Binomial\runs\20260911-low-index-lean-513dc7cc\lean\CubicBlock\Ground.lean:43:8: error: (kernel) excessive memory consumption detected
PROJECT_ROOT\research\tasks\B699-Binomial\runs\20260911-low-index-lean-513dc7cc\lean\CubicBlock\Ground.lean:48:2: error: Tactic `decide` failed. The elaborator is able to reduce the `Decidable` instance, but the kernel fails with:

  (kernel) excessive memory consumption detected
PROJECT_ROOT\research\tasks\B699-Binomial\runs\20260911-low-index-lean-513dc7cc\lean\CubicBlock\Ground.lean:46:8: error: (kernel) excessive memory consumption detected
'Math.B699.CubicBlockGround.base_checks' depends on axioms: [Math.B699.CubicBlockGround.base_checks]
'Math.B699.CubicBlockGround.inverse_check' depends on axioms: [Math.B699.CubicBlockGround.inverse_check]
'Math.B699.CubicBlockGround.boundary_check' depends on axioms: [Math.B699.CubicBlockGround.boundary_check]
'Math.B699.CubicBlockGround.rho_values' depends on axioms: [Math.B699.CubicBlockGround.differences,
 Math.B699.CubicBlockGround.expectedRho,
 Math.B699.CubicBlockGround.rho_values]
'Math.B699.CubicBlockGround.all_finite_differences' depends on axioms: [Math.B699.CubicBlockGround.all_finite_differences]
'Math.B699.CubicBlockGround.zero_uses_positive_representative' depends on axioms: [Math.B699.CubicBlockGround.zero_uses_positive_representative]
'Math.B699.CubicBlockGround.tamper_inverse_rejected' depends on axioms: [Math.B699.CubicBlockGround.tamper_inverse_rejected]
'Math.B699.CubicBlockGround.tamper_extended_endpoint_rejected' depends on axioms: [Math.B699.CubicBlockGround.tamper_extended_endpoint_rejected]

EVIDENCE research/tasks/B699-Binomial/runs/20260911-low-index-lean-513dc7cc/verification/20260911T142731256044Z/evidence.json
RESULT {"success": false, "exit_code": 1, "compiled_count": 1, "reused_count": 0, "failure": "Compile failed: research.tasks.B699-Binomial.runs.20260911-low-index-lean-513dc7cc.lean.CubicBlock.Ground"}
