# command: LEAN -j1 -M1536 -DautoImplicit=false -DrelaxedAutoImplicit=false --root=PROJECT_ROOT -o .tools/20260911-low-index-lean-513dc7cc/20260912T082347861402Z/olean/research/tasks/B699-Binomial/runs/20260911-low-index-lean-513dc7cc/lean/I11TCovBatch/Group07.olean research/tasks/B699-Binomial/runs/20260911-low-index-lean-513dc7cc/lean/I11TCovBatch/Group07.lean
# cwd: PROJECT_ROOT
# started_utc: 2026-09-12T08:29:19.638925Z
# finished_utc: 2026-09-12T08:29:28.738460Z
# exit_code: 0
# timed_out: False
Math.B699.I11TerminalCandidateCoverage.Groups.G056.intervals_sound : Math.B699.I11TerminalCandidateCoverage.IntervalsSound
  Math.B699.I11TerminalCandidateCoverage.Groups.G056.intervals
'Math.B699.I11TerminalCandidateCoverage.Groups.G056.intervals_sound' depends on axioms: [propext,
 Classical.choice,
 Quot.sound]
Math.B699.I11TerminalCandidateCoverage.Groups.G057.intervals_sound : Math.B699.I11TerminalCandidateCoverage.IntervalsSound
  Math.B699.I11TerminalCandidateCoverage.Groups.G057.intervals
'Math.B699.I11TerminalCandidateCoverage.Groups.G057.intervals_sound' depends on axioms: [propext,
 Classical.choice,
 Quot.sound]
Math.B699.I11TerminalCandidateCoverage.Groups.G058.intervals_sound : Math.B699.I11TerminalCandidateCoverage.IntervalsSound
  Math.B699.I11TerminalCandidateCoverage.Groups.G058.intervals
'Math.B699.I11TerminalCandidateCoverage.Groups.G058.intervals_sound' depends on axioms: [propext,
 Classical.choice,
 Quot.sound]
Math.B699.I11TerminalCandidateCoverage.Groups.G059.intervals_sound : Math.B699.I11TerminalCandidateCoverage.IntervalsSound
  Math.B699.I11TerminalCandidateCoverage.Groups.G059.intervals
'Math.B699.I11TerminalCandidateCoverage.Groups.G059.intervals_sound' depends on axioms: [propext,
 Classical.choice,
 Quot.sound]
Math.B699.I11TerminalCandidateCoverage.Groups.G060.intervals_sound : Math.B699.I11TerminalCandidateCoverage.IntervalsSound
  Math.B699.I11TerminalCandidateCoverage.Groups.G060.intervals
'Math.B699.I11TerminalCandidateCoverage.Groups.G060.intervals_sound' depends on axioms: [propext,
 Classical.choice,
 Quot.sound]
Math.B699.I11TerminalCandidateCoverage.Groups.G061.intervals_sound : Math.B699.I11TerminalCandidateCoverage.IntervalsSound
  Math.B699.I11TerminalCandidateCoverage.Groups.G061.intervals
'Math.B699.I11TerminalCandidateCoverage.Groups.G061.intervals_sound' depends on axioms: [propext,
 Classical.choice,
 Quot.sound]
Math.B699.I11TerminalCandidateCoverage.Groups.G062.intervals_sound : Math.B699.I11TerminalCandidateCoverage.IntervalsSound
  Math.B699.I11TerminalCandidateCoverage.Groups.G062.intervals
'Math.B699.I11TerminalCandidateCoverage.Groups.G062.intervals_sound' depends on axioms: [propext,
 Classical.choice,
 Quot.sound]
Math.B699.I11TerminalCandidateCoverage.Groups.G063.intervals_sound : Math.B699.I11TerminalCandidateCoverage.IntervalsSound
  Math.B699.I11TerminalCandidateCoverage.Groups.G063.intervals
'Math.B699.I11TerminalCandidateCoverage.Groups.G063.intervals_sound' depends on axioms: [propext,
 Classical.choice,
 Quot.sound]
