# command: LEAN -j1 -M1536 -DautoImplicit=false -DrelaxedAutoImplicit=false --root=PROJECT_ROOT -o .tools/20260911-low-index-lean-513dc7cc/20260911T115537979696Z/olean/research/tasks/B699-Binomial/runs/20260911-low-index-lean-513dc7cc/lean/RationalDivisor/FloorLayers.olean research/tasks/B699-Binomial/runs/20260911-low-index-lean-513dc7cc/lean/RationalDivisor/FloorLayers.lean
# cwd: PROJECT_ROOT
# started_utc: 2026-09-11T11:56:09.876901Z
# finished_utc: 2026-09-11T11:56:14.925436Z
# exit_code: 0
# timed_out: False
PROJECT_ROOT\research\tasks\B699-Binomial\runs\20260911-low-index-lean-513dc7cc\lean\RationalDivisor\FloorLayers.lean:20:32: warning: This simp argument is unused:
  Nat.add_mul

Hint: Omit it from the simp argument list.
  [apply] simp only [Nat.mul_add]

Note: This linter can be disabled with `set_option linter.unusedSimpArgs false`
PROJECT_ROOT\research\tasks\B699-Binomial\runs\20260911-low-index-lean-513dc7cc\lean\RationalDivisor\FloorLayers.lean:34:32: warning: This simp argument is unused:
  Nat.add_mul

Hint: Omit it from the simp argument list.
  [apply] simp only [Nat.mul_add]

Note: This linter can be disabled with `set_option linter.unusedSimpArgs false`
'Math.B699.RationalFactorialDivisor.twice_add_div_decomposition' depends on axioms: [propext, Quot.sound]
'Math.B699.RationalFactorialDivisor.triple_add_div_decomposition' depends on axioms: [propext, Quot.sound]
'Math.B699.RationalFactorialDivisor.middle_div_le_outer_div_sum' depends on axioms: [propext, Quot.sound]
'Math.B699.RationalFactorialDivisor.factorial_floor_layer' depends on axioms: [propext, Quot.sound]
