2026-09-08 01:14 UTC
Second compile; includes A patch accidentally targeting the earlier dsimp clause (hdv not yet in scope), repaired in attempt 3.
exit_code=1
research/tasks/B686-Four/round9/a/ReflectedPrimePower.lean:135:2: warning: Try this: 
  haveI̵

The goal is a proposition, so `have` is preferred over `haveI`.
The difference between `have` and `haveI` is that `haveI` inlines the value.
But this is not relevant for proofs because of proof irrelevance.

Note: This linter can be disabled with `set_option linter.style.haveILetI false`
research/tasks/B686-Four/round9/a/ReflectedPrimePower.lean:143:6: error: Type mismatch: After simplification, term
  ht
 has type
  p ^ (L + 1) ∣ n + j - (n + i)
but is expected to have type
  p ^ (L + 1) ∣ j - i
research/tasks/B686-Four/round9/a/ReflectedPrimePower.lean:149:6: error: Type mismatch: After simplification, term
  ht
 has type
  p ^ (L + 1) ∣ n + i - (n + j)
but is expected to have type
  p ^ (L + 1) ∣ i - j
research/tasks/B686-Four/round9/a/ReflectedPrimePower.lean:168:2: warning: Try this: 
  haveI̵

The goal is a proposition, so `have` is preferred over `haveI`.
The difference between `have` and `haveI` is that `haveI` inlines the value.
But this is not relevant for proofs because of proof irrelevance.

Note: This linter can be disabled with `set_option linter.style.haveILetI false`
research/tasks/B686-Four/round9/a/ReflectedPrimePower.lean:219:2: warning: Try this: 
  haveI̵

The goal is a proposition, so `have` is preferred over `haveI`.
The difference between `have` and `haveI` is that `haveI` inlines the value.
But this is not relevant for proofs because of proof irrelevance.

Note: This linter can be disabled with `set_option linter.style.haveILetI false`
research/tasks/B686-Four/round9/a/ReflectedPrimePower.lean:243:66: error(lean.unknownIdentifier): Unknown identifier `hdv`
research/tasks/B686-Four/round9/a/ReflectedPrimePower.lean:260:4: error: omega could not prove the goal:
a possible counterexample may satisfy the constraints
  s ≥ 1
  r ≥ 0
  o ≥ 0
  l ≥ 0
  l - o ≥ 0
  l - o - q ≥ 1
  j ≥ 0
  j - l ≤ -1
  j - o ≤ -1
  h ≥ 0
  h - j - l + o ≥ 1
  g ≥ 0
  e ≥ 0
  d ≥ 0
  d + r ≥ 1
  c ≥ 0
  b ≥ 2
  b - c + d ≤ 0
  b - g ≤ -1
where
 b := ↑k
 c := ↑m
 d := ↑n
 e := ↑(product k n)
 g := ↑(p ^ (L + 1))
 h := ↑(padicValNat p (reflectedSum k n m))
 j := ↑L
 l := ↑(padicValNat p S)
 o := ↑(padicValNat p (n + i))
 q := padicValRat p (lam - 1)
 r := ↑i
 s := ↑(reflectedSum k n m)
research/tasks/B686-Four/round9/a/ReflectedPrimePower.lean:321:2: warning: Try this: 
  haveI̵

The goal is a proposition, so `have` is preferred over `haveI`.
The difference between `have` and `haveI` is that `haveI` inlines the value.
But this is not relevant for proofs because of proof irrelevance.

Note: This linter can be disabled with `set_option linter.style.haveILetI false`
'B686ReflectedA.original_high_contact' depends on axioms: [propext, sorryAx, Classical.choice, Quot.sound]
research/tasks/B686-Four/round9/a/ReflectedPrimePower.lean:337:0: error: ❌️ Docstring on `#guard_msgs` does not match generated message:

- info: 'B686ReflectedA.original_high_contact' depends on axioms: [propext, Classical.choice, Quot.sound]
+ info: 'B686ReflectedA.original_high_contact' depends on axioms: [propext, sorryAx, Classical.choice, Quot.sound]
'B686ReflectedA.original_high_contact_nat' depends on axioms: [propext, sorryAx, Classical.choice, Quot.sound]
research/tasks/B686-Four/round9/a/ReflectedPrimePower.lean:340:0: error: ❌️ Docstring on `#guard_msgs` does not match generated message:

- info: 'B686ReflectedA.original_high_contact_nat' depends on axioms: [propext, Classical.choice, Quot.sound]
+ info: 'B686ReflectedA.original_high_contact_nat' depends on axioms: [propext, sorryAx, Classical.choice, Quot.sound]
