research/tasks/B699-Binomial/runs/20260911-smooth-window-lean-894d6b50/lean/Transfer.lean:34:50: error: unsolved goals
⊢ Nat.Prime 5
'B699.SmoothWindow.choose_mul_choose' depends on axioms: [propext, Classical.choice, Quot.sound]
'B699.SmoothWindow.prime_dvd_choose_transfer' depends on axioms: [propext, Classical.choice, Quot.sound]
'B699.SmoothWindow.same_prime_transfer' depends on axioms: [propext, Classical.choice, Quot.sound]
'B699.SmoothWindow.strict_transfer_counterexample' depends on axioms: [propext, sorryAx, Classical.choice, Quot.sound]
Command exited with non-zero status 1
	Command being timed: "lake env lean -M 3072 research/tasks/B699-Binomial/runs/20260911-smooth-window-lean-894d6b50/lean/Transfer.lean"
	User time (seconds): 1.41
	System time (seconds): 0.50
	Percent of CPU this job got: 93%
	Elapsed (wall clock) time (h:mm:ss or m:ss): 0:02.04
	Average shared text size (kbytes): 0
	Average unshared data size (kbytes): 0
	Average stack size (kbytes): 0
	Average total size (kbytes): 0
	Maximum resident set size (kbytes): 1672560
	Average resident set size (kbytes): 0
	Major (requiring I/O) page faults: 496
	Minor (reclaiming a frame) page faults: 64583
	Voluntary context switches: 1551
	Involuntary context switches: 656
	Swaps: 0
	File system inputs: 116552
	File system outputs: 8
	Socket messages sent: 0
	Socket messages received: 0
	Signals delivered: 0
	Page size (bytes): 4096
	Exit status: 1
