theorem B699ThetaVerify20261005.gap_of_uniform_relative_theta_exact : ∀ (D Y : ℕ) (u l : ℝ),
  0 < D →
    0 < Y →
      ↑D * u + (↑D + 1) * l < 1 →
        (∀ (x : ℝ), ↑Y ≤ x → Chebyshev.theta x ≤ (1 + u) * x) →
          (∀ (x : ℝ), ↑Y ≤ x → (1 - l) * x ≤ Chebyshev.theta x) →
            ∀ (y : ℕ), Y ≤ y → ∃ p, Nat.Prime p ∧ y < p ∧ D * (p - y) ≤ y :=
fun D Y u l hD hY hcoeff hupper hlower =>
  B699UniformTheta20261005.gap_of_uniform_relative_theta hD hY hcoeff hupper hlower
'B699ThetaVerify20261005.gap_of_uniform_relative_theta_exact' depends on axioms: [propext, Classical.choice, Quot.sound]
theorem B699ThetaVerify20261005.gap_4095_of_uniform_relative_theta_exact : ∀ (D Y : ℕ) (u l : ℝ),
  4095 ≤ D →
    0 < Y →
      Y ≤ 122568684 →
        ↑D * u + (↑D + 1) * l < 1 →
          (∀ (x : ℝ), ↑Y ≤ x → Chebyshev.theta x ≤ (1 + u) * x) →
            (∀ (x : ℝ), ↑Y ≤ x → (1 - l) * x ≤ Chebyshev.theta x) →
              ∀ (y : ℕ), 10000000 ≤ y → ∃ p, Nat.Prime p ∧ y < p ∧ 4095 * (p - y) ≤ y :=
fun D Y u l hD hY hYmax hcoeff hupper hlower =>
  B699UniformTheta20261005.gap_4095_of_uniform_relative_theta hD hY hYmax hcoeff hupper hlower
'B699ThetaVerify20261005.gap_4095_of_uniform_relative_theta_exact' depends on axioms: [propext,
 Classical.choice,
 Quot.sound]
theorem B699ThetaVerify20261005.original_tail_of_uniform_relative_theta_exact : ∀ (D Y : ℕ) (u l : ℝ),
  4095 ≤ D →
    0 < Y →
      Y ≤ 122568684 →
        ↑D * u + (↑D + 1) * l < 1 →
          (∀ (x : ℝ), ↑Y ≤ x → Chebyshev.theta x ≤ (1 + u) * x) →
            (∀ (x : ℝ), ↑Y ≤ x → (1 - l) * x ≤ Chebyshev.theta x) →
              ∀ (n i j : ℕ),
                4883 ≤ i → i < j → j ≤ n / 2 → ∃ p, Nat.Prime p ∧ i ≤ p ∧ p ∣ n.choose i ∧ p ∣ n.choose j :=
fun D Y u l hD hY hYmax hcoeff hupper hlower =>
  B699UniformTheta20261005.original_tail_of_uniform_relative_theta hD hY hYmax hcoeff hupper hlower
'B699ThetaVerify20261005.original_tail_of_uniform_relative_theta_exact' depends on axioms: [propext,
 Classical.choice,
 Quot.sound]
