# command: LEAN -j1 -M1536 -DautoImplicit=false -DrelaxedAutoImplicit=false --root=PROJECT_ROOT -o .tools/20260911-low-index-lean-513dc7cc/20260911T022945726400Z/olean/research/tasks/B699-Binomial/runs/20260911-low-index-lean-513dc7cc/lean/IntegerBridge.olean research/tasks/B699-Binomial/runs/20260911-low-index-lean-513dc7cc/lean/IntegerBridge.lean
# cwd: PROJECT_ROOT
# started_utc: 2026-09-11T02:30:00.671554Z
# finished_utc: 2026-09-11T02:30:15.968816Z
# exit_code: 1
# timed_out: False
PROJECT_ROOT\research\tasks\B699-Binomial\runs\20260911-low-index-lean-513dc7cc\lean\IntegerBridge.lean:76:6: error: Type mismatch
  add_le_add_right (mul_le_mul_of_nonneg_left hgap (abs_nonneg Q)) ?m.339
has type
  ?m.339 + |Q| * |r * u - s * v| ≤ ?m.339 + |Q| * D
but is expected to have type
  |Q| * |r * u - s * v| + |r * P - s * Q| * |v| ≤ |Q| * D + |r * P - s * Q| * |v|
'Math.B699.IntegerApproximationBridge.cross_ne_zero_or' depends on axioms: [propext, Classical.choice, Quot.sound]
'Math.B699.IntegerApproximationBridge.integer_gap_lower_bound' depends on axioms: [propext, sorryAx]
'Math.B699.IntegerApproximationBridge.exists_integer_gap_lower_bound' depends on axioms: [propext,
 sorryAx,
 Classical.choice,
 Quot.sound]
'Math.B699.IntegerApproximationBridge.bft_7_4_of_two_rows' depends on axioms: [propext,
 sorryAx,
 Classical.choice,
 Quot.sound]
'Math.B699.IntegerApproximationBridge.one_le_abs_int_cast' depends on axioms: [propext, Classical.choice, Quot.sound]
'Math.B699.IntegerApproximationBridge.one_le_approximation_sum' depends on axioms: [propext,
 Classical.choice,
 Quot.sound]
'Math.B699.IntegerApproximationBridge.half_lt_height_mul_error' depends on axioms: [propext,
 Classical.choice,
 Quot.sound]
'Math.B699.IntegerApproximationBridge.rational_approximation_lower_bound_of_two_rows' depends on axioms: [propext,
 Classical.choice,
 Quot.sound]
