exact project closure files: 33
Math/B699/CofactorCriterion.lean
research/tasks/B699-Binomial/runs/20260909-large-prime-structure-cb4764f0/lean/GapBridge.lean
research/tasks/B699-Binomial/runs/20260908-external-reductions-b3c1b7/lean/DivisorTransfer.lean
research/tasks/B699-Binomial/runs/20260909-large-prime-structure-cb4764f0/lean/PrimePowerTransfer.lean
research/tasks/B699-Binomial/runs/20260909-large-prime-structure-cb4764f0/lean/SmallPartBound.lean
research/tasks/B699-Binomial/runs/20260909-low-index-structure-b41a5a63/lean/ThreeWindowWeights.lean
research/tasks/B699-Binomial/runs/20260909-low-index-structure-b41a5a63/lean/ThreeWindowSize.lean
research/tasks/B699-Binomial/runs/20260909-low-index-structure-b41a5a63/lean/LargeDivisorWitness.lean
research/tasks/B699-Binomial/runs/20260909-low-index-structure-b41a5a63/lean/IntervalCover.lean
research/tasks/B699-Binomial/runs/20260911-low-index-lean-513dc7cc/lean/I11Terminal/Special330.lean
research/tasks/B699-Binomial/runs/20260911-low-index-lean-513dc7cc/lean/I11TerminalCover/Witness.lean
research/tasks/B699-Binomial/runs/20260911-low-index-lean-513dc7cc/lean/I11TerminalCover/Cover.lean
research/tasks/B699-Binomial/runs/20260911-low-index-lean-513dc7cc/lean/I11TerminalCover/Append.lean
research/tasks/B699-Binomial/runs/20260911-low-index-lean-513dc7cc/lean/I11TerminalCandidateCoverage/Generic.lean
research/tasks/B699-Binomial/runs/20260909-low-index-structure-b41a5a63/lean/TrialPrimeCheck.lean
research/tasks/B699-Binomial/runs/20260911-low-index-lean-513dc7cc/lean/WitnessBridge.lean
research/tasks/B699-Binomial/runs/20260911-low-index-lean-513dc7cc/lean/I11TerminalData/Chunk000.lean
research/tasks/B699-Binomial/runs/20260911-low-index-lean-513dc7cc/lean/I11TerminalCandidateCoverage/FirstParts/P000.lean
research/tasks/B699-Binomial/runs/20260911-low-index-lean-513dc7cc/lean/I11TerminalData/Chunk001.lean
research/tasks/B699-Binomial/runs/20260911-low-index-lean-513dc7cc/lean/I11TerminalCandidateCoverage/FirstParts/P001.lean
research/tasks/B699-Binomial/runs/20260911-low-index-lean-513dc7cc/lean/I11TerminalData/Chunk002.lean
research/tasks/B699-Binomial/runs/20260911-low-index-lean-513dc7cc/lean/I11TerminalCandidateCoverage/FirstParts/P002.lean
research/tasks/B699-Binomial/runs/20260911-low-index-lean-513dc7cc/lean/I11TerminalData/Chunk003.lean
research/tasks/B699-Binomial/runs/20260911-low-index-lean-513dc7cc/lean/I11TerminalCandidateCoverage/FirstParts/P003.lean
research/tasks/B699-Binomial/runs/20260911-low-index-lean-513dc7cc/lean/I11TerminalData/Chunk004.lean
research/tasks/B699-Binomial/runs/20260911-low-index-lean-513dc7cc/lean/I11TerminalCandidateCoverage/FirstParts/P004.lean
research/tasks/B699-Binomial/runs/20260911-low-index-lean-513dc7cc/lean/I11TerminalData/Chunk005.lean
research/tasks/B699-Binomial/runs/20260911-low-index-lean-513dc7cc/lean/I11TerminalCandidateCoverage/FirstParts/P005.lean
research/tasks/B699-Binomial/runs/20260911-low-index-lean-513dc7cc/lean/I11TerminalData/Chunk006.lean
research/tasks/B699-Binomial/runs/20260911-low-index-lean-513dc7cc/lean/I11TerminalCandidateCoverage/FirstParts/P006.lean
research/tasks/B699-Binomial/runs/20260911-low-index-lean-513dc7cc/lean/I11TerminalData/Chunk007.lean
research/tasks/B699-Binomial/runs/20260911-low-index-lean-513dc7cc/lean/I11TerminalCandidateCoverage/FirstParts/P007.lean
research/tasks/B699-Binomial/runs/20260911-low-index-lean-513dc7cc/lean/I11TCovBatch/First00.lean

Source policy passed for exact project closure.
