# command: LEAN -j1 -M1536 -DautoImplicit=false -DrelaxedAutoImplicit=false --root=PROJECT_ROOT -o .tools/verification/20260908T200259Z/olean/research/tasks/B699-Binomial/runs/20260909-large-prime-structure-cb4764f0/lean/SlopeThree.olean research/tasks/B699-Binomial/runs/20260909-large-prime-structure-cb4764f0/lean/SlopeThree.lean
# cwd: PROJECT_ROOT
# started_utc: 2026-09-08T20:04:27.153074Z
# finished_utc: 2026-09-08T20:04:35.836761Z
# exit_code: 0
# timed_out: False
'B699LargePrimeStructure.slope_three_mod_split' depends on axioms: [propext, Quot.sound]
'B699LargePrimeStructure.slope_three_nonzero_prime' depends on axioms: [propext, Classical.choice, Quot.sound]
'B699LargePrimeStructure.prime_power_slope_three_dvd' depends on axioms: [propext, Classical.choice, Quot.sound]
'B699LargePrimeStructure.actual_avoiding_part_slope_three_transfer' depends on axioms: [propext,
 Classical.choice,
 Quot.sound]
'B699LargePrimeStructure.actual_prime_part_slope_three_transfer' depends on axioms: [propext,
 Classical.choice,
 Quot.sound]
'B699LargePrimeStructure.slope_three_index_decomposition' depends on axioms: [propext, Quot.sound]
'B699LargePrimeStructure.choose_product_le_choose_sum' depends on axioms: [propext, Classical.choice, Quot.sound]
'B699LargePrimeStructure.slope_three_vandermonde' depends on axioms: [propext, Classical.choice, Quot.sound]
'B699LargePrimeStructure.slope_three_kernel_pos' depends on axioms: [propext, Classical.choice, Quot.sound]
'B699LargePrimeStructure.noCommon_slope_three_choose_lt_kernel_sq' depends on axioms: [propext,
 Classical.choice,
 Quot.sound]
