# command: LEAN -j1 -M1536 -DautoImplicit=false -DrelaxedAutoImplicit=false --root=PROJECT_ROOT -o .tools/20260911-low-index-lean-513dc7cc/20260912T003244909159Z/olean/research/tasks/B699-Binomial/runs/20260911-low-index-lean-513dc7cc/lean/CrtStage0Pair23/Chunk012RowA100.olean research/tasks/B699-Binomial/runs/20260911-low-index-lean-513dc7cc/lean/CrtStage0Pair23/Chunk012RowA100.lean
# cwd: PROJECT_ROOT
# started_utc: 2026-09-12T00:34:01.978279Z
# finished_utc: 2026-09-12T00:34:12.895712Z
# exit_code: 0
# timed_out: False
'Math.B699.CRTStage0Pair23.Chunk012.cellA100B1_check' depends on axioms: [propext]
'Math.B699.CRTStage0Pair23.Chunk012.cellA100B2_check' depends on axioms: [propext]
'Math.B699.CRTStage0Pair23.Chunk012.cellA100B3_check' depends on axioms: [propext]
'Math.B699.CRTStage0Pair23.Chunk012.cellA100B4_check' depends on axioms: [propext]
'Math.B699.CRTStage0Pair23.Chunk012.cellA100B5_check' depends on axioms: [propext]
'Math.B699.CRTStage0Pair23.Chunk012.cellA100B6_check' depends on axioms: [propext]
'Math.B699.CRTStage0Pair23.Chunk012.cellA100B7_check' depends on axioms: [propext]
'Math.B699.CRTStage0Pair23.Chunk012.cellA100B8_check' depends on axioms: [propext]
'Math.B699.CRTStage0Pair23.Chunk012.cellA100B9_check' depends on axioms: [propext]
'Math.B699.CRTStage0Pair23.Chunk012.cellA100B10_check' depends on axioms: [propext]
'Math.B699.CRTStage0Pair23.Chunk012.cellA100B11_check' depends on axioms: [propext]
'Math.B699.CRTStage0Pair23.Chunk012.cellA100B12_check' depends on axioms: [propext]
'Math.B699.CRTStage0Pair23.Chunk012.cellA100B13_check' depends on axioms: [propext]
'Math.B699.CRTStage0Pair23.Chunk012.cellA100B14_check' depends on axioms: [propext]
'Math.B699.CRTStage0Pair23.Chunk012.cellA100B15_check' depends on axioms: [propext]
'Math.B699.CRTStage0Pair23.Chunk012.cellA100B16_check' depends on axioms: [propext]
'Math.B699.CRTStage0Pair23.Chunk012.cellA100B17_check' depends on axioms: [propext]
'Math.B699.CRTStage0Pair23.Chunk012.cellA100B18_check' depends on axioms: [propext]
'Math.B699.CRTStage0Pair23.Chunk012.cellA100B19_check' depends on axioms: [propext]
'Math.B699.CRTStage0Pair23.Chunk012.cellA100B20_check' depends on axioms: [propext]
'Math.B699.CRTStage0Pair23.Chunk012.cellA100B21_check' depends on axioms: [propext]
'Math.B699.CRTStage0Pair23.Chunk012.cellA100B22_check' depends on axioms: [propext]
'Math.B699.CRTStage0Pair23.Chunk012.cellA100B23_check' depends on axioms: [propext]
'Math.B699.CRTStage0Pair23.Chunk012.cellA100B24_check' depends on axioms: [propext]
'Math.B699.CRTStage0Pair23.Chunk012.cellA100B25_check' depends on axioms: [propext]
'Math.B699.CRTStage0Pair23.Chunk012.cellA100B26_check' depends on axioms: [propext]
'Math.B699.CRTStage0Pair23.Chunk012.cellA100B27_check' depends on axioms: [propext]
'Math.B699.CRTStage0Pair23.Chunk012.cellA100B28_check' depends on axioms: [propext]
'Math.B699.CRTStage0Pair23.Chunk012.cellA100B29_check' depends on axioms: [propext]
'Math.B699.CRTStage0Pair23.Chunk012.cellA100B30_check' depends on axioms: [propext]
'Math.B699.CRTStage0Pair23.Chunk012.cellA100B31_check' depends on axioms: [propext]
'Math.B699.CRTStage0Pair23.Chunk012.cellA100B32_check' depends on axioms: [propext]
'Math.B699.CRTStage0Pair23.Chunk012.cellA100B33_check' depends on axioms: [propext]
'Math.B699.CRTStage0Pair23.Chunk012.cellA100B34_check' depends on axioms: [propext]
'Math.B699.CRTStage0Pair23.Chunk012.cellA100B35_check' depends on axioms: [propext]
'Math.B699.CRTStage0Pair23.Chunk012.cellA100B36_check' depends on axioms: [propext]
'Math.B699.CRTStage0Pair23.Chunk012.cellA100B37_check' depends on axioms: [propext]
'Math.B699.CRTStage0Pair23.Chunk012.cellA100B38_check' depends on axioms: [propext]
'Math.B699.CRTStage0Pair23.Chunk012.cellA100B39_check' depends on axioms: [propext]
'Math.B699.CRTStage0Pair23.Chunk012.cellA100B40_check' depends on axioms: [propext]
'Math.B699.CRTStage0Pair23.Chunk012.cellA100B41_check' depends on axioms: [propext]
'Math.B699.CRTStage0Pair23.Chunk012.cellA100B42_check' depends on axioms: [propext]
'Math.B699.CRTStage0Pair23.Chunk012.cellA100B43_check' depends on axioms: [propext]
'Math.B699.CRTStage0Pair23.Chunk012.cellA100B44_check' depends on axioms: [propext]
'Math.B699.CRTStage0Pair23.Chunk012.cellA100B45_check' depends on axioms: [propext]
'Math.B699.CRTStage0Pair23.Chunk012.cellA100B46_check' depends on axioms: [propext]
'Math.B699.CRTStage0Pair23.Chunk012.cellA100B47_check' depends on axioms: [propext]
'Math.B699.CRTStage0Pair23.Chunk012.cellA100B48_check' depends on axioms: [propext]
'Math.B699.CRTStage0Pair23.Chunk012.cellA100B49_check' depends on axioms: [propext]
'Math.B699.CRTStage0Pair23.Chunk012.cellA100B50_check' depends on axioms: [propext]
'Math.B699.CRTStage0Pair23.Chunk012.cellA100B51_check' depends on axioms: [propext]
'Math.B699.CRTStage0Pair23.Chunk012.cellA100B52_check' depends on axioms: [propext]
'Math.B699.CRTStage0Pair23.Chunk012.cellA100B53_check' depends on axioms: [propext]
'Math.B699.CRTStage0Pair23.Chunk012.cellA100B54_check' depends on axioms: [propext]
'Math.B699.CRTStage0Pair23.Chunk012.cellA100B55_check' depends on axioms: [propext]
'Math.B699.CRTStage0Pair23.Chunk012.cellA100B56_check' depends on axioms: [propext]
'Math.B699.CRTStage0Pair23.Chunk012.cellA100B57_check' depends on axioms: [propext]
'Math.B699.CRTStage0Pair23.Chunk012.cellA100B58_check' depends on axioms: [propext]
'Math.B699.CRTStage0Pair23.Chunk012.cellA100B59_check' depends on axioms: [propext]
'Math.B699.CRTStage0Pair23.Chunk012.cellA100B60_check' depends on axioms: [propext]
'Math.B699.CRTStage0Pair23.Chunk012.cellA100B61_check' depends on axioms: [propext]
'Math.B699.CRTStage0Pair23.Chunk012.cellA100B62_check' depends on axioms: [propext]
'Math.B699.CRTStage0Pair23.Chunk012.cellA100B63_check' depends on axioms: [propext]
'Math.B699.CRTStage0Pair23.Chunk012.cellA100B64_check' depends on axioms: [propext]
'Math.B699.CRTStage0Pair23.Chunk012.cellA100B65_check' depends on axioms: [propext]
'Math.B699.CRTStage0Pair23.Chunk012.cellA100B66_check' depends on axioms: [propext]
'Math.B699.CRTStage0Pair23.Chunk012.cellA100B67_check' depends on axioms: [propext]
'Math.B699.CRTStage0Pair23.Chunk012.cellA100B68_check' depends on axioms: [propext]
'Math.B699.CRTStage0Pair23.Chunk012.rowA100_cell_check' depends on axioms: [propext]
'Math.B699.CRTStage0Pair23.Chunk012.rowA100_block_check' depends on axioms: [propext, Quot.sound]
