# command: LEAN -j1 -M1536 -DautoImplicit=false -DrelaxedAutoImplicit=false --root=PROJECT_ROOT -o .tools/20260911-low-index-lean-513dc7cc/20260912T003244909159Z/olean/research/tasks/B699-Binomial/runs/20260911-low-index-lean-513dc7cc/lean/CrtStage0Pair23/Chunk012RowA99.olean research/tasks/B699-Binomial/runs/20260911-low-index-lean-513dc7cc/lean/CrtStage0Pair23/Chunk012RowA99.lean
# cwd: PROJECT_ROOT
# started_utc: 2026-09-12T00:33:51.111119Z
# finished_utc: 2026-09-12T00:34:01.961751Z
# exit_code: 0
# timed_out: False
'Math.B699.CRTStage0Pair23.Chunk012.cellA99B1_check' depends on axioms: [propext]
'Math.B699.CRTStage0Pair23.Chunk012.cellA99B2_check' depends on axioms: [propext]
'Math.B699.CRTStage0Pair23.Chunk012.cellA99B3_check' depends on axioms: [propext]
'Math.B699.CRTStage0Pair23.Chunk012.cellA99B4_check' depends on axioms: [propext]
'Math.B699.CRTStage0Pair23.Chunk012.cellA99B5_check' depends on axioms: [propext]
'Math.B699.CRTStage0Pair23.Chunk012.cellA99B6_check' depends on axioms: [propext]
'Math.B699.CRTStage0Pair23.Chunk012.cellA99B7_check' depends on axioms: [propext]
'Math.B699.CRTStage0Pair23.Chunk012.cellA99B8_check' depends on axioms: [propext]
'Math.B699.CRTStage0Pair23.Chunk012.cellA99B9_check' depends on axioms: [propext]
'Math.B699.CRTStage0Pair23.Chunk012.cellA99B10_check' depends on axioms: [propext]
'Math.B699.CRTStage0Pair23.Chunk012.cellA99B11_check' depends on axioms: [propext]
'Math.B699.CRTStage0Pair23.Chunk012.cellA99B12_check' depends on axioms: [propext]
'Math.B699.CRTStage0Pair23.Chunk012.cellA99B13_check' depends on axioms: [propext]
'Math.B699.CRTStage0Pair23.Chunk012.cellA99B14_check' depends on axioms: [propext]
'Math.B699.CRTStage0Pair23.Chunk012.cellA99B15_check' depends on axioms: [propext]
'Math.B699.CRTStage0Pair23.Chunk012.cellA99B16_check' depends on axioms: [propext]
'Math.B699.CRTStage0Pair23.Chunk012.cellA99B17_check' depends on axioms: [propext]
'Math.B699.CRTStage0Pair23.Chunk012.cellA99B18_check' depends on axioms: [propext]
'Math.B699.CRTStage0Pair23.Chunk012.cellA99B19_check' depends on axioms: [propext]
'Math.B699.CRTStage0Pair23.Chunk012.cellA99B20_check' depends on axioms: [propext]
'Math.B699.CRTStage0Pair23.Chunk012.cellA99B21_check' depends on axioms: [propext]
'Math.B699.CRTStage0Pair23.Chunk012.cellA99B22_check' depends on axioms: [propext]
'Math.B699.CRTStage0Pair23.Chunk012.cellA99B23_check' depends on axioms: [propext]
'Math.B699.CRTStage0Pair23.Chunk012.cellA99B24_check' depends on axioms: [propext]
'Math.B699.CRTStage0Pair23.Chunk012.cellA99B25_check' depends on axioms: [propext]
'Math.B699.CRTStage0Pair23.Chunk012.cellA99B26_check' depends on axioms: [propext]
'Math.B699.CRTStage0Pair23.Chunk012.cellA99B27_check' depends on axioms: [propext]
'Math.B699.CRTStage0Pair23.Chunk012.cellA99B28_check' depends on axioms: [propext]
'Math.B699.CRTStage0Pair23.Chunk012.cellA99B29_check' depends on axioms: [propext]
'Math.B699.CRTStage0Pair23.Chunk012.cellA99B30_check' depends on axioms: [propext]
'Math.B699.CRTStage0Pair23.Chunk012.cellA99B31_check' depends on axioms: [propext]
'Math.B699.CRTStage0Pair23.Chunk012.cellA99B32_check' depends on axioms: [propext]
'Math.B699.CRTStage0Pair23.Chunk012.cellA99B33_check' depends on axioms: [propext]
'Math.B699.CRTStage0Pair23.Chunk012.cellA99B34_check' depends on axioms: [propext]
'Math.B699.CRTStage0Pair23.Chunk012.cellA99B35_check' depends on axioms: [propext]
'Math.B699.CRTStage0Pair23.Chunk012.cellA99B36_check' depends on axioms: [propext]
'Math.B699.CRTStage0Pair23.Chunk012.cellA99B37_check' depends on axioms: [propext]
'Math.B699.CRTStage0Pair23.Chunk012.cellA99B38_check' depends on axioms: [propext]
'Math.B699.CRTStage0Pair23.Chunk012.cellA99B39_check' depends on axioms: [propext]
'Math.B699.CRTStage0Pair23.Chunk012.cellA99B40_check' depends on axioms: [propext]
'Math.B699.CRTStage0Pair23.Chunk012.cellA99B41_check' depends on axioms: [propext]
'Math.B699.CRTStage0Pair23.Chunk012.cellA99B42_check' depends on axioms: [propext]
'Math.B699.CRTStage0Pair23.Chunk012.cellA99B43_check' depends on axioms: [propext]
'Math.B699.CRTStage0Pair23.Chunk012.cellA99B44_check' depends on axioms: [propext]
'Math.B699.CRTStage0Pair23.Chunk012.cellA99B45_check' depends on axioms: [propext]
'Math.B699.CRTStage0Pair23.Chunk012.cellA99B46_check' depends on axioms: [propext]
'Math.B699.CRTStage0Pair23.Chunk012.cellA99B47_check' depends on axioms: [propext]
'Math.B699.CRTStage0Pair23.Chunk012.cellA99B48_check' depends on axioms: [propext]
'Math.B699.CRTStage0Pair23.Chunk012.cellA99B49_check' depends on axioms: [propext]
'Math.B699.CRTStage0Pair23.Chunk012.cellA99B50_check' depends on axioms: [propext]
'Math.B699.CRTStage0Pair23.Chunk012.cellA99B51_check' depends on axioms: [propext]
'Math.B699.CRTStage0Pair23.Chunk012.cellA99B52_check' depends on axioms: [propext]
'Math.B699.CRTStage0Pair23.Chunk012.cellA99B53_check' depends on axioms: [propext]
'Math.B699.CRTStage0Pair23.Chunk012.cellA99B54_check' depends on axioms: [propext]
'Math.B699.CRTStage0Pair23.Chunk012.cellA99B55_check' depends on axioms: [propext]
'Math.B699.CRTStage0Pair23.Chunk012.cellA99B56_check' depends on axioms: [propext]
'Math.B699.CRTStage0Pair23.Chunk012.cellA99B57_check' depends on axioms: [propext]
'Math.B699.CRTStage0Pair23.Chunk012.cellA99B58_check' depends on axioms: [propext]
'Math.B699.CRTStage0Pair23.Chunk012.cellA99B59_check' depends on axioms: [propext]
'Math.B699.CRTStage0Pair23.Chunk012.cellA99B60_check' depends on axioms: [propext]
'Math.B699.CRTStage0Pair23.Chunk012.cellA99B61_check' depends on axioms: [propext]
'Math.B699.CRTStage0Pair23.Chunk012.cellA99B62_check' depends on axioms: [propext]
'Math.B699.CRTStage0Pair23.Chunk012.cellA99B63_check' depends on axioms: [propext]
'Math.B699.CRTStage0Pair23.Chunk012.cellA99B64_check' depends on axioms: [propext]
'Math.B699.CRTStage0Pair23.Chunk012.cellA99B65_check' depends on axioms: [propext]
'Math.B699.CRTStage0Pair23.Chunk012.cellA99B66_check' depends on axioms: [propext]
'Math.B699.CRTStage0Pair23.Chunk012.cellA99B67_check' depends on axioms: [propext]
'Math.B699.CRTStage0Pair23.Chunk012.cellA99B68_check' depends on axioms: [propext]
'Math.B699.CRTStage0Pair23.Chunk012.rowA99_cell_check' depends on axioms: [propext]
'Math.B699.CRTStage0Pair23.Chunk012.rowA99_block_check' depends on axioms: [propext, Quot.sound]
