# command: LEAN -j1 -M1536 -DautoImplicit=false -DrelaxedAutoImplicit=false --root=PROJECT_ROOT -o .tools/20260911-low-index-lean-513dc7cc/20260912T003244909159Z/olean/research/tasks/B699-Binomial/runs/20260911-low-index-lean-513dc7cc/lean/CrtStage0Pair23/Chunk012RowA104.olean research/tasks/B699-Binomial/runs/20260911-low-index-lean-513dc7cc/lean/CrtStage0Pair23/Chunk012RowA104.lean
# cwd: PROJECT_ROOT
# started_utc: 2026-09-12T00:34:47.497053Z
# finished_utc: 2026-09-12T00:34:58.446016Z
# exit_code: 0
# timed_out: False
'Math.B699.CRTStage0Pair23.Chunk012.cellA104B1_check' depends on axioms: [propext]
'Math.B699.CRTStage0Pair23.Chunk012.cellA104B2_check' depends on axioms: [propext]
'Math.B699.CRTStage0Pair23.Chunk012.cellA104B3_check' depends on axioms: [propext]
'Math.B699.CRTStage0Pair23.Chunk012.cellA104B4_check' depends on axioms: [propext]
'Math.B699.CRTStage0Pair23.Chunk012.cellA104B5_check' depends on axioms: [propext]
'Math.B699.CRTStage0Pair23.Chunk012.cellA104B6_check' depends on axioms: [propext]
'Math.B699.CRTStage0Pair23.Chunk012.cellA104B7_check' depends on axioms: [propext]
'Math.B699.CRTStage0Pair23.Chunk012.cellA104B8_check' depends on axioms: [propext]
'Math.B699.CRTStage0Pair23.Chunk012.cellA104B9_check' depends on axioms: [propext]
'Math.B699.CRTStage0Pair23.Chunk012.cellA104B10_check' depends on axioms: [propext]
'Math.B699.CRTStage0Pair23.Chunk012.cellA104B11_check' depends on axioms: [propext]
'Math.B699.CRTStage0Pair23.Chunk012.cellA104B12_check' depends on axioms: [propext]
'Math.B699.CRTStage0Pair23.Chunk012.cellA104B13_check' depends on axioms: [propext]
'Math.B699.CRTStage0Pair23.Chunk012.cellA104B14_check' depends on axioms: [propext]
'Math.B699.CRTStage0Pair23.Chunk012.cellA104B15_check' depends on axioms: [propext]
'Math.B699.CRTStage0Pair23.Chunk012.cellA104B16_check' depends on axioms: [propext]
'Math.B699.CRTStage0Pair23.Chunk012.cellA104B17_check' depends on axioms: [propext]
'Math.B699.CRTStage0Pair23.Chunk012.cellA104B18_check' depends on axioms: [propext]
'Math.B699.CRTStage0Pair23.Chunk012.cellA104B19_check' depends on axioms: [propext]
'Math.B699.CRTStage0Pair23.Chunk012.cellA104B20_check' depends on axioms: [propext]
'Math.B699.CRTStage0Pair23.Chunk012.cellA104B21_check' depends on axioms: [propext]
'Math.B699.CRTStage0Pair23.Chunk012.cellA104B22_check' depends on axioms: [propext]
'Math.B699.CRTStage0Pair23.Chunk012.cellA104B23_check' depends on axioms: [propext]
'Math.B699.CRTStage0Pair23.Chunk012.cellA104B24_check' depends on axioms: [propext]
'Math.B699.CRTStage0Pair23.Chunk012.cellA104B25_check' depends on axioms: [propext]
'Math.B699.CRTStage0Pair23.Chunk012.cellA104B26_check' depends on axioms: [propext]
'Math.B699.CRTStage0Pair23.Chunk012.cellA104B27_check' depends on axioms: [propext]
'Math.B699.CRTStage0Pair23.Chunk012.cellA104B28_check' depends on axioms: [propext]
'Math.B699.CRTStage0Pair23.Chunk012.cellA104B29_check' depends on axioms: [propext]
'Math.B699.CRTStage0Pair23.Chunk012.cellA104B30_check' depends on axioms: [propext]
'Math.B699.CRTStage0Pair23.Chunk012.cellA104B31_check' depends on axioms: [propext]
'Math.B699.CRTStage0Pair23.Chunk012.cellA104B32_check' depends on axioms: [propext]
'Math.B699.CRTStage0Pair23.Chunk012.cellA104B33_check' depends on axioms: [propext]
'Math.B699.CRTStage0Pair23.Chunk012.cellA104B34_check' depends on axioms: [propext]
'Math.B699.CRTStage0Pair23.Chunk012.cellA104B35_check' depends on axioms: [propext]
'Math.B699.CRTStage0Pair23.Chunk012.cellA104B36_check' depends on axioms: [propext]
'Math.B699.CRTStage0Pair23.Chunk012.cellA104B37_check' depends on axioms: [propext]
'Math.B699.CRTStage0Pair23.Chunk012.cellA104B38_check' depends on axioms: [propext]
'Math.B699.CRTStage0Pair23.Chunk012.cellA104B39_check' depends on axioms: [propext]
'Math.B699.CRTStage0Pair23.Chunk012.cellA104B40_check' depends on axioms: [propext]
'Math.B699.CRTStage0Pair23.Chunk012.cellA104B41_check' depends on axioms: [propext]
'Math.B699.CRTStage0Pair23.Chunk012.cellA104B42_check' depends on axioms: [propext]
'Math.B699.CRTStage0Pair23.Chunk012.cellA104B43_check' depends on axioms: [propext]
'Math.B699.CRTStage0Pair23.Chunk012.cellA104B44_check' depends on axioms: [propext]
'Math.B699.CRTStage0Pair23.Chunk012.cellA104B45_check' depends on axioms: [propext]
'Math.B699.CRTStage0Pair23.Chunk012.cellA104B46_check' depends on axioms: [propext]
'Math.B699.CRTStage0Pair23.Chunk012.cellA104B47_check' depends on axioms: [propext]
'Math.B699.CRTStage0Pair23.Chunk012.cellA104B48_check' depends on axioms: [propext]
'Math.B699.CRTStage0Pair23.Chunk012.cellA104B49_check' depends on axioms: [propext]
'Math.B699.CRTStage0Pair23.Chunk012.cellA104B50_check' depends on axioms: [propext]
'Math.B699.CRTStage0Pair23.Chunk012.cellA104B51_check' depends on axioms: [propext]
'Math.B699.CRTStage0Pair23.Chunk012.cellA104B52_check' depends on axioms: [propext]
'Math.B699.CRTStage0Pair23.Chunk012.cellA104B53_check' depends on axioms: [propext]
'Math.B699.CRTStage0Pair23.Chunk012.cellA104B54_check' depends on axioms: [propext]
'Math.B699.CRTStage0Pair23.Chunk012.cellA104B55_check' depends on axioms: [propext]
'Math.B699.CRTStage0Pair23.Chunk012.cellA104B56_check' depends on axioms: [propext]
'Math.B699.CRTStage0Pair23.Chunk012.cellA104B57_check' depends on axioms: [propext]
'Math.B699.CRTStage0Pair23.Chunk012.cellA104B58_check' depends on axioms: [propext]
'Math.B699.CRTStage0Pair23.Chunk012.cellA104B59_check' depends on axioms: [propext]
'Math.B699.CRTStage0Pair23.Chunk012.cellA104B60_check' depends on axioms: [propext]
'Math.B699.CRTStage0Pair23.Chunk012.cellA104B61_check' depends on axioms: [propext]
'Math.B699.CRTStage0Pair23.Chunk012.cellA104B62_check' depends on axioms: [propext]
'Math.B699.CRTStage0Pair23.Chunk012.cellA104B63_check' depends on axioms: [propext]
'Math.B699.CRTStage0Pair23.Chunk012.cellA104B64_check' depends on axioms: [propext]
'Math.B699.CRTStage0Pair23.Chunk012.cellA104B65_check' depends on axioms: [propext]
'Math.B699.CRTStage0Pair23.Chunk012.cellA104B66_check' depends on axioms: [propext]
'Math.B699.CRTStage0Pair23.Chunk012.cellA104B67_check' depends on axioms: [propext]
'Math.B699.CRTStage0Pair23.Chunk012.cellA104B68_check' depends on axioms: [propext]
'Math.B699.CRTStage0Pair23.Chunk012.rowA104_cell_check' depends on axioms: [propext]
'Math.B699.CRTStage0Pair23.Chunk012.rowA104_block_check' depends on axioms: [propext, Quot.sound]
