# command: LEAN -j1 -M2048 -DautoImplicit=false -DrelaxedAutoImplicit=false --root=PROJECT_ROOT -o .tools/20260911-low-index-lean-513dc7cc/20260911T050852901350Z/olean/research/tasks/B699-Binomial/runs/20260911-low-index-lean-513dc7cc/lean/rows/Row117B32/Original.olean research/tasks/B699-Binomial/runs/20260911-low-index-lean-513dc7cc/lean/rows/Row117B32/Original.lean
# cwd: PROJECT_ROOT
# started_utc: 2026-09-11T05:09:49.952701Z
# finished_utc: 2026-09-11T05:10:11.778600Z
# exit_code: 0
# timed_out: False
'B699LowIndex.LowIndexLean513dc7cc.row117_layer002_pairs004' does not depend on any axioms
'B699LowIndex.LowIndexLean513dc7cc.row117_layer002_pairs005' does not depend on any axioms
'B699LowIndex.LowIndexLean513dc7cc.row117_layer002_pairs006' does not depend on any axioms
'B699LowIndex.LowIndexLean513dc7cc.row117_layer002_pairs007' does not depend on any axioms
'B699LowIndex.LowIndexLean513dc7cc.row117_layer002_pairs008' does not depend on any axioms
'B699LowIndex.LowIndexLean513dc7cc.row117_layer002_chunks_eq' does not depend on any axioms
'B699LowIndex.LowIndexLean513dc7cc.row117_layer002_pairs' depends on axioms: [propext, Quot.sound]
'B699LowIndex.LowIndexLean513dc7cc.row117_layer002_checked' depends on axioms: [propext, Classical.choice, Quot.sound]
'B699LowIndex.LowIndexLean513dc7cc.row117_layer003_intervals' does not depend on any axioms
'B699LowIndex.LowIndexLean513dc7cc.row117_layer003_arithmetic' depends on axioms: [propext,
 Classical.choice,
 Quot.sound]
'B699LowIndex.LowIndexLean513dc7cc.row117_layer003_enumeration' depends on axioms: [propext,
 Classical.choice,
 Quot.sound]
'B699LowIndex.LowIndexLean513dc7cc.row117_layer003_pairs000' does not depend on any axioms
'B699LowIndex.LowIndexLean513dc7cc.row117_layer003_pairs001' does not depend on any axioms
'B699LowIndex.LowIndexLean513dc7cc.row117_layer003_pairs002' does not depend on any axioms
'B699LowIndex.LowIndexLean513dc7cc.row117_layer003_pairs003' does not depend on any axioms
'B699LowIndex.LowIndexLean513dc7cc.row117_layer003_pairs004' does not depend on any axioms
'B699LowIndex.LowIndexLean513dc7cc.row117_layer003_pairs005' does not depend on any axioms
'B699LowIndex.LowIndexLean513dc7cc.row117_layer003_chunks_eq' does not depend on any axioms
'B699LowIndex.LowIndexLean513dc7cc.row117_layer003_pairs' depends on axioms: [propext, Quot.sound]
'B699LowIndex.LowIndexLean513dc7cc.row117_layer003_checked' depends on axioms: [propext, Classical.choice, Quot.sound]
'B699LowIndex.LowIndexLean513dc7cc.row117_layer000_checked' depends on axioms: [propext, Classical.choice, Quot.sound]
'B699LowIndex.LowIndexLean513dc7cc.row117_layer001_checked' depends on axioms: [propext, Classical.choice, Quot.sound]
'B699LowIndex.LowIndexLean513dc7cc.row117_layer002_checked' depends on axioms: [propext, Classical.choice, Quot.sound]
'B699LowIndex.LowIndexLean513dc7cc.row117_layer003_checked' depends on axioms: [propext, Classical.choice, Quot.sound]
'B699LowIndex.LowIndexLean513dc7cc.row117_layer004_checked' depends on axioms: [propext, Classical.choice, Quot.sound]
'B699LowIndex.LowIndexLean513dc7cc.row117_layer005_checked' depends on axioms: [propext, Classical.choice, Quot.sound]
'B699LowIndex.LowIndexLean513dc7cc.row117_layer006_checked' depends on axioms: [propext, Classical.choice, Quot.sound]
'B699LowIndex.LowIndexLean513dc7cc.row117_layer007_checked' depends on axioms: [propext, Classical.choice, Quot.sound]
'B699LowIndex.LowIndexLean513dc7cc.row117_layer008_checked' depends on axioms: [propext, Classical.choice, Quot.sound]
'B699LowIndex.LowIndexLean513dc7cc.row117_layer009_checked' depends on axioms: [propext, Classical.choice, Quot.sound]
'B699LowIndex.LowIndexLean513dc7cc.row117_layer010_checked' depends on axioms: [propext, Classical.choice, Quot.sound]
'B699LowIndex.LowIndexLean513dc7cc.row117_layer011_checked' depends on axioms: [propext, Classical.choice, Quot.sound]
'B699LowIndex.LowIndexLean513dc7cc.row117_layer012_checked' depends on axioms: [propext, Classical.choice, Quot.sound]
'B699LowIndex.LowIndexLean513dc7cc.row117_layer013_checked' depends on axioms: [propext, Classical.choice, Quot.sound]
'B699LowIndex.LowIndexLean513dc7cc.row117_layer014_checked' depends on axioms: [propext, Classical.choice, Quot.sound]
'B699LowIndex.LowIndexLean513dc7cc.row117_layer015_checked' depends on axioms: [propext, Classical.choice, Quot.sound]
'B699LowIndex.LowIndexLean513dc7cc.row117_layer016_checked' depends on axioms: [propext, Classical.choice, Quot.sound]
'B699LowIndex.LowIndexLean513dc7cc.row117_layers_checked' depends on axioms: [propext, Classical.choice, Quot.sound]
'B699LowIndex.LowIndexLean513dc7cc.row117_checked' depends on axioms: [propext, Classical.choice, Quot.sound]
'B699LowIndex.LowIndexLean513dc7cc.common_i117' depends on axioms: [propext, Classical.choice, Quot.sound]
