# command: LEAN -j1 -M1536 -DautoImplicit=false -DrelaxedAutoImplicit=false --root=PROJECT_ROOT -o .tools/20260911-low-index-lean-513dc7cc/20260911T033529457679Z/olean/research/tasks/B699-Binomial/runs/20260911-low-index-lean-513dc7cc/lean/Factorial/Factorial3D2.olean research/tasks/B699-Binomial/runs/20260911-low-index-lean-513dc7cc/lean/Factorial/Factorial3D2.lean
# cwd: PROJECT_ROOT
# started_utc: 2026-09-11T03:35:54.615821Z
# finished_utc: 2026-09-11T03:36:04.867513Z
# exit_code: 0
# timed_out: False
PROJECT_ROOT\research\tasks\B699-Binomial\runs\20260911-low-index-lean-513dc7cc\lean\Factorial\Factorial3D2.lean:67:2: warning: Used `tac1 <;> tac2` where `(tac1; tac2)` would suffice

Note: This linter can be disabled with `set_option linter.unnecessarySeqFocus false`
PROJECT_ROOT\research\tasks\B699-Binomial\runs\20260911-low-index-lean-513dc7cc\lean\Factorial\Factorial3D2.lean:89:50: warning: Used `tac1 <;> tac2` where `(tac1; tac2)` would suffice

Note: This linter can be disabled with `set_option linter.unnecessarySeqFocus false`
'Math.B699.ElementaryFactorialBound.certificate_3_2' depends on axioms: [propext, Classical.choice, Quot.sound]
'Math.B699.ElementaryFactorialBound.ratio_bound_3_2' depends on axioms: [propext, Classical.choice, Quot.sound]
'Math.B699.ElementaryFactorialBound.factorial_step_zero_3_2' depends on axioms: [propext, Classical.choice, Quot.sound]
'Math.B699.ElementaryFactorialBound.factorial_step_bound_zero_3_2' depends on axioms: [propext,
 Classical.choice,
 Quot.sound]
'Math.B699.ElementaryFactorialBound.factorial_step_bound_3_2' depends on axioms: [propext, Classical.choice, Quot.sound]
'Math.B699.ElementaryFactorialBound.factorial_telescoping_3_2' depends on axioms: [propext,
 Classical.choice,
 Quot.sound]
'Math.B699.ElementaryFactorialBound.factorial_uniform_3_2' depends on axioms: [propext, Classical.choice, Quot.sound]
