{
  "status": "PASS",
  "checks": 21,
  "checked": [
    "entire rational half-slice 2",
    "entire rational half-slice -3",
    "entire rational half-slice 1/269",
    "entire rational half-slice 4/7",
    "269 cylinder (2, 135, 1)",
    "269 cylinder (271, 404, Fraction(1, 269))",
    "269 cylinder (-267, -134, Fraction(269, 11))",
    "269 cylinder (Fraction(1, 135), Fraction(202, 135), 7)",
    "general base complete residual refusal",
    "original nonzero gate (0, 2, 1)",
    "original nonzero gate (1, 2, 1)",
    "original nonzero gate (2, 0, 1)",
    "original nonzero gate (2, 1, 1)",
    "original nonzero gate (2, 2, 0)",
    "rational-square precision",
    "full polynomial division",
    "original p=i=3 and full 3^2 retained",
    "incomplete power rejected",
    "composite source rejected",
    "unverified large prime not accepted",
    "illegal original pair rejected"
  ],
  "examples_are_not_theorem_proofs": true
}
