RESOURCE {"source": "research/tasks/B699-Binomial/runs/20260911-low-index-lean-513dc7cc/lean/I11Bounded/Components.lean", "selected_memory_mb": 1536, "wait_snapshot_count": 1, "platform": "windows", "cpu_count": 16, "disk": [294517391360, 293342470144, 1174921216], "available_physical_bytes": 2397089792, "total_physical_bytes": 16851132416, "memory_load_percent": 85, "meminfo": ["MemAvailable: 2340908 kB"], "memory.max": null, "memory.current": null, "cpu.max": null}
COMPILE {"source": "research/tasks/B699-Binomial/runs/20260911-low-index-lean-513dc7cc/lean/I11Bounded/Components.lean", "seconds": 26.359, "exit_code": 1, "failure": "Lean exit 1; unexpected axioms: sorryAx", "axiom_audit": {"declared_print_axioms": 1, "declared_names": ["B699LowIndex.I11BoundedCofactors.two_actual_components_above_capacity"], "guarded_print_axioms": 0, "guarded_names": [], "actual_printed": 1, "guard_msgs_in_source": 0, "printed": [{"declared_name": "B699LowIndex.I11BoundedCofactors.two_actual_components_above_capacity", "axioms": ["propext", "sorryAx", "Classical.choice", "Quot.sound"]}], "unexpected_axioms": ["sorryAx"], "guarded_output_inferred": false, "error": "unexpected axioms: sorryAx"}}
# command: LEAN -j1 -M1536 -DautoImplicit=false -DrelaxedAutoImplicit=false --root=PROJECT_ROOT -o .tools/20260911-low-index-lean-513dc7cc/20260911T185342136481Z/olean/research/tasks/B699-Binomial/runs/20260911-low-index-lean-513dc7cc/lean/I11Bounded/Components.olean research/tasks/B699-Binomial/runs/20260911-low-index-lean-513dc7cc/lean/I11Bounded/Components.lean
# cwd: PROJECT_ROOT
# started_utc: 2026-09-11T18:54:43.638099Z
# finished_utc: 2026-09-11T18:55:09.997538Z
# exit_code: 1
# timed_out: False
PROJECT_ROOT\research\tasks\B699-Binomial\runs\20260911-low-index-lean-513dc7cc\lean\I11Bounded\Components.lean:27:4: error: Type mismatch: After simplification, term
  Eq.symm (small_prime_part_eq_prod_small_primes n 11)
 has type
  @Eq ℕ (∏ p ∈ Finset.range 11 with Nat.Prime p, p ^ (n.choose 11).factorization p) (smallPrimePart n 11)
but is expected to have type
  @Eq ℕ (S.prod (primeComponent n)) (smallPrimePart n 11)
'B699LowIndex.I11BoundedCofactors.two_actual_components_above_capacity' depends on axioms: [propext,
 sorryAx,
 Classical.choice,
 Quot.sound]

EVIDENCE research/tasks/B699-Binomial/runs/20260911-low-index-lean-513dc7cc/verification/20260911T185342136481Z/evidence.json
RESULT {"success": false, "exit_code": 1, "compiled_count": 1, "reused_count": 16, "failure": "Compile failed: research.tasks.B699-Binomial.runs.20260911-low-index-lean-513dc7cc.lean.I11Bounded.Components"}
