{
  "R10_hash_only_members": 52,
  "certificate_sha256": {
    "COVERAGE.json": "02e36ed6199c168702bf39ee61b974a29e059bc68cbe19868ad154c6cd4e0d16",
    "EXACT_FEES.json": "317ba8d57a64c5fce779f9f9c90a05203c54bef7521ada6039cd12497eb689df",
    "FAILURE_CONTROLS.json": "b3e1b7dd0a22813f04d946733177dc7918e1f909b80611f8390d0b5a168ed51f",
    "INTEGER_CONTENT.json": "4dae081756402b73ffc2d3dca204730d091674c79628968bb971e2be91599f5e",
    "KERNEL_JETS.json": "4053d2b2af1b779a167354e6bca576f8b0d3afe898ea5cab2e4c8481bbca0b75",
    "NEGATIVE_CONTROLS.json": "43aad792daba468717c217db5b14a0cc6d4b57e9b3f96ba36739e08efb8b0884",
    "NONZERO.json": "7ed4098c0948b967c7ac3268c836720bcc03745c0492613e40bd12178b4ebe8a",
    "REMAINING_332.json": "3c19e30a64247328f1690cfe3379262f09539b1510730312cefc3e88c00b79ce",
    "SOURCE_BINDING.json": "fc3b463a3b640d5f7523ff10107b5ab539cd391e224d504a988fc8736e263db9",
    "SUMMARY.json": "cc03011b3095f9eb226196527a9b4d60418180658cbcc7436d9a3e04dde6edfa"
  },
  "certificates_regenerated": 10,
  "certified_historical_net_difference": 0,
  "counts": {
    "new_class_layouts": 23300,
    "old_layouts": 63,
    "universally_new_layouts": 3802
  },
  "epsilon_absolute_bound": false,
  "evidence_level": "paper argument plus deterministic exact self-replay; not Lean or independent review",
  "full_mod_classes_after": 42,
  "full_mod_classes_before": 42,
  "full_power_local_tests": 216,
  "global_R7": [
    3,
    4,
    5,
    6,
    7,
    8,
    9
  ],
  "historical_net_difference_status": "not certified positive against the historical union",
  "kernels": 4553,
  "layouts": 4100,
  "negative_tests": 6,
  "new_BFT_application": false,
  "new_original_j_enumerated": 0,
  "new_original_n_enumerated": 0,
  "old_mathematical_programs_run": false,
  "open_common_332_envelope": 235,
  "paired_nonzero_proofs": 2,
  "per_class": {
    "1026": {
      "new": 3826,
      "old": 63,
      "open": 211
    },
    "1377": {
      "new": 3895,
      "old": 63,
      "open": 142
    },
    "1450": {
      "new": 3878,
      "old": 63,
      "open": 159
    },
    "352": {
      "new": 3901,
      "old": 63,
      "open": 136
    },
    "425": {
      "new": 3916,
      "old": 63,
      "open": 121
    },
    "776": {
      "new": 3884,
      "old": 63,
      "open": 153
    }
  },
  "shape_statistics": {
    "2/2/4": {
      "old": 45,
      "total": 900,
      "universally_new": 855
    },
    "2/3/3": {
      "not_universally_closed": 93,
      "total": 1200,
      "universally_new": 1107
    },
    "2/4/2": {
      "old": 15,
      "total": 450,
      "universally_new": 435
    },
    "3/2/3": {
      "not_universally_closed": 90,
      "total": 800,
      "universally_new": 710
    },
    "3/3/2": {
      "not_universally_closed": 52,
      "total": 600,
      "universally_new": 548
    },
    "4/2/2": {
      "old": 3,
      "total": 150,
      "universally_new": 147
    }
  },
  "status": "PASS",
  "verified_kernel_class_assignments": 23312
}
