line (0, 1, -4)
line (0, 1, -3)
line (0, 1, -2)
line (0, 1, -1)
line (0, 1, 0)
line (1, -1, -3)
line (1, -1, -2)
line (1, -1, -1)
line (1, -1, 0)
line (1, -1, 1)
line (1, -1, 2)
line (1, -1, 3)
line (1, 0, -4)
line (1, 0, -3)
line (1, 0, -2)
line (1, 0, -1)
line (1, 0, 0)
line (1, 1, -5)
line (1, 1, -4)
line (1, 1, -3)
line (1, 1, -2)
line (1, 1, -1)
line (1, 2, -8)
line (1, 2, -7)
line (1, 2, -6)
line (1, 2, -5)
line (1, 2, -4)
line (1, 2, -3)
line (1, 2, -2)
line (1, 3, -9)
line (1, 3, -7)
line (1, 3, -6)
line (1, 3, -5)
line (1, 3, -4)
line (1, 3, -3)
line (1, 4, -8)
line (1, 4, -5)
line (1, 4, -4)
line (1, 5, -5)
line (2, 1, -8)
line (2, 1, -7)
line (2, 1, -6)
line (2, 1, -5)
line (2, 1, -4)
line (2, 1, -3)
line (2, 1, -2)
line (2, 3, -12)
line (2, 3, -11)
line (2, 3, -10)
line (2, 3, -9)
line (2, 3, -8)
line (2, 3, -6)
line (2, 5, -10)
line (3, 1, -9)
line (3, 1, -7)
line (3, 1, -6)
line (3, 1, -5)
line (3, 1, -4)
line (3, 1, -3)
line (3, 2, -12)
line (3, 2, -11)
line (3, 2, -10)
line (3, 2, -9)
line (3, 2, -8)
line (3, 2, -6)
line (3, 4, -16)
line (3, 4, -15)
line (3, 4, -12)
line (3, 5, -15)
line (4, 1, -8)
line (4, 1, -5)
line (4, 1, -4)
line (4, 3, -16)
line (4, 3, -15)
line (4, 3, -12)
line (4, 5, -20)
line (5, 1, -5)
line (5, 2, -10)
line (5, 3, -15)
line (5, 4, -20)
(1,) ddegree 2.6666666666666665 a 1.0 a+b 0.9999999999999996 atoms {'(0, 1, -2)': '1/12', '(0, 1, -1)': '5/12', '(0, 1, 0)': '11/12', '(1, -1, -2)': '7/12', '(1, -1, -1)': '1/3', '(1, -1, 0)': '5/6', '(1, -1, 1)': '1/3', '(1, -1, 2)': '7/12', '(1, 0, -2)': '1/12', '(1, 0, -1)': '5/12', '(1, 0, 0)': '11/12', '(1, 2, -4)': '1/12', '(2, 1, -4)': '1/12'} weights [0.         1.66666667 0.91666667 1.         0.41666667]
(2,) ddegree 1.1666666666666665 a 0.9999999999999997 a+b 1.166666666666666 atoms {'(0, 1, -3)': '1/12', '(0, 1, -1)': '5/12', '(0, 1, 0)': '2/3', '(1, -1, -1)': '7/12', '(1, -1, 1)': '7/12', '(1, 0, -3)': '1/12', '(1, 0, -1)': '5/12', '(1, 0, 0)': '2/3', '(1, 2, -6)': '1/4', '(2, 1, -6)': '1/4'} weights [1.66666667 0.         1.         0.5        0.66666667]
(1, 2) The problem is infeasible. (HiGHS Status 8: model_status is Infeasible; primal_status is None)
(1, 3) ddegree 4.0 a 1.0 a+b 1.0 atoms {'(0, 1, 0)': '1', '(1, -1, -2)': '1', '(1, -1, 0)': '2', '(1, -1, 2)': '1', '(1, 0, 0)': '1'} weights [ 0.  2.  0.  1. -0.]
(1, 4) The problem is infeasible. (HiGHS Status 8: model_status is Infeasible; primal_status is None)
(1, 5) ddegree 3.5 a 1.0 a+b 1.0 atoms {'(0, 1, -1)': '1/2', '(0, 1, 0)': '1', '(1, -1, -2)': '1', '(1, -1, 0)': '3/2', '(1, -1, 2)': '1', '(1, 0, -1)': '1/2', '(1, 0, 0)': '1', '(1, 2, -4)': '1/2', '(2, 1, -4)': '1/2'} weights [0.  2.5 1.  1.5 0. ]
(2, 3) ddegree 2.9999999999999996 a 0.9999999999999993 a+b 0.9999999999999998 atoms {'(0, 1, -1)': '1', '(0, 1, 0)': '1', '(1, -1, -1)': '1', '(1, -1, 0)': '1', '(1, -1, 1)': '1', '(1, 0, -1)': '1', '(1, 0, 0)': '1'} weights [3. 0. 0. 1. 1.]
(2, 4) ddegree 1.5999999999999999 a 0.9999999999999999 a+b 0.9999999999999999 atoms {'(0, 1, -1)': '2/5', '(0, 1, 0)': '4/5', '(1, -1, -3)': '1/5', '(1, -1, -1)': '3/5', '(1, -1, 1)': '3/5', '(1, -1, 3)': '1/5', '(1, 0, -1)': '2/5', '(1, 0, 0)': '4/5'} weights [1.8 0.  1.  0.  0.6]
