# module=Mathlib.NumberTheory.Bertrand
# utc=2026-09-08T11:56:36Z
# command: PATH=.tools/lean-single-bin:.tools/elan/bin:$PATH bash scripts/lean-work.sh lake build @mathlib/+Mathlib.NumberTheory.Bertrand:olean
✔ [2221/2236] Built Mathlib.Data.Nat.Prime.Factorial (1.9s)
✔ [2222/2236] Built Mathlib.RingTheory.UniqueFactorizationDomain.Basic (3.8s)
✔ [2223/2236] Built Mathlib.Data.Nat.Nth (3.8s)
✔ [2224/2236] Built Mathlib.Data.Nat.Choose.Dvd (2.2s)
✔ [2225/2236] Built Mathlib.Tactic.NormNum.Prime (3.4s)
✔ [2226/2236] Built Mathlib.Data.Nat.Prime.Nth (1.5s)
✔ [2227/2236] Built Mathlib.RingTheory.UniqueFactorizationDomain.NormalizedFactors (3.3s)
✔ [2229/2236] Built Mathlib.RingTheory.UniqueFactorizationDomain.FactorSet (4.4s)
✔ [2230/2236] Built Mathlib.NumberTheory.PrimeCounting (3.6s)
✔ [2231/2236] Built Mathlib.RingTheory.UniqueFactorizationDomain.Nat (2.1s)
✔ [2232/2236] Built Mathlib.RingTheory.UniqueFactorizationDomain.GCDMonoid (2.0s)
✔ [2233/2236] Built Mathlib.Algebra.Squarefree.Basic (2.0s)
✔ [2234/2236] Built Mathlib.Data.Nat.Squarefree (3.1s)
✔ [2235/2236] Built Mathlib.NumberTheory.Primorial (2.4s)
✔ [2236/2236] Built Mathlib.NumberTheory.Bertrand (4.2s)
Build completed successfully (2236 jobs).
# exit=0
