===== 01-i6-precision-boundaries =====
{
  "status": "PASS",
  "frontier_reduction": 0,
  "evidence": "same-session exact program replay; not Lean or external review",
  "algebra": {
    "gap_polynomial_identity": true,
    "gap_square_relation_factorization": true,
    "central_double_zero": true,
    "central_first_order_identity": true,
    "affine_remainder": 2883159
  },
  "valuation_diagnostics": {
    "exact_rational_jet_tests": 336,
    "purpose": "diagnostic, not original-problem finite termination"
  },
  "global_square_countermodel": {
    "a": 132,
    "z": 1,
    "n_digits": 125,
    "g_digits": 62,
    "actual_gcd": true,
    "alpha_pure_power_of_3": true,
    "square_identity": true,
    "residue_9000": 5130,
    "E": 3,
    "g4_lt_n": false,
    "common_prime": 7,
    "v7_binomial_n6": 1,
    "v7_binomial_nj": 69,
    "q5_full_near": false,
    "reason": "the full 7^1 source is in slot b=3, not b=1 or 4",
    "n_integer_sha256": "b697e72a6560f2e23db06a59af4b497ed49db2592dd8a477de0f79370729a8c0",
    "j_integer_sha256": "67f11a4e77d0fc28560413a006477ffa21481b0ef7e393907626040de8e631bb"
  },
  "all_layer_family_samples": [
    {
      "t": 1,
      "L": 1502,
      "n_bits": 8619,
      "j_bits": 8604,
      "actual_gcd": 10,
      "residue_9000": 5130,
      "E": 3,
      "full_original_53_exponent": 1,
      "all_53_layers_no_carry": true,
      "v53_binomial_n6": 1,
      "v53_binomial_nj": 0,
      "v53_binomial_A6": 0,
      "vp_rational_U_minus_1": 1502,
      "first_window_integer_U": false,
      "uniform_common_prime": 7,
      "n_integer_sha256": "21a330812b90e2ea9487df1b9f87dc0a4280a29564e0372079a36af327e00607",
      "j_integer_sha256": "d87458b8666cd0649fdf1527ee7a596a91f56a07c4f26f646705c7dd02f17e60"
    },
    {
      "t": 2,
      "L": 3002,
      "n_bits": 17210,
      "j_bits": 17196,
      "actual_gcd": 10,
      "residue_9000": 5130,
      "E": 3,
      "full_original_53_exponent": 1,
      "all_53_layers_no_carry": true,
      "v53_binomial_n6": 1,
      "v53_binomial_nj": 0,
      "v53_binomial_A6": 0,
      "vp_rational_U_minus_1": 3002,
      "first_window_integer_U": false,
      "uniform_common_prime": 7,
      "n_integer_sha256": "d4471f71a9e31a1e0236221ae8de199c224ed5bf6d0d41ea6c9563318f6cf992",
      "j_integer_sha256": "d75b99d872a7abd66368f4b855e057b01754d5102ad563750fd84abc8953ae5d"
    }
  ],
  "warning": "Infinite-family proofs are in PROOFS.md. Samples do not prove their universal quantifiers."
}

PASS: 19 file SHA256 hashes verified. This does not verify mathematical claims.

===== 02-joint-recovery-terminal-transfer =====
PASS: 19 files, exact SHA256 manifest and file set
PASS: polynomial identities, full local jets, 5 endpoint cases, 3 modular family certificates, endpoint failure, target-scope checks
frontier reduction = 0 (strict incremental coverage not certified)
PASS: 19 files, exact SHA256 manifest and file set

===== 03-q2-discriminant-shift-obstruction =====
{"status": "PASS", "q2_checks": 91884, "family_period": 1870130025000, "source31": 2, "target31": 8, "hashes": {"status": "PASS", "files": 20}}

===== 04-ternary-support-recovery =====
{
  "status": "PASS",
  "algebra": [
    "first_row_exact_recovery",
    "S3_111_square",
    "S3_121_square",
    "S3_212_square",
    "S3_111_g",
    "S3_upper_212_square",
    "S3_upper_212_g",
    "S3_upper_222_square",
    "S3_upper_222_g",
    "S3_upper_222_remainder",
    "S3_121_remainder",
    "S3_212_remainder",
    "S4_l2k_u1_v1_square",
    "S4_l2k_u1_v1_g",
    "S4_l2k_u1_v2_square",
    "S4_l2k_u1_v2_g",
    "S4_l2k_v1_divisor",
    "S4_l2k_v2_divisor",
    "S4_l2k_u2_square",
    "S4_l2k_u2_g",
    "S4_l2k_u2_divisor",
    "S4_l2k_u2_q18",
    "S4_l2k_u2_bound",
    "S4_l2k_v2_bound",
    "S4_lhk_b1_square",
    "S4_lhk_b1_g",
    "S4_lhk_b2_square",
    "S4_lhk_b2_g",
    "S4_l2h_v1_square",
    "S4_l2h_v1_g",
    "S4_l2h_v2_square",
    "S4_l2h_v2_g",
    "H_bound_at27",
    "quotient_bound_at81"
  ],
  "finite_boundaries": {
    "three_digit_boundary_tests": 96,
    "positive_recoveries": [
      [
        3,
        2,
        1,
        1,
        1,
        13,
        1,
        7
      ],
      [
        3,
        2,
        1,
        1,
        2,
        14,
        1,
        7
      ],
      [
        3,
        2,
        2,
        2,
        2,
        26,
        1,
        1
      ],
      [
        4,
        2,
        1,
        2,
        1,
        16,
        1,
        13
      ],
      [
        4,
        3,
        1,
        2,
        2,
        35,
        2,
        10
      ],
      [
        5,
        3,
        1,
        2,
        2,
        35,
        3,
        10
      ]
    ],
    "two_digit_positive_recoveries": [
      {
        "alpha": 9,
        "beta": 8,
        "H": 7,
        "t": 1,
        "g": 1,
        "n": 9,
        "j": 8
      }
    ],
    "kind": "proof-bounded coefficient endpoint, not n scan"
  },
  "carry_cases": {
    "square_collision": [
      [
        1,
        1,
        1,
        1
      ],
      [
        1,
        2,
        1,
        1
      ],
      [
        2,
        1,
        2,
        2
      ]
    ],
    "cross_after_even_t": [
      [
        1,
        2,
        1,
        1,
        1
      ],
      [
        1,
        2,
        2,
        2,
        1
      ]
    ],
    "cross_mod8": [
      [
        1,
        1,
        1,
        0,
        6
      ],
      [
        1,
        1,
        3,
        0,
        6
      ],
      [
        1,
        3,
        1,
        4,
        4
      ],
      [
        1,
        3,
        3,
        4,
        4
      ],
      [
        2,
        1,
        1,
        0,
        4
      ],
      [
        2,
        1,
        3,
        0,
        4
      ],
      [
        2,
        3,
        1,
        0,
        4
      ],
      [
        2,
        3,
        3,
        0,
        4
      ]
    ],
    "l2h_mod5": [
      [
        1,
        1,
        4,
        0
      ],
      [
        1,
        2,
        1,
        1
      ],
      [
        1,
        3,
        3,
        0
      ],
      [
        1,
        4,
        0,
        2
      ],
      [
        2,
        1,
        2,
        3
      ],
      [
        2,
        2,
        1,
        4
      ],
      [
        2,
        3,
        0,
        3
      ],
      [
        2,
        4,
        4,
        0
      ],
      [
        3,
        1,
        0,
        3
      ],
      [
        3,
        2,
        1,
        4
      ],
      [
        3,
        3,
        2,
        3
      ],
      [
        3,
        4,
        3,
        0
      ],
      [
        4,
        1,
        3,
        0
      ],
      [
        4,
        2,
        1,
        1
      ],
      [
        4,
        3,
        4,
        0
      ],
      [
        4,
        4,
        2,
        2
      ]
    ]
  },
  "examples": {
    "adjacent_four_digit_models": [
      {
        "n": 13851,
        "j": 3325,
        "g": 19,
        "alpha": 729,
        "beta": 175,
        "t": 7,
        "p": 7,
        "source_vp": 1,
        "target_vp": 2
      },
      {
        "n": 50301,
        "j": 4025,
        "g": 23,
        "alpha": 2187,
        "beta": 175,
        "t": 7,
        "p": 13,
        "source_vp": 1,
        "target_vp": 2
      }
    ],
    "S3_exception_seed": {
      "n": 531441,
      "j": 179361,
      "g": 27,
      "t": 163,
      "source7": 1,
      "target7": 4
    },
    "native_S3_seed": {
      "n": 2165130,
      "j": 730730,
      "g": 110,
      "beta": 6643,
      "alpha": 19683,
      "D1": 13283,
      "prime37_source": 1,
      "prime37_target": 3
    },
    "native_gamma_seed": {
      "status": "proved_source_defect",
      "consumer": "S3",
      "n": 2165130,
      "j": 712580,
      "g": 110,
      "a": 9,
      "beta": 6478,
      "ternary_nonzero_positions": [
        [
          0,
          2
        ],
        [
          4,
          1
        ],
        [
          8,
          2
        ]
      ],
      "support_component": "gamma",
      "D1": 2165129,
      "conclusion": "Every prime divisor of D1 is >=7 and divides C(n,4), C(n,5), C(n,6), C(n,j)",
      "D1_is_asserted_prime": false
    },
    "omitted_tail_examples": [
      {
        "n": 162,
        "j": 70,
        "g": 2,
        "alpha": 81,
        "t": 10,
        "W_is_ten_square": true,
        "correct_tail": false,
        "source7": 1,
        "target7": 1
      },
      {
        "n": 729,
        "j": 105,
        "g": 3,
        "alpha": 243,
        "t": 10,
        "W_is_ten_square": true,
        "correct_tail": false,
        "source7": 1,
        "target7": 1
      }
    ]
  },
  "hashes_checked": 21,
  "evidence_level": "author paper proof + same-session exact replay; not Lean or independent review",
  "global_height_bound": false,
  "global_g4_candidate": "unproved and unrefuted with its correct tail"
}
{
  "status": "proved_source_defect",
  "consumer": "S3",
  "n": 2165130,
  "j": 730730,
  "g": 110,
  "a": 9,
  "beta": 6643,
  "ternary_nonzero_positions": [
    [
      0,
      1
    ],
    [
      4,
      1
    ],
    [
      8,
      1
    ]
  ],
  "support_component": "beta",
  "D1": 13283,
  "conclusion": "Every prime divisor of D1 is >=7 and divides C(n,4), C(n,5), C(n,6), C(n,j)",
  "D1_is_asserted_prime": false
}

===== 05-four-digit-both-sides =====
{"status": "PASS", "algebra_checks": 41, "small_endpoint": {"binomial_types": 1344, "binomial_values": 17504, "alpha_tests": 234088, "max_variable_exponent": 31}, "large_templates": 57, "large_endpoint": 22, "example_valuations": {"317": [2, 2, 2, 5], "4273": [2, 2, 2, 2]}}
FAILURES.md: OK
HANDOFF.md: OK
PROOFS.md: OK
README.md: OK
REPLAY.sh: OK
REPORT.md: OK
SOURCE_ADOPTION.md: OK
code/consumer.py: OK
code/exact.py: OK
code/verify.py: OK
evidence/CONDITIONS.md: OK
evidence/TEMPLATE_TABLE.md: OK
evidence/build_metadata.json: OK
evidence/replay.json: OK
evidence/source_manifest.json: OK
sources/previous_HANDOFF.md: OK
sources/previous_PROOFS.md: OK
sources/previous_SOURCE_ADOPTION.md: OK

===== 06-signed-denominator-periodic-blocks =====
{"status": "PASS", "polynomial_checks": 26, "verified_files": 20}

===== 07-one-candidate-lattice =====
{
  "status": "PASS",
  "evidence_level": "author paper + same-session exact replay; not Lean or external review",
  "polynomial_or_inequality_checks": 7,
  "root_levels_checked": 120,
  "fixed_pair_differential_tests": 5500,
  "small_positive_recoveries": 5,
  "row_basis_certificates": 10,
  "damaged_certificates_rejected": 5,
  "positive_full_row_and_single_lattice_checks": 6,
  "consumer_prime": 19,
  "frontier_reduction": 0,
  "global_finite_endpoint_completed": false,
  "discovery_scans_replayed_by_default": false
}
FAILURES.md: OK
HANDOFF.md: OK
PROOFS.md: OK
README.md: OK
REPLAY.sh: OK
REPORT.md: OK
SOURCE_ADOPTION.md: OK
STATUS.json: OK
code/consumer.py: OK
code/falsify_small_g.py: OK
code/general_probe.cpp: OK
code/lattice_gate.py: OK
code/lift_probe.py: OK
code/repeat_probe.cpp: OK
code/verify.py: OK
evidence/DECISIONS.md: OK
evidence/environment.json: OK
evidence/general_probe.log: OK
evidence/general_probe.txt: OK
evidence/max_exponent_diagnostic.json: OK
evidence/norm_brute.json: OK
evidence/positive_recoveries.json: OK
evidence/repeat_probe.log: OK
evidence/repeat_probe.txt: OK
evidence/replay.json: OK
evidence/row_certificates.json: OK
evidence/small_g_diagnostic.json: OK
evidence/source_manifest.json: OK
sources/previous_HANDOFF.md: OK
sources/previous_PROOFS.md: OK
sources/previous_SOURCE_ADOPTION.md: OK

