{
  "status": "PASS_C18_HIGH2_POSITION5_TWO_NEW_CLASSES_CLOSED",
  "scope": "n mod1800 in {477,1325}; all original legal j; i=6",
  "budget": {
    "authorized_batch_total": 25,
    "shared_conversations": 4,
    "consumed_by_this_user_turn": 1,
    "this_conversation_round": "C18",
    "global_consumed_total": "not independently available"
  },
  "terminal_count": 8,
  "remaining_terminals": 0,
  "mutation_tests_rejected": 7,
  "first_recovery": {
    "477": {
      "K": 5593,
      "QIG_survivors": [
        9477,
        446877,
        10498046877,
        1434326171877
      ],
      "all_exponent_pairs": 8489489,
      "bitlength_QIG_excludes": 283289,
      "bitlength_h": 11,
      "exact_high_rows": 283295,
      "full_QIG_checks_high": 6,
      "full_QIG_excludes_high": 2,
      "low_rows": [
        {
          "QIG_excludes": true,
          "T4": 5400,
          "n": 477
        }
      ],
      "residue": 477,
      "residue_hits_after_exact3_filter": 353620,
      "u_range": [
        2,
        3528
      ],
      "v_range": [
        2,
        2408
      ]
    },
    "1325": {
      "K": 5000,
      "QIG_survivors": [
        3125,
        1594325,
        48828125,
        72453125
      ],
      "all_exponent_pairs": 6785256,
      "bitlength_QIG_excludes": 226011,
      "bitlength_h": 1,
      "exact_high_rows": 226016,
      "full_QIG_checks_high": 5,
      "full_QIG_excludes_high": 1,
      "low_rows": [],
      "residue": 1325,
      "residue_hits_after_exact3_filter": 282753,
      "u_range": [
        2,
        3154
      ],
      "v_range": [
        2,
        2153
      ]
    }
  },
  "second_recovery": {
    "477": {
      "QIG_survivors": [
        9477,
        446877,
        10498046877,
        1434326171877
      ],
      "all_exponent_pairs": 8489489,
      "direct_bitlength_QIG_excludes": 283289,
      "exact_high_rows": 283295,
      "full_QIG_checks_high": 6,
      "residue": 477
    },
    "1325": {
      "QIG_survivors": [
        3125,
        1594325,
        48828125,
        72453125
      ],
      "all_exponent_pairs": 6785256,
      "direct_bitlength_QIG_excludes": 226011,
      "exact_high_rows": 226016,
      "full_QIG_checks_high": 5,
      "residue": 1325
    }
  }
}
