# command: LEAN -j1 -M1536 -DautoImplicit=false -DrelaxedAutoImplicit=false --root=PROJECT_ROOT -o .tools/20260911-low-index-lean-513dc7cc/20260912T004501076970Z/olean/research/tasks/B699-Binomial/runs/20260911-low-index-lean-513dc7cc/lean/I11ECoefficientStaging/Audit.olean research/tasks/B699-Binomial/runs/20260911-low-index-lean-513dc7cc/lean/I11ECoefficientStaging/Audit.lean
# cwd: PROJECT_ROOT
# started_utc: 2026-09-12T00:45:37.130989Z
# finished_utc: 2026-09-12T00:45:46.233905Z
# exit_code: 0
# timed_out: False
Math.B699.I11ECoefficientStaging.coefficient_0 : Math.B699.I11InitialCapComputation.fastECoefficient 15 7 15 0 =
  12620256
'Math.B699.I11ECoefficientStaging.coefficient_0' depends on axioms: [propext, Classical.choice, Quot.sound]
@Math.B699.I11ECoefficientStaging.coefficientPolynomial_eval_sum : ∀ {R : Type u_1} [inst : Semiring R] (n : ℕ)
  (a : ℕ → ℤ) (f : ℤ →+* R) (z : R),
  Polynomial.eval₂ f z (Math.B699.PadeConstruction.coefficientPolynomial n a) =
    ∑ r ∈ Finset.range (n + 1), f (a r) * z ^ r
'Math.B699.I11ECoefficientStaging.coefficientPolynomial_eval_sum' depends on axioms: [propext,
 Classical.choice,
 Quot.sound]
@Math.B699.I11ECoefficientStaging.coefficientPolynomial_eval_seven : ∀ {R : Type u_1} [inst : Semiring R] (a : ℕ → ℤ)
  (f : ℤ →+* R) (z : R),
  Polynomial.eval₂ f z (Math.B699.PadeConstruction.coefficientPolynomial 7 a) =
    f (a 0) * z ^ 0 + f (a 1) * z ^ 1 + f (a 2) * z ^ 2 + f (a 3) * z ^ 3 + f (a 4) * z ^ 4 + f (a 5) * z ^ 5 +
        f (a 6) * z ^ 6 +
      f (a 7) * z ^ 7
'Math.B699.I11ECoefficientStaging.coefficientPolynomial_eval_seven' depends on axioms: [propext,
 Classical.choice,
 Quot.sound]
@Math.B699.I11ECoefficientStaging.coefficientPolynomial_eval_seven_of_coeffs : ∀ {R : Type u_1} [inst : Semiring R]
  (a : ℕ → ℤ) (f : ℤ →+* R) (z : R) (c0 c1 c2 c3 c4 c5 c6 c7 : ℤ),
  a 0 = c0 →
    a 1 = c1 →
      a 2 = c2 →
        a 3 = c3 →
          a 4 = c4 →
            a 5 = c5 →
              a 6 = c6 →
                a 7 = c7 →
                  Polynomial.eval₂ f z (Math.B699.PadeConstruction.coefficientPolynomial 7 a) =
                    f c0 * z ^ 0 + f c1 * z ^ 1 + f c2 * z ^ 2 + f c3 * z ^ 3 + f c4 * z ^ 4 + f c5 * z ^ 5 +
                        f c6 * z ^ 6 +
                      f c7 * z ^ 7
'Math.B699.I11ECoefficientStaging.coefficientPolynomial_eval_seven_of_coeffs' depends on axioms: [propext,
 Classical.choice,
 Quot.sound]
Math.B699.I11ECoefficientStaging.coefficient_1 : Math.B699.I11InitialCapComputation.fastECoefficient 15 7 15 1 =
  -44170896
'Math.B699.I11ECoefficientStaging.coefficient_1' depends on axioms: [propext, Classical.choice, Quot.sound]
Math.B699.I11ECoefficientStaging.coefficient_2 : Math.B699.I11InitialCapComputation.fastECoefficient 15 7 15 2 =
  68264112
'Math.B699.I11ECoefficientStaging.coefficient_2' depends on axioms: [propext, Classical.choice, Quot.sound]
Math.B699.I11ECoefficientStaging.coefficient_3 : Math.B699.I11InitialCapComputation.fastECoefficient 15 7 15 3 =
  -60233040
'Math.B699.I11ECoefficientStaging.coefficient_3' depends on axioms: [propext, Classical.choice, Quot.sound]
Math.B699.I11ECoefficientStaging.coefficient_4 : Math.B699.I11InitialCapComputation.fastECoefficient 15 7 15 4 =
  32697936
'Math.B699.I11ECoefficientStaging.coefficient_4' depends on axioms: [propext, Classical.choice, Quot.sound]
Math.B699.I11ECoefficientStaging.coefficient_5 : Math.B699.I11InitialCapComputation.fastECoefficient 15 7 15 5 =
  -10899312
'Math.B699.I11ECoefficientStaging.coefficient_5' depends on axioms: [propext, Classical.choice, Quot.sound]
Math.B699.I11ECoefficientStaging.coefficient_6 : Math.B699.I11InitialCapComputation.fastECoefficient 15 7 15 6 = 2062032
'Math.B699.I11ECoefficientStaging.coefficient_6' depends on axioms: [propext, Classical.choice, Quot.sound]
Math.B699.I11ECoefficientStaging.coefficient_7 : Math.B699.I11InitialCapComputation.fastECoefficient 15 7 15 7 = -170544
'Math.B699.I11ECoefficientStaging.coefficient_7' depends on axioms: [propext, Classical.choice, Quot.sound]
Math.B699.I11ECoefficientStaging.rationalDelta0Sum : ℚ
'Math.B699.I11ECoefficientStaging.rationalDelta0Sum' depends on axioms: [propext, Classical.choice, Quot.sound]
Math.B699.I11ECoefficientStaging.rational_delta0_sum_value : Math.B699.I11ECoefficientStaging.rationalDelta0Sum =
  13515592997264 / 1594323
'Math.B699.I11ECoefficientStaging.rational_delta0_sum_value' depends on axioms: [propext, Classical.choice, Quot.sound]
Math.B699.I11ECoefficientStaging.closed_e_delta0 : Polynomial.eval₂ (Int.castRingHom ℚ) (1 / 9)
    (Math.B699.PadeConstruction.coefficientPolynomial 7 (Math.B699.I11InitialCapComputation.fastECoefficient 15 7 15)) =
  13515592997264 / 1594323
'Math.B699.I11ECoefficientStaging.closed_e_delta0' depends on axioms: [propext, Classical.choice, Quot.sound]
Math.B699.I11ECoefficientStaging.actual_e_delta0 : Math.B699.PadeGrowthNormalization.actualE 23 15 0 1 (1 / 9) =
  13515592997264 / 1594323
'Math.B699.I11ECoefficientStaging.actual_e_delta0' depends on axioms: [propext, Classical.choice, Quot.sound]
