# command: LEAN -j1 -M1536 -DautoImplicit=false -DrelaxedAutoImplicit=false --root=PROJECT_ROOT -o .tools/20260911-low-index-lean-513dc7cc/20260912T074953266550Z/olean/research/tasks/B699-Binomial/runs/20260911-low-index-lean-513dc7cc/lean/I11TCovBatch/Group01.olean research/tasks/B699-Binomial/runs/20260911-low-index-lean-513dc7cc/lean/I11TCovBatch/Group01.lean
# cwd: PROJECT_ROOT
# started_utc: 2026-09-12T07:55:44.373452Z
# finished_utc: 2026-09-12T07:55:52.985343Z
# exit_code: 0
# timed_out: False
Math.B699.I11TerminalCandidateCoverage.Groups.G008.intervals_sound : Math.B699.I11TerminalCandidateCoverage.IntervalsSound
  Math.B699.I11TerminalCandidateCoverage.Groups.G008.intervals
'Math.B699.I11TerminalCandidateCoverage.Groups.G008.intervals_sound' depends on axioms: [propext,
 Classical.choice,
 Quot.sound]
Math.B699.I11TerminalCandidateCoverage.Groups.G009.intervals_sound : Math.B699.I11TerminalCandidateCoverage.IntervalsSound
  Math.B699.I11TerminalCandidateCoverage.Groups.G009.intervals
'Math.B699.I11TerminalCandidateCoverage.Groups.G009.intervals_sound' depends on axioms: [propext,
 Classical.choice,
 Quot.sound]
Math.B699.I11TerminalCandidateCoverage.Groups.G010.intervals_sound : Math.B699.I11TerminalCandidateCoverage.IntervalsSound
  Math.B699.I11TerminalCandidateCoverage.Groups.G010.intervals
'Math.B699.I11TerminalCandidateCoverage.Groups.G010.intervals_sound' depends on axioms: [propext,
 Classical.choice,
 Quot.sound]
Math.B699.I11TerminalCandidateCoverage.Groups.G011.intervals_sound : Math.B699.I11TerminalCandidateCoverage.IntervalsSound
  Math.B699.I11TerminalCandidateCoverage.Groups.G011.intervals
'Math.B699.I11TerminalCandidateCoverage.Groups.G011.intervals_sound' depends on axioms: [propext,
 Classical.choice,
 Quot.sound]
Math.B699.I11TerminalCandidateCoverage.Groups.G012.intervals_sound : Math.B699.I11TerminalCandidateCoverage.IntervalsSound
  Math.B699.I11TerminalCandidateCoverage.Groups.G012.intervals
'Math.B699.I11TerminalCandidateCoverage.Groups.G012.intervals_sound' depends on axioms: [propext,
 Classical.choice,
 Quot.sound]
Math.B699.I11TerminalCandidateCoverage.Groups.G013.intervals_sound : Math.B699.I11TerminalCandidateCoverage.IntervalsSound
  Math.B699.I11TerminalCandidateCoverage.Groups.G013.intervals
'Math.B699.I11TerminalCandidateCoverage.Groups.G013.intervals_sound' depends on axioms: [propext,
 Classical.choice,
 Quot.sound]
Math.B699.I11TerminalCandidateCoverage.Groups.G014.intervals_sound : Math.B699.I11TerminalCandidateCoverage.IntervalsSound
  Math.B699.I11TerminalCandidateCoverage.Groups.G014.intervals
'Math.B699.I11TerminalCandidateCoverage.Groups.G014.intervals_sound' depends on axioms: [propext,
 Classical.choice,
 Quot.sound]
Math.B699.I11TerminalCandidateCoverage.Groups.G015.intervals_sound : Math.B699.I11TerminalCandidateCoverage.IntervalsSound
  Math.B699.I11TerminalCandidateCoverage.Groups.G015.intervals
'Math.B699.I11TerminalCandidateCoverage.Groups.G015.intervals_sound' depends on axioms: [propext,
 Classical.choice,
 Quot.sound]
