Lean (version 4.33.1, x86_64-unknown-linux-gnu, commit 819816b2e0a3bf405af45ae5c7af2491d8f5bee6, Release)
Lake version 5.0.0-src+819816b (Lean version 4.33.1)
Lean source policy passed for 1 file(s).
guard audit: research/tasks/B686-Four/independent/TargetBridge.lean (#print axioms=6 #guard_msgs=6 required=0)
compiled non-accepted root: research/tasks/B686-Four/independent/TargetBridge.lean (legacy); raw Lean output is in /workspace/scratch/0d28e8b53182/lean-math-lab/research/tasks/B686-Four/round9/environment/recovery-logs/20260908T005756Z-lean/verify-round9-logs/research__tasks__B686-Four__independent__TargetBridge_lean.lean.log; source-sha256=b26c40df78c176105d86d8d01789a927f2a3d9ba1855afde14120c38b2234c57
# development-root Lean output:
# source: research/tasks/B686-Four/independent/TargetBridge.lean
# root kind: legacy
# source sha256 before: b26c40df78c176105d86d8d01789a927f2a3d9ba1855afde14120c38b2234c57
# output: /workspace/scratch/0d28e8b53182/lean-math-lab/.lake/round9-verify/olean/research/tasks/B686-Four/independent/TargetBridge.olean
# command: bash scripts/lean-work.sh lake env lean -o /workspace/scratch/0d28e8b53182/lean-math-lab/.lake/round9-verify/olean/research/tasks/B686-Four/independent/TargetBridge.olean research/tasks/B686-Four/independent/TargetBridge.lean
# source sha256 after: b26c40df78c176105d86d8d01789a927f2a3d9ba1855afde14120c38b2234c57
Lean source policy passed for 1 file(s).
guard audit: research/tasks/B686-Four/round8/continuation/SizeBounds.lean (#print axioms=6 #guard_msgs=0 required=0)
compiled non-accepted root: research/tasks/B686-Four/round8/continuation/SizeBounds.lean (legacy); raw Lean output is in /workspace/scratch/0d28e8b53182/lean-math-lab/research/tasks/B686-Four/round9/environment/recovery-logs/20260908T005756Z-lean/verify-round9-logs/research__tasks__B686-Four__round8__continuation__SizeBounds_lean.lean.log; source-sha256=7da4f63de39ca33f7817e4b8c5d208c293cbb6b34f6d128128826d0544ee01d1
# development-root Lean output:
# source: research/tasks/B686-Four/round8/continuation/SizeBounds.lean
# root kind: legacy
# source sha256 before: 7da4f63de39ca33f7817e4b8c5d208c293cbb6b34f6d128128826d0544ee01d1
# output: /workspace/scratch/0d28e8b53182/lean-math-lab/.lake/round9-verify/olean/research/tasks/B686-Four/round8/continuation/SizeBounds.olean
# command: bash scripts/lean-work.sh lake env lean -o /workspace/scratch/0d28e8b53182/lean-math-lab/.lake/round9-verify/olean/research/tasks/B686-Four/round8/continuation/SizeBounds.olean research/tasks/B686-Four/round8/continuation/SizeBounds.lean
'B686Size.quadratic_bernoulli' depends on axioms: [propext, Classical.choice, Quot.sound]
'B686Size.four_le_one_add_two_div_pow' depends on axioms: [propext, Classical.choice, Quot.sound]
'B686Size.one_sub_sum_le_prod' depends on axioms: [propext, Classical.choice, Quot.sound]
'B686Size.upper_size' depends on axioms: [propext, Classical.choice, Quot.sound]
'B686Size.lower_size' depends on axioms: [propext, Classical.choice, Quot.sound]
'B686Size.size_bounds_nat' depends on axioms: [propext, Classical.choice, Quot.sound]
# source sha256 after: 7da4f63de39ca33f7817e4b8c5d208c293cbb6b34f6d128128826d0544ee01d1
Lean source policy passed for 1 file(s).
guard audit: research/tasks/B686-Four/round9/main/HitSemantics.lean (#print axioms=3 #guard_msgs=3 required=1)
compiled: research/tasks/B686-Four/round9/main/HitSemantics.lean (proof); #guard_msgs output accepted by Lean; source-sha256=3d7811acbc9953243b2886996ccd749929d0d464ac34b834531672586af5f827; output=/workspace/scratch/0d28e8b53182/lean-math-lab/.lake/round9-verify/olean/research/tasks/B686-Four/round9/main/HitSemantics.olean; log=/workspace/scratch/0d28e8b53182/lean-math-lab/research/tasks/B686-Four/round9/environment/recovery-logs/20260908T005756Z-lean/verify-round9-logs/research__tasks__B686-Four__round9__main__HitSemantics_lean.lean.log
Lean source policy passed for 1 file(s).
guard audit: research/tasks/B686-Four/round9/main/PrimeSynchronization.lean (#print axioms=5 #guard_msgs=5 required=1)
compiled: research/tasks/B686-Four/round9/main/PrimeSynchronization.lean (proof); #guard_msgs output accepted by Lean; source-sha256=e6484aa19768bc3a58721e73d6289652d6fb70d522303f997a0494f9a1175df8; output=/workspace/scratch/0d28e8b53182/lean-math-lab/.lake/round9-verify/olean/research/tasks/B686-Four/round9/main/PrimeSynchronization.olean; log=/workspace/scratch/0d28e8b53182/lean-math-lab/research/tasks/B686-Four/round9/environment/recovery-logs/20260908T005756Z-lean/verify-round9-logs/research__tasks__B686-Four__round9__main__PrimeSynchronization_lean.lean.log
Lean source policy passed for 1 file(s).
guard audit: research/tasks/B686-Four/round9/main/CounterexampleChecks.lean (#print axioms=8 #guard_msgs=8 required=1)
compiled: research/tasks/B686-Four/round9/main/CounterexampleChecks.lean (diagnostic); #guard_msgs output accepted by Lean; source-sha256=57548aa3cd498518faa4c043f71f9a167acc154a318d618d8f3f805de75728fe; output=/workspace/scratch/0d28e8b53182/lean-math-lab/.lake/round9-verify/olean/research/tasks/B686-Four/round9/main/CounterexampleChecks.olean; log=/workspace/scratch/0d28e8b53182/lean-math-lab/research/tasks/B686-Four/round9/environment/recovery-logs/20260908T005756Z-lean/verify-round9-logs/research__tasks__B686-Four__round9__main__CounterexampleChecks_lean.lean.log
Lean source policy passed for 1 file(s).
guard audit: research/tasks/B686-Four/round9/main/PhaseInterface.lean (#print axioms=3 #guard_msgs=3 required=1)
compiled: research/tasks/B686-Four/round9/main/PhaseInterface.lean (proof); #guard_msgs output accepted by Lean; source-sha256=521d13ef77da4db04560cc8dbecee0a242d91a957dcfc13ccf374ead8c83c257; output=/workspace/scratch/0d28e8b53182/lean-math-lab/.lake/round9-verify/olean/research/tasks/B686-Four/round9/main/PhaseInterface.olean; log=/workspace/scratch/0d28e8b53182/lean-math-lab/research/tasks/B686-Four/round9/environment/recovery-logs/20260908T005756Z-lean/verify-round9-logs/research__tasks__B686-Four__round9__main__PhaseInterface_lean.lean.log
Lean source policy passed for 1 file(s).
guard audit: research/tasks/B686-Four/round9/main/StripePrimitive.lean (#print axioms=2 #guard_msgs=2 required=1)
compiled: research/tasks/B686-Four/round9/main/StripePrimitive.lean (proof); #guard_msgs output accepted by Lean; source-sha256=61b01cf10ca50be0ddfecca084e52d30d7c293709d41281d435fd5a4c8b8dc17; output=/workspace/scratch/0d28e8b53182/lean-math-lab/.lake/round9-verify/olean/research/tasks/B686-Four/round9/main/StripePrimitive.olean; log=/workspace/scratch/0d28e8b53182/lean-math-lab/research/tasks/B686-Four/round9/environment/recovery-logs/20260908T005756Z-lean/verify-round9-logs/research__tasks__B686-Four__round9__main__StripePrimitive_lean.lean.log
Lean source policy passed for 1 file(s).
guard audit: research/tasks/B686-Four/round9/main/StripeIntegral.lean (#print axioms=4 #guard_msgs=4 required=1)
compiled: research/tasks/B686-Four/round9/main/StripeIntegral.lean (proof); #guard_msgs output accepted by Lean; source-sha256=76bf85ae01e39e5638fb66e7f1392e9f5435b22c144a6b60819188b07f8d033a; output=/workspace/scratch/0d28e8b53182/lean-math-lab/.lake/round9-verify/olean/research/tasks/B686-Four/round9/main/StripeIntegral.olean; log=/workspace/scratch/0d28e8b53182/lean-math-lab/research/tasks/B686-Four/round9/environment/recovery-logs/20260908T005756Z-lean/verify-round9-logs/research__tasks__B686-Four__round9__main__StripeIntegral_lean.lean.log
Lean source policy passed for 1 file(s).
guard audit: research/tasks/B686-Four/round9/main/WindowIntegral.lean (#print axioms=3 #guard_msgs=3 required=1)
compiled: research/tasks/B686-Four/round9/main/WindowIntegral.lean (proof); #guard_msgs output accepted by Lean; source-sha256=33de43ada305f2af030ea33884373f3ec5e8ebce829bd996eb57c61fd934ebdc; output=/workspace/scratch/0d28e8b53182/lean-math-lab/.lake/round9-verify/olean/research/tasks/B686-Four/round9/main/WindowIntegral.olean; log=/workspace/scratch/0d28e8b53182/lean-math-lab/research/tasks/B686-Four/round9/environment/recovery-logs/20260908T005756Z-lean/verify-round9-logs/research__tasks__B686-Four__round9__main__WindowIntegral_lean.lean.log
Lean source policy passed for 1 file(s).
guard audit: research/tasks/B686-Four/round9/main/QuarterGeometry.lean (#print axioms=2 #guard_msgs=2 required=1)
compiled: research/tasks/B686-Four/round9/main/QuarterGeometry.lean (proof); #guard_msgs output accepted by Lean; source-sha256=f2fe06dcfe5e0fc8e78fb8d11888c812d777ea03b4c91d1fbefbe0faf8c1387d; output=/workspace/scratch/0d28e8b53182/lean-math-lab/.lake/round9-verify/olean/research/tasks/B686-Four/round9/main/QuarterGeometry.olean; log=/workspace/scratch/0d28e8b53182/lean-math-lab/research/tasks/B686-Four/round9/environment/recovery-logs/20260908T005756Z-lean/verify-round9-logs/research__tasks__B686-Four__round9__main__QuarterGeometry_lean.lean.log
Lean source policy passed for 1 file(s).
guard audit: research/tasks/B686-Four/round9/main/GridGeometry.lean (#print axioms=3 #guard_msgs=3 required=1)
compiled: research/tasks/B686-Four/round9/main/GridGeometry.lean (proof); #guard_msgs output accepted by Lean; source-sha256=fc1ab7d446ebcb3e29fef6de98866337bea54c64bb148bbe6ace34549027b11d; output=/workspace/scratch/0d28e8b53182/lean-math-lab/.lake/round9-verify/olean/research/tasks/B686-Four/round9/main/GridGeometry.olean; log=/workspace/scratch/0d28e8b53182/lean-math-lab/research/tasks/B686-Four/round9/environment/recovery-logs/20260908T005756Z-lean/verify-round9-logs/research__tasks__B686-Four__round9__main__GridGeometry_lean.lean.log
Lean source policy passed for 1 file(s).
guard audit: research/tasks/B686-Four/round9/main/PhaseGeometry.lean (#print axioms=3 #guard_msgs=3 required=1)
compiled: research/tasks/B686-Four/round9/main/PhaseGeometry.lean (proof); #guard_msgs output accepted by Lean; source-sha256=2cff8cbe7e7aa11bb2a742f4cbd6ae0f6292fc3c4800e8c5b45ebe5fc6438e5b; output=/workspace/scratch/0d28e8b53182/lean-math-lab/.lake/round9-verify/olean/research/tasks/B686-Four/round9/main/PhaseGeometry.olean; log=/workspace/scratch/0d28e8b53182/lean-math-lab/research/tasks/B686-Four/round9/environment/recovery-logs/20260908T005756Z-lean/verify-round9-logs/research__tasks__B686-Four__round9__main__PhaseGeometry_lean.lean.log
Lean source policy passed for 1 file(s).
guard audit: research/tasks/B686-Four/round9/main/WeightedGeometry.lean (#print axioms=5 #guard_msgs=5 required=1)
compiled: research/tasks/B686-Four/round9/main/WeightedGeometry.lean (proof); #guard_msgs output accepted by Lean; source-sha256=7c59e92b745a394d0ca28f9635fdd21dbce929b063ac286b5c746158a8669eae; output=/workspace/scratch/0d28e8b53182/lean-math-lab/.lake/round9-verify/olean/research/tasks/B686-Four/round9/main/WeightedGeometry.olean; log=/workspace/scratch/0d28e8b53182/lean-math-lab/research/tasks/B686-Four/round9/environment/recovery-logs/20260908T005756Z-lean/verify-round9-logs/research__tasks__B686-Four__round9__main__WeightedGeometry_lean.lean.log
Lean source policy passed for 1 file(s).
guard audit: research/tasks/B686-Four/round9/main/PeriodicSmooth.lean (#print axioms=1 #guard_msgs=1 required=1)
compiled: research/tasks/B686-Four/round9/main/PeriodicSmooth.lean (proof); #guard_msgs output accepted by Lean; source-sha256=f7492832f9edac56e801d0ddf26558ca520fa167e379fabcbfd96f0402d8a9cc; output=/workspace/scratch/0d28e8b53182/lean-math-lab/.lake/round9-verify/olean/research/tasks/B686-Four/round9/main/PeriodicSmooth.olean; log=/workspace/scratch/0d28e8b53182/lean-math-lab/research/tasks/B686-Four/round9/environment/recovery-logs/20260908T005756Z-lean/verify-round9-logs/research__tasks__B686-Four__round9__main__PeriodicSmooth_lean.lean.log
Lean source policy passed for 1 file(s).
guard audit: research/tasks/B686-Four/round9/main/SmoothTestFunction.lean (#print axioms=6 #guard_msgs=6 required=1)
compiled: research/tasks/B686-Four/round9/main/SmoothTestFunction.lean (proof); #guard_msgs output accepted by Lean; source-sha256=4274a493469bfdaab83e882d95767000e3d9b67c87fbc67807be466546b80012; output=/workspace/scratch/0d28e8b53182/lean-math-lab/.lake/round9-verify/olean/research/tasks/B686-Four/round9/main/SmoothTestFunction.olean; log=/workspace/scratch/0d28e8b53182/lean-math-lab/research/tasks/B686-Four/round9/environment/recovery-logs/20260908T005756Z-lean/verify-round9-logs/research__tasks__B686-Four__round9__main__SmoothTestFunction_lean.lean.log
Lean source policy passed for 1 file(s).
guard audit: research/tasks/B686-Four/round9/main/OriginalDiscrepancy.lean (#print axioms=3 #guard_msgs=3 required=1)
compiled: research/tasks/B686-Four/round9/main/OriginalDiscrepancy.lean (proof); #guard_msgs output accepted by Lean; source-sha256=ec38cdc7a4d4a55a95a16788b7ea325031fb33f48063a9f0e064ace85975dda9; output=/workspace/scratch/0d28e8b53182/lean-math-lab/.lake/round9-verify/olean/research/tasks/B686-Four/round9/main/OriginalDiscrepancy.olean; log=/workspace/scratch/0d28e8b53182/lean-math-lab/research/tasks/B686-Four/round9/environment/recovery-logs/20260908T005756Z-lean/verify-round9-logs/research__tasks__B686-Four__round9__main__OriginalDiscrepancy_lean.lean.log
round9 verification passed: fixed Lean 4.33.1; no lake update/full build; cache=/workspace/scratch/0d28e8b53182/lean-math-lab/.lake/mathlib-cache
