ORIGINAL_TEN_RESIDUALS_REBUILT=PASS
FULL_NONZERO_ELL_RATIO_CHART=PASS
ORIGINAL_TO_REG5_STANDARD_REBUILD=PASS
NODE 40 / 105 sec 0.09
NODE 80 / 105 sec 0.67
Y_ENDPOINT_STANDARD_PROOF=PASS 0
NODE 40 / 74 sec 0.04
Y_ENDPOINT_STANDARD_PROOF=PASS 1
DW0_RATIONAL_COORDINATES_AND_FACTOR_STRIPS=PASS
W_RESULTANT_1 PASS points 2116 bounds [45, 45] seconds 0.5
W_RESULTANT_2 PASS points 3969 bounds [62, 62] seconds 2.29
U_RESULTANT_FINAL 100 elapsed 7.73
U_RESULTANT_FINAL 200 elapsed 14.76
U_RESULTANT_FINAL 300 elapsed 19.18
U_RESULTANT_FINAL 400 elapsed 23.91
U_RESULTANT_FINAL 500 elapsed 30.82
U_RESULTANT_FINAL PASS points 597 bounds [596] seconds 38.47
EXACT_FACTORISATION_AND_RATIONAL_NO_ROOT_CERTIFICATES=PASS
NEW_GATES_DO_NOT_IMPLY_MIXED_SOLUTION=PASS
MIX_DW_NONZERO_STANDARD_REPLAY=PASS
