# command: LEAN -j1 -M1536 -DautoImplicit=false -DrelaxedAutoImplicit=false --root=PROJECT_ROOT -o .tools/20260911-low-index-lean-513dc7cc/20260911T222322488556Z/olean/research/tasks/B699-Binomial/runs/20260911-low-index-lean-513dc7cc/lean/I11TerminalFinal/Audit.olean research/tasks/B699-Binomial/runs/20260911-low-index-lean-513dc7cc/lean/I11TerminalFinal/Audit.lean
# cwd: PROJECT_ROOT
# started_utc: 2026-09-11T22:28:05.814815Z
# finished_utc: 2026-09-11T22:28:14.610479Z
# exit_code: 0
# timed_out: False
Math.B699.I11TerminalCRT.extendedCandidates (cs : List B699LowIndex.NatInterval) : List B699LowIndex.NatInterval
'Math.B699.I11TerminalCRT.extendedCandidates' does not depend on any axioms
Math.B699.I11TerminalCRT.legal_n_ge24 {n j : ℕ} (hij : 11 < j) (hjn : j ≤ n / 2) : 24 ≤ n
'Math.B699.I11TerminalCRT.legal_n_ge24' depends on axioms: [propext, Quot.sound]
Math.B699.I11TerminalCRT.candidateMem_extended {n : ℕ} {cs : List B699LowIndex.NatInterval}
  (hmember : B699LowIndex.I11TerminalCover.candidateMem n cs) :
  B699LowIndex.I11TerminalCover.candidateMem n (Math.B699.I11TerminalCRT.extendedCandidates cs)
'Math.B699.I11TerminalCRT.candidateMem_extended' does not depend on any axioms
Math.B699.I11TerminalCRT.candidateMem_of_extended_ge24 {n : ℕ} {cs : List B699LowIndex.NatInterval}
  (hmember : B699LowIndex.I11TerminalCover.candidateMem n (Math.B699.I11TerminalCRT.extendedCandidates cs))
  (hn : 24 ≤ n) : B699LowIndex.I11TerminalCover.candidateMem n cs
'Math.B699.I11TerminalCRT.candidateMem_of_extended_ge24' depends on axioms: [propext, Classical.choice, Quot.sound]
Math.B699.I11TerminalCRT.candidateMem_of_extended_legal {n j : ℕ} {cs : List B699LowIndex.NatInterval}
  (hmember : B699LowIndex.I11TerminalCover.candidateMem n (Math.B699.I11TerminalCRT.extendedCandidates cs))
  (hij : 11 < j) (hjn : j ≤ n / 2) : B699LowIndex.I11TerminalCover.candidateMem n cs
'Math.B699.I11TerminalCRT.candidateMem_of_extended_legal' depends on axioms: [propext, Classical.choice, Quot.sound]
Math.B699.I11TerminalCRT.smallCoverCheck_extended (M : ℕ) (cs : List B699LowIndex.NatInterval) :
  B699LowIndex.coverCheck 24 (max M 109) (Math.B699.I11TerminalCRT.extendedCandidates cs) =
    B699LowIndex.coverCheck 24 (max M 109) cs
'Math.B699.I11TerminalCRT.smallCoverCheck_extended' depends on axioms: [propext, Quot.sound]
Math.B699.I11TerminalCRT.actual_i11_terminal_membership (data : Math.B699.I11CRTSixPair.SixPairGrids) {n j H M : ℕ}
  {cs : List B699LowIndex.NatInterval} (hconstants : Math.B699.I11CRTSixPair.stageConstantsCheck H M = true)
  (check23 :
    Math.B699.I11TerminalCRT.pairGridCoverCheck 2 3 H M data.grid23 (Math.B699.I11TerminalCRT.extendedCandidates cs) =
      true)
  (check25 :
    Math.B699.I11TerminalCRT.pairGridCoverCheck 2 5 H M data.grid25 (Math.B699.I11TerminalCRT.extendedCandidates cs) =
      true)
  (check27 :
    Math.B699.I11TerminalCRT.pairGridCoverCheck 2 7 H M data.grid27 (Math.B699.I11TerminalCRT.extendedCandidates cs) =
      true)
  (check35 :
    Math.B699.I11TerminalCRT.pairGridCoverCheck 3 5 H M data.grid35 (Math.B699.I11TerminalCRT.extendedCandidates cs) =
      true)
  (check37 :
    Math.B699.I11TerminalCRT.pairGridCoverCheck 3 7 H M data.grid37 (Math.B699.I11TerminalCRT.extendedCandidates cs) =
      true)
  (check57 :
    Math.B699.I11TerminalCRT.pairGridCoverCheck 5 7 H M data.grid57 (Math.B699.I11TerminalCRT.extendedCandidates cs) =
      true)
  (hsmall : B699LowIndex.coverCheck 24 (max M 109) (Math.B699.I11TerminalCRT.extendedCandidates cs) = true)
  (hij : 11 < j) (hjn : j ≤ n / 2) (hno : ¬B699LargePrimeStructure.Common n 11 j) (hnH : n < H) :
  B699LowIndex.I11TerminalCover.candidateMem n cs
'Math.B699.I11TerminalCRT.actual_i11_terminal_membership' depends on axioms: [propext, Classical.choice, Quot.sound]
Math.B699.I11TerminalCRT.terminal_common_of_extended_checks (data : Math.B699.I11CRTSixPair.SixPairGrids) {n j H M : ℕ}
  {cs : List B699LowIndex.NatInterval} {witnesses : List B699LowIndex.I11TerminalCover.Witness}
  (hconstants : Math.B699.I11CRTSixPair.stageConstantsCheck H M = true)
  (check23 :
    Math.B699.I11TerminalCRT.pairGridCoverCheck 2 3 H M data.grid23 (Math.B699.I11TerminalCRT.extendedCandidates cs) =
      true)
  (check25 :
    Math.B699.I11TerminalCRT.pairGridCoverCheck 2 5 H M data.grid25 (Math.B699.I11TerminalCRT.extendedCandidates cs) =
      true)
  (check27 :
    Math.B699.I11TerminalCRT.pairGridCoverCheck 2 7 H M data.grid27 (Math.B699.I11TerminalCRT.extendedCandidates cs) =
      true)
  (check35 :
    Math.B699.I11TerminalCRT.pairGridCoverCheck 3 5 H M data.grid35 (Math.B699.I11TerminalCRT.extendedCandidates cs) =
      true)
  (check37 :
    Math.B699.I11TerminalCRT.pairGridCoverCheck 3 7 H M data.grid37 (Math.B699.I11TerminalCRT.extendedCandidates cs) =
      true)
  (check57 :
    Math.B699.I11TerminalCRT.pairGridCoverCheck 5 7 H M data.grid57 (Math.B699.I11TerminalCRT.extendedCandidates cs) =
      true)
  (hsmall : B699LowIndex.coverCheck 24 (max M 109) (Math.B699.I11TerminalCRT.extendedCandidates cs) = true)
  (hwitness : B699LowIndex.I11TerminalCover.candidateIntervalsCheck cs witnesses = true) (hij : 11 < j)
  (hjn : j ≤ n / 2) (hnH : n < H) : B699LargePrimeStructure.Common n 11 j
'Math.B699.I11TerminalCRT.terminal_common_of_extended_checks' depends on axioms: [propext, Classical.choice, Quot.sound]
Math.B699.I11TerminalCRT.terminal_common_of_original_small_cover (data : Math.B699.I11CRTSixPair.SixPairGrids)
  {n j H M : ℕ} {cs : List B699LowIndex.NatInterval} {witnesses : List B699LowIndex.I11TerminalCover.Witness}
  (hconstants : Math.B699.I11CRTSixPair.stageConstantsCheck H M = true)
  (check23 :
    Math.B699.I11TerminalCRT.pairGridCoverCheck 2 3 H M data.grid23 (Math.B699.I11TerminalCRT.extendedCandidates cs) =
      true)
  (check25 :
    Math.B699.I11TerminalCRT.pairGridCoverCheck 2 5 H M data.grid25 (Math.B699.I11TerminalCRT.extendedCandidates cs) =
      true)
  (check27 :
    Math.B699.I11TerminalCRT.pairGridCoverCheck 2 7 H M data.grid27 (Math.B699.I11TerminalCRT.extendedCandidates cs) =
      true)
  (check35 :
    Math.B699.I11TerminalCRT.pairGridCoverCheck 3 5 H M data.grid35 (Math.B699.I11TerminalCRT.extendedCandidates cs) =
      true)
  (check37 :
    Math.B699.I11TerminalCRT.pairGridCoverCheck 3 7 H M data.grid37 (Math.B699.I11TerminalCRT.extendedCandidates cs) =
      true)
  (check57 :
    Math.B699.I11TerminalCRT.pairGridCoverCheck 5 7 H M data.grid57 (Math.B699.I11TerminalCRT.extendedCandidates cs) =
      true)
  (hsmall : B699LowIndex.coverCheck 24 (max M 109) cs = true)
  (hwitness : B699LowIndex.I11TerminalCover.candidateIntervalsCheck cs witnesses = true) (hij : 11 < j)
  (hjn : j ≤ n / 2) (hnH : n < H) : B699LargePrimeStructure.Common n 11 j
'Math.B699.I11TerminalCRT.terminal_common_of_original_small_cover' depends on axioms: [propext,
 Classical.choice,
 Quot.sound]
Math.B699.I11TerminalCRT.exampleOldCandidates : List B699LowIndex.NatInterval
'Math.B699.I11TerminalCRT.exampleOldCandidates' does not depend on any axioms
Math.B699.I11TerminalCRT.parameter_interval_low : Math.B699.I11TerminalCRT.parameterInterval 2 3 2 (-1) 0 = (3, 12)
'Math.B699.I11TerminalCRT.parameter_interval_low' does not depend on any axioms
Math.B699.I11TerminalCRT.old_low_cover_fails :
  B699LowIndex.coverCheck 3 12 Math.B699.I11TerminalCRT.exampleOldCandidates = false
'Math.B699.I11TerminalCRT.old_low_cover_fails' does not depend on any axioms
Math.B699.I11TerminalCRT.extended_low_cover (cs : List B699LowIndex.NatInterval) :
  B699LowIndex.coverCheck 3 12 (Math.B699.I11TerminalCRT.extendedCandidates cs) = true
'Math.B699.I11TerminalCRT.extended_low_cover' does not depend on any axioms
Math.B699.I11TerminalCRT.low_cover_impossible {cs : List B699LowIndex.NatInterval} (hlower : ∀ I ∈ cs, 24 ≤ I.1) :
  B699LowIndex.coverCheck 3 12 cs ≠ true
'Math.B699.I11TerminalCRT.low_cover_impossible' depends on axioms: [propext, Classical.choice, Quot.sound]
Math.B699.I11TerminalCRT.parameter_interval_crossing :
  Math.B699.I11TerminalCRT.parameterInterval 2 3 2 (-7) 2 = (21, 24)
'Math.B699.I11TerminalCRT.parameter_interval_crossing' does not depend on any axioms
Math.B699.I11TerminalCRT.extended_crossing_cover :
  B699LowIndex.coverCheck 21 24
      (Math.B699.I11TerminalCRT.extendedCandidates Math.B699.I11TerminalCRT.exampleOldCandidates) =
    true
'Math.B699.I11TerminalCRT.extended_crossing_cover' does not depend on any axioms
Math.B699.I11TerminalCRT.first_legal_n_stays_old :
  B699LowIndex.I11TerminalCover.candidateMem 24 Math.B699.I11TerminalCRT.exampleOldCandidates
'Math.B699.I11TerminalCRT.first_legal_n_stays_old' depends on axioms: [propext]
