SAME_INPUT_NORM_LINK_IDENTITIES=PASS
FERMAT3_DESCENT_ALGEBRA_AND_MOD9=PASS (paper supplies descent and UFD quantifiers)
TRACE_RECURRENCE_AND_UNIT_CHECKS=PASS (finite diagnostic; universal proof is P5-P6)
COMPLETE_PERIOD_409_1129_AND_PRIME_POWER_409_SQUARED=PASS
SAME_C_S_CRT_PAIR_ALL_EXPONENTS=PASS
FAST_ORBIT_GCD_WITHOUT_PERIOD_SCAN=PASS
NONEMPTY_AND_RESOURCE_BOUNDARY_TESTS=PASS
PELL_WEAK_MODEL_AND_MISSING_INTEGER_NORM=PASS
EXTERNAL_NL_CONTRACT=DECLARED_NOT_REPROVED
REPLAY=PASS
{
  "status": "EXIT_NC3_MINIMAL_IF_G_DIVISIBLE",
  "local": [
    {
      "prime": 409,
      "exponent": 1,
      "order": 204,
      "prime_level_gcd_degrees": {
        "1": 2,
        "3": 2
      },
      "prime_level_remainders": {
        "1": [
          0,
          0
        ],
        "3": [
          0,
          0
        ]
      },
      "exact_exponents": {
        "1": [
          96,
          110
        ],
        "3": [
          85,
          99
        ]
      }
    },
    {
      "prime": 1129,
      "exponent": 1,
      "order": 564,
      "prime_level_gcd_degrees": {
        "1": 2,
        "3": 2
      },
      "prime_level_remainders": {
        "1": [
          0,
          0
        ],
        "3": [
          0,
          0
        ]
      },
      "exact_exponents": {
        "1": [
          32,
          534
        ],
        "3": [
          341,
          403
        ]
      }
    }
  ],
  "classes": {
    "1": [],
    "3": []
  },
  "logic": "Same c and same exponent s in every modulus; nonempty classes are not NC3 and do not reconstruct n,j."
}
{
  "status": "NECESSARY_EXPONENT_CLASSES_ONLY",
  "local": [
    {
      "prime": 409,
      "exponent": 1,
      "order": 204,
      "prime_level_gcd_degrees": {
        "1": 2,
        "3": 2
      },
      "prime_level_remainders": {
        "1": [
          0,
          0
        ],
        "3": [
          0,
          0
        ]
      },
      "exact_exponents": {
        "1": [
          96,
          110
        ],
        "3": [
          85,
          99
        ]
      }
    }
  ],
  "classes": {
    "1": [
      {
        "s": 96,
        "modulus": 204
      },
      {
        "s": 110,
        "modulus": 204
      }
    ],
    "3": [
      {
        "s": 85,
        "modulus": 204
      },
      {
        "s": 99,
        "modulus": 204
      }
    ]
  },
  "logic": "Same c and same exponent s in every modulus; nonempty classes are not NC3 and do not reconstruct n,j."
}
{
  "status": "EXIT_NC3_MINIMAL_IF_G_DIVISIBLE",
  "local": [
    {
      "prime": 1321442641,
      "exponent": 1,
      "order": 66072132,
      "prime_level_gcd_degrees": {
        "1": 0,
        "3": 0
      },
      "prime_level_remainders": {
        "1": [
          1302655117,
          1159310398
        ],
        "3": [
          82242951,
          1159310398
        ]
      }
    }
  ],
  "logic": "Only a conditional theorem for the frozen original-input branch; the auxiliary prime is not claimed to be the common witness."
}
