exact closure files: 792
Math/B677/IntervalLcm.lean
research/tasks/B677-Lcm/runs/20260908-formalization-92c221/lean/finite/SortedCertificate.lean
research/tasks/B677-Lcm/runs/20260908-formalization-92c221/lean/finite/ExactRows.lean
research/tasks/B677-Lcm/runs/20260908-formalization-92c221/lean/finite/TreeRows.lean
research/tasks/B677-Lcm/runs/20260908-formalization-92c221/lean/finite/ModularRows.lean
research/tasks/B677-Lcm/runs/20260908-formalization-92c221/lean/finite/CertifiedGcd.lean
research/tasks/B677-Lcm/runs/20260908-formalization-92c221/lean/finite/HashCertificate.lean
research/tasks/B677-Lcm/runs/20260908-formalization-92c221/lean/finite/certificate/Data01.lean
research/tasks/B677-Lcm/runs/20260908-formalization-92c221/lean/finite/certificate/Pred01.lean
research/tasks/B677-Lcm/runs/20260908-formalization-92c221/lean/finite/certificate/Part01_000000.lean
research/tasks/B677-Lcm/runs/20260908-formalization-92c221/lean/finite/certificate/Part01_016384.lean
research/tasks/B677-Lcm/runs/20260908-formalization-92c221/lean/finite/certificate/Part01_032768.lean
research/tasks/B677-Lcm/runs/20260908-formalization-92c221/lean/finite/certificate/Part01_049152.lean
research/tasks/B677-Lcm/runs/20260908-formalization-92c221/lean/finite/certificate/Part01_065536.lean
research/tasks/B677-Lcm/runs/20260908-formalization-92c221/lean/finite/certificate/Part01_081920.lean
research/tasks/B677-Lcm/runs/20260908-formalization-92c221/lean/finite/certificate/Part01_098304.lean
research/tasks/B677-Lcm/runs/20260908-formalization-92c221/lean/finite/certificate/Part01_114688.lean
research/tasks/B677-Lcm/runs/20260908-formalization-92c221/lean/finite/certificate/Check01.lean
research/tasks/B677-Lcm/runs/20260908-formalization-92c221/lean/finite/certificate/Data02.lean
research/tasks/B677-Lcm/runs/20260908-formalization-92c221/lean/finite/certificate/Pred02.lean
research/tasks/B677-Lcm/runs/20260908-formalization-92c221/lean/finite/certificate/Part02_000000.lean
research/tasks/B677-Lcm/runs/20260908-formalization-92c221/lean/finite/certificate/Part02_016384.lean
research/tasks/B677-Lcm/runs/20260908-formalization-92c221/lean/finite/certificate/Part02_032768.lean
research/tasks/B677-Lcm/runs/20260908-formalization-92c221/lean/finite/certificate/Part02_049152.lean
research/tasks/B677-Lcm/runs/20260908-formalization-92c221/lean/finite/certificate/Part02_065536.lean
research/tasks/B677-Lcm/runs/20260908-formalization-92c221/lean/finite/certificate/Part02_081920.lean
research/tasks/B677-Lcm/runs/20260908-formalization-92c221/lean/finite/certificate/Part02_098304.lean
research/tasks/B677-Lcm/runs/20260908-formalization-92c221/lean/finite/certificate/Part02_114688.lean
research/tasks/B677-Lcm/runs/20260908-formalization-92c221/lean/finite/certificate/Check02.lean
research/tasks/B677-Lcm/runs/20260908-formalization-92c221/lean/finite/certificate/Data03.lean
research/tasks/B677-Lcm/runs/20260908-formalization-92c221/lean/finite/certificate/Pred03.lean
research/tasks/B677-Lcm/runs/20260908-formalization-92c221/lean/finite/certificate/Part03_000000.lean
research/tasks/B677-Lcm/runs/20260908-formalization-92c221/lean/finite/certificate/Part03_016384.lean
research/tasks/B677-Lcm/runs/20260908-formalization-92c221/lean/finite/certificate/Part03_032768.lean
research/tasks/B677-Lcm/runs/20260908-formalization-92c221/lean/finite/certificate/Part03_049152.lean
research/tasks/B677-Lcm/runs/20260908-formalization-92c221/lean/finite/certificate/Part03_065536.lean
research/tasks/B677-Lcm/runs/20260908-formalization-92c221/lean/finite/certificate/Part03_081920.lean
research/tasks/B677-Lcm/runs/20260908-formalization-92c221/lean/finite/certificate/Part03_098304.lean
research/tasks/B677-Lcm/runs/20260908-formalization-92c221/lean/finite/certificate/Part03_114688.lean
research/tasks/B677-Lcm/runs/20260908-formalization-92c221/lean/finite/certificate/Check03.lean
research/tasks/B677-Lcm/runs/20260908-formalization-92c221/lean/finite/certificate/Data04.lean
research/tasks/B677-Lcm/runs/20260908-formalization-92c221/lean/finite/certificate/Pred04.lean
research/tasks/B677-Lcm/runs/20260908-formalization-92c221/lean/finite/certificate/Part04_000000.lean
research/tasks/B677-Lcm/runs/20260908-formalization-92c221/lean/finite/certificate/Part04_016384.lean
research/tasks/B677-Lcm/runs/20260908-formalization-92c221/lean/finite/certificate/Part04_032768.lean
research/tasks/B677-Lcm/runs/20260908-formalization-92c221/lean/finite/certificate/Part04_049152.lean
research/tasks/B677-Lcm/runs/20260908-formalization-92c221/lean/finite/certificate/Part04_065536.lean
research/tasks/B677-Lcm/runs/20260908-formalization-92c221/lean/finite/certificate/Part04_081920.lean
research/tasks/B677-Lcm/runs/20260908-formalization-92c221/lean/finite/certificate/Part04_098304.lean
research/tasks/B677-Lcm/runs/20260908-formalization-92c221/lean/finite/certificate/Part04_114688.lean
research/tasks/B677-Lcm/runs/20260908-formalization-92c221/lean/finite/certificate/Check04.lean
research/tasks/B677-Lcm/runs/20260908-formalization-92c221/lean/finite/certificate/Data05.lean
research/tasks/B677-Lcm/runs/20260908-formalization-92c221/lean/finite/certificate/Pred05.lean
research/tasks/B677-Lcm/runs/20260908-formalization-92c221/lean/finite/certificate/Part05_000000.lean
research/tasks/B677-Lcm/runs/20260908-formalization-92c221/lean/finite/certificate/Part05_016384.lean
research/tasks/B677-Lcm/runs/20260908-formalization-92c221/lean/finite/certificate/Part05_032768.lean
research/tasks/B677-Lcm/runs/20260908-formalization-92c221/lean/finite/certificate/Part05_049152.lean
research/tasks/B677-Lcm/runs/20260908-formalization-92c221/lean/finite/certificate/Part05_065536.lean
research/tasks/B677-Lcm/runs/20260908-formalization-92c221/lean/finite/certificate/Part05_081920.lean
research/tasks/B677-Lcm/runs/20260908-formalization-92c221/lean/finite/certificate/Part05_098304.lean
research/tasks/B677-Lcm/runs/20260908-formalization-92c221/lean/finite/certificate/Part05_114688.lean
research/tasks/B677-Lcm/runs/20260908-formalization-92c221/lean/finite/certificate/Check05.lean
research/tasks/B677-Lcm/runs/20260908-formalization-92c221/lean/finite/certificate/Data06.lean
research/tasks/B677-Lcm/runs/20260908-formalization-92c221/lean/finite/certificate/Pred06.lean
research/tasks/B677-Lcm/runs/20260908-formalization-92c221/lean/finite/certificate/Part06_000000.lean
research/tasks/B677-Lcm/runs/20260908-formalization-92c221/lean/finite/certificate/Part06_016384.lean
research/tasks/B677-Lcm/runs/20260908-formalization-92c221/lean/finite/certificate/Part06_032768.lean
research/tasks/B677-Lcm/runs/20260908-formalization-92c221/lean/finite/certificate/Part06_049152.lean
research/tasks/B677-Lcm/runs/20260908-formalization-92c221/lean/finite/certificate/Part06_065536.lean
research/tasks/B677-Lcm/runs/20260908-formalization-92c221/lean/finite/certificate/Part06_081920.lean
research/tasks/B677-Lcm/runs/20260908-formalization-92c221/lean/finite/certificate/Part06_098304.lean
research/tasks/B677-Lcm/runs/20260908-formalization-92c221/lean/finite/certificate/Part06_114688.lean
research/tasks/B677-Lcm/runs/20260908-formalization-92c221/lean/finite/certificate/Check06.lean
research/tasks/B677-Lcm/runs/20260908-formalization-92c221/lean/finite/certificate/Data07.lean
research/tasks/B677-Lcm/runs/20260908-formalization-92c221/lean/finite/certificate/Pred07.lean
research/tasks/B677-Lcm/runs/20260908-formalization-92c221/lean/finite/certificate/Part07_000000.lean
research/tasks/B677-Lcm/runs/20260908-formalization-92c221/lean/finite/certificate/Part07_016384.lean
research/tasks/B677-Lcm/runs/20260908-formalization-92c221/lean/finite/certificate/Part07_032768.lean
research/tasks/B677-Lcm/runs/20260908-formalization-92c221/lean/finite/certificate/Part07_049152.lean
research/tasks/B677-Lcm/runs/20260908-formalization-92c221/lean/finite/certificate/Part07_065536.lean
research/tasks/B677-Lcm/runs/20260908-formalization-92c221/lean/finite/certificate/Part07_081920.lean
research/tasks/B677-Lcm/runs/20260908-formalization-92c221/lean/finite/certificate/Part07_098304.lean
research/tasks/B677-Lcm/runs/20260908-formalization-92c221/lean/finite/certificate/Part07_114688.lean
research/tasks/B677-Lcm/runs/20260908-formalization-92c221/lean/finite/certificate/Check07.lean
research/tasks/B677-Lcm/runs/20260908-formalization-92c221/lean/finite/certificate/Data08.lean
research/tasks/B677-Lcm/runs/20260908-formalization-92c221/lean/finite/certificate/Pred08.lean
research/tasks/B677-Lcm/runs/20260908-formalization-92c221/lean/finite/certificate/Part08_000000.lean
research/tasks/B677-Lcm/runs/20260908-formalization-92c221/lean/finite/certificate/Part08_016384.lean
research/tasks/B677-Lcm/runs/20260908-formalization-92c221/lean/finite/certificate/Part08_032768.lean
research/tasks/B677-Lcm/runs/20260908-formalization-92c221/lean/finite/certificate/Part08_049152.lean
research/tasks/B677-Lcm/runs/20260908-formalization-92c221/lean/finite/certificate/Part08_065536.lean
research/tasks/B677-Lcm/runs/20260908-formalization-92c221/lean/finite/certificate/Part08_081920.lean
research/tasks/B677-Lcm/runs/20260908-formalization-92c221/lean/finite/certificate/Part08_098304.lean
research/tasks/B677-Lcm/runs/20260908-formalization-92c221/lean/finite/certificate/Part08_114688.lean
research/tasks/B677-Lcm/runs/20260908-formalization-92c221/lean/finite/certificate/Check08.lean
research/tasks/B677-Lcm/runs/20260908-formalization-92c221/lean/finite/certificate/Data09.lean
research/tasks/B677-Lcm/runs/20260908-formalization-92c221/lean/finite/certificate/Pred09.lean
research/tasks/B677-Lcm/runs/20260908-formalization-92c221/lean/finite/certificate/Part09_000000.lean
research/tasks/B677-Lcm/runs/20260908-formalization-92c221/lean/finite/certificate/Part09_016384.lean
research/tasks/B677-Lcm/runs/20260908-formalization-92c221/lean/finite/certificate/Part09_032768.lean
research/tasks/B677-Lcm/runs/20260908-formalization-92c221/lean/finite/certificate/Part09_049152.lean
research/tasks/B677-Lcm/runs/20260908-formalization-92c221/lean/finite/certificate/Part09_065536.lean
research/tasks/B677-Lcm/runs/20260908-formalization-92c221/lean/finite/certificate/Part09_081920.lean
research/tasks/B677-Lcm/runs/20260908-formalization-92c221/lean/finite/certificate/Part09_098304.lean
research/tasks/B677-Lcm/runs/20260908-formalization-92c221/lean/finite/certificate/Part09_114688.lean
research/tasks/B677-Lcm/runs/20260908-formalization-92c221/lean/finite/certificate/Check09.lean
research/tasks/B677-Lcm/runs/20260908-formalization-92c221/lean/finite/certificate/Data10.lean
research/tasks/B677-Lcm/runs/20260908-formalization-92c221/lean/finite/certificate/Pred10.lean
research/tasks/B677-Lcm/runs/20260908-formalization-92c221/lean/finite/certificate/Part10_000000.lean
research/tasks/B677-Lcm/runs/20260908-formalization-92c221/lean/finite/certificate/Part10_016384.lean
research/tasks/B677-Lcm/runs/20260908-formalization-92c221/lean/finite/certificate/Part10_032768.lean
research/tasks/B677-Lcm/runs/20260908-formalization-92c221/lean/finite/certificate/Part10_049152.lean
research/tasks/B677-Lcm/runs/20260908-formalization-92c221/lean/finite/certificate/Part10_065536.lean
research/tasks/B677-Lcm/runs/20260908-formalization-92c221/lean/finite/certificate/Part10_081920.lean
research/tasks/B677-Lcm/runs/20260908-formalization-92c221/lean/finite/certificate/Part10_098304.lean
research/tasks/B677-Lcm/runs/20260908-formalization-92c221/lean/finite/certificate/Part10_114688.lean
research/tasks/B677-Lcm/runs/20260908-formalization-92c221/lean/finite/certificate/Check10.lean
research/tasks/B677-Lcm/runs/20260908-formalization-92c221/lean/finite/certificate/Data11.lean
research/tasks/B677-Lcm/runs/20260908-formalization-92c221/lean/finite/certificate/Pred11.lean
research/tasks/B677-Lcm/runs/20260908-formalization-92c221/lean/finite/certificate/Part11_000000.lean
research/tasks/B677-Lcm/runs/20260908-formalization-92c221/lean/finite/certificate/Part11_016384.lean
research/tasks/B677-Lcm/runs/20260908-formalization-92c221/lean/finite/certificate/Part11_032768.lean
research/tasks/B677-Lcm/runs/20260908-formalization-92c221/lean/finite/certificate/Part11_049152.lean
research/tasks/B677-Lcm/runs/20260908-formalization-92c221/lean/finite/certificate/Part11_065536.lean
research/tasks/B677-Lcm/runs/20260908-formalization-92c221/lean/finite/certificate/Part11_081920.lean
research/tasks/B677-Lcm/runs/20260908-formalization-92c221/lean/finite/certificate/Part11_098304.lean
research/tasks/B677-Lcm/runs/20260908-formalization-92c221/lean/finite/certificate/Part11_114688.lean
research/tasks/B677-Lcm/runs/20260908-formalization-92c221/lean/finite/certificate/Check11.lean
research/tasks/B677-Lcm/runs/20260908-formalization-92c221/lean/finite/certificate/Data12.lean
research/tasks/B677-Lcm/runs/20260908-formalization-92c221/lean/finite/certificate/Pred12.lean
research/tasks/B677-Lcm/runs/20260908-formalization-92c221/lean/finite/certificate/Part12_000000.lean
research/tasks/B677-Lcm/runs/20260908-formalization-92c221/lean/finite/certificate/Part12_016384.lean
research/tasks/B677-Lcm/runs/20260908-formalization-92c221/lean/finite/certificate/Part12_032768.lean
research/tasks/B677-Lcm/runs/20260908-formalization-92c221/lean/finite/certificate/Part12_049152.lean
research/tasks/B677-Lcm/runs/20260908-formalization-92c221/lean/finite/certificate/Part12_065536.lean
research/tasks/B677-Lcm/runs/20260908-formalization-92c221/lean/finite/certificate/Part12_081920.lean
research/tasks/B677-Lcm/runs/20260908-formalization-92c221/lean/finite/certificate/Part12_098304.lean
research/tasks/B677-Lcm/runs/20260908-formalization-92c221/lean/finite/certificate/Part12_114688.lean
research/tasks/B677-Lcm/runs/20260908-formalization-92c221/lean/finite/certificate/Check12.lean
research/tasks/B677-Lcm/runs/20260908-formalization-92c221/lean/finite/certificate/Data13.lean
research/tasks/B677-Lcm/runs/20260908-formalization-92c221/lean/finite/certificate/Pred13.lean
research/tasks/B677-Lcm/runs/20260908-formalization-92c221/lean/finite/certificate/Part13_000000.lean
research/tasks/B677-Lcm/runs/20260908-formalization-92c221/lean/finite/certificate/Part13_016384.lean
research/tasks/B677-Lcm/runs/20260908-formalization-92c221/lean/finite/certificate/Part13_032768.lean
research/tasks/B677-Lcm/runs/20260908-formalization-92c221/lean/finite/certificate/Part13_049152.lean
research/tasks/B677-Lcm/runs/20260908-formalization-92c221/lean/finite/certificate/Part13_065536.lean
research/tasks/B677-Lcm/runs/20260908-formalization-92c221/lean/finite/certificate/Part13_081920.lean
research/tasks/B677-Lcm/runs/20260908-formalization-92c221/lean/finite/certificate/Part13_098304.lean
research/tasks/B677-Lcm/runs/20260908-formalization-92c221/lean/finite/certificate/Part13_114688.lean
research/tasks/B677-Lcm/runs/20260908-formalization-92c221/lean/finite/certificate/Check13.lean
research/tasks/B677-Lcm/runs/20260908-formalization-92c221/lean/finite/certificate/Data14.lean
research/tasks/B677-Lcm/runs/20260908-formalization-92c221/lean/finite/certificate/Pred14.lean
research/tasks/B677-Lcm/runs/20260908-formalization-92c221/lean/finite/certificate/Part14_000000.lean
research/tasks/B677-Lcm/runs/20260908-formalization-92c221/lean/finite/certificate/Part14_016384.lean
research/tasks/B677-Lcm/runs/20260908-formalization-92c221/lean/finite/certificate/Part14_032768.lean
research/tasks/B677-Lcm/runs/20260908-formalization-92c221/lean/finite/certificate/Part14_049152.lean
research/tasks/B677-Lcm/runs/20260908-formalization-92c221/lean/finite/certificate/Part14_065536.lean
research/tasks/B677-Lcm/runs/20260908-formalization-92c221/lean/finite/certificate/Part14_081920.lean
research/tasks/B677-Lcm/runs/20260908-formalization-92c221/lean/finite/certificate/Part14_098304.lean
research/tasks/B677-Lcm/runs/20260908-formalization-92c221/lean/finite/certificate/Part14_114688.lean
research/tasks/B677-Lcm/runs/20260908-formalization-92c221/lean/finite/certificate/Check14.lean
research/tasks/B677-Lcm/runs/20260908-formalization-92c221/lean/finite/certificate/Data15.lean
research/tasks/B677-Lcm/runs/20260908-formalization-92c221/lean/finite/certificate/Pred15.lean
research/tasks/B677-Lcm/runs/20260908-formalization-92c221/lean/finite/certificate/Part15_000000.lean
research/tasks/B677-Lcm/runs/20260908-formalization-92c221/lean/finite/certificate/Part15_016384.lean
research/tasks/B677-Lcm/runs/20260908-formalization-92c221/lean/finite/certificate/Part15_032768.lean
research/tasks/B677-Lcm/runs/20260908-formalization-92c221/lean/finite/certificate/Part15_049152.lean
research/tasks/B677-Lcm/runs/20260908-formalization-92c221/lean/finite/certificate/Part15_065536.lean
research/tasks/B677-Lcm/runs/20260908-formalization-92c221/lean/finite/certificate/Part15_081920.lean
research/tasks/B677-Lcm/runs/20260908-formalization-92c221/lean/finite/certificate/Part15_098304.lean
research/tasks/B677-Lcm/runs/20260908-formalization-92c221/lean/finite/certificate/Part15_114688.lean
research/tasks/B677-Lcm/runs/20260908-formalization-92c221/lean/finite/certificate/Check15.lean
research/tasks/B677-Lcm/runs/20260908-formalization-92c221/lean/finite/certificate/Data16.lean
research/tasks/B677-Lcm/runs/20260908-formalization-92c221/lean/finite/certificate/Pred16.lean
research/tasks/B677-Lcm/runs/20260908-formalization-92c221/lean/finite/certificate/Part16_000000.lean
research/tasks/B677-Lcm/runs/20260908-formalization-92c221/lean/finite/certificate/Part16_016384.lean
research/tasks/B677-Lcm/runs/20260908-formalization-92c221/lean/finite/certificate/Part16_032768.lean
research/tasks/B677-Lcm/runs/20260908-formalization-92c221/lean/finite/certificate/Part16_049152.lean
research/tasks/B677-Lcm/runs/20260908-formalization-92c221/lean/finite/certificate/Part16_065536.lean
research/tasks/B677-Lcm/runs/20260908-formalization-92c221/lean/finite/certificate/Part16_081920.lean
research/tasks/B677-Lcm/runs/20260908-formalization-92c221/lean/finite/certificate/Part16_098304.lean
research/tasks/B677-Lcm/runs/20260908-formalization-92c221/lean/finite/certificate/Part16_114688.lean
research/tasks/B677-Lcm/runs/20260908-formalization-92c221/lean/finite/certificate/Check16.lean
research/tasks/B677-Lcm/runs/20260908-formalization-92c221/lean/finite/certificate/Data17.lean
research/tasks/B677-Lcm/runs/20260908-formalization-92c221/lean/finite/certificate/Pred17.lean
research/tasks/B677-Lcm/runs/20260908-formalization-92c221/lean/finite/certificate/Part17_000000.lean
research/tasks/B677-Lcm/runs/20260908-formalization-92c221/lean/finite/certificate/Part17_016384.lean
research/tasks/B677-Lcm/runs/20260908-formalization-92c221/lean/finite/certificate/Part17_032768.lean
research/tasks/B677-Lcm/runs/20260908-formalization-92c221/lean/finite/certificate/Part17_049152.lean
research/tasks/B677-Lcm/runs/20260908-formalization-92c221/lean/finite/certificate/Part17_065536.lean
research/tasks/B677-Lcm/runs/20260908-formalization-92c221/lean/finite/certificate/Part17_081920.lean
research/tasks/B677-Lcm/runs/20260908-formalization-92c221/lean/finite/certificate/Part17_098304.lean
research/tasks/B677-Lcm/runs/20260908-formalization-92c221/lean/finite/certificate/Part17_114688.lean
research/tasks/B677-Lcm/runs/20260908-formalization-92c221/lean/finite/certificate/Check17.lean
research/tasks/B677-Lcm/runs/20260908-formalization-92c221/lean/finite/certificate/Data18.lean
research/tasks/B677-Lcm/runs/20260908-formalization-92c221/lean/finite/certificate/Pred18.lean
research/tasks/B677-Lcm/runs/20260908-formalization-92c221/lean/finite/certificate/Part18_000000.lean
research/tasks/B677-Lcm/runs/20260908-formalization-92c221/lean/finite/certificate/Part18_016384.lean
research/tasks/B677-Lcm/runs/20260908-formalization-92c221/lean/finite/certificate/Part18_032768.lean
research/tasks/B677-Lcm/runs/20260908-formalization-92c221/lean/finite/certificate/Part18_049152.lean
research/tasks/B677-Lcm/runs/20260908-formalization-92c221/lean/finite/certificate/Part18_065536.lean
research/tasks/B677-Lcm/runs/20260908-formalization-92c221/lean/finite/certificate/Part18_081920.lean
research/tasks/B677-Lcm/runs/20260908-formalization-92c221/lean/finite/certificate/Part18_098304.lean
research/tasks/B677-Lcm/runs/20260908-formalization-92c221/lean/finite/certificate/Part18_114688.lean
research/tasks/B677-Lcm/runs/20260908-formalization-92c221/lean/finite/certificate/Check18.lean
research/tasks/B677-Lcm/runs/20260908-formalization-92c221/lean/finite/certificate/Data19.lean
research/tasks/B677-Lcm/runs/20260908-formalization-92c221/lean/finite/certificate/Pred19.lean
research/tasks/B677-Lcm/runs/20260908-formalization-92c221/lean/finite/certificate/Part19_000000.lean
research/tasks/B677-Lcm/runs/20260908-formalization-92c221/lean/finite/certificate/Part19_016384.lean
research/tasks/B677-Lcm/runs/20260908-formalization-92c221/lean/finite/certificate/Part19_032768.lean
research/tasks/B677-Lcm/runs/20260908-formalization-92c221/lean/finite/certificate/Part19_049152.lean
research/tasks/B677-Lcm/runs/20260908-formalization-92c221/lean/finite/certificate/Part19_065536.lean
research/tasks/B677-Lcm/runs/20260908-formalization-92c221/lean/finite/certificate/Part19_081920.lean
research/tasks/B677-Lcm/runs/20260908-formalization-92c221/lean/finite/certificate/Part19_098304.lean
research/tasks/B677-Lcm/runs/20260908-formalization-92c221/lean/finite/certificate/Part19_114688.lean
research/tasks/B677-Lcm/runs/20260908-formalization-92c221/lean/finite/certificate/Check19.lean
research/tasks/B677-Lcm/runs/20260908-formalization-92c221/lean/finite/certificate/Data20.lean
research/tasks/B677-Lcm/runs/20260908-formalization-92c221/lean/finite/certificate/Pred20.lean
research/tasks/B677-Lcm/runs/20260908-formalization-92c221/lean/finite/certificate/Part20_000000.lean
research/tasks/B677-Lcm/runs/20260908-formalization-92c221/lean/finite/certificate/Part20_016384.lean
research/tasks/B677-Lcm/runs/20260908-formalization-92c221/lean/finite/certificate/Part20_032768.lean
research/tasks/B677-Lcm/runs/20260908-formalization-92c221/lean/finite/certificate/Part20_049152.lean
research/tasks/B677-Lcm/runs/20260908-formalization-92c221/lean/finite/certificate/Part20_065536.lean
research/tasks/B677-Lcm/runs/20260908-formalization-92c221/lean/finite/certificate/Part20_081920.lean
research/tasks/B677-Lcm/runs/20260908-formalization-92c221/lean/finite/certificate/Part20_098304.lean
research/tasks/B677-Lcm/runs/20260908-formalization-92c221/lean/finite/certificate/Part20_114688.lean
research/tasks/B677-Lcm/runs/20260908-formalization-92c221/lean/finite/certificate/Check20.lean
research/tasks/B677-Lcm/runs/20260908-formalization-92c221/lean/finite/certificate/Data21.lean
research/tasks/B677-Lcm/runs/20260908-formalization-92c221/lean/finite/certificate/Pred21.lean
research/tasks/B677-Lcm/runs/20260908-formalization-92c221/lean/finite/certificate/Part21_000000.lean
research/tasks/B677-Lcm/runs/20260908-formalization-92c221/lean/finite/certificate/Part21_016384.lean
research/tasks/B677-Lcm/runs/20260908-formalization-92c221/lean/finite/certificate/Part21_032768.lean
research/tasks/B677-Lcm/runs/20260908-formalization-92c221/lean/finite/certificate/Part21_049152.lean
research/tasks/B677-Lcm/runs/20260908-formalization-92c221/lean/finite/certificate/Part21_065536.lean
research/tasks/B677-Lcm/runs/20260908-formalization-92c221/lean/finite/certificate/Part21_081920.lean
research/tasks/B677-Lcm/runs/20260908-formalization-92c221/lean/finite/certificate/Part21_098304.lean
research/tasks/B677-Lcm/runs/20260908-formalization-92c221/lean/finite/certificate/Part21_114688.lean
research/tasks/B677-Lcm/runs/20260908-formalization-92c221/lean/finite/certificate/Check21.lean
research/tasks/B677-Lcm/runs/20260908-formalization-92c221/lean/finite/certificate/Data22.lean
research/tasks/B677-Lcm/runs/20260908-formalization-92c221/lean/finite/certificate/Pred22.lean
research/tasks/B677-Lcm/runs/20260908-formalization-92c221/lean/finite/certificate/Part22_000000.lean
research/tasks/B677-Lcm/runs/20260908-formalization-92c221/lean/finite/certificate/Part22_016384.lean
research/tasks/B677-Lcm/runs/20260908-formalization-92c221/lean/finite/certificate/Part22_032768.lean
research/tasks/B677-Lcm/runs/20260908-formalization-92c221/lean/finite/certificate/Part22_049152.lean
research/tasks/B677-Lcm/runs/20260908-formalization-92c221/lean/finite/certificate/Part22_065536.lean
research/tasks/B677-Lcm/runs/20260908-formalization-92c221/lean/finite/certificate/Part22_081920.lean
research/tasks/B677-Lcm/runs/20260908-formalization-92c221/lean/finite/certificate/Part22_098304.lean
research/tasks/B677-Lcm/runs/20260908-formalization-92c221/lean/finite/certificate/Part22_114688.lean
research/tasks/B677-Lcm/runs/20260908-formalization-92c221/lean/finite/certificate/Check22.lean
research/tasks/B677-Lcm/runs/20260908-formalization-92c221/lean/finite/certificate/Data23.lean
research/tasks/B677-Lcm/runs/20260908-formalization-92c221/lean/finite/certificate/Pred23.lean
research/tasks/B677-Lcm/runs/20260908-formalization-92c221/lean/finite/certificate/Part23_000000.lean
research/tasks/B677-Lcm/runs/20260908-formalization-92c221/lean/finite/certificate/Part23_016384.lean
research/tasks/B677-Lcm/runs/20260908-formalization-92c221/lean/finite/certificate/Part23_032768.lean
research/tasks/B677-Lcm/runs/20260908-formalization-92c221/lean/finite/certificate/Part23_049152.lean
research/tasks/B677-Lcm/runs/20260908-formalization-92c221/lean/finite/certificate/Part23_065536.lean
research/tasks/B677-Lcm/runs/20260908-formalization-92c221/lean/finite/certificate/Part23_081920.lean
research/tasks/B677-Lcm/runs/20260908-formalization-92c221/lean/finite/certificate/Part23_098304.lean
research/tasks/B677-Lcm/runs/20260908-formalization-92c221/lean/finite/certificate/Part23_114688.lean
research/tasks/B677-Lcm/runs/20260908-formalization-92c221/lean/finite/certificate/Check23.lean
research/tasks/B677-Lcm/runs/20260908-formalization-92c221/lean/finite/certificate/Data24.lean
research/tasks/B677-Lcm/runs/20260908-formalization-92c221/lean/finite/certificate/Pred24.lean
research/tasks/B677-Lcm/runs/20260908-formalization-92c221/lean/finite/certificate/Part24_000000.lean
research/tasks/B677-Lcm/runs/20260908-formalization-92c221/lean/finite/certificate/Part24_016384.lean
research/tasks/B677-Lcm/runs/20260908-formalization-92c221/lean/finite/certificate/Part24_032768.lean
research/tasks/B677-Lcm/runs/20260908-formalization-92c221/lean/finite/certificate/Part24_049152.lean
research/tasks/B677-Lcm/runs/20260908-formalization-92c221/lean/finite/certificate/Part24_065536.lean
research/tasks/B677-Lcm/runs/20260908-formalization-92c221/lean/finite/certificate/Part24_081920.lean
research/tasks/B677-Lcm/runs/20260908-formalization-92c221/lean/finite/certificate/Part24_098304.lean
research/tasks/B677-Lcm/runs/20260908-formalization-92c221/lean/finite/certificate/Part24_114688.lean
research/tasks/B677-Lcm/runs/20260908-formalization-92c221/lean/finite/certificate/Check24.lean
research/tasks/B677-Lcm/runs/20260908-formalization-92c221/lean/finite/certificate/Data25.lean
research/tasks/B677-Lcm/runs/20260908-formalization-92c221/lean/finite/certificate/Pred25.lean
research/tasks/B677-Lcm/runs/20260908-formalization-92c221/lean/finite/certificate/Part25_000000.lean
research/tasks/B677-Lcm/runs/20260908-formalization-92c221/lean/finite/certificate/Part25_016384.lean
research/tasks/B677-Lcm/runs/20260908-formalization-92c221/lean/finite/certificate/Part25_032768.lean
research/tasks/B677-Lcm/runs/20260908-formalization-92c221/lean/finite/certificate/Part25_049152.lean
research/tasks/B677-Lcm/runs/20260908-formalization-92c221/lean/finite/certificate/Part25_065536.lean
research/tasks/B677-Lcm/runs/20260908-formalization-92c221/lean/finite/certificate/Part25_081920.lean
research/tasks/B677-Lcm/runs/20260908-formalization-92c221/lean/finite/certificate/Part25_098304.lean
research/tasks/B677-Lcm/runs/20260908-formalization-92c221/lean/finite/certificate/Part25_114688.lean
research/tasks/B677-Lcm/runs/20260908-formalization-92c221/lean/finite/certificate/Check25.lean
research/tasks/B677-Lcm/runs/20260908-formalization-92c221/lean/finite/certificate/Data26.lean
research/tasks/B677-Lcm/runs/20260908-formalization-92c221/lean/finite/certificate/Pred26.lean
research/tasks/B677-Lcm/runs/20260908-formalization-92c221/lean/finite/certificate/Part26_000000.lean
research/tasks/B677-Lcm/runs/20260908-formalization-92c221/lean/finite/certificate/Part26_016384.lean
research/tasks/B677-Lcm/runs/20260908-formalization-92c221/lean/finite/certificate/Part26_032768.lean
research/tasks/B677-Lcm/runs/20260908-formalization-92c221/lean/finite/certificate/Part26_049152.lean
research/tasks/B677-Lcm/runs/20260908-formalization-92c221/lean/finite/certificate/Part26_065536.lean
research/tasks/B677-Lcm/runs/20260908-formalization-92c221/lean/finite/certificate/Part26_081920.lean
research/tasks/B677-Lcm/runs/20260908-formalization-92c221/lean/finite/certificate/Part26_098304.lean
research/tasks/B677-Lcm/runs/20260908-formalization-92c221/lean/finite/certificate/Part26_114688.lean
research/tasks/B677-Lcm/runs/20260908-formalization-92c221/lean/finite/certificate/Check26.lean
research/tasks/B677-Lcm/runs/20260908-formalization-92c221/lean/finite/certificate/Data27.lean
research/tasks/B677-Lcm/runs/20260908-formalization-92c221/lean/finite/certificate/Pred27.lean
research/tasks/B677-Lcm/runs/20260908-formalization-92c221/lean/finite/certificate/Part27_000000.lean
research/tasks/B677-Lcm/runs/20260908-formalization-92c221/lean/finite/certificate/Part27_016384.lean
research/tasks/B677-Lcm/runs/20260908-formalization-92c221/lean/finite/certificate/Part27_032768.lean
research/tasks/B677-Lcm/runs/20260908-formalization-92c221/lean/finite/certificate/Part27_049152.lean
research/tasks/B677-Lcm/runs/20260908-formalization-92c221/lean/finite/certificate/Part27_065536.lean
research/tasks/B677-Lcm/runs/20260908-formalization-92c221/lean/finite/certificate/Part27_081920.lean
research/tasks/B677-Lcm/runs/20260908-formalization-92c221/lean/finite/certificate/Part27_098304.lean
research/tasks/B677-Lcm/runs/20260908-formalization-92c221/lean/finite/certificate/Part27_114688.lean
research/tasks/B677-Lcm/runs/20260908-formalization-92c221/lean/finite/certificate/Check27.lean
research/tasks/B677-Lcm/runs/20260908-formalization-92c221/lean/finite/certificate/Data28.lean
research/tasks/B677-Lcm/runs/20260908-formalization-92c221/lean/finite/certificate/Pred28.lean
research/tasks/B677-Lcm/runs/20260908-formalization-92c221/lean/finite/certificate/Part28_000000.lean
research/tasks/B677-Lcm/runs/20260908-formalization-92c221/lean/finite/certificate/Part28_016384.lean
research/tasks/B677-Lcm/runs/20260908-formalization-92c221/lean/finite/certificate/Part28_032768.lean
research/tasks/B677-Lcm/runs/20260908-formalization-92c221/lean/finite/certificate/Part28_049152.lean
research/tasks/B677-Lcm/runs/20260908-formalization-92c221/lean/finite/certificate/Part28_065536.lean
research/tasks/B677-Lcm/runs/20260908-formalization-92c221/lean/finite/certificate/Part28_081920.lean
research/tasks/B677-Lcm/runs/20260908-formalization-92c221/lean/finite/certificate/Part28_098304.lean
research/tasks/B677-Lcm/runs/20260908-formalization-92c221/lean/finite/certificate/Part28_114688.lean
research/tasks/B677-Lcm/runs/20260908-formalization-92c221/lean/finite/certificate/Check28.lean
research/tasks/B677-Lcm/runs/20260908-formalization-92c221/lean/finite/certificate/Data29.lean
research/tasks/B677-Lcm/runs/20260908-formalization-92c221/lean/finite/certificate/Pred29.lean
research/tasks/B677-Lcm/runs/20260908-formalization-92c221/lean/finite/certificate/Part29_000000.lean
research/tasks/B677-Lcm/runs/20260908-formalization-92c221/lean/finite/certificate/Part29_016384.lean
research/tasks/B677-Lcm/runs/20260908-formalization-92c221/lean/finite/certificate/Part29_032768.lean
research/tasks/B677-Lcm/runs/20260908-formalization-92c221/lean/finite/certificate/Part29_049152.lean
research/tasks/B677-Lcm/runs/20260908-formalization-92c221/lean/finite/certificate/Part29_065536.lean
research/tasks/B677-Lcm/runs/20260908-formalization-92c221/lean/finite/certificate/Part29_081920.lean
research/tasks/B677-Lcm/runs/20260908-formalization-92c221/lean/finite/certificate/Part29_098304.lean
research/tasks/B677-Lcm/runs/20260908-formalization-92c221/lean/finite/certificate/Part29_114688.lean
research/tasks/B677-Lcm/runs/20260908-formalization-92c221/lean/finite/certificate/Check29.lean
research/tasks/B677-Lcm/runs/20260908-formalization-92c221/lean/finite/certificate/Data30.lean
research/tasks/B677-Lcm/runs/20260908-formalization-92c221/lean/finite/certificate/Pred30.lean
research/tasks/B677-Lcm/runs/20260908-formalization-92c221/lean/finite/certificate/Part30_000000.lean
research/tasks/B677-Lcm/runs/20260908-formalization-92c221/lean/finite/certificate/Part30_016384.lean
research/tasks/B677-Lcm/runs/20260908-formalization-92c221/lean/finite/certificate/Part30_032768.lean
research/tasks/B677-Lcm/runs/20260908-formalization-92c221/lean/finite/certificate/Part30_049152.lean
research/tasks/B677-Lcm/runs/20260908-formalization-92c221/lean/finite/certificate/Part30_065536.lean
research/tasks/B677-Lcm/runs/20260908-formalization-92c221/lean/finite/certificate/Part30_081920.lean
research/tasks/B677-Lcm/runs/20260908-formalization-92c221/lean/finite/certificate/Part30_098304.lean
research/tasks/B677-Lcm/runs/20260908-formalization-92c221/lean/finite/certificate/Part30_114688.lean
research/tasks/B677-Lcm/runs/20260908-formalization-92c221/lean/finite/certificate/Check30.lean
research/tasks/B677-Lcm/runs/20260908-formalization-92c221/lean/finite/certificate/Data31.lean
research/tasks/B677-Lcm/runs/20260908-formalization-92c221/lean/finite/certificate/Pred31.lean
research/tasks/B677-Lcm/runs/20260908-formalization-92c221/lean/finite/certificate/Part31_000000.lean
research/tasks/B677-Lcm/runs/20260908-formalization-92c221/lean/finite/certificate/Part31_016384.lean
research/tasks/B677-Lcm/runs/20260908-formalization-92c221/lean/finite/certificate/Part31_032768.lean
research/tasks/B677-Lcm/runs/20260908-formalization-92c221/lean/finite/certificate/Part31_049152.lean
research/tasks/B677-Lcm/runs/20260908-formalization-92c221/lean/finite/certificate/Part31_065536.lean
research/tasks/B677-Lcm/runs/20260908-formalization-92c221/lean/finite/certificate/Part31_081920.lean
research/tasks/B677-Lcm/runs/20260908-formalization-92c221/lean/finite/certificate/Part31_098304.lean
research/tasks/B677-Lcm/runs/20260908-formalization-92c221/lean/finite/certificate/Part31_114688.lean
research/tasks/B677-Lcm/runs/20260908-formalization-92c221/lean/finite/certificate/Check31.lean
research/tasks/B677-Lcm/runs/20260908-formalization-92c221/lean/finite/certificate/Data32.lean
research/tasks/B677-Lcm/runs/20260908-formalization-92c221/lean/finite/certificate/Pred32.lean
research/tasks/B677-Lcm/runs/20260908-formalization-92c221/lean/finite/certificate/Part32_000000.lean
research/tasks/B677-Lcm/runs/20260908-formalization-92c221/lean/finite/certificate/Part32_016384.lean
research/tasks/B677-Lcm/runs/20260908-formalization-92c221/lean/finite/certificate/Part32_032768.lean
research/tasks/B677-Lcm/runs/20260908-formalization-92c221/lean/finite/certificate/Part32_049152.lean
research/tasks/B677-Lcm/runs/20260908-formalization-92c221/lean/finite/certificate/Part32_065536.lean
research/tasks/B677-Lcm/runs/20260908-formalization-92c221/lean/finite/certificate/Part32_081920.lean
research/tasks/B677-Lcm/runs/20260908-formalization-92c221/lean/finite/certificate/Part32_098304.lean
research/tasks/B677-Lcm/runs/20260908-formalization-92c221/lean/finite/certificate/Part32_114688.lean
research/tasks/B677-Lcm/runs/20260908-formalization-92c221/lean/finite/certificate/Check32.lean
research/tasks/B677-Lcm/runs/20260908-formalization-92c221/lean/finite/certificate/Data33.lean
research/tasks/B677-Lcm/runs/20260908-formalization-92c221/lean/finite/certificate/Pred33.lean
research/tasks/B677-Lcm/runs/20260908-formalization-92c221/lean/finite/certificate/Part33_000000.lean
research/tasks/B677-Lcm/runs/20260908-formalization-92c221/lean/finite/certificate/Part33_016384.lean
research/tasks/B677-Lcm/runs/20260908-formalization-92c221/lean/finite/certificate/Part33_032768.lean
research/tasks/B677-Lcm/runs/20260908-formalization-92c221/lean/finite/certificate/Part33_049152.lean
research/tasks/B677-Lcm/runs/20260908-formalization-92c221/lean/finite/certificate/Part33_065536.lean
research/tasks/B677-Lcm/runs/20260908-formalization-92c221/lean/finite/certificate/Part33_081920.lean
research/tasks/B677-Lcm/runs/20260908-formalization-92c221/lean/finite/certificate/Part33_098304.lean
research/tasks/B677-Lcm/runs/20260908-formalization-92c221/lean/finite/certificate/Part33_114688.lean
research/tasks/B677-Lcm/runs/20260908-formalization-92c221/lean/finite/certificate/Check33.lean
research/tasks/B677-Lcm/runs/20260908-formalization-92c221/lean/finite/certificate/Data34.lean
research/tasks/B677-Lcm/runs/20260908-formalization-92c221/lean/finite/certificate/Pred34.lean
research/tasks/B677-Lcm/runs/20260908-formalization-92c221/lean/finite/certificate/Part34_000000.lean
research/tasks/B677-Lcm/runs/20260908-formalization-92c221/lean/finite/certificate/Part34_016384.lean
research/tasks/B677-Lcm/runs/20260908-formalization-92c221/lean/finite/certificate/Part34_032768.lean
research/tasks/B677-Lcm/runs/20260908-formalization-92c221/lean/finite/certificate/Part34_049152.lean
research/tasks/B677-Lcm/runs/20260908-formalization-92c221/lean/finite/certificate/Part34_065536.lean
research/tasks/B677-Lcm/runs/20260908-formalization-92c221/lean/finite/certificate/Part34_081920.lean
research/tasks/B677-Lcm/runs/20260908-formalization-92c221/lean/finite/certificate/Part34_098304.lean
research/tasks/B677-Lcm/runs/20260908-formalization-92c221/lean/finite/certificate/Part34_114688.lean
research/tasks/B677-Lcm/runs/20260908-formalization-92c221/lean/finite/certificate/Check34.lean
research/tasks/B677-Lcm/runs/20260908-formalization-92c221/lean/finite/certificate/Data35.lean
research/tasks/B677-Lcm/runs/20260908-formalization-92c221/lean/finite/certificate/Pred35.lean
research/tasks/B677-Lcm/runs/20260908-formalization-92c221/lean/finite/certificate/Part35_000000.lean
research/tasks/B677-Lcm/runs/20260908-formalization-92c221/lean/finite/certificate/Part35_016384.lean
research/tasks/B677-Lcm/runs/20260908-formalization-92c221/lean/finite/certificate/Part35_032768.lean
research/tasks/B677-Lcm/runs/20260908-formalization-92c221/lean/finite/certificate/Part35_049152.lean
research/tasks/B677-Lcm/runs/20260908-formalization-92c221/lean/finite/certificate/Part35_065536.lean
research/tasks/B677-Lcm/runs/20260908-formalization-92c221/lean/finite/certificate/Part35_081920.lean
research/tasks/B677-Lcm/runs/20260908-formalization-92c221/lean/finite/certificate/Part35_098304.lean
research/tasks/B677-Lcm/runs/20260908-formalization-92c221/lean/finite/certificate/Part35_114688.lean
research/tasks/B677-Lcm/runs/20260908-formalization-92c221/lean/finite/certificate/Check35.lean
research/tasks/B677-Lcm/runs/20260908-formalization-92c221/lean/finite/certificate/Data36.lean
research/tasks/B677-Lcm/runs/20260908-formalization-92c221/lean/finite/certificate/Pred36.lean
research/tasks/B677-Lcm/runs/20260908-formalization-92c221/lean/finite/certificate/Part36_000000.lean
research/tasks/B677-Lcm/runs/20260908-formalization-92c221/lean/finite/certificate/Part36_016384.lean
research/tasks/B677-Lcm/runs/20260908-formalization-92c221/lean/finite/certificate/Part36_032768.lean
research/tasks/B677-Lcm/runs/20260908-formalization-92c221/lean/finite/certificate/Part36_049152.lean
research/tasks/B677-Lcm/runs/20260908-formalization-92c221/lean/finite/certificate/Part36_065536.lean
research/tasks/B677-Lcm/runs/20260908-formalization-92c221/lean/finite/certificate/Part36_081920.lean
research/tasks/B677-Lcm/runs/20260908-formalization-92c221/lean/finite/certificate/Part36_098304.lean
research/tasks/B677-Lcm/runs/20260908-formalization-92c221/lean/finite/certificate/Part36_114688.lean
research/tasks/B677-Lcm/runs/20260908-formalization-92c221/lean/finite/certificate/Check36.lean
research/tasks/B677-Lcm/runs/20260908-formalization-92c221/lean/finite/certificate/Data37.lean
research/tasks/B677-Lcm/runs/20260908-formalization-92c221/lean/finite/certificate/Pred37.lean
research/tasks/B677-Lcm/runs/20260908-formalization-92c221/lean/finite/certificate/Part37_000000.lean
research/tasks/B677-Lcm/runs/20260908-formalization-92c221/lean/finite/certificate/Part37_016384.lean
research/tasks/B677-Lcm/runs/20260908-formalization-92c221/lean/finite/certificate/Part37_032768.lean
research/tasks/B677-Lcm/runs/20260908-formalization-92c221/lean/finite/certificate/Part37_049152.lean
research/tasks/B677-Lcm/runs/20260908-formalization-92c221/lean/finite/certificate/Part37_065536.lean
research/tasks/B677-Lcm/runs/20260908-formalization-92c221/lean/finite/certificate/Part37_081920.lean
research/tasks/B677-Lcm/runs/20260908-formalization-92c221/lean/finite/certificate/Part37_098304.lean
research/tasks/B677-Lcm/runs/20260908-formalization-92c221/lean/finite/certificate/Part37_114688.lean
research/tasks/B677-Lcm/runs/20260908-formalization-92c221/lean/finite/certificate/Check37.lean
research/tasks/B677-Lcm/runs/20260908-formalization-92c221/lean/finite/certificate/Data38.lean
research/tasks/B677-Lcm/runs/20260908-formalization-92c221/lean/finite/certificate/Pred38.lean
research/tasks/B677-Lcm/runs/20260908-formalization-92c221/lean/finite/certificate/Part38_000000.lean
research/tasks/B677-Lcm/runs/20260908-formalization-92c221/lean/finite/certificate/Part38_016384.lean
research/tasks/B677-Lcm/runs/20260908-formalization-92c221/lean/finite/certificate/Part38_032768.lean
research/tasks/B677-Lcm/runs/20260908-formalization-92c221/lean/finite/certificate/Part38_049152.lean
research/tasks/B677-Lcm/runs/20260908-formalization-92c221/lean/finite/certificate/Part38_065536.lean
research/tasks/B677-Lcm/runs/20260908-formalization-92c221/lean/finite/certificate/Part38_081920.lean
research/tasks/B677-Lcm/runs/20260908-formalization-92c221/lean/finite/certificate/Part38_098304.lean
research/tasks/B677-Lcm/runs/20260908-formalization-92c221/lean/finite/certificate/Part38_114688.lean
research/tasks/B677-Lcm/runs/20260908-formalization-92c221/lean/finite/certificate/Check38.lean
research/tasks/B677-Lcm/runs/20260908-formalization-92c221/lean/finite/certificate/Data39.lean
research/tasks/B677-Lcm/runs/20260908-formalization-92c221/lean/finite/certificate/Pred39.lean
research/tasks/B677-Lcm/runs/20260908-formalization-92c221/lean/finite/certificate/Part39_000000.lean
research/tasks/B677-Lcm/runs/20260908-formalization-92c221/lean/finite/certificate/Part39_016384.lean
research/tasks/B677-Lcm/runs/20260908-formalization-92c221/lean/finite/certificate/Part39_032768.lean
research/tasks/B677-Lcm/runs/20260908-formalization-92c221/lean/finite/certificate/Part39_049152.lean
research/tasks/B677-Lcm/runs/20260908-formalization-92c221/lean/finite/certificate/Part39_065536.lean
research/tasks/B677-Lcm/runs/20260908-formalization-92c221/lean/finite/certificate/Part39_081920.lean
research/tasks/B677-Lcm/runs/20260908-formalization-92c221/lean/finite/certificate/Part39_098304.lean
research/tasks/B677-Lcm/runs/20260908-formalization-92c221/lean/finite/certificate/Part39_114688.lean
research/tasks/B677-Lcm/runs/20260908-formalization-92c221/lean/finite/certificate/Check39.lean
research/tasks/B677-Lcm/runs/20260908-formalization-92c221/lean/finite/certificate/Data40.lean
research/tasks/B677-Lcm/runs/20260908-formalization-92c221/lean/finite/certificate/Pred40.lean
research/tasks/B677-Lcm/runs/20260908-formalization-92c221/lean/finite/certificate/Part40_000000.lean
research/tasks/B677-Lcm/runs/20260908-formalization-92c221/lean/finite/certificate/Part40_016384.lean
research/tasks/B677-Lcm/runs/20260908-formalization-92c221/lean/finite/certificate/Part40_032768.lean
research/tasks/B677-Lcm/runs/20260908-formalization-92c221/lean/finite/certificate/Part40_049152.lean
research/tasks/B677-Lcm/runs/20260908-formalization-92c221/lean/finite/certificate/Part40_065536.lean
research/tasks/B677-Lcm/runs/20260908-formalization-92c221/lean/finite/certificate/Part40_081920.lean
research/tasks/B677-Lcm/runs/20260908-formalization-92c221/lean/finite/certificate/Part40_098304.lean
research/tasks/B677-Lcm/runs/20260908-formalization-92c221/lean/finite/certificate/Part40_114688.lean
research/tasks/B677-Lcm/runs/20260908-formalization-92c221/lean/finite/certificate/Check40.lean
research/tasks/B677-Lcm/runs/20260908-formalization-92c221/lean/finite/certificate/Data41.lean
research/tasks/B677-Lcm/runs/20260908-formalization-92c221/lean/finite/certificate/Pred41.lean
research/tasks/B677-Lcm/runs/20260908-formalization-92c221/lean/finite/certificate/Part41_000000.lean
research/tasks/B677-Lcm/runs/20260908-formalization-92c221/lean/finite/certificate/Part41_016384.lean
research/tasks/B677-Lcm/runs/20260908-formalization-92c221/lean/finite/certificate/Part41_032768.lean
research/tasks/B677-Lcm/runs/20260908-formalization-92c221/lean/finite/certificate/Part41_049152.lean
research/tasks/B677-Lcm/runs/20260908-formalization-92c221/lean/finite/certificate/Part41_065536.lean
research/tasks/B677-Lcm/runs/20260908-formalization-92c221/lean/finite/certificate/Part41_081920.lean
research/tasks/B677-Lcm/runs/20260908-formalization-92c221/lean/finite/certificate/Part41_098304.lean
research/tasks/B677-Lcm/runs/20260908-formalization-92c221/lean/finite/certificate/Part41_114688.lean
research/tasks/B677-Lcm/runs/20260908-formalization-92c221/lean/finite/certificate/Check41.lean
research/tasks/B677-Lcm/runs/20260908-formalization-92c221/lean/finite/certificate/Data42.lean
research/tasks/B677-Lcm/runs/20260908-formalization-92c221/lean/finite/certificate/Pred42.lean
research/tasks/B677-Lcm/runs/20260908-formalization-92c221/lean/finite/certificate/Part42_000000.lean
research/tasks/B677-Lcm/runs/20260908-formalization-92c221/lean/finite/certificate/Part42_016384.lean
research/tasks/B677-Lcm/runs/20260908-formalization-92c221/lean/finite/certificate/Part42_032768.lean
research/tasks/B677-Lcm/runs/20260908-formalization-92c221/lean/finite/certificate/Part42_049152.lean
research/tasks/B677-Lcm/runs/20260908-formalization-92c221/lean/finite/certificate/Part42_065536.lean
research/tasks/B677-Lcm/runs/20260908-formalization-92c221/lean/finite/certificate/Part42_081920.lean
research/tasks/B677-Lcm/runs/20260908-formalization-92c221/lean/finite/certificate/Part42_098304.lean
research/tasks/B677-Lcm/runs/20260908-formalization-92c221/lean/finite/certificate/Part42_114688.lean
research/tasks/B677-Lcm/runs/20260908-formalization-92c221/lean/finite/certificate/Check42.lean
research/tasks/B677-Lcm/runs/20260908-formalization-92c221/lean/finite/certificate/Data43.lean
research/tasks/B677-Lcm/runs/20260908-formalization-92c221/lean/finite/certificate/Pred43.lean
research/tasks/B677-Lcm/runs/20260908-formalization-92c221/lean/finite/certificate/Part43_000000.lean
research/tasks/B677-Lcm/runs/20260908-formalization-92c221/lean/finite/certificate/Part43_016384.lean
research/tasks/B677-Lcm/runs/20260908-formalization-92c221/lean/finite/certificate/Part43_032768.lean
research/tasks/B677-Lcm/runs/20260908-formalization-92c221/lean/finite/certificate/Part43_049152.lean
research/tasks/B677-Lcm/runs/20260908-formalization-92c221/lean/finite/certificate/Part43_065536.lean
research/tasks/B677-Lcm/runs/20260908-formalization-92c221/lean/finite/certificate/Part43_081920.lean
research/tasks/B677-Lcm/runs/20260908-formalization-92c221/lean/finite/certificate/Part43_098304.lean
research/tasks/B677-Lcm/runs/20260908-formalization-92c221/lean/finite/certificate/Part43_114688.lean
research/tasks/B677-Lcm/runs/20260908-formalization-92c221/lean/finite/certificate/Check43.lean
research/tasks/B677-Lcm/runs/20260908-formalization-92c221/lean/finite/certificate/Data44.lean
research/tasks/B677-Lcm/runs/20260908-formalization-92c221/lean/finite/certificate/Pred44.lean
research/tasks/B677-Lcm/runs/20260908-formalization-92c221/lean/finite/certificate/Part44_000000.lean
research/tasks/B677-Lcm/runs/20260908-formalization-92c221/lean/finite/certificate/Part44_016384.lean
research/tasks/B677-Lcm/runs/20260908-formalization-92c221/lean/finite/certificate/Part44_032768.lean
research/tasks/B677-Lcm/runs/20260908-formalization-92c221/lean/finite/certificate/Part44_049152.lean
research/tasks/B677-Lcm/runs/20260908-formalization-92c221/lean/finite/certificate/Part44_065536.lean
research/tasks/B677-Lcm/runs/20260908-formalization-92c221/lean/finite/certificate/Part44_081920.lean
research/tasks/B677-Lcm/runs/20260908-formalization-92c221/lean/finite/certificate/Part44_098304.lean
research/tasks/B677-Lcm/runs/20260908-formalization-92c221/lean/finite/certificate/Part44_114688.lean
research/tasks/B677-Lcm/runs/20260908-formalization-92c221/lean/finite/certificate/Check44.lean
research/tasks/B677-Lcm/runs/20260908-formalization-92c221/lean/finite/certificate/Data45.lean
research/tasks/B677-Lcm/runs/20260908-formalization-92c221/lean/finite/certificate/Pred45.lean
research/tasks/B677-Lcm/runs/20260908-formalization-92c221/lean/finite/certificate/Part45_000000.lean
research/tasks/B677-Lcm/runs/20260908-formalization-92c221/lean/finite/certificate/Part45_016384.lean
research/tasks/B677-Lcm/runs/20260908-formalization-92c221/lean/finite/certificate/Part45_032768.lean
research/tasks/B677-Lcm/runs/20260908-formalization-92c221/lean/finite/certificate/Part45_049152.lean
research/tasks/B677-Lcm/runs/20260908-formalization-92c221/lean/finite/certificate/Part45_065536.lean
research/tasks/B677-Lcm/runs/20260908-formalization-92c221/lean/finite/certificate/Part45_081920.lean
research/tasks/B677-Lcm/runs/20260908-formalization-92c221/lean/finite/certificate/Part45_098304.lean
research/tasks/B677-Lcm/runs/20260908-formalization-92c221/lean/finite/certificate/Part45_114688.lean
research/tasks/B677-Lcm/runs/20260908-formalization-92c221/lean/finite/certificate/Check45.lean
research/tasks/B677-Lcm/runs/20260908-formalization-92c221/lean/finite/certificate/Data46.lean
research/tasks/B677-Lcm/runs/20260908-formalization-92c221/lean/finite/certificate/Pred46.lean
research/tasks/B677-Lcm/runs/20260908-formalization-92c221/lean/finite/certificate/Part46_000000.lean
research/tasks/B677-Lcm/runs/20260908-formalization-92c221/lean/finite/certificate/Part46_016384.lean
research/tasks/B677-Lcm/runs/20260908-formalization-92c221/lean/finite/certificate/Part46_032768.lean
research/tasks/B677-Lcm/runs/20260908-formalization-92c221/lean/finite/certificate/Part46_049152.lean
research/tasks/B677-Lcm/runs/20260908-formalization-92c221/lean/finite/certificate/Part46_065536.lean
research/tasks/B677-Lcm/runs/20260908-formalization-92c221/lean/finite/certificate/Part46_081920.lean
research/tasks/B677-Lcm/runs/20260908-formalization-92c221/lean/finite/certificate/Part46_098304.lean
research/tasks/B677-Lcm/runs/20260908-formalization-92c221/lean/finite/certificate/Part46_114688.lean
research/tasks/B677-Lcm/runs/20260908-formalization-92c221/lean/finite/certificate/Check46.lean
research/tasks/B677-Lcm/runs/20260908-formalization-92c221/lean/finite/certificate/Data47.lean
research/tasks/B677-Lcm/runs/20260908-formalization-92c221/lean/finite/certificate/Pred47.lean
research/tasks/B677-Lcm/runs/20260908-formalization-92c221/lean/finite/certificate/Part47_000000.lean
research/tasks/B677-Lcm/runs/20260908-formalization-92c221/lean/finite/certificate/Part47_016384.lean
research/tasks/B677-Lcm/runs/20260908-formalization-92c221/lean/finite/certificate/Part47_032768.lean
research/tasks/B677-Lcm/runs/20260908-formalization-92c221/lean/finite/certificate/Part47_049152.lean
research/tasks/B677-Lcm/runs/20260908-formalization-92c221/lean/finite/certificate/Part47_065536.lean
research/tasks/B677-Lcm/runs/20260908-formalization-92c221/lean/finite/certificate/Part47_081920.lean
research/tasks/B677-Lcm/runs/20260908-formalization-92c221/lean/finite/certificate/Part47_098304.lean
research/tasks/B677-Lcm/runs/20260908-formalization-92c221/lean/finite/certificate/Part47_114688.lean
research/tasks/B677-Lcm/runs/20260908-formalization-92c221/lean/finite/certificate/Check47.lean
research/tasks/B677-Lcm/runs/20260908-formalization-92c221/lean/finite/certificate/Data48.lean
research/tasks/B677-Lcm/runs/20260908-formalization-92c221/lean/finite/certificate/Pred48.lean
research/tasks/B677-Lcm/runs/20260908-formalization-92c221/lean/finite/certificate/Part48_000000.lean
research/tasks/B677-Lcm/runs/20260908-formalization-92c221/lean/finite/certificate/Part48_016384.lean
research/tasks/B677-Lcm/runs/20260908-formalization-92c221/lean/finite/certificate/Part48_032768.lean
research/tasks/B677-Lcm/runs/20260908-formalization-92c221/lean/finite/certificate/Part48_049152.lean
research/tasks/B677-Lcm/runs/20260908-formalization-92c221/lean/finite/certificate/Part48_065536.lean
research/tasks/B677-Lcm/runs/20260908-formalization-92c221/lean/finite/certificate/Part48_081920.lean
research/tasks/B677-Lcm/runs/20260908-formalization-92c221/lean/finite/certificate/Part48_098304.lean
research/tasks/B677-Lcm/runs/20260908-formalization-92c221/lean/finite/certificate/Part48_114688.lean
research/tasks/B677-Lcm/runs/20260908-formalization-92c221/lean/finite/certificate/Check48.lean
research/tasks/B677-Lcm/runs/20260908-formalization-92c221/lean/finite/certificate/Data49.lean
research/tasks/B677-Lcm/runs/20260908-formalization-92c221/lean/finite/certificate/Pred49.lean
research/tasks/B677-Lcm/runs/20260908-formalization-92c221/lean/finite/certificate/Part49_000000.lean
research/tasks/B677-Lcm/runs/20260908-formalization-92c221/lean/finite/certificate/Part49_016384.lean
research/tasks/B677-Lcm/runs/20260908-formalization-92c221/lean/finite/certificate/Part49_032768.lean
research/tasks/B677-Lcm/runs/20260908-formalization-92c221/lean/finite/certificate/Part49_049152.lean
research/tasks/B677-Lcm/runs/20260908-formalization-92c221/lean/finite/certificate/Part49_065536.lean
research/tasks/B677-Lcm/runs/20260908-formalization-92c221/lean/finite/certificate/Part49_081920.lean
research/tasks/B677-Lcm/runs/20260908-formalization-92c221/lean/finite/certificate/Part49_098304.lean
research/tasks/B677-Lcm/runs/20260908-formalization-92c221/lean/finite/certificate/Part49_114688.lean
research/tasks/B677-Lcm/runs/20260908-formalization-92c221/lean/finite/certificate/Check49.lean
research/tasks/B677-Lcm/runs/20260908-formalization-92c221/lean/finite/certificate/Data50.lean
research/tasks/B677-Lcm/runs/20260908-formalization-92c221/lean/finite/certificate/Pred50.lean
research/tasks/B677-Lcm/runs/20260908-formalization-92c221/lean/finite/certificate/Part50_000000.lean
research/tasks/B677-Lcm/runs/20260908-formalization-92c221/lean/finite/certificate/Part50_016384.lean
research/tasks/B677-Lcm/runs/20260908-formalization-92c221/lean/finite/certificate/Part50_032768.lean
research/tasks/B677-Lcm/runs/20260908-formalization-92c221/lean/finite/certificate/Part50_049152.lean
research/tasks/B677-Lcm/runs/20260908-formalization-92c221/lean/finite/certificate/Part50_065536.lean
research/tasks/B677-Lcm/runs/20260908-formalization-92c221/lean/finite/certificate/Part50_081920.lean
research/tasks/B677-Lcm/runs/20260908-formalization-92c221/lean/finite/certificate/Part50_098304.lean
research/tasks/B677-Lcm/runs/20260908-formalization-92c221/lean/finite/certificate/Part50_114688.lean
research/tasks/B677-Lcm/runs/20260908-formalization-92c221/lean/finite/certificate/Check50.lean
research/tasks/B677-Lcm/runs/20260908-formalization-92c221/lean/finite/certificate/Data51.lean
research/tasks/B677-Lcm/runs/20260908-formalization-92c221/lean/finite/certificate/Pred51.lean
research/tasks/B677-Lcm/runs/20260908-formalization-92c221/lean/finite/certificate/Part51_000000.lean
research/tasks/B677-Lcm/runs/20260908-formalization-92c221/lean/finite/certificate/Part51_016384.lean
research/tasks/B677-Lcm/runs/20260908-formalization-92c221/lean/finite/certificate/Part51_032768.lean
research/tasks/B677-Lcm/runs/20260908-formalization-92c221/lean/finite/certificate/Part51_049152.lean
research/tasks/B677-Lcm/runs/20260908-formalization-92c221/lean/finite/certificate/Part51_065536.lean
research/tasks/B677-Lcm/runs/20260908-formalization-92c221/lean/finite/certificate/Part51_081920.lean
research/tasks/B677-Lcm/runs/20260908-formalization-92c221/lean/finite/certificate/Part51_098304.lean
research/tasks/B677-Lcm/runs/20260908-formalization-92c221/lean/finite/certificate/Part51_114688.lean
research/tasks/B677-Lcm/runs/20260908-formalization-92c221/lean/finite/certificate/Check51.lean
research/tasks/B677-Lcm/runs/20260908-formalization-92c221/lean/finite/certificate/Data52.lean
research/tasks/B677-Lcm/runs/20260908-formalization-92c221/lean/finite/certificate/Pred52.lean
research/tasks/B677-Lcm/runs/20260908-formalization-92c221/lean/finite/certificate/Part52_000000.lean
research/tasks/B677-Lcm/runs/20260908-formalization-92c221/lean/finite/certificate/Part52_016384.lean
research/tasks/B677-Lcm/runs/20260908-formalization-92c221/lean/finite/certificate/Part52_032768.lean
research/tasks/B677-Lcm/runs/20260908-formalization-92c221/lean/finite/certificate/Part52_049152.lean
research/tasks/B677-Lcm/runs/20260908-formalization-92c221/lean/finite/certificate/Part52_065536.lean
research/tasks/B677-Lcm/runs/20260908-formalization-92c221/lean/finite/certificate/Part52_081920.lean
research/tasks/B677-Lcm/runs/20260908-formalization-92c221/lean/finite/certificate/Part52_098304.lean
research/tasks/B677-Lcm/runs/20260908-formalization-92c221/lean/finite/certificate/Part52_114688.lean
research/tasks/B677-Lcm/runs/20260908-formalization-92c221/lean/finite/certificate/Check52.lean
research/tasks/B677-Lcm/runs/20260908-formalization-92c221/lean/finite/certificate/Data53.lean
research/tasks/B677-Lcm/runs/20260908-formalization-92c221/lean/finite/certificate/Pred53.lean
research/tasks/B677-Lcm/runs/20260908-formalization-92c221/lean/finite/certificate/Part53_000000.lean
research/tasks/B677-Lcm/runs/20260908-formalization-92c221/lean/finite/certificate/Part53_016384.lean
research/tasks/B677-Lcm/runs/20260908-formalization-92c221/lean/finite/certificate/Part53_032768.lean
research/tasks/B677-Lcm/runs/20260908-formalization-92c221/lean/finite/certificate/Part53_049152.lean
research/tasks/B677-Lcm/runs/20260908-formalization-92c221/lean/finite/certificate/Part53_065536.lean
research/tasks/B677-Lcm/runs/20260908-formalization-92c221/lean/finite/certificate/Part53_081920.lean
research/tasks/B677-Lcm/runs/20260908-formalization-92c221/lean/finite/certificate/Part53_098304.lean
research/tasks/B677-Lcm/runs/20260908-formalization-92c221/lean/finite/certificate/Part53_114688.lean
research/tasks/B677-Lcm/runs/20260908-formalization-92c221/lean/finite/certificate/Check53.lean
research/tasks/B677-Lcm/runs/20260908-formalization-92c221/lean/finite/certificate/Data54.lean
research/tasks/B677-Lcm/runs/20260908-formalization-92c221/lean/finite/certificate/Pred54.lean
research/tasks/B677-Lcm/runs/20260908-formalization-92c221/lean/finite/certificate/Part54_000000.lean
research/tasks/B677-Lcm/runs/20260908-formalization-92c221/lean/finite/certificate/Part54_016384.lean
research/tasks/B677-Lcm/runs/20260908-formalization-92c221/lean/finite/certificate/Part54_032768.lean
research/tasks/B677-Lcm/runs/20260908-formalization-92c221/lean/finite/certificate/Part54_049152.lean
research/tasks/B677-Lcm/runs/20260908-formalization-92c221/lean/finite/certificate/Part54_065536.lean
research/tasks/B677-Lcm/runs/20260908-formalization-92c221/lean/finite/certificate/Part54_081920.lean
research/tasks/B677-Lcm/runs/20260908-formalization-92c221/lean/finite/certificate/Part54_098304.lean
research/tasks/B677-Lcm/runs/20260908-formalization-92c221/lean/finite/certificate/Part54_114688.lean
research/tasks/B677-Lcm/runs/20260908-formalization-92c221/lean/finite/certificate/Check54.lean
research/tasks/B677-Lcm/runs/20260908-formalization-92c221/lean/finite/certificate/Data55.lean
research/tasks/B677-Lcm/runs/20260908-formalization-92c221/lean/finite/certificate/Pred55.lean
research/tasks/B677-Lcm/runs/20260908-formalization-92c221/lean/finite/certificate/Part55_000000.lean
research/tasks/B677-Lcm/runs/20260908-formalization-92c221/lean/finite/certificate/Part55_016384.lean
research/tasks/B677-Lcm/runs/20260908-formalization-92c221/lean/finite/certificate/Part55_032768.lean
research/tasks/B677-Lcm/runs/20260908-formalization-92c221/lean/finite/certificate/Part55_049152.lean
research/tasks/B677-Lcm/runs/20260908-formalization-92c221/lean/finite/certificate/Part55_065536.lean
research/tasks/B677-Lcm/runs/20260908-formalization-92c221/lean/finite/certificate/Part55_081920.lean
research/tasks/B677-Lcm/runs/20260908-formalization-92c221/lean/finite/certificate/Part55_098304.lean
research/tasks/B677-Lcm/runs/20260908-formalization-92c221/lean/finite/certificate/Part55_114688.lean
research/tasks/B677-Lcm/runs/20260908-formalization-92c221/lean/finite/certificate/Check55.lean
research/tasks/B677-Lcm/runs/20260908-formalization-92c221/lean/finite/certificate/Data56.lean
research/tasks/B677-Lcm/runs/20260908-formalization-92c221/lean/finite/certificate/Pred56.lean
research/tasks/B677-Lcm/runs/20260908-formalization-92c221/lean/finite/certificate/Part56_000000.lean
research/tasks/B677-Lcm/runs/20260908-formalization-92c221/lean/finite/certificate/Part56_016384.lean
research/tasks/B677-Lcm/runs/20260908-formalization-92c221/lean/finite/certificate/Part56_032768.lean
research/tasks/B677-Lcm/runs/20260908-formalization-92c221/lean/finite/certificate/Part56_049152.lean
research/tasks/B677-Lcm/runs/20260908-formalization-92c221/lean/finite/certificate/Part56_065536.lean
research/tasks/B677-Lcm/runs/20260908-formalization-92c221/lean/finite/certificate/Part56_081920.lean
research/tasks/B677-Lcm/runs/20260908-formalization-92c221/lean/finite/certificate/Part56_098304.lean
research/tasks/B677-Lcm/runs/20260908-formalization-92c221/lean/finite/certificate/Part56_114688.lean
research/tasks/B677-Lcm/runs/20260908-formalization-92c221/lean/finite/certificate/Check56.lean
research/tasks/B677-Lcm/runs/20260908-formalization-92c221/lean/finite/certificate/Data57.lean
research/tasks/B677-Lcm/runs/20260908-formalization-92c221/lean/finite/certificate/Pred57.lean
research/tasks/B677-Lcm/runs/20260908-formalization-92c221/lean/finite/certificate/Part57_000000.lean
research/tasks/B677-Lcm/runs/20260908-formalization-92c221/lean/finite/certificate/Part57_016384.lean
research/tasks/B677-Lcm/runs/20260908-formalization-92c221/lean/finite/certificate/Part57_032768.lean
research/tasks/B677-Lcm/runs/20260908-formalization-92c221/lean/finite/certificate/Part57_049152.lean
research/tasks/B677-Lcm/runs/20260908-formalization-92c221/lean/finite/certificate/Part57_065536.lean
research/tasks/B677-Lcm/runs/20260908-formalization-92c221/lean/finite/certificate/Part57_081920.lean
research/tasks/B677-Lcm/runs/20260908-formalization-92c221/lean/finite/certificate/Part57_098304.lean
research/tasks/B677-Lcm/runs/20260908-formalization-92c221/lean/finite/certificate/Part57_114688.lean
research/tasks/B677-Lcm/runs/20260908-formalization-92c221/lean/finite/certificate/Check57.lean
research/tasks/B677-Lcm/runs/20260908-formalization-92c221/lean/finite/certificate/Data58.lean
research/tasks/B677-Lcm/runs/20260908-formalization-92c221/lean/finite/certificate/Pred58.lean
research/tasks/B677-Lcm/runs/20260908-formalization-92c221/lean/finite/certificate/Part58_000000.lean
research/tasks/B677-Lcm/runs/20260908-formalization-92c221/lean/finite/certificate/Part58_016384.lean
research/tasks/B677-Lcm/runs/20260908-formalization-92c221/lean/finite/certificate/Part58_032768.lean
research/tasks/B677-Lcm/runs/20260908-formalization-92c221/lean/finite/certificate/Part58_049152.lean
research/tasks/B677-Lcm/runs/20260908-formalization-92c221/lean/finite/certificate/Part58_065536.lean
research/tasks/B677-Lcm/runs/20260908-formalization-92c221/lean/finite/certificate/Part58_081920.lean
research/tasks/B677-Lcm/runs/20260908-formalization-92c221/lean/finite/certificate/Part58_098304.lean
research/tasks/B677-Lcm/runs/20260908-formalization-92c221/lean/finite/certificate/Part58_114688.lean
research/tasks/B677-Lcm/runs/20260908-formalization-92c221/lean/finite/certificate/Check58.lean
research/tasks/B677-Lcm/runs/20260908-formalization-92c221/lean/finite/certificate/Data59.lean
research/tasks/B677-Lcm/runs/20260908-formalization-92c221/lean/finite/certificate/Pred59.lean
research/tasks/B677-Lcm/runs/20260908-formalization-92c221/lean/finite/certificate/Part59_000000.lean
research/tasks/B677-Lcm/runs/20260908-formalization-92c221/lean/finite/certificate/Part59_016384.lean
research/tasks/B677-Lcm/runs/20260908-formalization-92c221/lean/finite/certificate/Part59_032768.lean
research/tasks/B677-Lcm/runs/20260908-formalization-92c221/lean/finite/certificate/Part59_049152.lean
research/tasks/B677-Lcm/runs/20260908-formalization-92c221/lean/finite/certificate/Part59_065536.lean
research/tasks/B677-Lcm/runs/20260908-formalization-92c221/lean/finite/certificate/Part59_081920.lean
research/tasks/B677-Lcm/runs/20260908-formalization-92c221/lean/finite/certificate/Part59_098304.lean
research/tasks/B677-Lcm/runs/20260908-formalization-92c221/lean/finite/certificate/Part59_114688.lean
research/tasks/B677-Lcm/runs/20260908-formalization-92c221/lean/finite/certificate/Check59.lean
research/tasks/B677-Lcm/runs/20260908-formalization-92c221/lean/finite/certificate/Data60.lean
research/tasks/B677-Lcm/runs/20260908-formalization-92c221/lean/finite/certificate/Pred60.lean
research/tasks/B677-Lcm/runs/20260908-formalization-92c221/lean/finite/certificate/Part60_000000.lean
research/tasks/B677-Lcm/runs/20260908-formalization-92c221/lean/finite/certificate/Part60_016384.lean
research/tasks/B677-Lcm/runs/20260908-formalization-92c221/lean/finite/certificate/Part60_032768.lean
research/tasks/B677-Lcm/runs/20260908-formalization-92c221/lean/finite/certificate/Part60_049152.lean
research/tasks/B677-Lcm/runs/20260908-formalization-92c221/lean/finite/certificate/Part60_065536.lean
research/tasks/B677-Lcm/runs/20260908-formalization-92c221/lean/finite/certificate/Part60_081920.lean
research/tasks/B677-Lcm/runs/20260908-formalization-92c221/lean/finite/certificate/Part60_098304.lean
research/tasks/B677-Lcm/runs/20260908-formalization-92c221/lean/finite/certificate/Part60_114688.lean
research/tasks/B677-Lcm/runs/20260908-formalization-92c221/lean/finite/certificate/Check60.lean
research/tasks/B677-Lcm/runs/20260908-formalization-92c221/lean/finite/certificate/Data61.lean
research/tasks/B677-Lcm/runs/20260908-formalization-92c221/lean/finite/certificate/Pred61.lean
research/tasks/B677-Lcm/runs/20260908-formalization-92c221/lean/finite/certificate/Part61_000000.lean
research/tasks/B677-Lcm/runs/20260908-formalization-92c221/lean/finite/certificate/Part61_016384.lean
research/tasks/B677-Lcm/runs/20260908-formalization-92c221/lean/finite/certificate/Part61_032768.lean
research/tasks/B677-Lcm/runs/20260908-formalization-92c221/lean/finite/certificate/Part61_049152.lean
research/tasks/B677-Lcm/runs/20260908-formalization-92c221/lean/finite/certificate/Part61_065536.lean
research/tasks/B677-Lcm/runs/20260908-formalization-92c221/lean/finite/certificate/Part61_081920.lean
research/tasks/B677-Lcm/runs/20260908-formalization-92c221/lean/finite/certificate/Part61_098304.lean
research/tasks/B677-Lcm/runs/20260908-formalization-92c221/lean/finite/certificate/Part61_114688.lean
research/tasks/B677-Lcm/runs/20260908-formalization-92c221/lean/finite/certificate/Check61.lean
research/tasks/B677-Lcm/runs/20260908-formalization-92c221/lean/finite/certificate/Data62.lean
research/tasks/B677-Lcm/runs/20260908-formalization-92c221/lean/finite/certificate/Pred62.lean
research/tasks/B677-Lcm/runs/20260908-formalization-92c221/lean/finite/certificate/Part62_000000.lean
research/tasks/B677-Lcm/runs/20260908-formalization-92c221/lean/finite/certificate/Part62_016384.lean
research/tasks/B677-Lcm/runs/20260908-formalization-92c221/lean/finite/certificate/Part62_032768.lean
research/tasks/B677-Lcm/runs/20260908-formalization-92c221/lean/finite/certificate/Part62_049152.lean
research/tasks/B677-Lcm/runs/20260908-formalization-92c221/lean/finite/certificate/Part62_065536.lean
research/tasks/B677-Lcm/runs/20260908-formalization-92c221/lean/finite/certificate/Part62_081920.lean
research/tasks/B677-Lcm/runs/20260908-formalization-92c221/lean/finite/certificate/Part62_098304.lean
research/tasks/B677-Lcm/runs/20260908-formalization-92c221/lean/finite/certificate/Part62_114688.lean
research/tasks/B677-Lcm/runs/20260908-formalization-92c221/lean/finite/certificate/Check62.lean
research/tasks/B677-Lcm/runs/20260908-formalization-92c221/lean/finite/certificate/Data63.lean
research/tasks/B677-Lcm/runs/20260908-formalization-92c221/lean/finite/certificate/Pred63.lean
research/tasks/B677-Lcm/runs/20260908-formalization-92c221/lean/finite/certificate/Part63_000000.lean
research/tasks/B677-Lcm/runs/20260908-formalization-92c221/lean/finite/certificate/Part63_016384.lean
research/tasks/B677-Lcm/runs/20260908-formalization-92c221/lean/finite/certificate/Part63_032768.lean
research/tasks/B677-Lcm/runs/20260908-formalization-92c221/lean/finite/certificate/Part63_049152.lean
research/tasks/B677-Lcm/runs/20260908-formalization-92c221/lean/finite/certificate/Part63_065536.lean
research/tasks/B677-Lcm/runs/20260908-formalization-92c221/lean/finite/certificate/Part63_081920.lean
research/tasks/B677-Lcm/runs/20260908-formalization-92c221/lean/finite/certificate/Part63_098304.lean
research/tasks/B677-Lcm/runs/20260908-formalization-92c221/lean/finite/certificate/Part63_114688.lean
research/tasks/B677-Lcm/runs/20260908-formalization-92c221/lean/finite/certificate/Check63.lean
research/tasks/B677-Lcm/runs/20260908-formalization-92c221/lean/finite/certificate/Data64.lean
research/tasks/B677-Lcm/runs/20260908-formalization-92c221/lean/finite/certificate/Pred64.lean
research/tasks/B677-Lcm/runs/20260908-formalization-92c221/lean/finite/certificate/Part64_000000.lean
research/tasks/B677-Lcm/runs/20260908-formalization-92c221/lean/finite/certificate/Part64_016384.lean
research/tasks/B677-Lcm/runs/20260908-formalization-92c221/lean/finite/certificate/Part64_032768.lean
research/tasks/B677-Lcm/runs/20260908-formalization-92c221/lean/finite/certificate/Part64_049152.lean
research/tasks/B677-Lcm/runs/20260908-formalization-92c221/lean/finite/certificate/Part64_065536.lean
research/tasks/B677-Lcm/runs/20260908-formalization-92c221/lean/finite/certificate/Part64_081920.lean
research/tasks/B677-Lcm/runs/20260908-formalization-92c221/lean/finite/certificate/Part64_098304.lean
research/tasks/B677-Lcm/runs/20260908-formalization-92c221/lean/finite/certificate/Part64_114688.lean
research/tasks/B677-Lcm/runs/20260908-formalization-92c221/lean/finite/certificate/Check64.lean
research/tasks/B677-Lcm/runs/20260908-formalization-92c221/lean/finite/certificate/Data65.lean
research/tasks/B677-Lcm/runs/20260908-formalization-92c221/lean/finite/certificate/Pred65.lean
research/tasks/B677-Lcm/runs/20260908-formalization-92c221/lean/finite/certificate/Part65_000000.lean
research/tasks/B677-Lcm/runs/20260908-formalization-92c221/lean/finite/certificate/Part65_016384.lean
research/tasks/B677-Lcm/runs/20260908-formalization-92c221/lean/finite/certificate/Part65_032768.lean
research/tasks/B677-Lcm/runs/20260908-formalization-92c221/lean/finite/certificate/Part65_049152.lean
research/tasks/B677-Lcm/runs/20260908-formalization-92c221/lean/finite/certificate/Part65_065536.lean
research/tasks/B677-Lcm/runs/20260908-formalization-92c221/lean/finite/certificate/Part65_081920.lean
research/tasks/B677-Lcm/runs/20260908-formalization-92c221/lean/finite/certificate/Part65_098304.lean
research/tasks/B677-Lcm/runs/20260908-formalization-92c221/lean/finite/certificate/Part65_114688.lean
research/tasks/B677-Lcm/runs/20260908-formalization-92c221/lean/finite/certificate/Check65.lean
research/tasks/B677-Lcm/runs/20260908-formalization-92c221/lean/finite/certificate/Data66.lean
research/tasks/B677-Lcm/runs/20260908-formalization-92c221/lean/finite/certificate/Pred66.lean
research/tasks/B677-Lcm/runs/20260908-formalization-92c221/lean/finite/certificate/Part66_000000.lean
research/tasks/B677-Lcm/runs/20260908-formalization-92c221/lean/finite/certificate/Part66_016384.lean
research/tasks/B677-Lcm/runs/20260908-formalization-92c221/lean/finite/certificate/Part66_032768.lean
research/tasks/B677-Lcm/runs/20260908-formalization-92c221/lean/finite/certificate/Part66_049152.lean
research/tasks/B677-Lcm/runs/20260908-formalization-92c221/lean/finite/certificate/Part66_065536.lean
research/tasks/B677-Lcm/runs/20260908-formalization-92c221/lean/finite/certificate/Part66_081920.lean
research/tasks/B677-Lcm/runs/20260908-formalization-92c221/lean/finite/certificate/Part66_098304.lean
research/tasks/B677-Lcm/runs/20260908-formalization-92c221/lean/finite/certificate/Part66_114688.lean
research/tasks/B677-Lcm/runs/20260908-formalization-92c221/lean/finite/certificate/Check66.lean
research/tasks/B677-Lcm/runs/20260908-formalization-92c221/lean/finite/certificate/Data67.lean
research/tasks/B677-Lcm/runs/20260908-formalization-92c221/lean/finite/certificate/Pred67.lean
research/tasks/B677-Lcm/runs/20260908-formalization-92c221/lean/finite/certificate/Part67_000000.lean
research/tasks/B677-Lcm/runs/20260908-formalization-92c221/lean/finite/certificate/Part67_016384.lean
research/tasks/B677-Lcm/runs/20260908-formalization-92c221/lean/finite/certificate/Part67_032768.lean
research/tasks/B677-Lcm/runs/20260908-formalization-92c221/lean/finite/certificate/Part67_049152.lean
research/tasks/B677-Lcm/runs/20260908-formalization-92c221/lean/finite/certificate/Part67_065536.lean
research/tasks/B677-Lcm/runs/20260908-formalization-92c221/lean/finite/certificate/Part67_081920.lean
research/tasks/B677-Lcm/runs/20260908-formalization-92c221/lean/finite/certificate/Part67_098304.lean
research/tasks/B677-Lcm/runs/20260908-formalization-92c221/lean/finite/certificate/Part67_114688.lean
research/tasks/B677-Lcm/runs/20260908-formalization-92c221/lean/finite/certificate/Check67.lean
research/tasks/B677-Lcm/runs/20260908-formalization-92c221/lean/finite/certificate/Data68.lean
research/tasks/B677-Lcm/runs/20260908-formalization-92c221/lean/finite/certificate/Pred68.lean
research/tasks/B677-Lcm/runs/20260908-formalization-92c221/lean/finite/certificate/Part68_000000.lean
research/tasks/B677-Lcm/runs/20260908-formalization-92c221/lean/finite/certificate/Part68_016384.lean
research/tasks/B677-Lcm/runs/20260908-formalization-92c221/lean/finite/certificate/Part68_032768.lean
research/tasks/B677-Lcm/runs/20260908-formalization-92c221/lean/finite/certificate/Part68_049152.lean
research/tasks/B677-Lcm/runs/20260908-formalization-92c221/lean/finite/certificate/Part68_065536.lean
research/tasks/B677-Lcm/runs/20260908-formalization-92c221/lean/finite/certificate/Part68_081920.lean
research/tasks/B677-Lcm/runs/20260908-formalization-92c221/lean/finite/certificate/Part68_098304.lean
research/tasks/B677-Lcm/runs/20260908-formalization-92c221/lean/finite/certificate/Part68_114688.lean
research/tasks/B677-Lcm/runs/20260908-formalization-92c221/lean/finite/certificate/Check68.lean
research/tasks/B677-Lcm/runs/20260908-formalization-92c221/lean/finite/certificate/Data69.lean
research/tasks/B677-Lcm/runs/20260908-formalization-92c221/lean/finite/certificate/Pred69.lean
research/tasks/B677-Lcm/runs/20260908-formalization-92c221/lean/finite/certificate/Part69_000000.lean
research/tasks/B677-Lcm/runs/20260908-formalization-92c221/lean/finite/certificate/Part69_016384.lean
research/tasks/B677-Lcm/runs/20260908-formalization-92c221/lean/finite/certificate/Part69_032768.lean
research/tasks/B677-Lcm/runs/20260908-formalization-92c221/lean/finite/certificate/Part69_049152.lean
research/tasks/B677-Lcm/runs/20260908-formalization-92c221/lean/finite/certificate/Part69_065536.lean
research/tasks/B677-Lcm/runs/20260908-formalization-92c221/lean/finite/certificate/Part69_081920.lean
research/tasks/B677-Lcm/runs/20260908-formalization-92c221/lean/finite/certificate/Part69_098304.lean
research/tasks/B677-Lcm/runs/20260908-formalization-92c221/lean/finite/certificate/Part69_114688.lean
research/tasks/B677-Lcm/runs/20260908-formalization-92c221/lean/finite/certificate/Check69.lean
research/tasks/B677-Lcm/runs/20260908-formalization-92c221/lean/finite/certificate/Data70.lean
research/tasks/B677-Lcm/runs/20260908-formalization-92c221/lean/finite/certificate/Pred70.lean
research/tasks/B677-Lcm/runs/20260908-formalization-92c221/lean/finite/certificate/Part70_000000.lean
research/tasks/B677-Lcm/runs/20260908-formalization-92c221/lean/finite/certificate/Part70_016384.lean
research/tasks/B677-Lcm/runs/20260908-formalization-92c221/lean/finite/certificate/Part70_032768.lean
research/tasks/B677-Lcm/runs/20260908-formalization-92c221/lean/finite/certificate/Part70_049152.lean
research/tasks/B677-Lcm/runs/20260908-formalization-92c221/lean/finite/certificate/Part70_065536.lean
research/tasks/B677-Lcm/runs/20260908-formalization-92c221/lean/finite/certificate/Part70_081920.lean
research/tasks/B677-Lcm/runs/20260908-formalization-92c221/lean/finite/certificate/Part70_098304.lean
research/tasks/B677-Lcm/runs/20260908-formalization-92c221/lean/finite/certificate/Part70_114688.lean
research/tasks/B677-Lcm/runs/20260908-formalization-92c221/lean/finite/certificate/Check70.lean
research/tasks/B677-Lcm/runs/20260908-formalization-92c221/lean/finite/certificate/Data71.lean
research/tasks/B677-Lcm/runs/20260908-formalization-92c221/lean/finite/certificate/Pred71.lean
research/tasks/B677-Lcm/runs/20260908-formalization-92c221/lean/finite/certificate/Part71_000000.lean
research/tasks/B677-Lcm/runs/20260908-formalization-92c221/lean/finite/certificate/Part71_016384.lean
research/tasks/B677-Lcm/runs/20260908-formalization-92c221/lean/finite/certificate/Part71_032768.lean
research/tasks/B677-Lcm/runs/20260908-formalization-92c221/lean/finite/certificate/Part71_049152.lean
research/tasks/B677-Lcm/runs/20260908-formalization-92c221/lean/finite/certificate/Part71_065536.lean
research/tasks/B677-Lcm/runs/20260908-formalization-92c221/lean/finite/certificate/Part71_081920.lean
research/tasks/B677-Lcm/runs/20260908-formalization-92c221/lean/finite/certificate/Part71_098304.lean
research/tasks/B677-Lcm/runs/20260908-formalization-92c221/lean/finite/certificate/Part71_114688.lean
research/tasks/B677-Lcm/runs/20260908-formalization-92c221/lean/finite/certificate/Check71.lean
research/tasks/B677-Lcm/runs/20260908-formalization-92c221/lean/finite/certificate/Consumer.lean
research/tasks/B677-Lcm/runs/20260908-formalization-92c221/lean/finite/PrimeChain.lean
research/tasks/B677-Lcm/runs/20260908-formalization-92c221/lean/finite/PrimeCertificateKernel.lean
research/tasks/B677-Lcm/runs/20260908-formalization-92c221/lean/finite/Consumer.lean

Source policy passed for exact closure.
