bounds 220 168 533
prime 1 1000000009 Mbits 30 secs 0.29
prime 2 1000000021 Mbits 60 secs 0.61
prime 3 1000000033 Mbits 90 secs 0.91
prime 4 1000000087 Mbits 120 secs 1.22
prime 5 1000000093 Mbits 150 secs 1.55
prime 6 1000000097 Mbits 180 secs 1.87
prime 7 1000000103 Mbits 210 secs 2.18
prime 8 1000000123 Mbits 240 secs 2.49
prime 9 1000000181 Mbits 270 secs 2.81
prime 10 1000000207 Mbits 299 secs 3.12
prime 11 1000000223 Mbits 329 secs 3.46
prime 12 1000000241 Mbits 359 secs 3.78
prime 13 1000000271 Mbits 389 secs 4.18
prime 14 1000000289 Mbits 419 secs 4.5
prime 15 1000000297 Mbits 449 secs 4.82
prime 16 1000000321 Mbits 479 secs 5.15
prime 17 1000000349 Mbits 509 secs 5.5
prime 18 1000000363 Mbits 539 secs 5.82
removed u 35 left 21905
removed y 20 left 21905
removed u-1 28 left 18041
removed y-1 4 left 17457
DONE 2 21905 coeff max bits 390 seconds 6.340796709060669
