# command: LEAN -j1 -M1536 -DautoImplicit=false -DrelaxedAutoImplicit=false --root=PROJECT_ROOT -o .tools/20260911-low-index-lean-513dc7cc/20260911T191534943443Z/olean/research/tasks/B699-Binomial/runs/20260911-low-index-lean-513dc7cc/lean/Growth/I11TwoFiveLeaves.olean research/tasks/B699-Binomial/runs/20260911-low-index-lean-513dc7cc/lean/Growth/I11TwoFiveLeaves.lean
# cwd: PROJECT_ROOT
# started_utc: 2026-09-11T19:16:11.620793Z
# finished_utc: 2026-09-11T19:16:57.400548Z
# exit_code: 0
# timed_out: False
PROJECT_ROOT\research\tasks\B699-Binomial\runs\20260911-low-index-lean-513dc7cc\lean\Growth\I11TwoFiveLeaves.lean:75:84: warning: Used `tac1 <;> tac2` where `(tac1; tac2)` would suffice

Note: This linter can be disabled with `set_option linter.unnecessarySeqFocus false`
PROJECT_ROOT\research\tasks\B699-Binomial\runs\20260911-low-index-lean-513dc7cc\lean\Growth\I11TwoFiveLeaves.lean:82:63: warning: Used `tac1 <;> tac2` where `(tac1; tac2)` would suffice

Note: This linter can be disabled with `set_option linter.unnecessarySeqFocus false`
'Math.B699.I11TwoFiveGrowth.QLeaf000.actual_gap_eq' depends on axioms: [propext, Classical.choice, Quot.sound]
'Math.B699.I11TwoFiveGrowth.QLeaf000.leafMap_eq_path' depends on axioms: [propext, Classical.choice, Quot.sound]
'Math.B699.I11TwoFiveGrowth.QLeaf000.gapExpansion_cone' depends on axioms: [propext, Classical.choice, Quot.sound]
'Math.B699.I11TwoFiveGrowth.QLeaf000.local_gap_cone' depends on axioms: [propext, Classical.choice, Quot.sound]
'Math.B699.I11TwoFiveGrowth.QLeaf000.local_core_cone' depends on axioms: [propext, Classical.choice, Quot.sound]
'Math.B699.I11TwoFiveGrowth.QLeaf000.local_weight0_cone' depends on axioms: [propext, Classical.choice, Quot.sound]
'Math.B699.I11TwoFiveGrowth.QLeaf000.local_weight1_cone' depends on axioms: [propext, Classical.choice, Quot.sound]
'Math.B699.I11TwoFiveGrowth.QLeaf000.leaf_delta0' depends on axioms: [propext, Classical.choice, Quot.sound]
'Math.B699.I11TwoFiveGrowth.QLeaf000.leaf_delta1' depends on axioms: [propext, Classical.choice, Quot.sound]
PROJECT_ROOT\research\tasks\B699-Binomial\runs\20260911-low-index-lean-513dc7cc\lean\Growth\I11TwoFiveLeaves.lean:206:84: warning: Used `tac1 <;> tac2` where `(tac1; tac2)` would suffice

Note: This linter can be disabled with `set_option linter.unnecessarySeqFocus false`
PROJECT_ROOT\research\tasks\B699-Binomial\runs\20260911-low-index-lean-513dc7cc\lean\Growth\I11TwoFiveLeaves.lean:213:63: warning: Used `tac1 <;> tac2` where `(tac1; tac2)` would suffice

Note: This linter can be disabled with `set_option linter.unnecessarySeqFocus false`
'Math.B699.I11TwoFiveGrowth.QLeaf001.actual_gap_eq' depends on axioms: [propext, Classical.choice, Quot.sound]
'Math.B699.I11TwoFiveGrowth.QLeaf001.leafMap_eq_path' depends on axioms: [propext, Classical.choice, Quot.sound]
'Math.B699.I11TwoFiveGrowth.QLeaf001.gapExpansion_cone' depends on axioms: [propext, Classical.choice, Quot.sound]
'Math.B699.I11TwoFiveGrowth.QLeaf001.local_gap_cone' depends on axioms: [propext, Classical.choice, Quot.sound]
'Math.B699.I11TwoFiveGrowth.QLeaf001.local_core_cone' depends on axioms: [propext, Classical.choice, Quot.sound]
'Math.B699.I11TwoFiveGrowth.QLeaf001.local_weight0_cone' depends on axioms: [propext, Classical.choice, Quot.sound]
'Math.B699.I11TwoFiveGrowth.QLeaf001.local_weight1_cone' depends on axioms: [propext, Classical.choice, Quot.sound]
'Math.B699.I11TwoFiveGrowth.QLeaf001.leaf_delta0' depends on axioms: [propext, Classical.choice, Quot.sound]
'Math.B699.I11TwoFiveGrowth.QLeaf001.leaf_delta1' depends on axioms: [propext, Classical.choice, Quot.sound]
PROJECT_ROOT\research\tasks\B699-Binomial\runs\20260911-low-index-lean-513dc7cc\lean\Growth\I11TwoFiveLeaves.lean:337:84: warning: Used `tac1 <;> tac2` where `(tac1; tac2)` would suffice

Note: This linter can be disabled with `set_option linter.unnecessarySeqFocus false`
PROJECT_ROOT\research\tasks\B699-Binomial\runs\20260911-low-index-lean-513dc7cc\lean\Growth\I11TwoFiveLeaves.lean:344:63: warning: Used `tac1 <;> tac2` where `(tac1; tac2)` would suffice

Note: This linter can be disabled with `set_option linter.unnecessarySeqFocus false`
'Math.B699.I11TwoFiveGrowth.QLeaf002.actual_gap_eq' depends on axioms: [propext, Classical.choice, Quot.sound]
'Math.B699.I11TwoFiveGrowth.QLeaf002.leafMap_eq_path' depends on axioms: [propext, Classical.choice, Quot.sound]
'Math.B699.I11TwoFiveGrowth.QLeaf002.gapExpansion_cone' depends on axioms: [propext, Classical.choice, Quot.sound]
'Math.B699.I11TwoFiveGrowth.QLeaf002.local_gap_cone' depends on axioms: [propext, Classical.choice, Quot.sound]
'Math.B699.I11TwoFiveGrowth.QLeaf002.local_core_cone' depends on axioms: [propext, Classical.choice, Quot.sound]
'Math.B699.I11TwoFiveGrowth.QLeaf002.local_weight0_cone' depends on axioms: [propext, Classical.choice, Quot.sound]
'Math.B699.I11TwoFiveGrowth.QLeaf002.local_weight1_cone' depends on axioms: [propext, Classical.choice, Quot.sound]
'Math.B699.I11TwoFiveGrowth.QLeaf002.leaf_delta0' depends on axioms: [propext, Classical.choice, Quot.sound]
'Math.B699.I11TwoFiveGrowth.QLeaf002.leaf_delta1' depends on axioms: [propext, Classical.choice, Quot.sound]
PROJECT_ROOT\research\tasks\B699-Binomial\runs\20260911-low-index-lean-513dc7cc\lean\Growth\I11TwoFiveLeaves.lean:468:84: warning: Used `tac1 <;> tac2` where `(tac1; tac2)` would suffice

Note: This linter can be disabled with `set_option linter.unnecessarySeqFocus false`
PROJECT_ROOT\research\tasks\B699-Binomial\runs\20260911-low-index-lean-513dc7cc\lean\Growth\I11TwoFiveLeaves.lean:475:63: warning: Used `tac1 <;> tac2` where `(tac1; tac2)` would suffice

Note: This linter can be disabled with `set_option linter.unnecessarySeqFocus false`
'Math.B699.I11TwoFiveGrowth.QLeaf003.actual_gap_eq' depends on axioms: [propext, Classical.choice, Quot.sound]
'Math.B699.I11TwoFiveGrowth.QLeaf003.leafMap_eq_path' depends on axioms: [propext, Classical.choice, Quot.sound]
'Math.B699.I11TwoFiveGrowth.QLeaf003.gapExpansion_cone' depends on axioms: [propext, Classical.choice, Quot.sound]
'Math.B699.I11TwoFiveGrowth.QLeaf003.local_gap_cone' depends on axioms: [propext, Classical.choice, Quot.sound]
'Math.B699.I11TwoFiveGrowth.QLeaf003.local_core_cone' depends on axioms: [propext, Classical.choice, Quot.sound]
'Math.B699.I11TwoFiveGrowth.QLeaf003.local_weight0_cone' depends on axioms: [propext, Classical.choice, Quot.sound]
'Math.B699.I11TwoFiveGrowth.QLeaf003.local_weight1_cone' depends on axioms: [propext, Classical.choice, Quot.sound]
'Math.B699.I11TwoFiveGrowth.QLeaf003.leaf_delta0' depends on axioms: [propext, Classical.choice, Quot.sound]
'Math.B699.I11TwoFiveGrowth.QLeaf003.leaf_delta1' depends on axioms: [propext, Classical.choice, Quot.sound]
PROJECT_ROOT\research\tasks\B699-Binomial\runs\20260911-low-index-lean-513dc7cc\lean\Growth\I11TwoFiveLeaves.lean:599:84: warning: Used `tac1 <;> tac2` where `(tac1; tac2)` would suffice

Note: This linter can be disabled with `set_option linter.unnecessarySeqFocus false`
PROJECT_ROOT\research\tasks\B699-Binomial\runs\20260911-low-index-lean-513dc7cc\lean\Growth\I11TwoFiveLeaves.lean:606:63: warning: Used `tac1 <;> tac2` where `(tac1; tac2)` would suffice

Note: This linter can be disabled with `set_option linter.unnecessarySeqFocus false`
'Math.B699.I11TwoFiveGrowth.QLeaf004.actual_gap_eq' depends on axioms: [propext, Classical.choice, Quot.sound]
'Math.B699.I11TwoFiveGrowth.QLeaf004.leafMap_eq_path' depends on axioms: [propext, Classical.choice, Quot.sound]
'Math.B699.I11TwoFiveGrowth.QLeaf004.gapExpansion_cone' depends on axioms: [propext, Classical.choice, Quot.sound]
'Math.B699.I11TwoFiveGrowth.QLeaf004.local_gap_cone' depends on axioms: [propext, Classical.choice, Quot.sound]
'Math.B699.I11TwoFiveGrowth.QLeaf004.local_core_cone' depends on axioms: [propext, Classical.choice, Quot.sound]
'Math.B699.I11TwoFiveGrowth.QLeaf004.local_weight0_cone' depends on axioms: [propext, Classical.choice, Quot.sound]
'Math.B699.I11TwoFiveGrowth.QLeaf004.local_weight1_cone' depends on axioms: [propext, Classical.choice, Quot.sound]
'Math.B699.I11TwoFiveGrowth.QLeaf004.leaf_delta0' depends on axioms: [propext, Classical.choice, Quot.sound]
'Math.B699.I11TwoFiveGrowth.QLeaf004.leaf_delta1' depends on axioms: [propext, Classical.choice, Quot.sound]
PROJECT_ROOT\research\tasks\B699-Binomial\runs\20260911-low-index-lean-513dc7cc\lean\Growth\I11TwoFiveLeaves.lean:730:84: warning: Used `tac1 <;> tac2` where `(tac1; tac2)` would suffice

Note: This linter can be disabled with `set_option linter.unnecessarySeqFocus false`
PROJECT_ROOT\research\tasks\B699-Binomial\runs\20260911-low-index-lean-513dc7cc\lean\Growth\I11TwoFiveLeaves.lean:737:63: warning: Used `tac1 <;> tac2` where `(tac1; tac2)` would suffice

Note: This linter can be disabled with `set_option linter.unnecessarySeqFocus false`
'Math.B699.I11TwoFiveGrowth.QLeaf005.actual_gap_eq' depends on axioms: [propext, Classical.choice, Quot.sound]
'Math.B699.I11TwoFiveGrowth.QLeaf005.leafMap_eq_path' depends on axioms: [propext, Classical.choice, Quot.sound]
'Math.B699.I11TwoFiveGrowth.QLeaf005.gapExpansion_cone' depends on axioms: [propext, Classical.choice, Quot.sound]
'Math.B699.I11TwoFiveGrowth.QLeaf005.local_gap_cone' depends on axioms: [propext, Classical.choice, Quot.sound]
'Math.B699.I11TwoFiveGrowth.QLeaf005.local_core_cone' depends on axioms: [propext, Classical.choice, Quot.sound]
'Math.B699.I11TwoFiveGrowth.QLeaf005.local_weight0_cone' depends on axioms: [propext, Classical.choice, Quot.sound]
'Math.B699.I11TwoFiveGrowth.QLeaf005.local_weight1_cone' depends on axioms: [propext, Classical.choice, Quot.sound]
'Math.B699.I11TwoFiveGrowth.QLeaf005.leaf_delta0' depends on axioms: [propext, Classical.choice, Quot.sound]
'Math.B699.I11TwoFiveGrowth.QLeaf005.leaf_delta1' depends on axioms: [propext, Classical.choice, Quot.sound]
PROJECT_ROOT\research\tasks\B699-Binomial\runs\20260911-low-index-lean-513dc7cc\lean\Growth\I11TwoFiveLeaves.lean:861:84: warning: Used `tac1 <;> tac2` where `(tac1; tac2)` would suffice

Note: This linter can be disabled with `set_option linter.unnecessarySeqFocus false`
PROJECT_ROOT\research\tasks\B699-Binomial\runs\20260911-low-index-lean-513dc7cc\lean\Growth\I11TwoFiveLeaves.lean:868:63: warning: Used `tac1 <;> tac2` where `(tac1; tac2)` would suffice

Note: This linter can be disabled with `set_option linter.unnecessarySeqFocus false`
'Math.B699.I11TwoFiveGrowth.QLeaf006.actual_gap_eq' depends on axioms: [propext, Classical.choice, Quot.sound]
'Math.B699.I11TwoFiveGrowth.QLeaf006.leafMap_eq_path' depends on axioms: [propext, Classical.choice, Quot.sound]
'Math.B699.I11TwoFiveGrowth.QLeaf006.gapExpansion_cone' depends on axioms: [propext, Classical.choice, Quot.sound]
'Math.B699.I11TwoFiveGrowth.QLeaf006.local_gap_cone' depends on axioms: [propext, Classical.choice, Quot.sound]
'Math.B699.I11TwoFiveGrowth.QLeaf006.local_core_cone' depends on axioms: [propext, Classical.choice, Quot.sound]
'Math.B699.I11TwoFiveGrowth.QLeaf006.local_weight0_cone' depends on axioms: [propext, Classical.choice, Quot.sound]
'Math.B699.I11TwoFiveGrowth.QLeaf006.local_weight1_cone' depends on axioms: [propext, Classical.choice, Quot.sound]
'Math.B699.I11TwoFiveGrowth.QLeaf006.leaf_delta0' depends on axioms: [propext, Classical.choice, Quot.sound]
'Math.B699.I11TwoFiveGrowth.QLeaf006.leaf_delta1' depends on axioms: [propext, Classical.choice, Quot.sound]
PROJECT_ROOT\research\tasks\B699-Binomial\runs\20260911-low-index-lean-513dc7cc\lean\Growth\I11TwoFiveLeaves.lean:992:84: warning: Used `tac1 <;> tac2` where `(tac1; tac2)` would suffice

Note: This linter can be disabled with `set_option linter.unnecessarySeqFocus false`
PROJECT_ROOT\research\tasks\B699-Binomial\runs\20260911-low-index-lean-513dc7cc\lean\Growth\I11TwoFiveLeaves.lean:999:63: warning: Used `tac1 <;> tac2` where `(tac1; tac2)` would suffice

Note: This linter can be disabled with `set_option linter.unnecessarySeqFocus false`
'Math.B699.I11TwoFiveGrowth.QLeaf007.actual_gap_eq' depends on axioms: [propext, Classical.choice, Quot.sound]
'Math.B699.I11TwoFiveGrowth.QLeaf007.leafMap_eq_path' depends on axioms: [propext, Classical.choice, Quot.sound]
'Math.B699.I11TwoFiveGrowth.QLeaf007.gapExpansion_cone' depends on axioms: [propext, Classical.choice, Quot.sound]
'Math.B699.I11TwoFiveGrowth.QLeaf007.local_gap_cone' depends on axioms: [propext, Classical.choice, Quot.sound]
'Math.B699.I11TwoFiveGrowth.QLeaf007.local_core_cone' depends on axioms: [propext, Classical.choice, Quot.sound]
'Math.B699.I11TwoFiveGrowth.QLeaf007.local_weight0_cone' depends on axioms: [propext, Classical.choice, Quot.sound]
'Math.B699.I11TwoFiveGrowth.QLeaf007.local_weight1_cone' depends on axioms: [propext, Classical.choice, Quot.sound]
'Math.B699.I11TwoFiveGrowth.QLeaf007.leaf_delta0' depends on axioms: [propext, Classical.choice, Quot.sound]
'Math.B699.I11TwoFiveGrowth.QLeaf007.leaf_delta1' depends on axioms: [propext, Classical.choice, Quot.sound]
PROJECT_ROOT\research\tasks\B699-Binomial\runs\20260911-low-index-lean-513dc7cc\lean\Growth\I11TwoFiveLeaves.lean:1123:84: warning: Used `tac1 <;> tac2` where `(tac1; tac2)` would suffice

Note: This linter can be disabled with `set_option linter.unnecessarySeqFocus false`
PROJECT_ROOT\research\tasks\B699-Binomial\runs\20260911-low-index-lean-513dc7cc\lean\Growth\I11TwoFiveLeaves.lean:1130:63: warning: Used `tac1 <;> tac2` where `(tac1; tac2)` would suffice

Note: This linter can be disabled with `set_option linter.unnecessarySeqFocus false`
'Math.B699.I11TwoFiveGrowth.QLeaf008.actual_gap_eq' depends on axioms: [propext, Classical.choice, Quot.sound]
'Math.B699.I11TwoFiveGrowth.QLeaf008.leafMap_eq_path' depends on axioms: [propext, Classical.choice, Quot.sound]
'Math.B699.I11TwoFiveGrowth.QLeaf008.gapExpansion_cone' depends on axioms: [propext, Classical.choice, Quot.sound]
'Math.B699.I11TwoFiveGrowth.QLeaf008.local_gap_cone' depends on axioms: [propext, Classical.choice, Quot.sound]
'Math.B699.I11TwoFiveGrowth.QLeaf008.local_core_cone' depends on axioms: [propext, Classical.choice, Quot.sound]
'Math.B699.I11TwoFiveGrowth.QLeaf008.local_weight0_cone' depends on axioms: [propext, Classical.choice, Quot.sound]
'Math.B699.I11TwoFiveGrowth.QLeaf008.local_weight1_cone' depends on axioms: [propext, Classical.choice, Quot.sound]
'Math.B699.I11TwoFiveGrowth.QLeaf008.leaf_delta0' depends on axioms: [propext, Classical.choice, Quot.sound]
'Math.B699.I11TwoFiveGrowth.QLeaf008.leaf_delta1' depends on axioms: [propext, Classical.choice, Quot.sound]
PROJECT_ROOT\research\tasks\B699-Binomial\runs\20260911-low-index-lean-513dc7cc\lean\Growth\I11TwoFiveLeaves.lean:1254:84: warning: Used `tac1 <;> tac2` where `(tac1; tac2)` would suffice

Note: This linter can be disabled with `set_option linter.unnecessarySeqFocus false`
PROJECT_ROOT\research\tasks\B699-Binomial\runs\20260911-low-index-lean-513dc7cc\lean\Growth\I11TwoFiveLeaves.lean:1261:63: warning: Used `tac1 <;> tac2` where `(tac1; tac2)` would suffice

Note: This linter can be disabled with `set_option linter.unnecessarySeqFocus false`
'Math.B699.I11TwoFiveGrowth.QLeaf009.actual_gap_eq' depends on axioms: [propext, Classical.choice, Quot.sound]
'Math.B699.I11TwoFiveGrowth.QLeaf009.leafMap_eq_path' depends on axioms: [propext, Classical.choice, Quot.sound]
'Math.B699.I11TwoFiveGrowth.QLeaf009.gapExpansion_cone' depends on axioms: [propext, Classical.choice, Quot.sound]
'Math.B699.I11TwoFiveGrowth.QLeaf009.local_gap_cone' depends on axioms: [propext, Classical.choice, Quot.sound]
'Math.B699.I11TwoFiveGrowth.QLeaf009.local_core_cone' depends on axioms: [propext, Classical.choice, Quot.sound]
'Math.B699.I11TwoFiveGrowth.QLeaf009.local_weight0_cone' depends on axioms: [propext, Classical.choice, Quot.sound]
'Math.B699.I11TwoFiveGrowth.QLeaf009.local_weight1_cone' depends on axioms: [propext, Classical.choice, Quot.sound]
'Math.B699.I11TwoFiveGrowth.QLeaf009.leaf_delta0' depends on axioms: [propext, Classical.choice, Quot.sound]
'Math.B699.I11TwoFiveGrowth.QLeaf009.leaf_delta1' depends on axioms: [propext, Classical.choice, Quot.sound]
PROJECT_ROOT\research\tasks\B699-Binomial\runs\20260911-low-index-lean-513dc7cc\lean\Growth\I11TwoFiveLeaves.lean:1385:84: warning: Used `tac1 <;> tac2` where `(tac1; tac2)` would suffice

Note: This linter can be disabled with `set_option linter.unnecessarySeqFocus false`
PROJECT_ROOT\research\tasks\B699-Binomial\runs\20260911-low-index-lean-513dc7cc\lean\Growth\I11TwoFiveLeaves.lean:1392:63: warning: Used `tac1 <;> tac2` where `(tac1; tac2)` would suffice

Note: This linter can be disabled with `set_option linter.unnecessarySeqFocus false`
'Math.B699.I11TwoFiveGrowth.ELeaf000.actual_gap_eq' depends on axioms: [propext, Classical.choice, Quot.sound]
'Math.B699.I11TwoFiveGrowth.ELeaf000.leafMap_eq_path' depends on axioms: [propext, Classical.choice, Quot.sound]
'Math.B699.I11TwoFiveGrowth.ELeaf000.gapExpansion_cone' depends on axioms: [propext, Classical.choice, Quot.sound]
'Math.B699.I11TwoFiveGrowth.ELeaf000.local_gap_cone' depends on axioms: [propext, Classical.choice, Quot.sound]
'Math.B699.I11TwoFiveGrowth.ELeaf000.local_core_cone' depends on axioms: [propext, Classical.choice, Quot.sound]
'Math.B699.I11TwoFiveGrowth.ELeaf000.local_weight0_cone' depends on axioms: [propext, Classical.choice, Quot.sound]
'Math.B699.I11TwoFiveGrowth.ELeaf000.local_weight1_cone' depends on axioms: [propext, Classical.choice, Quot.sound]
'Math.B699.I11TwoFiveGrowth.ELeaf000.leaf_delta0' depends on axioms: [propext, Classical.choice, Quot.sound]
'Math.B699.I11TwoFiveGrowth.ELeaf000.leaf_delta1' depends on axioms: [propext, Classical.choice, Quot.sound]
PROJECT_ROOT\research\tasks\B699-Binomial\runs\20260911-low-index-lean-513dc7cc\lean\Growth\I11TwoFiveLeaves.lean:1516:84: warning: Used `tac1 <;> tac2` where `(tac1; tac2)` would suffice

Note: This linter can be disabled with `set_option linter.unnecessarySeqFocus false`
PROJECT_ROOT\research\tasks\B699-Binomial\runs\20260911-low-index-lean-513dc7cc\lean\Growth\I11TwoFiveLeaves.lean:1523:63: warning: Used `tac1 <;> tac2` where `(tac1; tac2)` would suffice

Note: This linter can be disabled with `set_option linter.unnecessarySeqFocus false`
'Math.B699.I11TwoFiveGrowth.ELeaf001.actual_gap_eq' depends on axioms: [propext, Classical.choice, Quot.sound]
'Math.B699.I11TwoFiveGrowth.ELeaf001.leafMap_eq_path' depends on axioms: [propext, Classical.choice, Quot.sound]
'Math.B699.I11TwoFiveGrowth.ELeaf001.gapExpansion_cone' depends on axioms: [propext, Classical.choice, Quot.sound]
'Math.B699.I11TwoFiveGrowth.ELeaf001.local_gap_cone' depends on axioms: [propext, Classical.choice, Quot.sound]
'Math.B699.I11TwoFiveGrowth.ELeaf001.local_core_cone' depends on axioms: [propext, Classical.choice, Quot.sound]
'Math.B699.I11TwoFiveGrowth.ELeaf001.local_weight0_cone' depends on axioms: [propext, Classical.choice, Quot.sound]
'Math.B699.I11TwoFiveGrowth.ELeaf001.local_weight1_cone' depends on axioms: [propext, Classical.choice, Quot.sound]
'Math.B699.I11TwoFiveGrowth.ELeaf001.leaf_delta0' depends on axioms: [propext, Classical.choice, Quot.sound]
'Math.B699.I11TwoFiveGrowth.ELeaf001.leaf_delta1' depends on axioms: [propext, Classical.choice, Quot.sound]
PROJECT_ROOT\research\tasks\B699-Binomial\runs\20260911-low-index-lean-513dc7cc\lean\Growth\I11TwoFiveLeaves.lean:1647:84: warning: Used `tac1 <;> tac2` where `(tac1; tac2)` would suffice

Note: This linter can be disabled with `set_option linter.unnecessarySeqFocus false`
PROJECT_ROOT\research\tasks\B699-Binomial\runs\20260911-low-index-lean-513dc7cc\lean\Growth\I11TwoFiveLeaves.lean:1654:63: warning: Used `tac1 <;> tac2` where `(tac1; tac2)` would suffice

Note: This linter can be disabled with `set_option linter.unnecessarySeqFocus false`
'Math.B699.I11TwoFiveGrowth.ELeaf002.actual_gap_eq' depends on axioms: [propext, Classical.choice, Quot.sound]
'Math.B699.I11TwoFiveGrowth.ELeaf002.leafMap_eq_path' depends on axioms: [propext, Classical.choice, Quot.sound]
'Math.B699.I11TwoFiveGrowth.ELeaf002.gapExpansion_cone' depends on axioms: [propext, Classical.choice, Quot.sound]
'Math.B699.I11TwoFiveGrowth.ELeaf002.local_gap_cone' depends on axioms: [propext, Classical.choice, Quot.sound]
'Math.B699.I11TwoFiveGrowth.ELeaf002.local_core_cone' depends on axioms: [propext, Classical.choice, Quot.sound]
'Math.B699.I11TwoFiveGrowth.ELeaf002.local_weight0_cone' depends on axioms: [propext, Classical.choice, Quot.sound]
'Math.B699.I11TwoFiveGrowth.ELeaf002.local_weight1_cone' depends on axioms: [propext, Classical.choice, Quot.sound]
'Math.B699.I11TwoFiveGrowth.ELeaf002.leaf_delta0' depends on axioms: [propext, Classical.choice, Quot.sound]
'Math.B699.I11TwoFiveGrowth.ELeaf002.leaf_delta1' depends on axioms: [propext, Classical.choice, Quot.sound]
PROJECT_ROOT\research\tasks\B699-Binomial\runs\20260911-low-index-lean-513dc7cc\lean\Growth\I11TwoFiveLeaves.lean:1778:84: warning: Used `tac1 <;> tac2` where `(tac1; tac2)` would suffice

Note: This linter can be disabled with `set_option linter.unnecessarySeqFocus false`
PROJECT_ROOT\research\tasks\B699-Binomial\runs\20260911-low-index-lean-513dc7cc\lean\Growth\I11TwoFiveLeaves.lean:1785:63: warning: Used `tac1 <;> tac2` where `(tac1; tac2)` would suffice

Note: This linter can be disabled with `set_option linter.unnecessarySeqFocus false`
'Math.B699.I11TwoFiveGrowth.ELeaf003.actual_gap_eq' depends on axioms: [propext, Classical.choice, Quot.sound]
'Math.B699.I11TwoFiveGrowth.ELeaf003.leafMap_eq_path' depends on axioms: [propext, Classical.choice, Quot.sound]
'Math.B699.I11TwoFiveGrowth.ELeaf003.gapExpansion_cone' depends on axioms: [propext, Classical.choice, Quot.sound]
'Math.B699.I11TwoFiveGrowth.ELeaf003.local_gap_cone' depends on axioms: [propext, Classical.choice, Quot.sound]
'Math.B699.I11TwoFiveGrowth.ELeaf003.local_core_cone' depends on axioms: [propext, Classical.choice, Quot.sound]
'Math.B699.I11TwoFiveGrowth.ELeaf003.local_weight0_cone' depends on axioms: [propext, Classical.choice, Quot.sound]
'Math.B699.I11TwoFiveGrowth.ELeaf003.local_weight1_cone' depends on axioms: [propext, Classical.choice, Quot.sound]
'Math.B699.I11TwoFiveGrowth.ELeaf003.leaf_delta0' depends on axioms: [propext, Classical.choice, Quot.sound]
'Math.B699.I11TwoFiveGrowth.ELeaf003.leaf_delta1' depends on axioms: [propext, Classical.choice, Quot.sound]
PROJECT_ROOT\research\tasks\B699-Binomial\runs\20260911-low-index-lean-513dc7cc\lean\Growth\I11TwoFiveLeaves.lean:1909:84: warning: Used `tac1 <;> tac2` where `(tac1; tac2)` would suffice

Note: This linter can be disabled with `set_option linter.unnecessarySeqFocus false`
PROJECT_ROOT\research\tasks\B699-Binomial\runs\20260911-low-index-lean-513dc7cc\lean\Growth\I11TwoFiveLeaves.lean:1916:63: warning: Used `tac1 <;> tac2` where `(tac1; tac2)` would suffice

Note: This linter can be disabled with `set_option linter.unnecessarySeqFocus false`
'Math.B699.I11TwoFiveGrowth.ELeaf004.actual_gap_eq' depends on axioms: [propext, Classical.choice, Quot.sound]
'Math.B699.I11TwoFiveGrowth.ELeaf004.leafMap_eq_path' depends on axioms: [propext, Classical.choice, Quot.sound]
'Math.B699.I11TwoFiveGrowth.ELeaf004.gapExpansion_cone' depends on axioms: [propext, Classical.choice, Quot.sound]
'Math.B699.I11TwoFiveGrowth.ELeaf004.local_gap_cone' depends on axioms: [propext, Classical.choice, Quot.sound]
'Math.B699.I11TwoFiveGrowth.ELeaf004.local_core_cone' depends on axioms: [propext, Classical.choice, Quot.sound]
'Math.B699.I11TwoFiveGrowth.ELeaf004.local_weight0_cone' depends on axioms: [propext, Classical.choice, Quot.sound]
'Math.B699.I11TwoFiveGrowth.ELeaf004.local_weight1_cone' depends on axioms: [propext, Classical.choice, Quot.sound]
'Math.B699.I11TwoFiveGrowth.ELeaf004.leaf_delta0' depends on axioms: [propext, Classical.choice, Quot.sound]
'Math.B699.I11TwoFiveGrowth.ELeaf004.leaf_delta1' depends on axioms: [propext, Classical.choice, Quot.sound]
PROJECT_ROOT\research\tasks\B699-Binomial\runs\20260911-low-index-lean-513dc7cc\lean\Growth\I11TwoFiveLeaves.lean:2040:84: warning: Used `tac1 <;> tac2` where `(tac1; tac2)` would suffice

Note: This linter can be disabled with `set_option linter.unnecessarySeqFocus false`
PROJECT_ROOT\research\tasks\B699-Binomial\runs\20260911-low-index-lean-513dc7cc\lean\Growth\I11TwoFiveLeaves.lean:2047:63: warning: Used `tac1 <;> tac2` where `(tac1; tac2)` would suffice

Note: This linter can be disabled with `set_option linter.unnecessarySeqFocus false`
'Math.B699.I11TwoFiveGrowth.ELeaf005.actual_gap_eq' depends on axioms: [propext, Classical.choice, Quot.sound]
'Math.B699.I11TwoFiveGrowth.ELeaf005.leafMap_eq_path' depends on axioms: [propext, Classical.choice, Quot.sound]
'Math.B699.I11TwoFiveGrowth.ELeaf005.gapExpansion_cone' depends on axioms: [propext, Classical.choice, Quot.sound]
'Math.B699.I11TwoFiveGrowth.ELeaf005.local_gap_cone' depends on axioms: [propext, Classical.choice, Quot.sound]
'Math.B699.I11TwoFiveGrowth.ELeaf005.local_core_cone' depends on axioms: [propext, Classical.choice, Quot.sound]
'Math.B699.I11TwoFiveGrowth.ELeaf005.local_weight0_cone' depends on axioms: [propext, Classical.choice, Quot.sound]
'Math.B699.I11TwoFiveGrowth.ELeaf005.local_weight1_cone' depends on axioms: [propext, Classical.choice, Quot.sound]
'Math.B699.I11TwoFiveGrowth.ELeaf005.leaf_delta0' depends on axioms: [propext, Classical.choice, Quot.sound]
'Math.B699.I11TwoFiveGrowth.ELeaf005.leaf_delta1' depends on axioms: [propext, Classical.choice, Quot.sound]
PROJECT_ROOT\research\tasks\B699-Binomial\runs\20260911-low-index-lean-513dc7cc\lean\Growth\I11TwoFiveLeaves.lean:2171:84: warning: Used `tac1 <;> tac2` where `(tac1; tac2)` would suffice

Note: This linter can be disabled with `set_option linter.unnecessarySeqFocus false`
PROJECT_ROOT\research\tasks\B699-Binomial\runs\20260911-low-index-lean-513dc7cc\lean\Growth\I11TwoFiveLeaves.lean:2178:63: warning: Used `tac1 <;> tac2` where `(tac1; tac2)` would suffice

Note: This linter can be disabled with `set_option linter.unnecessarySeqFocus false`
'Math.B699.I11TwoFiveGrowth.ELeaf006.actual_gap_eq' depends on axioms: [propext, Classical.choice, Quot.sound]
'Math.B699.I11TwoFiveGrowth.ELeaf006.leafMap_eq_path' depends on axioms: [propext, Classical.choice, Quot.sound]
'Math.B699.I11TwoFiveGrowth.ELeaf006.gapExpansion_cone' depends on axioms: [propext, Classical.choice, Quot.sound]
'Math.B699.I11TwoFiveGrowth.ELeaf006.local_gap_cone' depends on axioms: [propext, Classical.choice, Quot.sound]
'Math.B699.I11TwoFiveGrowth.ELeaf006.local_core_cone' depends on axioms: [propext, Classical.choice, Quot.sound]
'Math.B699.I11TwoFiveGrowth.ELeaf006.local_weight0_cone' depends on axioms: [propext, Classical.choice, Quot.sound]
'Math.B699.I11TwoFiveGrowth.ELeaf006.local_weight1_cone' depends on axioms: [propext, Classical.choice, Quot.sound]
'Math.B699.I11TwoFiveGrowth.ELeaf006.leaf_delta0' depends on axioms: [propext, Classical.choice, Quot.sound]
'Math.B699.I11TwoFiveGrowth.ELeaf006.leaf_delta1' depends on axioms: [propext, Classical.choice, Quot.sound]
PROJECT_ROOT\research\tasks\B699-Binomial\runs\20260911-low-index-lean-513dc7cc\lean\Growth\I11TwoFiveLeaves.lean:2302:84: warning: Used `tac1 <;> tac2` where `(tac1; tac2)` would suffice

Note: This linter can be disabled with `set_option linter.unnecessarySeqFocus false`
PROJECT_ROOT\research\tasks\B699-Binomial\runs\20260911-low-index-lean-513dc7cc\lean\Growth\I11TwoFiveLeaves.lean:2309:63: warning: Used `tac1 <;> tac2` where `(tac1; tac2)` would suffice

Note: This linter can be disabled with `set_option linter.unnecessarySeqFocus false`
'Math.B699.I11TwoFiveGrowth.ELeaf007.actual_gap_eq' depends on axioms: [propext, Classical.choice, Quot.sound]
'Math.B699.I11TwoFiveGrowth.ELeaf007.leafMap_eq_path' depends on axioms: [propext, Classical.choice, Quot.sound]
'Math.B699.I11TwoFiveGrowth.ELeaf007.gapExpansion_cone' depends on axioms: [propext, Classical.choice, Quot.sound]
'Math.B699.I11TwoFiveGrowth.ELeaf007.local_gap_cone' depends on axioms: [propext, Classical.choice, Quot.sound]
'Math.B699.I11TwoFiveGrowth.ELeaf007.local_core_cone' depends on axioms: [propext, Classical.choice, Quot.sound]
'Math.B699.I11TwoFiveGrowth.ELeaf007.local_weight0_cone' depends on axioms: [propext, Classical.choice, Quot.sound]
'Math.B699.I11TwoFiveGrowth.ELeaf007.local_weight1_cone' depends on axioms: [propext, Classical.choice, Quot.sound]
'Math.B699.I11TwoFiveGrowth.ELeaf007.leaf_delta0' depends on axioms: [propext, Classical.choice, Quot.sound]
'Math.B699.I11TwoFiveGrowth.ELeaf007.leaf_delta1' depends on axioms: [propext, Classical.choice, Quot.sound]
PROJECT_ROOT\research\tasks\B699-Binomial\runs\20260911-low-index-lean-513dc7cc\lean\Growth\I11TwoFiveLeaves.lean:2433:84: warning: Used `tac1 <;> tac2` where `(tac1; tac2)` would suffice

Note: This linter can be disabled with `set_option linter.unnecessarySeqFocus false`
PROJECT_ROOT\research\tasks\B699-Binomial\runs\20260911-low-index-lean-513dc7cc\lean\Growth\I11TwoFiveLeaves.lean:2440:63: warning: Used `tac1 <;> tac2` where `(tac1; tac2)` would suffice

Note: This linter can be disabled with `set_option linter.unnecessarySeqFocus false`
'Math.B699.I11TwoFiveGrowth.ELeaf008.actual_gap_eq' depends on axioms: [propext, Classical.choice, Quot.sound]
'Math.B699.I11TwoFiveGrowth.ELeaf008.leafMap_eq_path' depends on axioms: [propext, Classical.choice, Quot.sound]
'Math.B699.I11TwoFiveGrowth.ELeaf008.gapExpansion_cone' depends on axioms: [propext, Classical.choice, Quot.sound]
'Math.B699.I11TwoFiveGrowth.ELeaf008.local_gap_cone' depends on axioms: [propext, Classical.choice, Quot.sound]
'Math.B699.I11TwoFiveGrowth.ELeaf008.local_core_cone' depends on axioms: [propext, Classical.choice, Quot.sound]
'Math.B699.I11TwoFiveGrowth.ELeaf008.local_weight0_cone' depends on axioms: [propext, Classical.choice, Quot.sound]
'Math.B699.I11TwoFiveGrowth.ELeaf008.local_weight1_cone' depends on axioms: [propext, Classical.choice, Quot.sound]
'Math.B699.I11TwoFiveGrowth.ELeaf008.leaf_delta0' depends on axioms: [propext, Classical.choice, Quot.sound]
'Math.B699.I11TwoFiveGrowth.ELeaf008.leaf_delta1' depends on axioms: [propext, Classical.choice, Quot.sound]
