exact project closure files: 129
Math/B699/CofactorCriterion.lean
research/tasks/B699-Binomial/runs/20260909-large-prime-structure-cb4764f0/lean/GapBridge.lean
research/tasks/B699-Binomial/runs/20260908-external-reductions-b3c1b7/lean/DivisorTransfer.lean
research/tasks/B699-Binomial/runs/20260909-large-prime-structure-cb4764f0/lean/PrimePowerTransfer.lean
research/tasks/B699-Binomial/runs/20260909-large-prime-structure-cb4764f0/lean/SmallPartBound.lean
research/tasks/B699-Binomial/runs/20260909-low-index-structure-b41a5a63/lean/ThreeWindowWeights.lean
research/tasks/B699-Binomial/runs/20260909-low-index-structure-b41a5a63/lean/ThreeWindowSize.lean
research/tasks/B699-Binomial/runs/20260909-eees-chain-5a2e10/lean/PowerBounds.lean
research/tasks/B699-Binomial/runs/20260909-low-index-structure-b41a5a63/lean/HeightCertificate.lean
research/tasks/B699-Binomial/runs/20260909-middle-index-cert-1a78f8cd/lean/HeightRows.lean
research/tasks/B699-Binomial/runs/20260909-low-index-structure-b41a5a63/lean/TrialPrimeCheck.lean
research/tasks/B699-Binomial/runs/20260909-middle-index-cert-1a78f8cd/lean/SmallPrimeCount.lean
research/tasks/B699-Binomial/runs/20260909-middle-index-cert-1a78f8cd/lean/RawHeight.lean
research/tasks/B699-Binomial/runs/20260909-middle-index-cert-1a78f8cd/lean/TailRange.lean
research/tasks/B699-Binomial/runs/20260909-middle-index-cert-1a78f8cd/lean/counts/Count0000.lean
research/tasks/B699-Binomial/runs/20260909-middle-index-cert-1a78f8cd/lean/counts/Count0064.lean
research/tasks/B699-Binomial/runs/20260909-middle-index-cert-1a78f8cd/lean/counts/Count0128.lean
research/tasks/B699-Binomial/runs/20260909-middle-index-cert-1a78f8cd/lean/counts/Count0192.lean
research/tasks/B699-Binomial/runs/20260909-middle-index-cert-1a78f8cd/lean/counts/Count0256.lean
research/tasks/B699-Binomial/runs/20260909-middle-index-cert-1a78f8cd/lean/counts/Count0320.lean
research/tasks/B699-Binomial/runs/20260909-middle-index-cert-1a78f8cd/lean/heightRows/RawHeight323.lean
research/tasks/B699-Binomial/runs/20260909-middle-index-cert-1a78f8cd/lean/heightRows/CertifiedHeight323.lean
research/tasks/B699-Binomial/runs/20260909-middle-index-cert-1a78f8cd/lean/heightBlocks/Height0323_0338.lean
research/tasks/B699-Binomial/runs/20260909-middle-index-cert-1a78f8cd/lean/heightBlocks/Height0339_0354.lean
research/tasks/B699-Binomial/runs/20260909-middle-index-cert-1a78f8cd/lean/heightBlocks/Height0355_0370.lean
research/tasks/B699-Binomial/runs/20260909-middle-index-cert-1a78f8cd/lean/counts/Count0384.lean
research/tasks/B699-Binomial/runs/20260909-middle-index-cert-1a78f8cd/lean/heightBlocks/Height0371_0386.lean
research/tasks/B699-Binomial/runs/20260909-middle-index-cert-1a78f8cd/lean/heightBlocks/Height0387_0402.lean
research/tasks/B699-Binomial/runs/20260909-middle-index-cert-1a78f8cd/lean/heightBlocks/Height0403_0418.lean
research/tasks/B699-Binomial/runs/20260909-middle-index-cert-1a78f8cd/lean/heightBlocks/Height0419_0434.lean
research/tasks/B699-Binomial/runs/20260909-middle-index-cert-1a78f8cd/lean/counts/Count0448.lean
research/tasks/B699-Binomial/runs/20260909-middle-index-cert-1a78f8cd/lean/heightBlocks/Height0435_0450.lean
research/tasks/B699-Binomial/runs/20260909-middle-index-cert-1a78f8cd/lean/heightBlocks/Height0451_0466.lean
research/tasks/B699-Binomial/runs/20260909-middle-index-cert-1a78f8cd/lean/heightBlocks/Height0467_0482.lean
research/tasks/B699-Binomial/runs/20260909-middle-index-cert-1a78f8cd/lean/heightBlocks/Height0483_0498.lean
research/tasks/B699-Binomial/runs/20260909-middle-index-cert-1a78f8cd/lean/counts/Count0512.lean
research/tasks/B699-Binomial/runs/20260909-middle-index-cert-1a78f8cd/lean/heightBlocks/Height0499_0514.lean
research/tasks/B699-Binomial/runs/20260909-middle-index-cert-1a78f8cd/lean/heightBlocks/Height0515_0530.lean
research/tasks/B699-Binomial/runs/20260909-middle-index-cert-1a78f8cd/lean/heightBlocks/Height0531_0546.lean
research/tasks/B699-Binomial/runs/20260909-middle-index-cert-1a78f8cd/lean/heightBlocks/Height0547_0562.lean
research/tasks/B699-Binomial/runs/20260909-middle-index-cert-1a78f8cd/lean/counts/Count0576.lean
research/tasks/B699-Binomial/runs/20260909-middle-index-cert-1a78f8cd/lean/heightBlocks/Height0563_0578.lean
research/tasks/B699-Binomial/runs/20260909-middle-index-cert-1a78f8cd/lean/heightBlocks/Height0579_0594.lean
research/tasks/B699-Binomial/runs/20260909-middle-index-cert-1a78f8cd/lean/heightBlocks/Height0595_0610.lean
research/tasks/B699-Binomial/runs/20260909-middle-index-cert-1a78f8cd/lean/heightBlocks/Height0611_0626.lean
research/tasks/B699-Binomial/runs/20260909-middle-index-cert-1a78f8cd/lean/counts/Count0640.lean
research/tasks/B699-Binomial/runs/20260909-middle-index-cert-1a78f8cd/lean/heightBlocks/Height0627_0642.lean
research/tasks/B699-Binomial/runs/20260909-middle-index-cert-1a78f8cd/lean/heightBlocks/Height0643_0658.lean
research/tasks/B699-Binomial/runs/20260909-middle-index-cert-1a78f8cd/lean/heightBlocks/Height0659_0674.lean
research/tasks/B699-Binomial/runs/20260909-middle-index-cert-1a78f8cd/lean/heightBlocks/Height0675_0690.lean
research/tasks/B699-Binomial/runs/20260909-middle-index-cert-1a78f8cd/lean/counts/Count0704.lean
research/tasks/B699-Binomial/runs/20260909-middle-index-cert-1a78f8cd/lean/heightBlocks/Height0691_0706.lean
research/tasks/B699-Binomial/runs/20260909-middle-index-cert-1a78f8cd/lean/heightBlocks/Height0707_0722.lean
research/tasks/B699-Binomial/runs/20260909-middle-index-cert-1a78f8cd/lean/heightBlocks/Height0723_0738.lean
research/tasks/B699-Binomial/runs/20260909-middle-index-cert-1a78f8cd/lean/heightBlocks/Height0739_0754.lean
research/tasks/B699-Binomial/runs/20260909-middle-index-cert-1a78f8cd/lean/counts/Count0768.lean
research/tasks/B699-Binomial/runs/20260909-middle-index-cert-1a78f8cd/lean/heightBlocks/Height0755_0770.lean
research/tasks/B699-Binomial/runs/20260909-middle-index-cert-1a78f8cd/lean/heightBlocks/Height0771_0786.lean
research/tasks/B699-Binomial/runs/20260909-middle-index-cert-1a78f8cd/lean/heightBlocks/Height0787_0802.lean
research/tasks/B699-Binomial/runs/20260909-middle-index-cert-1a78f8cd/lean/heightBlocks/Height0803_0818.lean
research/tasks/B699-Binomial/runs/20260909-middle-index-cert-1a78f8cd/lean/counts/Count0832.lean
research/tasks/B699-Binomial/runs/20260909-middle-index-cert-1a78f8cd/lean/heightBlocks/Height0819_0834.lean
research/tasks/B699-Binomial/runs/20260909-middle-index-cert-1a78f8cd/lean/heightBlocks/Height0835_0850.lean
research/tasks/B699-Binomial/runs/20260909-middle-index-cert-1a78f8cd/lean/heightBlocks/Height0851_0866.lean
research/tasks/B699-Binomial/runs/20260909-middle-index-cert-1a78f8cd/lean/heightBlocks/Height0867_0882.lean
research/tasks/B699-Binomial/runs/20260909-middle-index-cert-1a78f8cd/lean/counts/Count0896.lean
research/tasks/B699-Binomial/runs/20260909-middle-index-cert-1a78f8cd/lean/heightBlocks/Height0883_0898.lean
research/tasks/B699-Binomial/runs/20260909-middle-index-cert-1a78f8cd/lean/heightBlocks/Height0899_0914.lean
research/tasks/B699-Binomial/runs/20260909-middle-index-cert-1a78f8cd/lean/heightBlocks/Height0915_0930.lean
research/tasks/B699-Binomial/runs/20260909-middle-index-cert-1a78f8cd/lean/heightBlocks/Height0931_0946.lean
research/tasks/B699-Binomial/runs/20260909-middle-index-cert-1a78f8cd/lean/counts/Count0960.lean
research/tasks/B699-Binomial/runs/20260909-middle-index-cert-1a78f8cd/lean/heightBlocks/Height0947_0962.lean
research/tasks/B699-Binomial/runs/20260909-middle-index-cert-1a78f8cd/lean/heightBlocks/Height0963_0978.lean
research/tasks/B699-Binomial/runs/20260909-middle-index-cert-1a78f8cd/lean/heightBlocks/Height0979_0983.lean
research/tasks/B699-Binomial/runs/20260909-middle-index-cert-1a78f8cd/lean/heightRows/RawHeight999.lean
research/tasks/B699-Binomial/runs/20260909-middle-index-cert-1a78f8cd/lean/heightRows/CertifiedHeight999.lean
research/tasks/B699-Binomial/runs/20260909-middle-index-cert-1a78f8cd/lean/heightBlocks/Height0984_0999.lean
research/tasks/B699-Binomial/runs/20260909-middle-index-cert-1a78f8cd/lean/AllHeights.lean
research/tasks/B699-Binomial/runs/20260909-middle-index-cert-1a78f8cd/lean/primeChain/Core.lean
research/tasks/B699-Binomial/runs/20260909-middle-index-cert-1a78f8cd/lean/PrimeChain.lean
research/tasks/B699-Binomial/runs/20260909-middle-index-cert-1a78f8cd/lean/primeChain/blocks/Block000.lean
research/tasks/B699-Binomial/runs/20260909-middle-index-cert-1a78f8cd/lean/primeChain/blocks/Block001.lean
research/tasks/B699-Binomial/runs/20260909-middle-index-cert-1a78f8cd/lean/primeChain/blocks/Block002.lean
research/tasks/B699-Binomial/runs/20260909-middle-index-cert-1a78f8cd/lean/primeChain/blocks/Block003.lean
research/tasks/B699-Binomial/runs/20260909-middle-index-cert-1a78f8cd/lean/primeChain/blocks/Block004.lean
research/tasks/B699-Binomial/runs/20260909-middle-index-cert-1a78f8cd/lean/primeChain/blocks/Block005.lean
research/tasks/B699-Binomial/runs/20260909-middle-index-cert-1a78f8cd/lean/primeChain/blocks/Block006.lean
research/tasks/B699-Binomial/runs/20260909-middle-index-cert-1a78f8cd/lean/primeChain/blocks/Block007.lean
research/tasks/B699-Binomial/runs/20260909-middle-index-cert-1a78f8cd/lean/primeChain/blocks/Block008.lean
research/tasks/B699-Binomial/runs/20260909-middle-index-cert-1a78f8cd/lean/primeChain/blocks/Block009.lean
research/tasks/B699-Binomial/runs/20260909-middle-index-cert-1a78f8cd/lean/primeChain/blocks/Block010.lean
research/tasks/B699-Binomial/runs/20260909-middle-index-cert-1a78f8cd/lean/primeChain/blocks/Block011.lean
research/tasks/B699-Binomial/runs/20260909-middle-index-cert-1a78f8cd/lean/primeChain/blocks/Block012.lean
research/tasks/B699-Binomial/runs/20260909-middle-index-cert-1a78f8cd/lean/primeChain/blocks/Block013.lean
research/tasks/B699-Binomial/runs/20260909-middle-index-cert-1a78f8cd/lean/primeChain/blocks/Block014.lean
research/tasks/B699-Binomial/runs/20260909-middle-index-cert-1a78f8cd/lean/primeChain/blocks/Block015.lean
research/tasks/B699-Binomial/runs/20260909-middle-index-cert-1a78f8cd/lean/primeChain/groups/Group000.lean
research/tasks/B699-Binomial/runs/20260909-middle-index-cert-1a78f8cd/lean/primeChain/blocks/Block016.lean
research/tasks/B699-Binomial/runs/20260909-middle-index-cert-1a78f8cd/lean/primeChain/blocks/Block017.lean
research/tasks/B699-Binomial/runs/20260909-middle-index-cert-1a78f8cd/lean/primeChain/blocks/Block018.lean
research/tasks/B699-Binomial/runs/20260909-middle-index-cert-1a78f8cd/lean/primeChain/blocks/Block019.lean
research/tasks/B699-Binomial/runs/20260909-middle-index-cert-1a78f8cd/lean/primeChain/blocks/Block020.lean
research/tasks/B699-Binomial/runs/20260909-middle-index-cert-1a78f8cd/lean/primeChain/blocks/Block021.lean
research/tasks/B699-Binomial/runs/20260909-middle-index-cert-1a78f8cd/lean/primeChain/blocks/Block022.lean
research/tasks/B699-Binomial/runs/20260909-middle-index-cert-1a78f8cd/lean/primeChain/blocks/Block023.lean
research/tasks/B699-Binomial/runs/20260909-middle-index-cert-1a78f8cd/lean/primeChain/blocks/Block024.lean
research/tasks/B699-Binomial/runs/20260909-middle-index-cert-1a78f8cd/lean/primeChain/blocks/Block025.lean
research/tasks/B699-Binomial/runs/20260909-middle-index-cert-1a78f8cd/lean/primeChain/blocks/Block026.lean
research/tasks/B699-Binomial/runs/20260909-middle-index-cert-1a78f8cd/lean/primeChain/blocks/Block027.lean
research/tasks/B699-Binomial/runs/20260909-middle-index-cert-1a78f8cd/lean/primeChain/blocks/Block028.lean
research/tasks/B699-Binomial/runs/20260909-middle-index-cert-1a78f8cd/lean/primeChain/blocks/Block029.lean
research/tasks/B699-Binomial/runs/20260909-middle-index-cert-1a78f8cd/lean/primeChain/blocks/Block030.lean
research/tasks/B699-Binomial/runs/20260909-middle-index-cert-1a78f8cd/lean/primeChain/blocks/Block031.lean
research/tasks/B699-Binomial/runs/20260909-middle-index-cert-1a78f8cd/lean/primeChain/groups/Group001.lean
research/tasks/B699-Binomial/runs/20260909-middle-index-cert-1a78f8cd/lean/primeChain/blocks/Block032.lean
research/tasks/B699-Binomial/runs/20260909-middle-index-cert-1a78f8cd/lean/primeChain/blocks/Block033.lean
research/tasks/B699-Binomial/runs/20260909-middle-index-cert-1a78f8cd/lean/primeChain/blocks/Block034.lean
research/tasks/B699-Binomial/runs/20260909-middle-index-cert-1a78f8cd/lean/primeChain/blocks/Block035.lean
research/tasks/B699-Binomial/runs/20260909-middle-index-cert-1a78f8cd/lean/primeChain/blocks/Block036.lean
research/tasks/B699-Binomial/runs/20260909-middle-index-cert-1a78f8cd/lean/primeChain/blocks/Block037.lean
research/tasks/B699-Binomial/runs/20260909-middle-index-cert-1a78f8cd/lean/primeChain/blocks/Block038.lean
research/tasks/B699-Binomial/runs/20260909-middle-index-cert-1a78f8cd/lean/primeChain/blocks/Block039.lean
research/tasks/B699-Binomial/runs/20260909-middle-index-cert-1a78f8cd/lean/primeChain/blocks/Block040.lean
research/tasks/B699-Binomial/runs/20260909-middle-index-cert-1a78f8cd/lean/primeChain/blocks/Block041.lean
research/tasks/B699-Binomial/runs/20260909-middle-index-cert-1a78f8cd/lean/primeChain/blocks/Block042.lean
research/tasks/B699-Binomial/runs/20260909-middle-index-cert-1a78f8cd/lean/primeChain/groups/Group002.lean
research/tasks/B699-Binomial/runs/20260909-middle-index-cert-1a78f8cd/lean/primeChain/AllBlocks.lean
research/tasks/B699-Binomial/runs/20260909-middle-index-cert-1a78f8cd/lean/primeChain/Complete.lean
research/tasks/B699-Binomial/runs/20260909-middle-index-cert-1a78f8cd/lean/MiddleComplete.lean

Source policy passed for exact project closure.
