# command: LEAN -j1 -M1536 -DautoImplicit=false -DrelaxedAutoImplicit=false --root=PROJECT_ROOT -o .tools/20260911-low-index-lean-513dc7cc/20260912T043536877983Z/olean/research/tasks/B699-Binomial/runs/20260911-low-index-lean-513dc7cc/lean/CrtStage2Pair27/Cells004P0.olean research/tasks/B699-Binomial/runs/20260911-low-index-lean-513dc7cc/lean/CrtStage2Pair27/Cells004P0.lean
# cwd: PROJECT_ROOT
# started_utc: 2026-09-12T04:38:22.761513Z
# finished_utc: 2026-09-12T04:38:33.955978Z
# exit_code: 0
# timed_out: False
'Math.B699.CRTStage2Pair27.Chunk004.cellA33B1_check' depends on axioms: [propext]
'Math.B699.CRTStage2Pair27.Chunk004.cellA33B2_check' depends on axioms: [propext]
'Math.B699.CRTStage2Pair27.Chunk004.cellA33B3_check' depends on axioms: [propext]
'Math.B699.CRTStage2Pair27.Chunk004.cellA33B4_check' depends on axioms: [propext]
'Math.B699.CRTStage2Pair27.Chunk004.cellA33B5_check' depends on axioms: [propext]
'Math.B699.CRTStage2Pair27.Chunk004.cellA33B6_check' depends on axioms: [propext]
'Math.B699.CRTStage2Pair27.Chunk004.cellA33B7_check' depends on axioms: [propext]
'Math.B699.CRTStage2Pair27.Chunk004.cellA33B8_check' depends on axioms: [propext]
'Math.B699.CRTStage2Pair27.Chunk004.cellA33B9_check' depends on axioms: [propext]
'Math.B699.CRTStage2Pair27.Chunk004.cellA33B10_check' depends on axioms: [propext]
'Math.B699.CRTStage2Pair27.Chunk004.cellA33B11_check' depends on axioms: [propext]
'Math.B699.CRTStage2Pair27.Chunk004.cellA33B12_check' depends on axioms: [propext]
'Math.B699.CRTStage2Pair27.Chunk004.cellA33B13_check' depends on axioms: [propext]
'Math.B699.CRTStage2Pair27.Chunk004.rowA33_cell_check' depends on axioms: [propext]
'Math.B699.CRTStage2Pair27.Chunk004.rowA33_block_check' depends on axioms: [propext, Quot.sound]
'Math.B699.CRTStage2Pair27.Chunk004.cellA34B1_check' depends on axioms: [propext]
'Math.B699.CRTStage2Pair27.Chunk004.cellA34B2_check' depends on axioms: [propext]
'Math.B699.CRTStage2Pair27.Chunk004.cellA34B3_check' depends on axioms: [propext]
'Math.B699.CRTStage2Pair27.Chunk004.cellA34B4_check' depends on axioms: [propext]
'Math.B699.CRTStage2Pair27.Chunk004.cellA34B5_check' depends on axioms: [propext]
'Math.B699.CRTStage2Pair27.Chunk004.cellA34B6_check' depends on axioms: [propext]
'Math.B699.CRTStage2Pair27.Chunk004.cellA34B7_check' depends on axioms: [propext]
'Math.B699.CRTStage2Pair27.Chunk004.cellA34B8_check' depends on axioms: [propext]
'Math.B699.CRTStage2Pair27.Chunk004.cellA34B9_check' depends on axioms: [propext]
'Math.B699.CRTStage2Pair27.Chunk004.cellA34B10_check' depends on axioms: [propext]
'Math.B699.CRTStage2Pair27.Chunk004.cellA34B11_check' depends on axioms: [propext]
'Math.B699.CRTStage2Pair27.Chunk004.cellA34B12_check' depends on axioms: [propext]
'Math.B699.CRTStage2Pair27.Chunk004.cellA34B13_check' depends on axioms: [propext]
'Math.B699.CRTStage2Pair27.Chunk004.rowA34_cell_check' depends on axioms: [propext]
'Math.B699.CRTStage2Pair27.Chunk004.rowA34_block_check' depends on axioms: [propext, Quot.sound]
'Math.B699.CRTStage2Pair27.Chunk004.cellA35B1_check' depends on axioms: [propext]
'Math.B699.CRTStage2Pair27.Chunk004.cellA35B2_check' depends on axioms: [propext]
'Math.B699.CRTStage2Pair27.Chunk004.cellA35B3_check' depends on axioms: [propext]
'Math.B699.CRTStage2Pair27.Chunk004.cellA35B4_check' depends on axioms: [propext]
'Math.B699.CRTStage2Pair27.Chunk004.cellA35B5_check' depends on axioms: [propext]
'Math.B699.CRTStage2Pair27.Chunk004.cellA35B6_check' depends on axioms: [propext]
'Math.B699.CRTStage2Pair27.Chunk004.cellA35B7_check' depends on axioms: [propext]
'Math.B699.CRTStage2Pair27.Chunk004.cellA35B8_check' depends on axioms: [propext]
'Math.B699.CRTStage2Pair27.Chunk004.cellA35B9_check' depends on axioms: [propext]
'Math.B699.CRTStage2Pair27.Chunk004.cellA35B10_check' depends on axioms: [propext]
'Math.B699.CRTStage2Pair27.Chunk004.cellA35B11_check' depends on axioms: [propext]
'Math.B699.CRTStage2Pair27.Chunk004.cellA35B12_check' depends on axioms: [propext]
'Math.B699.CRTStage2Pair27.Chunk004.cellA35B13_check' depends on axioms: [propext]
'Math.B699.CRTStage2Pair27.Chunk004.rowA35_cell_check' depends on axioms: [propext]
'Math.B699.CRTStage2Pair27.Chunk004.rowA35_block_check' depends on axioms: [propext, Quot.sound]
'Math.B699.CRTStage2Pair27.Chunk004.cellA36B1_check' depends on axioms: [propext]
'Math.B699.CRTStage2Pair27.Chunk004.cellA36B2_check' depends on axioms: [propext]
'Math.B699.CRTStage2Pair27.Chunk004.cellA36B3_check' depends on axioms: [propext]
'Math.B699.CRTStage2Pair27.Chunk004.cellA36B4_check' depends on axioms: [propext]
'Math.B699.CRTStage2Pair27.Chunk004.cellA36B5_check' depends on axioms: [propext]
'Math.B699.CRTStage2Pair27.Chunk004.cellA36B6_check' depends on axioms: [propext]
'Math.B699.CRTStage2Pair27.Chunk004.cellA36B7_check' depends on axioms: [propext]
'Math.B699.CRTStage2Pair27.Chunk004.cellA36B8_check' depends on axioms: [propext]
'Math.B699.CRTStage2Pair27.Chunk004.cellA36B9_check' depends on axioms: [propext]
'Math.B699.CRTStage2Pair27.Chunk004.cellA36B10_check' depends on axioms: [propext]
'Math.B699.CRTStage2Pair27.Chunk004.cellA36B11_check' depends on axioms: [propext]
'Math.B699.CRTStage2Pair27.Chunk004.cellA36B12_check' depends on axioms: [propext]
'Math.B699.CRTStage2Pair27.Chunk004.cellA36B13_check' depends on axioms: [propext]
'Math.B699.CRTStage2Pair27.Chunk004.rowA36_cell_check' depends on axioms: [propext]
'Math.B699.CRTStage2Pair27.Chunk004.rowA36_block_check' depends on axioms: [propext, Quot.sound]
'Math.B699.CRTStage2Pair27.Chunk004.cellA37B1_check' depends on axioms: [propext]
'Math.B699.CRTStage2Pair27.Chunk004.cellA37B2_check' depends on axioms: [propext]
'Math.B699.CRTStage2Pair27.Chunk004.cellA37B3_check' depends on axioms: [propext]
'Math.B699.CRTStage2Pair27.Chunk004.cellA37B4_check' depends on axioms: [propext]
'Math.B699.CRTStage2Pair27.Chunk004.cellA37B5_check' depends on axioms: [propext]
'Math.B699.CRTStage2Pair27.Chunk004.cellA37B6_check' depends on axioms: [propext]
'Math.B699.CRTStage2Pair27.Chunk004.cellA37B7_check' depends on axioms: [propext]
'Math.B699.CRTStage2Pair27.Chunk004.cellA37B8_check' depends on axioms: [propext]
'Math.B699.CRTStage2Pair27.Chunk004.cellA37B9_check' depends on axioms: [propext]
'Math.B699.CRTStage2Pair27.Chunk004.cellA37B10_check' depends on axioms: [propext]
'Math.B699.CRTStage2Pair27.Chunk004.cellA37B11_check' depends on axioms: [propext]
'Math.B699.CRTStage2Pair27.Chunk004.cellA37B12_check' depends on axioms: [propext]
'Math.B699.CRTStage2Pair27.Chunk004.cellA37B13_check' depends on axioms: [propext]
'Math.B699.CRTStage2Pair27.Chunk004.rowA37_cell_check' depends on axioms: [propext]
'Math.B699.CRTStage2Pair27.Chunk004.rowA37_block_check' depends on axioms: [propext, Quot.sound]
'Math.B699.CRTStage2Pair27.Chunk004.cellA38B1_check' depends on axioms: [propext]
'Math.B699.CRTStage2Pair27.Chunk004.cellA38B2_check' depends on axioms: [propext]
'Math.B699.CRTStage2Pair27.Chunk004.cellA38B3_check' depends on axioms: [propext]
'Math.B699.CRTStage2Pair27.Chunk004.cellA38B4_check' depends on axioms: [propext]
'Math.B699.CRTStage2Pair27.Chunk004.cellA38B5_check' depends on axioms: [propext]
'Math.B699.CRTStage2Pair27.Chunk004.cellA38B6_check' depends on axioms: [propext]
'Math.B699.CRTStage2Pair27.Chunk004.cellA38B7_check' depends on axioms: [propext]
'Math.B699.CRTStage2Pair27.Chunk004.cellA38B8_check' depends on axioms: [propext]
'Math.B699.CRTStage2Pair27.Chunk004.cellA38B9_check' depends on axioms: [propext]
'Math.B699.CRTStage2Pair27.Chunk004.cellA38B10_check' depends on axioms: [propext]
'Math.B699.CRTStage2Pair27.Chunk004.cellA38B11_check' depends on axioms: [propext]
'Math.B699.CRTStage2Pair27.Chunk004.cellA38B12_check' depends on axioms: [propext]
'Math.B699.CRTStage2Pair27.Chunk004.cellA38B13_check' depends on axioms: [propext]
'Math.B699.CRTStage2Pair27.Chunk004.rowA38_cell_check' depends on axioms: [propext]
'Math.B699.CRTStage2Pair27.Chunk004.rowA38_block_check' depends on axioms: [propext, Quot.sound]
