# command: LEAN -j1 -M1536 -DautoImplicit=false -DrelaxedAutoImplicit=false --root=PROJECT_ROOT -o .tools/20260911-low-index-lean-513dc7cc/20260912T043536877983Z/olean/research/tasks/B699-Binomial/runs/20260911-low-index-lean-513dc7cc/lean/CrtStage2Pair27/Cells000P0.olean research/tasks/B699-Binomial/runs/20260911-low-index-lean-513dc7cc/lean/CrtStage2Pair27/Cells000P0.lean
# cwd: PROJECT_ROOT
# started_utc: 2026-09-12T04:36:23.397073Z
# finished_utc: 2026-09-12T04:36:36.428995Z
# exit_code: 0
# timed_out: False
'Math.B699.CRTStage2Pair27.Chunk000.cellA1B1_check' depends on axioms: [propext]
'Math.B699.CRTStage2Pair27.Chunk000.cellA1B2_check' depends on axioms: [propext]
'Math.B699.CRTStage2Pair27.Chunk000.cellA1B3_check' depends on axioms: [propext]
'Math.B699.CRTStage2Pair27.Chunk000.cellA1B4_check' depends on axioms: [propext]
'Math.B699.CRTStage2Pair27.Chunk000.cellA1B5_check' depends on axioms: [propext]
'Math.B699.CRTStage2Pair27.Chunk000.cellA1B6_check' depends on axioms: [propext]
'Math.B699.CRTStage2Pair27.Chunk000.cellA1B7_check' depends on axioms: [propext]
'Math.B699.CRTStage2Pair27.Chunk000.cellA1B8_check' depends on axioms: [propext]
'Math.B699.CRTStage2Pair27.Chunk000.cellA1B9_check' depends on axioms: [propext]
'Math.B699.CRTStage2Pair27.Chunk000.cellA1B10_check' depends on axioms: [propext]
'Math.B699.CRTStage2Pair27.Chunk000.cellA1B11_check' depends on axioms: [propext]
'Math.B699.CRTStage2Pair27.Chunk000.cellA1B12_check' depends on axioms: [propext]
'Math.B699.CRTStage2Pair27.Chunk000.cellA1B13_check' depends on axioms: [propext]
'Math.B699.CRTStage2Pair27.Chunk000.rowA1_cell_check' depends on axioms: [propext]
'Math.B699.CRTStage2Pair27.Chunk000.rowA1_block_check' depends on axioms: [propext, Quot.sound]
'Math.B699.CRTStage2Pair27.Chunk000.cellA2B1_check' depends on axioms: [propext]
'Math.B699.CRTStage2Pair27.Chunk000.cellA2B2_check' depends on axioms: [propext]
'Math.B699.CRTStage2Pair27.Chunk000.cellA2B3_check' depends on axioms: [propext]
'Math.B699.CRTStage2Pair27.Chunk000.cellA2B4_check' depends on axioms: [propext]
'Math.B699.CRTStage2Pair27.Chunk000.cellA2B5_check' depends on axioms: [propext]
'Math.B699.CRTStage2Pair27.Chunk000.cellA2B6_check' depends on axioms: [propext]
'Math.B699.CRTStage2Pair27.Chunk000.cellA2B7_check' depends on axioms: [propext]
'Math.B699.CRTStage2Pair27.Chunk000.cellA2B8_check' depends on axioms: [propext]
'Math.B699.CRTStage2Pair27.Chunk000.cellA2B9_check' depends on axioms: [propext]
'Math.B699.CRTStage2Pair27.Chunk000.cellA2B10_check' depends on axioms: [propext]
'Math.B699.CRTStage2Pair27.Chunk000.cellA2B11_check' depends on axioms: [propext]
'Math.B699.CRTStage2Pair27.Chunk000.cellA2B12_check' depends on axioms: [propext]
'Math.B699.CRTStage2Pair27.Chunk000.cellA2B13_check' depends on axioms: [propext]
'Math.B699.CRTStage2Pair27.Chunk000.rowA2_cell_check' depends on axioms: [propext]
'Math.B699.CRTStage2Pair27.Chunk000.rowA2_block_check' depends on axioms: [propext, Quot.sound]
'Math.B699.CRTStage2Pair27.Chunk000.cellA3B1_check' depends on axioms: [propext]
'Math.B699.CRTStage2Pair27.Chunk000.cellA3B2_check' depends on axioms: [propext]
'Math.B699.CRTStage2Pair27.Chunk000.cellA3B3_check' depends on axioms: [propext]
'Math.B699.CRTStage2Pair27.Chunk000.cellA3B4_check' depends on axioms: [propext]
'Math.B699.CRTStage2Pair27.Chunk000.cellA3B5_check' depends on axioms: [propext]
'Math.B699.CRTStage2Pair27.Chunk000.cellA3B6_check' depends on axioms: [propext]
'Math.B699.CRTStage2Pair27.Chunk000.cellA3B7_check' depends on axioms: [propext]
'Math.B699.CRTStage2Pair27.Chunk000.cellA3B8_check' depends on axioms: [propext]
'Math.B699.CRTStage2Pair27.Chunk000.cellA3B9_check' depends on axioms: [propext]
'Math.B699.CRTStage2Pair27.Chunk000.cellA3B10_check' depends on axioms: [propext]
'Math.B699.CRTStage2Pair27.Chunk000.cellA3B11_check' depends on axioms: [propext]
'Math.B699.CRTStage2Pair27.Chunk000.cellA3B12_check' depends on axioms: [propext]
'Math.B699.CRTStage2Pair27.Chunk000.cellA3B13_check' depends on axioms: [propext]
'Math.B699.CRTStage2Pair27.Chunk000.rowA3_cell_check' depends on axioms: [propext]
'Math.B699.CRTStage2Pair27.Chunk000.rowA3_block_check' depends on axioms: [propext, Quot.sound]
'Math.B699.CRTStage2Pair27.Chunk000.cellA4B1_check' depends on axioms: [propext]
'Math.B699.CRTStage2Pair27.Chunk000.cellA4B2_check' depends on axioms: [propext]
'Math.B699.CRTStage2Pair27.Chunk000.cellA4B3_check' depends on axioms: [propext]
'Math.B699.CRTStage2Pair27.Chunk000.cellA4B4_check' depends on axioms: [propext]
'Math.B699.CRTStage2Pair27.Chunk000.cellA4B5_check' depends on axioms: [propext]
'Math.B699.CRTStage2Pair27.Chunk000.cellA4B6_check' depends on axioms: [propext]
'Math.B699.CRTStage2Pair27.Chunk000.cellA4B7_check' depends on axioms: [propext]
'Math.B699.CRTStage2Pair27.Chunk000.cellA4B8_check' depends on axioms: [propext]
'Math.B699.CRTStage2Pair27.Chunk000.cellA4B9_check' depends on axioms: [propext]
'Math.B699.CRTStage2Pair27.Chunk000.cellA4B10_check' depends on axioms: [propext]
'Math.B699.CRTStage2Pair27.Chunk000.cellA4B11_check' depends on axioms: [propext]
'Math.B699.CRTStage2Pair27.Chunk000.cellA4B12_check' depends on axioms: [propext]
'Math.B699.CRTStage2Pair27.Chunk000.cellA4B13_check' depends on axioms: [propext]
'Math.B699.CRTStage2Pair27.Chunk000.rowA4_cell_check' depends on axioms: [propext]
'Math.B699.CRTStage2Pair27.Chunk000.rowA4_block_check' depends on axioms: [propext, Quot.sound]
'Math.B699.CRTStage2Pair27.Chunk000.cellA5B1_check' depends on axioms: [propext]
'Math.B699.CRTStage2Pair27.Chunk000.cellA5B2_check' depends on axioms: [propext]
'Math.B699.CRTStage2Pair27.Chunk000.cellA5B3_check' depends on axioms: [propext]
'Math.B699.CRTStage2Pair27.Chunk000.cellA5B4_check' depends on axioms: [propext]
'Math.B699.CRTStage2Pair27.Chunk000.cellA5B5_check' depends on axioms: [propext]
'Math.B699.CRTStage2Pair27.Chunk000.cellA5B6_check' depends on axioms: [propext]
'Math.B699.CRTStage2Pair27.Chunk000.cellA5B7_check' depends on axioms: [propext]
'Math.B699.CRTStage2Pair27.Chunk000.cellA5B8_check' depends on axioms: [propext]
'Math.B699.CRTStage2Pair27.Chunk000.cellA5B9_check' depends on axioms: [propext]
'Math.B699.CRTStage2Pair27.Chunk000.cellA5B10_check' depends on axioms: [propext]
'Math.B699.CRTStage2Pair27.Chunk000.cellA5B11_check' depends on axioms: [propext]
'Math.B699.CRTStage2Pair27.Chunk000.cellA5B12_check' depends on axioms: [propext]
'Math.B699.CRTStage2Pair27.Chunk000.cellA5B13_check' depends on axioms: [propext]
'Math.B699.CRTStage2Pair27.Chunk000.rowA5_cell_check' depends on axioms: [propext]
'Math.B699.CRTStage2Pair27.Chunk000.rowA5_block_check' depends on axioms: [propext, Quot.sound]
'Math.B699.CRTStage2Pair27.Chunk000.cellA6B1_check' depends on axioms: [propext]
'Math.B699.CRTStage2Pair27.Chunk000.cellA6B2_check' depends on axioms: [propext]
'Math.B699.CRTStage2Pair27.Chunk000.cellA6B3_check' depends on axioms: [propext]
'Math.B699.CRTStage2Pair27.Chunk000.cellA6B4_check' depends on axioms: [propext]
'Math.B699.CRTStage2Pair27.Chunk000.cellA6B5_check' depends on axioms: [propext]
'Math.B699.CRTStage2Pair27.Chunk000.cellA6B6_check' depends on axioms: [propext]
'Math.B699.CRTStage2Pair27.Chunk000.cellA6B7_check' depends on axioms: [propext]
'Math.B699.CRTStage2Pair27.Chunk000.cellA6B8_check' depends on axioms: [propext]
'Math.B699.CRTStage2Pair27.Chunk000.cellA6B9_check' depends on axioms: [propext]
'Math.B699.CRTStage2Pair27.Chunk000.cellA6B10_check' depends on axioms: [propext]
'Math.B699.CRTStage2Pair27.Chunk000.cellA6B11_check' depends on axioms: [propext]
'Math.B699.CRTStage2Pair27.Chunk000.cellA6B12_check' depends on axioms: [propext]
'Math.B699.CRTStage2Pair27.Chunk000.cellA6B13_check' depends on axioms: [propext]
'Math.B699.CRTStage2Pair27.Chunk000.rowA6_cell_check' depends on axioms: [propext]
'Math.B699.CRTStage2Pair27.Chunk000.rowA6_block_check' depends on axioms: [propext, Quot.sound]
'Math.B699.CRTStage2Pair27.Chunk000.cellA7B1_check' depends on axioms: [propext]
'Math.B699.CRTStage2Pair27.Chunk000.cellA7B2_check' depends on axioms: [propext]
'Math.B699.CRTStage2Pair27.Chunk000.cellA7B3_check' depends on axioms: [propext]
'Math.B699.CRTStage2Pair27.Chunk000.cellA7B4_check' depends on axioms: [propext]
'Math.B699.CRTStage2Pair27.Chunk000.cellA7B5_check' depends on axioms: [propext]
'Math.B699.CRTStage2Pair27.Chunk000.cellA7B6_check' depends on axioms: [propext]
'Math.B699.CRTStage2Pair27.Chunk000.cellA7B7_check' depends on axioms: [propext]
'Math.B699.CRTStage2Pair27.Chunk000.cellA7B8_check' depends on axioms: [propext]
'Math.B699.CRTStage2Pair27.Chunk000.cellA7B9_check' depends on axioms: [propext]
'Math.B699.CRTStage2Pair27.Chunk000.cellA7B10_check' depends on axioms: [propext]
'Math.B699.CRTStage2Pair27.Chunk000.cellA7B11_check' depends on axioms: [propext]
'Math.B699.CRTStage2Pair27.Chunk000.cellA7B12_check' depends on axioms: [propext]
'Math.B699.CRTStage2Pair27.Chunk000.cellA7B13_check' depends on axioms: [propext]
'Math.B699.CRTStage2Pair27.Chunk000.rowA7_cell_check' depends on axioms: [propext]
'Math.B699.CRTStage2Pair27.Chunk000.rowA7_block_check' depends on axioms: [propext, Quot.sound]
'Math.B699.CRTStage2Pair27.Chunk000.cellA8B1_check' depends on axioms: [propext]
'Math.B699.CRTStage2Pair27.Chunk000.cellA8B2_check' depends on axioms: [propext]
'Math.B699.CRTStage2Pair27.Chunk000.cellA8B3_check' depends on axioms: [propext]
'Math.B699.CRTStage2Pair27.Chunk000.cellA8B4_check' depends on axioms: [propext]
'Math.B699.CRTStage2Pair27.Chunk000.cellA8B5_check' depends on axioms: [propext]
'Math.B699.CRTStage2Pair27.Chunk000.cellA8B6_check' depends on axioms: [propext]
'Math.B699.CRTStage2Pair27.Chunk000.cellA8B7_check' depends on axioms: [propext]
'Math.B699.CRTStage2Pair27.Chunk000.cellA8B8_check' depends on axioms: [propext]
'Math.B699.CRTStage2Pair27.Chunk000.cellA8B9_check' depends on axioms: [propext]
'Math.B699.CRTStage2Pair27.Chunk000.cellA8B10_check' depends on axioms: [propext]
'Math.B699.CRTStage2Pair27.Chunk000.cellA8B11_check' depends on axioms: [propext]
'Math.B699.CRTStage2Pair27.Chunk000.cellA8B12_check' depends on axioms: [propext]
'Math.B699.CRTStage2Pair27.Chunk000.cellA8B13_check' depends on axioms: [propext]
'Math.B699.CRTStage2Pair27.Chunk000.rowA8_cell_check' depends on axioms: [propext]
'Math.B699.CRTStage2Pair27.Chunk000.rowA8_block_check' depends on axioms: [propext, Quot.sound]
