{"status": "failed_not_accepted", "root": "research/tasks/B699-Binomial/runs/20260911-low-index-lean-513dc7cc/lean/CrtData/PilotStage4Pair57.lean", "name": "crt-pilot-stage4-pair57", "new_original_indices": [], "source_sha256_before": "3d80ec427e915c4e73f0254e713b5d1b816d9ee1a1c2c337c925c64ec61f635d", "reuse": ["research/tasks/B699-Binomial/runs/20260911-low-index-lean-513dc7cc/verification/20260911T192713999169Z/evidence.json"], "exit_code": 1, "evidence": "research/tasks/B699-Binomial/runs/20260911-low-index-lean-513dc7cc/verification/20260911T195846668636Z/evidence.json", "finished_utc": "2026-09-11T19:59:22.823431+00:00", "failure": "Compile failed: research.tasks.B699-Binomial.runs.20260911-low-index-lean-513dc7cc.lean.CrtData.PilotStage4Pair57"}
FAILED_SOURCE research/tasks/B699-Binomial/runs/20260911-low-index-lean-513dc7cc/lean/CrtData/PilotStage4Pair57.lean
 The binding can be removed (if unused) or named `_` (if used implicitly). Alternatively, prefix the name with `_` to silence this warning:
  [apply] _d

Note: This linter can be disabled with `set_option linter.unusedVariables false`
PROJECT_ROOT\research\tasks\B699-Binomial\runs\20260911-low-index-lean-513dc7cc\lean\CrtData\PilotStage4Pair57.lean:295:16: warning: Variable name `d` is not explicitly referenced.

Hint: The binding can be removed (if unused) or named `_` (if used implicitly). Alternatively, prefix the name with `_` to silence this warning:
  [apply] _d

Note: This linter can be disabled with `set_option linter.unusedVariables false`
PROJECT_ROOT\research\tasks\B699-Binomial\runs\20260911-low-index-lean-513dc7cc\lean\CrtData\PilotStage4Pair57.lean:299:16: warning: Variable name `d` is not explicitly referenced.

Hint: The binding can be removed (if unused) or named `_` (if used implicitly). Alternatively, prefix the name with `_` to silence this warning:
  [apply] _d

Note: This linter can be disabled with `set_option linter.unusedVariables false`
PROJECT_ROOT\research\tasks\B699-Binomial\runs\20260911-low-index-lean-513dc7cc\lean\CrtData\PilotStage4Pair57.lean:303:16: warning: Variable name `d` is not explicitly referenced.

Hint: The binding can be removed (if unused) or named `_` (if used implicitly). Alternatively, prefix the name with `_` to silence this warning:
  [apply] _d

Note: This linter can be disabled with `set_option linter.unusedVariables false`
PROJECT_ROOT\research\tasks\B699-Binomial\runs\20260911-low-index-lean-513dc7cc\lean\CrtData\PilotStage4Pair57.lean:307:16: warning: Variable name `d` is not explicitly referenced.

Hint: The binding can be removed (if unused) or named `_` (if used implicitly). Alternatively, prefix the name with `_` to silence this warning:
  [apply] _d

Note: This linter can be disabled with `set_option linter.unusedVariables false`
PROJECT_ROOT\research\tasks\B699-Binomial\runs\20260911-low-index-lean-513dc7cc\lean\CrtData\PilotStage4Pair57.lean:311:16: warning: Variable name `d` is not explicitly referenced.

Hint: The binding can be removed (if unused) or named `_` (if used implicitly). Alternatively, prefix the name with `_` to silence this warning:
  [apply] _d

Note: This linter can be disabled with `set_option linter.unusedVariables false`
PROJECT_ROOT\research\tasks\B699-Binomial\runs\20260911-low-index-lean-513dc7cc\lean\CrtData\PilotStage4Pair57.lean:315:16: warning: Variable name `d` is not explicitly referenced.

Hint: The binding can be removed (if unused) or named `_` (if used implicitly). Alternatively, prefix the name with `_` to silence this warning:
  [apply] _d

Note: This linter can be disabled with `set_option linter.unusedVariables false`
PROJECT_ROOT\research\tasks\B699-Binomial\runs\20260911-low-index-lean-513dc7cc\lean\CrtData\PilotStage4Pair57.lean:319:16: warning: Variable name `d` is not explicitly referenced.

Hint: The binding can be removed (if unused) or named `_` (if used implicitly). Alternatively, prefix the name with `_` to silence this warning:
  [apply] _d

Note: This linter can be disabled with `set_option linter.unusedVariables false`
PROJECT_ROOT\research\tasks\B699-Binomial\runs\20260911-low-index-lean-513dc7cc\lean\CrtData\PilotStage4Pair57.lean:323:16: warning: Variable name `d` is not explicitly referenced.

Hint: The binding can be removed (if unused) or named `_` (if used implicitly). Alternatively, prefix the name with `_` to silence this warning:
  [apply] _d

Note: This linter can be disabled with `set_option linter.unusedVariables false`
PROJECT_ROOT\research\tasks\B699-Binomial\runs\20260911-low-index-lean-513dc7cc\lean\CrtData\PilotStage4Pair57.lean:327:16: warning: Variable name `d` is not explicitly referenced.

Hint: The binding can be removed (if unused) or named `_` (if used implicitly). Alternatively, prefix the name with `_` to silence this warning:
  [apply] _d

Note: This linter can be disabled with `set_option linter.unusedVariables false`
PROJECT_ROOT\research\tasks\B699-Binomial\runs\20260911-low-index-lean-513dc7cc\lean\CrtData\PilotStage4Pair57.lean:331:16: warning: Variable name `d` is not explicitly referenced.

Hint: The binding can be removed (if unused) or named `_` (if used implicitly). Alternatively, prefix the name with `_` to silence this warning:
  [apply] _d

Note: This linter can be disabled with `set_option linter.unusedVariables false`
PROJECT_ROOT\research\tasks\B699-Binomial\runs\20260911-low-index-lean-513dc7cc\lean\CrtData\PilotStage4Pair57.lean:335:16: warning: Variable name `d` is not explicitly referenced.

Hint: The binding can be removed (if unused) or named `_` (if used implicitly). Alternatively, prefix the name with `_` to silence this warning:
  [apply] _d

Note: This linter can be disabled with `set_option linter.unusedVariables false`
PROJECT_ROOT\research\tasks\B699-Binomial\runs\20260911-low-index-lean-513dc7cc\lean\CrtData\PilotStage4Pair57.lean:339:16: warning: Variable name `d` is not explicitly referenced.

Hint: The binding can be removed (if unused) or named `_` (if used implicitly). Alternatively, prefix the name with `_` to silence this warning:
  [apply] _d

Note: This linter can be disabled with `set_option linter.unusedVariables false`
PROJECT_ROOT\research\tasks\B699-Binomial\runs\20260911-low-index-lean-513dc7cc\lean\CrtData\PilotStage4Pair57.lean:344:34: error: unexpected token 'if'; expected 'else'
PROJECT_ROOT\research\tasks\B699-Binomial\runs\20260911-low-index-lean-513dc7cc\lean\CrtData\PilotStage4Pair57.lean:429:2: error: Tactic `decide` failed for proposition
  blockCheck 5 7 stageH stageM stageT 1 10 1 8 pilotData = true
because its `Decidable` instance
  instDecidableEqBool (blockCheck 5 7 stageH stageM stageT 1 10 1 8 pilotData) true
did not reduce to `isTrue` or `isFalse`.

After unfolding the instances `decEq`, `instDecidableAnd`, `instDecidableEqBool`, `instDecidableEqNat`, `instDecidableOr`, `Bool.decEq`, `Int.decEq`, `Int.decLe`, `Int.decLt`, `Int.decNonneg`, `Int.instDecidableEq`, `Nat.decEq`, `Nat.decLe`, `instDecidableLowerCondition`, and `instDecidableUpperCondition`, reduction got stuck at the `Decidable` instance
  match blockCheck 5 7 stageH stageM stageT 1 10 1 8 pilotData, true with
  | false, false => isTrue ⋯
  | false, true => isFalse ⋯
  | true, false => isFalse ⋯
  | true, true => isTrue ⋯
'Math.B699.CRTGrid.PilotStage4_57_Rectangle.block_check' depends on axioms: [propext, sorryAx]

