CACHE_MODULE_BEGIN Cache.Cli threads=1 Elab.async=false managed=1536MiB sandboxed=True
B699_RESOURCE_CONTRACT path=/sys/fs/cgroup memory.max=2147483648 memory.current=1998848 cpu.max=100000 100000 pids.max=256 pids.current=3
B699_DIAGNOSTIC_TIMER timeout (GNU coreutils) 9.1
B699_DIAGNOSTIC_LEASE seconds=2391 deadline.epoch=1791329425
built Cache.Cli
CACHE_MODULE_BEGIN Cache.Lean threads=1 Elab.async=false managed=1536MiB sandboxed=True
B699_RESOURCE_CONTRACT path=/sys/fs/cgroup memory.max=2147483648 memory.current=2076672 cpu.max=100000 100000 pids.max=256 pids.current=3
B699_DIAGNOSTIC_TIMER timeout (GNU coreutils) 9.1
B699_DIAGNOSTIC_LEASE seconds=2390 deadline.epoch=1791329425
built Cache.Lean
CACHE_MODULE_BEGIN Batteries.Tactic.OpenPrivate threads=1 Elab.async=false managed=1536MiB sandboxed=True
B699_RESOURCE_CONTRACT path=/sys/fs/cgroup memory.max=2147483648 memory.current=2080768 cpu.max=100000 100000 pids.max=256 pids.current=3
B699_DIAGNOSTIC_TIMER timeout (GNU coreutils) 9.1
B699_DIAGNOSTIC_LEASE seconds=2389 deadline.epoch=1791329425
built Batteries.Tactic.OpenPrivate
CACHE_MODULE_BEGIN Cache.IO threads=1 Elab.async=false managed=1536MiB sandboxed=True
B699_RESOURCE_CONTRACT path=/sys/fs/cgroup memory.max=2147483648 memory.current=1974272 cpu.max=100000 100000 pids.max=256 pids.current=3
B699_DIAGNOSTIC_TIMER timeout (GNU coreutils) 9.1
B699_DIAGNOSTIC_LEASE seconds=2389 deadline.epoch=1791329425
built Cache.IO
CACHE_MODULE_BEGIN Cache.Hashing threads=1 Elab.async=false managed=1536MiB sandboxed=True
B699_RESOURCE_CONTRACT path=/sys/fs/cgroup memory.max=2147483648 memory.current=2248704 cpu.max=100000 100000 pids.max=256 pids.current=3
B699_DIAGNOSTIC_TIMER timeout (GNU coreutils) 9.1
B699_DIAGNOSTIC_LEASE seconds=2387 deadline.epoch=1791329425
built Cache.Hashing
CACHE_MODULE_BEGIN Cache.Infra threads=1 Elab.async=false managed=1536MiB sandboxed=True
B699_RESOURCE_CONTRACT path=/sys/fs/cgroup memory.max=2147483648 memory.current=2084864 cpu.max=100000 100000 pids.max=256 pids.current=3
B699_DIAGNOSTIC_TIMER timeout (GNU coreutils) 9.1
B699_DIAGNOSTIC_LEASE seconds=2387 deadline.epoch=1791329425
built Cache.Infra
CACHE_MODULE_BEGIN Cache.Requests threads=1 Elab.async=false managed=1536MiB sandboxed=True
B699_RESOURCE_CONTRACT path=/sys/fs/cgroup memory.max=2147483648 memory.current=2011136 cpu.max=100000 100000 pids.max=256 pids.current=3
B699_DIAGNOSTIC_TIMER timeout (GNU coreutils) 9.1
B699_DIAGNOSTIC_LEASE seconds=2386 deadline.epoch=1791329425
built Cache.Requests
CACHE_MODULE_BEGIN Cache.Marker threads=1 Elab.async=false managed=1536MiB sandboxed=True
B699_RESOURCE_CONTRACT path=/sys/fs/cgroup memory.max=2147483648 memory.current=2052096 cpu.max=100000 100000 pids.max=256 pids.current=3
B699_DIAGNOSTIC_TIMER timeout (GNU coreutils) 9.1
B699_DIAGNOSTIC_LEASE seconds=2384 deadline.epoch=1791329425
built Cache.Marker
CACHE_MODULE_BEGIN Cache.Query threads=1 Elab.async=false managed=1536MiB sandboxed=True
B699_RESOURCE_CONTRACT path=/sys/fs/cgroup memory.max=2147483648 memory.current=1986560 cpu.max=100000 100000 pids.max=256 pids.current=3
B699_DIAGNOSTIC_TIMER timeout (GNU coreutils) 9.1
B699_DIAGNOSTIC_LEASE seconds=2384 deadline.epoch=1791329425
built Cache.Query
CACHE_MODULE_BEGIN Cache.Warning threads=1 Elab.async=false managed=1536MiB sandboxed=True
B699_RESOURCE_CONTRACT path=/sys/fs/cgroup memory.max=2147483648 memory.current=1679360 cpu.max=100000 100000 pids.max=256 pids.current=3
B699_DIAGNOSTIC_TIMER timeout (GNU coreutils) 9.1
B699_DIAGNOSTIC_LEASE seconds=2383 deadline.epoch=1791329425
built Cache.Warning
CACHE_MODULE_BEGIN Cache.Main threads=1 Elab.async=false managed=1536MiB sandboxed=True
B699_RESOURCE_CONTRACT path=/sys/fs/cgroup memory.max=2147483648 memory.current=1769472 cpu.max=100000 100000 pids.max=256 pids.current=3
B699_DIAGNOSTIC_TIMER timeout (GNU coreutils) 9.1
B699_DIAGNOSTIC_LEASE seconds=2382 deadline.epoch=1791329425
built Cache.Main
built 11 modules; no native executable link
