# command: LEAN -j1 -M2048 -DautoImplicit=false -DrelaxedAutoImplicit=false --root=PROJECT_ROOT -o .tools/20260911-low-index-lean-513dc7cc/20260911T140033437328Z/olean/research/tasks/B699-Binomial/runs/20260911-low-index-lean-513dc7cc/lean/rows/Row037J32/Block004.olean research/tasks/B699-Binomial/runs/20260911-low-index-lean-513dc7cc/lean/rows/Row037J32/Block004.lean
# cwd: PROJECT_ROOT
# started_utc: 2026-09-11T14:03:31.938691Z
# finished_utc: 2026-09-11T14:03:47.697767Z
# exit_code: 0
# timed_out: False
'B699LowIndex.LowIndexLean513dc7cc.row037_layer009_chunks_eq' does not depend on any axioms
'B699LowIndex.LowIndexLean513dc7cc.row037_layer009_pairs' depends on axioms: [propext, Quot.sound]
'B699LowIndex.LowIndexLean513dc7cc.row037_layer009_checked' depends on axioms: [propext, Classical.choice, Quot.sound]
'B699LowIndex.LowIndexLean513dc7cc.row037_layer010_intervals' does not depend on any axioms
'B699LowIndex.LowIndexLean513dc7cc.row037_layer010_arithmetic' depends on axioms: [propext,
 Classical.choice,
 Quot.sound]
'B699LowIndex.LowIndexLean513dc7cc.row037_layer010_enumeration' depends on axioms: [propext,
 Classical.choice,
 Quot.sound]
'B699LowIndex.LowIndexLean513dc7cc.row037_layer010_pairs' does not depend on any axioms
'B699LowIndex.LowIndexLean513dc7cc.row037_layer010_checked' depends on axioms: [propext, Classical.choice, Quot.sound]
'B699LowIndex.LowIndexLean513dc7cc.row037_layer011_intervals' does not depend on any axioms
'B699LowIndex.LowIndexLean513dc7cc.row037_layer011_arithmetic' depends on axioms: [propext,
 Classical.choice,
 Quot.sound]
'B699LowIndex.LowIndexLean513dc7cc.row037_layer011_enumeration' depends on axioms: [propext,
 Classical.choice,
 Quot.sound]
'B699LowIndex.LowIndexLean513dc7cc.row037_layer011_pairs' does not depend on any axioms
'B699LowIndex.LowIndexLean513dc7cc.row037_layer011_checked' depends on axioms: [propext, Classical.choice, Quot.sound]
'B699LowIndex.LowIndexLean513dc7cc.row037_layer008_checked' depends on axioms: [propext, Classical.choice, Quot.sound]
'B699LowIndex.LowIndexLean513dc7cc.row037_layer009_checked' depends on axioms: [propext, Classical.choice, Quot.sound]
'B699LowIndex.LowIndexLean513dc7cc.row037_layer010_checked' depends on axioms: [propext, Classical.choice, Quot.sound]
'B699LowIndex.LowIndexLean513dc7cc.row037_layer011_checked' depends on axioms: [propext, Classical.choice, Quot.sound]
'B699LowIndex.LowIndexLean513dc7cc.row037_layer012_intervals' does not depend on any axioms
'B699LowIndex.LowIndexLean513dc7cc.row037_layer012_arithmetic' depends on axioms: [propext,
 Classical.choice,
 Quot.sound]
'B699LowIndex.LowIndexLean513dc7cc.row037_layer012_enumeration' depends on axioms: [propext,
 Classical.choice,
 Quot.sound]
'B699LowIndex.LowIndexLean513dc7cc.row037_layer012_pairs' does not depend on any axioms
'B699LowIndex.LowIndexLean513dc7cc.row037_layer012_checked' depends on axioms: [propext, Classical.choice, Quot.sound]
'B699LowIndex.LowIndexLean513dc7cc.row037_layer013_intervals' does not depend on any axioms
'B699LowIndex.LowIndexLean513dc7cc.row037_layer013_arithmetic' depends on axioms: [propext,
 Classical.choice,
 Quot.sound]
'B699LowIndex.LowIndexLean513dc7cc.row037_layer013_enumeration' depends on axioms: [propext,
 Classical.choice,
 Quot.sound]
'B699LowIndex.LowIndexLean513dc7cc.row037_layer013_pairs' does not depend on any axioms
'B699LowIndex.LowIndexLean513dc7cc.row037_layer013_checked' depends on axioms: [propext, Classical.choice, Quot.sound]
'B699LowIndex.LowIndexLean513dc7cc.row037_layer014_intervals' does not depend on any axioms
'B699LowIndex.LowIndexLean513dc7cc.row037_layer014_arithmetic' depends on axioms: [propext,
 Classical.choice,
 Quot.sound]
'B699LowIndex.LowIndexLean513dc7cc.row037_layer014_enumeration' depends on axioms: [propext,
 Classical.choice,
 Quot.sound]
'B699LowIndex.LowIndexLean513dc7cc.row037_layer014_pairs' does not depend on any axioms
'B699LowIndex.LowIndexLean513dc7cc.row037_layer014_checked' depends on axioms: [propext, Classical.choice, Quot.sound]
'B699LowIndex.LowIndexLean513dc7cc.row037_layer015_intervals' does not depend on any axioms
'B699LowIndex.LowIndexLean513dc7cc.row037_layer015_arithmetic' depends on axioms: [propext,
 Classical.choice,
 Quot.sound]
'B699LowIndex.LowIndexLean513dc7cc.row037_layer015_enumeration' depends on axioms: [propext,
 Classical.choice,
 Quot.sound]
'B699LowIndex.LowIndexLean513dc7cc.row037_layer015_pairs' does not depend on any axioms
