# command: LEAN -j1 -M2048 -DautoImplicit=false -DrelaxedAutoImplicit=false --root=PROJECT_ROOT -o .tools/20260911-low-index-lean-513dc7cc/20260911T140033437328Z/olean/research/tasks/B699-Binomial/runs/20260911-low-index-lean-513dc7cc/lean/rows/Row037J32/Block006.olean research/tasks/B699-Binomial/runs/20260911-low-index-lean-513dc7cc/lean/rows/Row037J32/Block006.lean
# cwd: PROJECT_ROOT
# started_utc: 2026-09-11T14:04:00.798483Z
# finished_utc: 2026-09-11T14:04:12.710259Z
# exit_code: 0
# timed_out: False
'B699LowIndex.LowIndexLean513dc7cc.row037_layer021_checked' depends on axioms: [propext, Classical.choice, Quot.sound]
'B699LowIndex.LowIndexLean513dc7cc.row037_layer022_intervals' does not depend on any axioms
'B699LowIndex.LowIndexLean513dc7cc.row037_layer022_arithmetic' depends on axioms: [propext,
 Classical.choice,
 Quot.sound]
'B699LowIndex.LowIndexLean513dc7cc.row037_layer022_enumeration' depends on axioms: [propext,
 Classical.choice,
 Quot.sound]
'B699LowIndex.LowIndexLean513dc7cc.row037_layer022_pairs' does not depend on any axioms
'B699LowIndex.LowIndexLean513dc7cc.row037_layer022_checked' depends on axioms: [propext, Classical.choice, Quot.sound]
'B699LowIndex.LowIndexLean513dc7cc.row037_layer023_intervals' does not depend on any axioms
'B699LowIndex.LowIndexLean513dc7cc.row037_layer023_arithmetic' depends on axioms: [propext,
 Classical.choice,
 Quot.sound]
'B699LowIndex.LowIndexLean513dc7cc.row037_layer023_enumeration' depends on axioms: [propext,
 Classical.choice,
 Quot.sound]
'B699LowIndex.LowIndexLean513dc7cc.row037_layer023_pairs' does not depend on any axioms
'B699LowIndex.LowIndexLean513dc7cc.row037_layer023_checked' depends on axioms: [propext, Classical.choice, Quot.sound]
'B699LowIndex.LowIndexLean513dc7cc.row037_layer020_checked' depends on axioms: [propext, Classical.choice, Quot.sound]
'B699LowIndex.LowIndexLean513dc7cc.row037_layer021_checked' depends on axioms: [propext, Classical.choice, Quot.sound]
'B699LowIndex.LowIndexLean513dc7cc.row037_layer022_checked' depends on axioms: [propext, Classical.choice, Quot.sound]
'B699LowIndex.LowIndexLean513dc7cc.row037_layer023_checked' depends on axioms: [propext, Classical.choice, Quot.sound]
'B699LowIndex.LowIndexLean513dc7cc.row037_layer024_intervals' does not depend on any axioms
'B699LowIndex.LowIndexLean513dc7cc.row037_layer024_arithmetic' depends on axioms: [propext,
 Classical.choice,
 Quot.sound]
'B699LowIndex.LowIndexLean513dc7cc.row037_layer024_enumeration' depends on axioms: [propext,
 Classical.choice,
 Quot.sound]
'B699LowIndex.LowIndexLean513dc7cc.row037_layer024_pairs' does not depend on any axioms
'B699LowIndex.LowIndexLean513dc7cc.row037_layer024_checked' depends on axioms: [propext, Classical.choice, Quot.sound]
'B699LowIndex.LowIndexLean513dc7cc.row037_layer025_intervals' does not depend on any axioms
'B699LowIndex.LowIndexLean513dc7cc.row037_layer025_arithmetic' depends on axioms: [propext,
 Classical.choice,
 Quot.sound]
'B699LowIndex.LowIndexLean513dc7cc.row037_layer025_enumeration' depends on axioms: [propext,
 Classical.choice,
 Quot.sound]
'B699LowIndex.LowIndexLean513dc7cc.row037_layer025_pairs' does not depend on any axioms
'B699LowIndex.LowIndexLean513dc7cc.row037_layer025_checked' depends on axioms: [propext, Classical.choice, Quot.sound]
'B699LowIndex.LowIndexLean513dc7cc.row037_layer026_intervals' does not depend on any axioms
'B699LowIndex.LowIndexLean513dc7cc.row037_layer026_arithmetic' depends on axioms: [propext,
 Classical.choice,
 Quot.sound]
'B699LowIndex.LowIndexLean513dc7cc.row037_layer026_enumeration' depends on axioms: [propext,
 Classical.choice,
 Quot.sound]
'B699LowIndex.LowIndexLean513dc7cc.row037_layer026_pairs' does not depend on any axioms
'B699LowIndex.LowIndexLean513dc7cc.row037_layer026_checked' depends on axioms: [propext, Classical.choice, Quot.sound]
'B699LowIndex.LowIndexLean513dc7cc.row037_layer027_intervals' does not depend on any axioms
'B699LowIndex.LowIndexLean513dc7cc.row037_layer027_arithmetic' depends on axioms: [propext,
 Classical.choice,
 Quot.sound]
'B699LowIndex.LowIndexLean513dc7cc.row037_layer027_enumeration' depends on axioms: [propext,
 Classical.choice,
 Quot.sound]
'B699LowIndex.LowIndexLean513dc7cc.row037_layer027_pairs' does not depend on any axioms
'B699LowIndex.LowIndexLean513dc7cc.row037_layer027_checked' depends on axioms: [propext, Classical.choice, Quot.sound]
