# command: LEAN -j1 -M2048 -DautoImplicit=false -DrelaxedAutoImplicit=false --root=PROJECT_ROOT -o .tools/20260911-low-index-lean-513dc7cc/20260911T140033437328Z/olean/research/tasks/B699-Binomial/runs/20260911-low-index-lean-513dc7cc/lean/rows/Row037J32/Block005.olean research/tasks/B699-Binomial/runs/20260911-low-index-lean-513dc7cc/lean/rows/Row037J32/Block005.lean
# cwd: PROJECT_ROOT
# started_utc: 2026-09-11T14:03:47.725940Z
# finished_utc: 2026-09-11T14:04:00.771547Z
# exit_code: 0
# timed_out: False
'B699LowIndex.LowIndexLean513dc7cc.row037_layer015_checked' depends on axioms: [propext, Classical.choice, Quot.sound]
'B699LowIndex.LowIndexLean513dc7cc.row037_layer012_checked' depends on axioms: [propext, Classical.choice, Quot.sound]
'B699LowIndex.LowIndexLean513dc7cc.row037_layer013_checked' depends on axioms: [propext, Classical.choice, Quot.sound]
'B699LowIndex.LowIndexLean513dc7cc.row037_layer014_checked' depends on axioms: [propext, Classical.choice, Quot.sound]
'B699LowIndex.LowIndexLean513dc7cc.row037_layer015_checked' depends on axioms: [propext, Classical.choice, Quot.sound]
'B699LowIndex.LowIndexLean513dc7cc.row037_layer016_intervals' does not depend on any axioms
'B699LowIndex.LowIndexLean513dc7cc.row037_layer016_arithmetic' depends on axioms: [propext,
 Classical.choice,
 Quot.sound]
'B699LowIndex.LowIndexLean513dc7cc.row037_layer016_enumeration' depends on axioms: [propext,
 Classical.choice,
 Quot.sound]
'B699LowIndex.LowIndexLean513dc7cc.row037_layer016_pairs' does not depend on any axioms
'B699LowIndex.LowIndexLean513dc7cc.row037_layer016_checked' depends on axioms: [propext, Classical.choice, Quot.sound]
'B699LowIndex.LowIndexLean513dc7cc.row037_layer017_intervals' does not depend on any axioms
'B699LowIndex.LowIndexLean513dc7cc.row037_layer017_arithmetic' depends on axioms: [propext,
 Classical.choice,
 Quot.sound]
'B699LowIndex.LowIndexLean513dc7cc.row037_layer017_enumeration' depends on axioms: [propext,
 Classical.choice,
 Quot.sound]
'B699LowIndex.LowIndexLean513dc7cc.row037_layer017_pairs' does not depend on any axioms
'B699LowIndex.LowIndexLean513dc7cc.row037_layer017_checked' depends on axioms: [propext, Classical.choice, Quot.sound]
'B699LowIndex.LowIndexLean513dc7cc.row037_layer018_intervals' does not depend on any axioms
'B699LowIndex.LowIndexLean513dc7cc.row037_layer018_arithmetic' depends on axioms: [propext,
 Classical.choice,
 Quot.sound]
'B699LowIndex.LowIndexLean513dc7cc.row037_layer018_enumeration' depends on axioms: [propext,
 Classical.choice,
 Quot.sound]
'B699LowIndex.LowIndexLean513dc7cc.row037_layer018_pairs' does not depend on any axioms
'B699LowIndex.LowIndexLean513dc7cc.row037_layer018_checked' depends on axioms: [propext, Classical.choice, Quot.sound]
'B699LowIndex.LowIndexLean513dc7cc.row037_layer019_intervals' does not depend on any axioms
'B699LowIndex.LowIndexLean513dc7cc.row037_layer019_arithmetic' depends on axioms: [propext,
 Classical.choice,
 Quot.sound]
'B699LowIndex.LowIndexLean513dc7cc.row037_layer019_enumeration' depends on axioms: [propext,
 Classical.choice,
 Quot.sound]
'B699LowIndex.LowIndexLean513dc7cc.row037_layer019_pairs' does not depend on any axioms
'B699LowIndex.LowIndexLean513dc7cc.row037_layer019_checked' depends on axioms: [propext, Classical.choice, Quot.sound]
'B699LowIndex.LowIndexLean513dc7cc.row037_layer016_checked' depends on axioms: [propext, Classical.choice, Quot.sound]
'B699LowIndex.LowIndexLean513dc7cc.row037_layer017_checked' depends on axioms: [propext, Classical.choice, Quot.sound]
'B699LowIndex.LowIndexLean513dc7cc.row037_layer018_checked' depends on axioms: [propext, Classical.choice, Quot.sound]
'B699LowIndex.LowIndexLean513dc7cc.row037_layer019_checked' depends on axioms: [propext, Classical.choice, Quot.sound]
'B699LowIndex.LowIndexLean513dc7cc.row037_layer020_intervals' does not depend on any axioms
'B699LowIndex.LowIndexLean513dc7cc.row037_layer020_arithmetic' depends on axioms: [propext,
 Classical.choice,
 Quot.sound]
'B699LowIndex.LowIndexLean513dc7cc.row037_layer020_enumeration' depends on axioms: [propext,
 Classical.choice,
 Quot.sound]
'B699LowIndex.LowIndexLean513dc7cc.row037_layer020_pairs' does not depend on any axioms
'B699LowIndex.LowIndexLean513dc7cc.row037_layer020_checked' depends on axioms: [propext, Classical.choice, Quot.sound]
'B699LowIndex.LowIndexLean513dc7cc.row037_layer021_intervals' does not depend on any axioms
'B699LowIndex.LowIndexLean513dc7cc.row037_layer021_arithmetic' depends on axioms: [propext,
 Classical.choice,
 Quot.sound]
'B699LowIndex.LowIndexLean513dc7cc.row037_layer021_enumeration' depends on axioms: [propext,
 Classical.choice,
 Quot.sound]
'B699LowIndex.LowIndexLean513dc7cc.row037_layer021_pairs' does not depend on any axioms
