ROOT 0 root_gates q 11 anchors 3,4,5 gates 2 secs 0.01
ROOT 0 root_gates_alt q 11 anchors 3,4,6 gates 2 secs 0.01
JETS 0 32749 q 11 gates 2 full 2 deficient 0 columns 82 secs 0.03
RECEIVE 0 32749 PASS q 11 p 32749 gates 2 minors 2 routed_exact_exceptions 0 secs 0.01
JETS 0 32719 q 11 gates 2 full 2 deficient 0 columns 82 secs 0.02
RECEIVE 0 32719 PASS q 11 p 32719 gates 2 minors 2 routed_exact_exceptions 0 secs 0.01
ROOT 1 root_gates q 11 anchors 3,4,5 gates 483 secs 0.38
ROOT 1 root_gates_alt q 11 anchors 3,4,6 gates 483 secs 0.4
JETS 1 32749 q 11 gates 483 full 483 deficient 0 columns 82 secs 0.13
RECEIVE 1 32749 PASS q 11 p 32749 gates 483 minors 483 routed_exact_exceptions 0 secs 0.2
JETS 1 32719 q 11 gates 483 full 483 deficient 0 columns 82 secs 0.13
RECEIVE 1 32719 PASS q 11 p 32719 gates 483 minors 483 routed_exact_exceptions 0 secs 0.18
ROOT 2 root_gates q 18 anchors 3,4,5 gates 41 secs 0.02
ROOT 2 root_gates_alt q 18 anchors 3,4,6 gates 41 secs 0.04
JETS 2 32749 q 18 gates 41 full 41 deficient 0 columns 257 secs 0.44
RECEIVE 2 32749 PASS q 18 p 32749 gates 41 minors 41 routed_exact_exceptions 0 secs 0.46
JETS 2 32719 q 18 gates 41 full 41 deficient 0 columns 257 secs 0.53
RECEIVE 2 32719 PASS q 18 p 32719 gates 41 minors 41 routed_exact_exceptions 0 secs 0.42
ROOT 3 root_gates q 18 anchors 3,4,5 gates 690 secs 0.27
ROOT 3 root_gates_alt q 18 anchors 3,4,6 gates 690 secs 0.26
JETS 3 32749 q 18 gates 690 full 690 deficient 0 columns 257 secs 3.16
RECEIVE 3 32749 PASS q 18 p 32749 gates 690 minors 690 routed_exact_exceptions 0 secs 7.27
JETS 3 32719 q 18 gates 690 full 690 deficient 0 columns 257 secs 3.26
RECEIVE 3 32719 PASS q 18 p 32719 gates 690 minors 690 routed_exact_exceptions 0 secs 7.73
COMPLETE 1216 exceptions 0
