D:\CodingProject\Math\research\tasks\B699-Binomial\runs\20261001-lean-nonr7-01a0f779\tail\SlimChebyshev.lean:45:70: error: unsolved goals
case hbc
x : ℝ
hx : 0 ≤ x
⊢ ↑⌊x⌋₊ ≤ x
D:\CodingProject\Math\research\tasks\B699-Binomial\runs\20261001-lean-nonr7-01a0f779\tail\SlimChebyshev.lean:91:10: error: Tactic `rewrite` failed: Did not find an occurrence of the pattern
  deriv (fun x => (log x)⁻¹) u
in the target expression
  (fun x => deriv (fun x => (log x)⁻¹) x * f x) u = (fun x => f x * -(x * log x ^ 2)⁻¹) u

x : ℝ
hx : 2 ≤ x
a : ℕ → ℝ := (Set.ofPred Nat.Prime).indicator fun n => log ↑n
f : ℝ → ℝ
u : ℝ
hu : u ∈ Set.Icc 2 x
⊢ (fun x => deriv (fun x => (log x)⁻¹) x * f x) u = (fun x => f x * -(x * log x ^ 2)⁻¹) u
'B699SlimChebyshev.theta_le_log4_mul_x' depends on axioms: [propext, sorryAx, Classical.choice, Quot.sound]
'B699SlimChebyshev.primeCounting_eq_theta_div_log_add_integral' depends on axioms: [propext,
 sorryAx,
 Classical.choice,
 Quot.sound]
