HASH PASS: 40 members in PAYLOAD_SHA256SUMS.txt
PASS actual B at mod13/169/2197; all complete periods, zero/nonunit/unit classes
PASS SPLIT13 data and binomial-LTE bases; unbounded exponent proof is in PROOFS.md
PASS 248 even A states, 7688 H residues; raw original h/P/n independent receiving
PASS A208 all q with 4|q excluded by original n; no finite bottom
PASS original Q31 full positive exponent cycle and c/s recovery
PASS direct-parent M2 exact delta 81126261, remaining 125334240; no joint enumeration
PASS exact infinite family at finite 13^3 precision, and sample non-square; whole family killed by FN31
PASS four whole polynomial identities over Z, no integer sampling
PASS direct-parent SHA/39 members and input copies; not an old mathematics replay
PASS next A292 necessary entry only: q=9 mod36, c=3, s=3 mod5; no solution claim
VERIFY PASS: 10 new certificates; author-level proof boundary retained
01_actual_13_quotient.json 41f1882fb82729c310df6188cce7974e30227222e57b9a86ec3d71617713a234
02_SPLIT13_full_exponents.json 6ed3c7bee960439162d431be2e816d87b1bacaac05394e09d322102c99fe58a8
03_same_input_FN31.json e34eafc8d62968798022bab50ecda8b6adbf2767fc33c76ae93ee44102a3850d
04_A208_all_rows_closed.json 40a8c0fab36a207b79c2f5cf994f120f4eaf0fa01eb66aa18581db0814f6807f
05_original_Q31_consumer.json 58cfc4cdccecdac42da6ba0a9bbe8f41eea355d75387d8680d49aa412e753502
06_same_M2_frontier.json b93073424714d4982245b60ff47607be22986f2db9f1d45c2800f8fed5321228
07_finite_13adic_failure_boundary.json fd265fc323ef400a43a1d1f231472a5cd641f027e4feed7b863fc613b6e806cd
08_same_input_identities.json 27c6c767be446c4f14925d73ed82522bbfa53dc3b9a0c2db4f4eddbce29658c5
09_source_adoption.json ab3dbe0be3674c88119a1f441793534df8e539c901400b82c712939e18656306
10_next_A292_entry.json 6c376f39cb5ab44a4271e864ad197c88785167e62dc1057120a114548b4a0d86
GENERATE PASS: 10 new certificates
BYTE REGENERATION PASS: 10 certificates
UNCHANGED TREE PASS
CLEAN REPLAY PASS; original theorem scope and author-level prerequisites unchanged
