{"checked_i": 13, "total_rows": 29747, "candidate_intervals": 2228, "max_candidate_n": 57656262, "top_prime_intervals": 3597, "top_prime_rows": 24401, "large_divisor_rows": 5345, "residue_cover_rows": 1, "residue_cover_j_values": 50, "unresolved": 0}
{
  "status": "PASS",
  "scope": "Complete exact finite certificates; BFT and infinite symbolic lemmas remain paper, not Lean",
  "independence": "No generator imports; other cofactor CRT parametrization; separate final colour-union reconstruction; primitive divisibility tests",
  "profiles": [
    {
      "i": 13,
      "CRT_height_delta": 14,
      "total_rows": 29747,
      "candidate_intervals": 2228,
      "max_candidate_n": 57656262,
      "top_prime_intervals": 3597,
      "top_prime_rows": 24401,
      "large_divisor_rows": 5345,
      "residue_cover_rows": 1,
      "residue_cover_j_values": 50,
      "unresolved": 0
    }
  ],
  "bound_stages_checked": 8,
  "power_pairs_checked": 85425,
  "unique_prime_witnesses": 3453,
  "max_prime_witness": 57656251,
  "lean_run": false
}
