# command: LEAN -j1 -M2048 -DautoImplicit=false -DrelaxedAutoImplicit=false --root=PROJECT_ROOT -o .tools/20260911-low-index-lean-513dc7cc/20260911T053500944693Z/olean/research/tasks/B699-Binomial/runs/20260911-low-index-lean-513dc7cc/lean/rows/Row142B32/Block001.olean research/tasks/B699-Binomial/runs/20260911-low-index-lean-513dc7cc/lean/rows/Row142B32/Block001.lean
# cwd: PROJECT_ROOT
# started_utc: 2026-09-11T05:35:39.304612Z
# finished_utc: 2026-09-11T05:36:03.997272Z
# exit_code: 0
# timed_out: False
'B699LowIndex.LowIndexLean513dc7cc.row142_layer000_pairs009' does not depend on any axioms
'B699LowIndex.LowIndexLean513dc7cc.row142_layer000_pairs010' does not depend on any axioms
'B699LowIndex.LowIndexLean513dc7cc.row142_layer000_chunks_eq' does not depend on any axioms
'B699LowIndex.LowIndexLean513dc7cc.row142_layer000_pairs' depends on axioms: [propext, Quot.sound]
'B699LowIndex.LowIndexLean513dc7cc.row142_layer000_checked' depends on axioms: [propext, Classical.choice, Quot.sound]
'B699LowIndex.LowIndexLean513dc7cc.row142_layer001_intervals' does not depend on any axioms
'B699LowIndex.LowIndexLean513dc7cc.row142_layer001_arithmetic' depends on axioms: [propext,
 Classical.choice,
 Quot.sound]
'B699LowIndex.LowIndexLean513dc7cc.row142_layer001_enumeration' depends on axioms: [propext,
 Classical.choice,
 Quot.sound]
'B699LowIndex.LowIndexLean513dc7cc.row142_layer001_pairs000' does not depend on any axioms
'B699LowIndex.LowIndexLean513dc7cc.row142_layer001_pairs001' does not depend on any axioms
'B699LowIndex.LowIndexLean513dc7cc.row142_layer001_pairs002' does not depend on any axioms
'B699LowIndex.LowIndexLean513dc7cc.row142_layer001_pairs003' does not depend on any axioms
'B699LowIndex.LowIndexLean513dc7cc.row142_layer001_pairs004' does not depend on any axioms
'B699LowIndex.LowIndexLean513dc7cc.row142_layer001_pairs005' does not depend on any axioms
'B699LowIndex.LowIndexLean513dc7cc.row142_layer001_pairs006' does not depend on any axioms
'B699LowIndex.LowIndexLean513dc7cc.row142_layer001_pairs007' does not depend on any axioms
'B699LowIndex.LowIndexLean513dc7cc.row142_layer001_chunks_eq' does not depend on any axioms
'B699LowIndex.LowIndexLean513dc7cc.row142_layer001_pairs' depends on axioms: [propext, Quot.sound]
'B699LowIndex.LowIndexLean513dc7cc.row142_layer001_checked' depends on axioms: [propext, Classical.choice, Quot.sound]
'B699LowIndex.LowIndexLean513dc7cc.row142_layer002_intervals' does not depend on any axioms
'B699LowIndex.LowIndexLean513dc7cc.row142_layer002_arithmetic' depends on axioms: [propext,
 Classical.choice,
 Quot.sound]
'B699LowIndex.LowIndexLean513dc7cc.row142_layer002_enumeration' depends on axioms: [propext,
 Classical.choice,
 Quot.sound]
'B699LowIndex.LowIndexLean513dc7cc.row142_layer002_pairs000' does not depend on any axioms
'B699LowIndex.LowIndexLean513dc7cc.row142_layer002_pairs001' does not depend on any axioms
'B699LowIndex.LowIndexLean513dc7cc.row142_layer002_pairs002' does not depend on any axioms
'B699LowIndex.LowIndexLean513dc7cc.row142_layer002_pairs003' does not depend on any axioms
'B699LowIndex.LowIndexLean513dc7cc.row142_layer002_pairs004' does not depend on any axioms
'B699LowIndex.LowIndexLean513dc7cc.row142_layer002_pairs005' does not depend on any axioms
'B699LowIndex.LowIndexLean513dc7cc.row142_layer002_chunks_eq' does not depend on any axioms
'B699LowIndex.LowIndexLean513dc7cc.row142_layer002_pairs' depends on axioms: [propext, Quot.sound]
'B699LowIndex.LowIndexLean513dc7cc.row142_layer002_checked' depends on axioms: [propext, Classical.choice, Quot.sound]
'B699LowIndex.LowIndexLean513dc7cc.row142_layer000_checked' depends on axioms: [propext, Classical.choice, Quot.sound]
'B699LowIndex.LowIndexLean513dc7cc.row142_layer001_checked' depends on axioms: [propext, Classical.choice, Quot.sound]
'B699LowIndex.LowIndexLean513dc7cc.row142_layer002_checked' depends on axioms: [propext, Classical.choice, Quot.sound]
'B699LowIndex.LowIndexLean513dc7cc.row142_layer003_checked' depends on axioms: [propext, Classical.choice, Quot.sound]
'B699LowIndex.LowIndexLean513dc7cc.row142_layer004_checked' depends on axioms: [propext, Classical.choice, Quot.sound]
'B699LowIndex.LowIndexLean513dc7cc.row142_layer005_checked' depends on axioms: [propext, Classical.choice, Quot.sound]
'B699LowIndex.LowIndexLean513dc7cc.row142_layer006_checked' depends on axioms: [propext, Classical.choice, Quot.sound]
'B699LowIndex.LowIndexLean513dc7cc.row142_layer007_checked' depends on axioms: [propext, Classical.choice, Quot.sound]
'B699LowIndex.LowIndexLean513dc7cc.row142_layer008_checked' depends on axioms: [propext, Classical.choice, Quot.sound]
'B699LowIndex.LowIndexLean513dc7cc.row142_layer009_checked' depends on axioms: [propext, Classical.choice, Quot.sound]
'B699LowIndex.LowIndexLean513dc7cc.row142_layer010_checked' depends on axioms: [propext, Classical.choice, Quot.sound]
'B699LowIndex.LowIndexLean513dc7cc.row142_layer011_checked' depends on axioms: [propext, Classical.choice, Quot.sound]
'B699LowIndex.LowIndexLean513dc7cc.row142_layer012_checked' depends on axioms: [propext, Classical.choice, Quot.sound]
