# command: LEAN -j1 -M1536 -DautoImplicit=false -DrelaxedAutoImplicit=false --root=PROJECT_ROOT -o .tools/20260911-low-index-lean-513dc7cc/20260912T092335542182Z/olean/research/tasks/B699-Binomial/runs/20260911-low-index-lean-513dc7cc/lean/I11TerminalMono/Audit.olean research/tasks/B699-Binomial/runs/20260911-low-index-lean-513dc7cc/lean/I11TerminalMono/Audit.lean
# cwd: PROJECT_ROOT
# started_utc: 2026-09-12T09:24:17.629711Z
# finished_utc: 2026-09-12T09:24:28.330445Z
# exit_code: 0
# timed_out: False
coverCheck_empty_interval : ∀ (lo hi : ℕ) (cs : List NatInterval), hi < lo → coverCheck lo hi cs = true
PROJECT_ROOT\research\tasks\B699-Binomial\runs\20260911-low-index-lean-513dc7cc\lean\I11TerminalMono\Audit.lean:9:102: warning: Variable name `h` is not explicitly referenced.

Hint: The binding can be removed (if unused) or named `_` (if used implicitly). Alternatively, prefix the name with `_` to silence this warning:
  [apply] _h

Note: This linter can be disabled with `set_option linter.unusedVariables false`
'Math.B699.I11TerminalMono.coverCheck_empty_interval' depends on axioms: [propext]
coverCheck_append : ∀ (front suffix : List NatInterval) (lo hi : ℕ),
  coverCheck lo hi front = true → coverCheck lo hi (front ++ suffix) = true
'Math.B699.I11TerminalMono.coverCheck_append' depends on axioms: [propext]
coverCheck_of_isPrefix : ∀ (lo hi : ℕ) (small large : List NatInterval),
  small <+: large → coverCheck lo hi small = true → coverCheck lo hi large = true
PROJECT_ROOT\research\tasks\B699-Binomial\runs\20260911-low-index-lean-513dc7cc\lean\I11TerminalMono\Audit.lean:19:5: warning: Variable name `hprefix` is not explicitly referenced.

Hint: The binding can be removed (if unused) or named `_` (if used implicitly). Alternatively, prefix the name with `_` to silence this warning:
  [apply] _hprefix

Note: This linter can be disabled with `set_option linter.unusedVariables false`
PROJECT_ROOT\research\tasks\B699-Binomial\runs\20260911-low-index-lean-513dc7cc\lean\I11TerminalMono\Audit.lean:19:38: warning: Variable name `hcheck` is not explicitly referenced.

Hint: The binding can be removed (if unused) or named `_` (if used implicitly). Alternatively, prefix the name with `_` to silence this warning:
  [apply] _hcheck

Note: This linter can be disabled with `set_option linter.unusedVariables false`
'Math.B699.I11TerminalMono.coverCheck_of_isPrefix' depends on axioms: [propext]
coverCheck_take : ∀ (lo hi : ℕ) (cs : List NatInterval) (k : ℕ),
  coverCheck lo hi (List.take k cs) = true → coverCheck lo hi cs = true
PROJECT_ROOT\research\tasks\B699-Binomial\runs\20260911-low-index-lean-513dc7cc\lean\I11TerminalMono\Audit.lean:24:5: warning: Variable name `hcheck` is not explicitly referenced.

Hint: The binding can be removed (if unused) or named `_` (if used implicitly). Alternatively, prefix the name with `_` to silence this warning:
  [apply] _hcheck

Note: This linter can be disabled with `set_option linter.unusedVariables false`
'Math.B699.I11TerminalMono.coverCheck_take' depends on axioms: [propext]
sublist_counterexample : [(1, 1)].Sublist [(2, 2), (1, 1)] ∧
  coverCheck 1 1 [(1, 1)] = true ∧ coverCheck 1 1 [(2, 2), (1, 1)] = false
'Math.B699.I11TerminalMono.sublist_counterexample' does not depend on any axioms
not_coverCheck_sublist_mono : ¬∀ (lo hi : ℕ) (small large : List NatInterval),
    small.Sublist large → coverCheck lo hi small = true → coverCheck lo hi large = true
'Math.B699.I11TerminalMono.not_coverCheck_sublist_mono' does not depend on any axioms
@rowCoverCheck_append : ∀ {P Q v capA capC : ℕ} {d : ℤ} {bounds : BoundsDatum} (front suffix : List NatInterval),
  rowCoverCheck P Q v capA capC d bounds front = true → rowCoverCheck P Q v capA capC d bounds (front ++ suffix) = true
PROJECT_ROOT\research\tasks\B699-Binomial\runs\20260911-low-index-lean-513dc7cc\lean\I11TerminalMono\Audit.lean:39:5: warning: Variable name `hcheck` is not explicitly referenced.

Hint: The binding can be removed (if unused) or named `_` (if used implicitly). Alternatively, prefix the name with `_` to silence this warning:
  [apply] _hcheck

Note: This linter can be disabled with `set_option linter.unusedVariables false`
'Math.B699.I11TerminalMono.rowCoverCheck_append' depends on axioms: [propext, Quot.sound]
@rowCoverCheck_of_isPrefix : ∀ {P Q v capA capC : ℕ} {d : ℤ} {bounds : BoundsDatum} (small large : List NatInterval),
  small <+: large →
    rowCoverCheck P Q v capA capC d bounds small = true → rowCoverCheck P Q v capA capC d bounds large = true
PROJECT_ROOT\research\tasks\B699-Binomial\runs\20260911-low-index-lean-513dc7cc\lean\I11TerminalMono\Audit.lean:44:38: warning: Variable name `hprefix` is not explicitly referenced.

Hint: The binding can be removed (if unused) or named `_` (if used implicitly). Alternatively, prefix the name with `_` to silence this warning:
  [apply] _hprefix

Note: This linter can be disabled with `set_option linter.unusedVariables false`
PROJECT_ROOT\research\tasks\B699-Binomial\runs\20260911-low-index-lean-513dc7cc\lean\I11TerminalMono\Audit.lean:45:5: warning: Variable name `hcheck` is not explicitly referenced.

Hint: The binding can be removed (if unused) or named `_` (if used implicitly). Alternatively, prefix the name with `_` to silence this warning:
  [apply] _hcheck

Note: This linter can be disabled with `set_option linter.unusedVariables false`
'Math.B699.I11TerminalMono.rowCoverCheck_of_isPrefix' depends on axioms: [propext, Quot.sound]
@rowCoverCheck_take : ∀ {P Q v capA capC : ℕ} {d : ℤ} {bounds : BoundsDatum} (cs : List NatInterval) (k : ℕ),
  rowCoverCheck P Q v capA capC d bounds (List.take k cs) = true → rowCoverCheck P Q v capA capC d bounds cs = true
PROJECT_ROOT\research\tasks\B699-Binomial\runs\20260911-low-index-lean-513dc7cc\lean\I11TerminalMono\Audit.lean:51:5: warning: Variable name `hcheck` is not explicitly referenced.

Hint: The binding can be removed (if unused) or named `_` (if used implicitly). Alternatively, prefix the name with `_` to silence this warning:
  [apply] _hcheck

Note: This linter can be disabled with `set_option linter.unusedVariables false`
'Math.B699.I11TerminalMono.rowCoverCheck_take' depends on axioms: [propext, Quot.sound]
@cellCoverCheck_append : ∀ {P Q capA capC : ℕ} {data : CellData} (front suffix : List NatInterval),
  cellCoverCheck P Q capA capC data front = true → cellCoverCheck P Q capA capC data (front ++ suffix) = true
PROJECT_ROOT\research\tasks\B699-Binomial\runs\20260911-low-index-lean-513dc7cc\lean\I11TerminalMono\Audit.lean:57:5: warning: Variable name `hcheck` is not explicitly referenced.

Hint: The binding can be removed (if unused) or named `_` (if used implicitly). Alternatively, prefix the name with `_` to silence this warning:
  [apply] _hcheck

Note: This linter can be disabled with `set_option linter.unusedVariables false`
'Math.B699.I11TerminalMono.cellCoverCheck_append' depends on axioms: [propext, Quot.sound]
@cellCoverCheck_of_isPrefix : ∀ {P Q capA capC : ℕ} {data : CellData} (small large : List NatInterval),
  small <+: large → cellCoverCheck P Q capA capC data small = true → cellCoverCheck P Q capA capC data large = true
PROJECT_ROOT\research\tasks\B699-Binomial\runs\20260911-low-index-lean-513dc7cc\lean\I11TerminalMono\Audit.lean:62:38: warning: Variable name `hprefix` is not explicitly referenced.

Hint: The binding can be removed (if unused) or named `_` (if used implicitly). Alternatively, prefix the name with `_` to silence this warning:
  [apply] _hprefix

Note: This linter can be disabled with `set_option linter.unusedVariables false`
PROJECT_ROOT\research\tasks\B699-Binomial\runs\20260911-low-index-lean-513dc7cc\lean\I11TerminalMono\Audit.lean:63:5: warning: Variable name `hcheck` is not explicitly referenced.

Hint: The binding can be removed (if unused) or named `_` (if used implicitly). Alternatively, prefix the name with `_` to silence this warning:
  [apply] _hcheck

Note: This linter can be disabled with `set_option linter.unusedVariables false`
'Math.B699.I11TerminalMono.cellCoverCheck_of_isPrefix' depends on axioms: [propext, Quot.sound]
@cellCoverCheck_take : ∀ {P Q capA capC : ℕ} {data : CellData} (cs : List NatInterval) (k : ℕ),
  cellCoverCheck P Q capA capC data (List.take k cs) = true → cellCoverCheck P Q capA capC data cs = true
PROJECT_ROOT\research\tasks\B699-Binomial\runs\20260911-low-index-lean-513dc7cc\lean\I11TerminalMono\Audit.lean:69:5: warning: Variable name `hcheck` is not explicitly referenced.

Hint: The binding can be removed (if unused) or named `_` (if used implicitly). Alternatively, prefix the name with `_` to silence this warning:
  [apply] _hcheck

Note: This linter can be disabled with `set_option linter.unusedVariables false`
'Math.B699.I11TerminalMono.cellCoverCheck_take' depends on axioms: [propext, Quot.sound]
def B699LowIndex.coverCheck : ℕ → ℕ → List NatInterval → Bool :=
fun lo hi x => List.brecOn (motive := fun x => ℕ → Bool) x (coverCheck._f hi) lo
def Math.B699.I11TerminalCRT.rowCoverCheck : ℕ → ℕ → ℕ → ℕ → ℕ → ℤ → BoundsDatum → List NatInterval → Bool :=
fun P Q v capA capC d bounds candidates =>
  pairBoundCheck P Q v capA capC 10 d bounds &&
    (parameters bounds).all fun t =>
      coverCheck (parameterInterval P Q v d t).1 (parameterInterval P Q v d t).2 candidates
def Math.B699.I11TerminalCRT.cellCoverCheck : ℕ → ℕ → ℕ → ℕ → CellData → List NatInterval → Bool :=
fun P Q capA capC data candidates =>
  shifts.all fun d => rowCoverCheck P Q data.inverse capA capC d (data.bounds d) candidates
