2026-10-05T11:22:07.7136051Z Current runner version: '2.337.0'
2026-10-05T11:22:07.7160688Z ##[group]Runner Image Provisioner
2026-10-05T11:22:07.7161554Z Hosted Compute Agent
2026-10-05T11:22:07.7162322Z Version: 20260901.588
2026-10-05T11:22:07.7162973Z Commit: f88ec8081b781fac6c440065ac7ff9e710ce3d0b
2026-10-05T11:22:07.7163731Z Build Date: 2026-09-01T19:56:44Z
2026-10-05T11:22:07.7164524Z Worker ID: {26b94490-a1be-4633-9100-f4533121d542}
2026-10-05T11:22:07.7165260Z Azure Region: westus3
2026-10-05T11:22:07.7165976Z ##[endgroup]
2026-10-05T11:22:07.7168403Z ##[group]Operating System
2026-10-05T11:22:07.7169067Z Ubuntu
2026-10-05T11:22:07.7170148Z 24.04.5
2026-10-05T11:22:07.7170685Z LTS
2026-10-05T11:22:07.7171247Z ##[endgroup]
2026-10-05T11:22:07.7171832Z ##[group]Runner Image
2026-10-05T11:22:07.7172467Z Image: ubuntu-24.04
2026-10-05T11:22:07.7173089Z Version: 20260927.320.1
2026-10-05T11:22:07.7174361Z Included Software: https://github.com/actions/runner-images/blob/ubuntu24/20260927.320/images/ubuntu/Ubuntu2404-Readme.md
2026-10-05T11:22:07.7176006Z Image Release: https://github.com/actions/runner-images/releases/tag/ubuntu24%2F20260927.320
2026-10-05T11:22:07.7176983Z ##[endgroup]
2026-10-05T11:22:07.7178729Z ##[group]GITHUB_TOKEN Permissions
2026-10-05T11:22:07.7180641Z Contents: read
2026-10-05T11:22:07.7181396Z Metadata: read
2026-10-05T11:22:07.7181996Z ##[endgroup]
2026-10-05T11:22:07.7184185Z Secret source: Actions
2026-10-05T11:22:07.7185131Z Cache mode: write
2026-10-05T11:22:07.7185905Z Prepare workflow directory
2026-10-05T11:22:07.7614488Z Prepare all required actions
2026-10-05T11:22:07.7663865Z Getting action download info
2026-10-05T11:22:08.1205633Z Download action repository 'actions/checkout@3d3c42e5aac5ba805825da76410c181273ba90b1' (SHA:3d3c42e5aac5ba805825da76410c181273ba90b1)
2026-10-05T11:22:08.2218111Z Download action repository 'leanprover/lean-action@50fcf42d2e460296f1a34b402e990d1b24f8b596' (SHA:50fcf42d2e460296f1a34b402e990d1b24f8b596)
2026-10-05T11:22:08.5323679Z Download action repository 'actions/upload-artifact@ea165f8d65b6e75b540449e92b4886f43607fa02' (SHA:ea165f8d65b6e75b540449e92b4886f43607fa02)
2026-10-05T11:22:08.7510110Z Getting action download info
2026-10-05T11:22:08.8825438Z Download action repository 'actions/cache@v5' (SHA:caa296126883cff596d87d8935842f9db880ef25)
2026-10-05T11:22:09.1372692Z Complete job name: scoped
2026-10-05T11:22:09.2171421Z ##[group]Run task_job_start=$(date -u +%s)
2026-10-05T11:22:09.2172774Z [36;1mtask_job_start=$(date -u +%s)[0m
2026-10-05T11:22:09.2174421Z [36;1mtest "$task_job_start" -ge "$(date -u -d '2026-10-05 10:17:11 UTC' +%s)" || exit 124[0m
2026-10-05T11:22:09.2176578Z [36;1mtest "$task_job_start" -le "$(date -u -d '2026-10-05 11:22:00 UTC' +%s)" || exit 124[0m
2026-10-05T11:22:09.2179085Z [36;1mecho "B699_ADMITTED_JOB_START_EPOCH=$task_job_start" >> "$GITHUB_ENV"[0m
2026-10-05T11:22:09.2180966Z [36;1mecho "B699_ADMITTED_JOB_RUN_ID=$GITHUB_RUN_ID" >> "$GITHUB_ENV"[0m
2026-10-05T11:22:09.2182765Z [36;1mecho "B699_ADMITTED_JOB_SOURCE_SHA=$GITHUB_SHA" >> "$GITHUB_ENV"[0m
2026-10-05T11:22:09.2540455Z shell: /usr/bin/bash -e {0}
2026-10-05T11:22:09.2541833Z env:
2026-10-05T11:22:09.2543686Z   B699_RUNTIME: research/tasks/B699-Binomial/runs/20261001-lean-nonr7-01a0f779/continuations/20261005-psi-eightymin/runtime
2026-10-05T11:22:09.2545794Z ##[endgroup]
2026-10-05T11:22:09.2749020Z ##[error]Process completed with exit code 124.
2026-10-05T11:22:09.2996257Z ##[group]Run python3 "$B699_RUNTIME/moments-stage.py" package-betamoments
2026-10-05T11:22:09.2998590Z [36;1mpython3 "$B699_RUNTIME/moments-stage.py" package-betamoments[0m
2026-10-05T11:22:09.3061279Z shell: /usr/bin/bash -e {0}
2026-10-05T11:22:09.3062269Z env:
2026-10-05T11:22:09.3064053Z   B699_RUNTIME: research/tasks/B699-Binomial/runs/20261001-lean-nonr7-01a0f779/continuations/20261005-psi-eightymin/runtime
2026-10-05T11:22:09.3066111Z ##[endgroup]
2026-10-05T11:22:09.3312573Z python3: can't open file '/home/runner/work/lean-math-lab/lean-math-lab/research/tasks/B699-Binomial/runs/20261001-lean-nonr7-01a0f779/continuations/20261005-psi-eightymin/runtime/moments-stage.py': [Errno 2] No such file or directory
2026-10-05T11:22:09.3332328Z ##[error]Process completed with exit code 2.
2026-10-05T11:22:09.3492605Z ##[group]Run actions/upload-artifact@ea165f8d65b6e75b540449e92b4886f43607fa02
2026-10-05T11:22:09.3494148Z with:
2026-10-05T11:22:09.3495514Z   name: b699-psi80-betamoments-6301a0315c622a0e83054698353938df0e47c708-37302471003
2026-10-05T11:22:09.3498286Z   path: .tools/b699-lean-20261001-01a0f779/20261005-psi-eightymin/moments-runtime/betamoments-delivery/
2026-10-05T11:22:09.3500141Z   if-no-files-found: warn
2026-10-05T11:22:09.3501090Z   retention-days: 30
2026-10-05T11:22:09.3501999Z   compression-level: 6
2026-10-05T11:22:09.3502919Z   overwrite: false
2026-10-05T11:22:09.3504046Z   include-hidden-files: false
2026-10-05T11:22:09.3505031Z env:
2026-10-05T11:22:09.3506795Z   B699_RUNTIME: research/tasks/B699-Binomial/runs/20261001-lean-nonr7-01a0f779/continuations/20261005-psi-eightymin/runtime
2026-10-05T11:22:09.3509290Z ##[endgroup]
2026-10-05T11:22:09.5172698Z (node:2261) [DEP0040] DeprecationWarning: The `punycode` module is deprecated. Please use a userland alternative instead.
2026-10-05T11:22:09.5175150Z (Use `node --trace-deprecation ...` to show where the warning was created)
2026-10-05T11:22:09.5218704Z ##[warning]No files were found with the provided path: .tools/b699-lean-20261001-01a0f779/20261005-psi-eightymin/moments-runtime/betamoments-delivery/. No artifacts will be uploaded.
2026-10-05T11:22:09.5419854Z ##[group]Run python3 "$B699_RUNTIME/moments-stage.py" package-momentreduction
2026-10-05T11:22:09.5421806Z [36;1mpython3 "$B699_RUNTIME/moments-stage.py" package-momentreduction[0m
2026-10-05T11:22:09.5506066Z shell: /usr/bin/bash -e {0}
2026-10-05T11:22:09.5507970Z env:
2026-10-05T11:22:09.5510958Z   B699_RUNTIME: research/tasks/B699-Binomial/runs/20261001-lean-nonr7-01a0f779/continuations/20261005-psi-eightymin/runtime
2026-10-05T11:22:09.5513274Z ##[endgroup]
2026-10-05T11:22:09.5770579Z python3: can't open file '/home/runner/work/lean-math-lab/lean-math-lab/research/tasks/B699-Binomial/runs/20261001-lean-nonr7-01a0f779/continuations/20261005-psi-eightymin/runtime/moments-stage.py': [Errno 2] No such file or directory
2026-10-05T11:22:09.5800637Z ##[error]Process completed with exit code 2.
2026-10-05T11:22:09.5924086Z ##[group]Run actions/upload-artifact@ea165f8d65b6e75b540449e92b4886f43607fa02
2026-10-05T11:22:09.5925584Z with:
2026-10-05T11:22:09.5926978Z   name: b699-psi80-momentreduction-6301a0315c622a0e83054698353938df0e47c708-37302471003
2026-10-05T11:22:09.5929860Z   path: .tools/b699-lean-20261001-01a0f779/20261005-psi-eightymin/moments-runtime/momentreduction-delivery/
2026-10-05T11:22:09.5931736Z   if-no-files-found: warn
2026-10-05T11:22:09.5932677Z   retention-days: 30
2026-10-05T11:22:09.5933566Z   compression-level: 6
2026-10-05T11:22:09.5934470Z   overwrite: false
2026-10-05T11:22:09.5935369Z   include-hidden-files: false
2026-10-05T11:22:09.5936327Z env:
2026-10-05T11:22:09.5938284Z   B699_RUNTIME: research/tasks/B699-Binomial/runs/20261001-lean-nonr7-01a0f779/continuations/20261005-psi-eightymin/runtime
2026-10-05T11:22:09.5940292Z ##[endgroup]
2026-10-05T11:22:09.7592580Z (node:2275) [DEP0040] DeprecationWarning: The `punycode` module is deprecated. Please use a userland alternative instead.
2026-10-05T11:22:09.7597020Z (Use `node --trace-deprecation ...` to show where the warning was created)
2026-10-05T11:22:09.7631257Z ##[warning]No files were found with the provided path: .tools/b699-lean-20261001-01a0f779/20261005-psi-eightymin/moments-runtime/momentreduction-delivery/. No artifacts will be uploaded.
2026-10-05T11:22:09.7899991Z ##[group]Run python3 "$B699_RUNTIME/moments-stage.py" package-integralswap
2026-10-05T11:22:09.7903192Z [36;1mpython3 "$B699_RUNTIME/moments-stage.py" package-integralswap[0m
2026-10-05T11:22:09.7988774Z shell: /usr/bin/bash -e {0}
2026-10-05T11:22:09.7990433Z env:
2026-10-05T11:22:09.7993449Z   B699_RUNTIME: research/tasks/B699-Binomial/runs/20261001-lean-nonr7-01a0f779/continuations/20261005-psi-eightymin/runtime
2026-10-05T11:22:09.7997456Z ##[endgroup]
2026-10-05T11:22:09.8272986Z python3: can't open file '/home/runner/work/lean-math-lab/lean-math-lab/research/tasks/B699-Binomial/runs/20261001-lean-nonr7-01a0f779/continuations/20261005-psi-eightymin/runtime/moments-stage.py': [Errno 2] No such file or directory
2026-10-05T11:22:09.8303984Z ##[error]Process completed with exit code 2.
2026-10-05T11:22:09.8422900Z ##[group]Run actions/upload-artifact@ea165f8d65b6e75b540449e92b4886f43607fa02
2026-10-05T11:22:09.8424383Z with:
2026-10-05T11:22:09.8425697Z   name: b699-psi80-integralswap-6301a0315c622a0e83054698353938df0e47c708-37302471003
2026-10-05T11:22:09.8428181Z   path: .tools/b699-lean-20261001-01a0f779/20261005-psi-eightymin/moments-runtime/integralswap-delivery/
2026-10-05T11:22:09.8429991Z   if-no-files-found: warn
2026-10-05T11:22:09.8430901Z   retention-days: 30
2026-10-05T11:22:09.8431777Z   compression-level: 6
2026-10-05T11:22:09.8432670Z   overwrite: false
2026-10-05T11:22:09.8433534Z   include-hidden-files: false
2026-10-05T11:22:09.8434468Z env:
2026-10-05T11:22:09.8436161Z   B699_RUNTIME: research/tasks/B699-Binomial/runs/20261001-lean-nonr7-01a0f779/continuations/20261005-psi-eightymin/runtime
2026-10-05T11:22:09.8438244Z ##[endgroup]
2026-10-05T11:22:10.0174928Z (node:2289) [DEP0040] DeprecationWarning: The `punycode` module is deprecated. Please use a userland alternative instead.
2026-10-05T11:22:10.0176631Z (Use `node --trace-deprecation ...` to show where the warning was created)
2026-10-05T11:22:10.0198059Z ##[warning]No files were found with the provided path: .tools/b699-lean-20261001-01a0f779/20261005-psi-eightymin/moments-runtime/integralswap-delivery/. No artifacts will be uploaded.
2026-10-05T11:22:10.0475757Z Cleaning up orphan processes
2026-10-05T11:22:10.0854315Z ##[warning]Node.js 20 is deprecated. The following actions target Node.js 20 but are being forced to run on Node.js 24: actions/upload-artifact@ea165f8d65b6e75b540449e92b4886f43607fa02. For more information see: https://github.blog/changelog/2025-09-19-deprecation-of-node-20-on-github-actions-runners/

