# command: LEAN -j1 -M1536 -DautoImplicit=false -DrelaxedAutoImplicit=false --root=PROJECT_ROOT -o .tools/20260911-low-index-lean-513dc7cc/20260911T201654987698Z/olean/research/tasks/B699-Binomial/runs/20260911-low-index-lean-513dc7cc/lean/I11TwoFiveFinal/Audit.olean research/tasks/B699-Binomial/runs/20260911-low-index-lean-513dc7cc/lean/I11TwoFiveFinal/Audit.lean
# cwd: PROJECT_ROOT
# started_utc: 2026-09-11T20:17:22.870835Z
# finished_utc: 2026-09-11T20:17:32.082427Z
# exit_code: 0
# timed_out: False
'Math.B699.I11TwoFiveFinalConsumers.rate_denominator_pos' does not depend on any axioms
'Math.B699.I11TwoFiveFinalConsumers.rate_numerator_ge_denominator' does not depend on any axioms
'Math.B699.I11TwoFiveFinalConsumers.rate_thirtytwo_integer' depends on axioms: [propext]
'Math.B699.I11TwoFiveFinalConsumers.rate_denominator_cast_pos' depends on axioms: [propext,
 Classical.choice,
 Quot.sound]
'Math.B699.I11TwoFiveFinalConsumers.rateRational_ge_one' depends on axioms: [propext, Classical.choice, Quot.sound]
'Math.B699.I11TwoFiveFinalConsumers.rateRational_thirtytwo_ge_two' depends on axioms: [propext,
 Classical.choice,
 Quot.sound]
'Math.B699.I11TwoFiveFinalConsumers.rateRational_pow329_gt_48' depends on axioms: [propext,
 Classical.choice,
 Quot.sound]
'Math.B699.I11TwoFiveFinalConsumers.actual_rate_eq_rational' depends on axioms: [propext, Classical.choice, Quot.sound]
'Math.B699.I11TwoFiveFinalConsumers.actual_rate_pow329_gt_48' depends on axioms: [propext, Classical.choice, Quot.sound]
'Math.B699.I11TwoFiveFinalConsumers.actual_numeric_certificates' depends on axioms: [propext,
 Classical.choice,
 Quot.sound]
'Math.B699.I11TwoFiveFinalConsumers.two_five_edge_of_growth_trees' depends on axioms: [propext,
 Classical.choice,
 Quot.sound]
'Math.B699.I11TwoFiveFinalConsumers.q_lambda_eq' depends on axioms: [propext, Classical.choice, Quot.sound]
'Math.B699.I11TwoFiveFinalConsumers.e_lambda_eq' depends on axioms: [propext, Classical.choice, Quot.sound]
'Math.B699.I11TwoFiveFinalConsumers.row_delta_false' does not depend on any axioms
'Math.B699.I11TwoFiveFinalConsumers.row_delta_true' does not depend on any axioms
'Math.B699.I11TwoFiveFinalConsumers.actual_q_tree_family' depends on axioms: [propext, Classical.choice, Quot.sound]
'Math.B699.I11TwoFiveFinalConsumers.actual_e_tree_family' depends on axioms: [propext, Classical.choice, Quot.sound]
'Math.B699.I11TwoFiveFinalConsumers.actual_two_five_cofactor_edge' depends on axioms: [propext,
 Classical.choice,
 Quot.sound]
'Math.B699.I11TwoFiveFinalConsumers.integer_window_gap_le_ten' depends on axioms: [propext, Quot.sound]
'Math.B699.I11TwoFiveFinalConsumers.actual_window_power_bounds' depends on axioms: [propext,
 Classical.choice,
 Quot.sound]
'Math.B699.I11TwoFiveFinalConsumers.component_edge_of_actual_windows' depends on axioms: [propext,
 Classical.choice,
 Quot.sound]
'Math.B699.I11TwoFiveFinalConsumers.actual_two_five_component_edge' depends on axioms: [propext,
 Classical.choice,
 Quot.sound]
