# command: LEAN -j1 -M1536 -DautoImplicit=false -DrelaxedAutoImplicit=false --root=PROJECT_ROOT -o .tools/20260911-low-index-lean-513dc7cc/20260912T020526177614Z/olean/research/tasks/B699-Binomial/runs/20260911-low-index-lean-513dc7cc/lean/CrtStage0Pair25/Pack002P0.olean research/tasks/B699-Binomial/runs/20260911-low-index-lean-513dc7cc/lean/CrtStage0Pair25/Pack002P0.lean
# cwd: PROJECT_ROOT
# started_utc: 2026-09-12T02:06:11.349183Z
# finished_utc: 2026-09-12T02:06:23.303314Z
# exit_code: 0
# timed_out: False
'Math.B699.CRTStage0Pair25.Chunk002.cellA17B1_check' depends on axioms: [propext]
'Math.B699.CRTStage0Pair25.Chunk002.cellA17B2_check' depends on axioms: [propext]
'Math.B699.CRTStage0Pair25.Chunk002.cellA17B3_check' depends on axioms: [propext]
'Math.B699.CRTStage0Pair25.Chunk002.cellA17B4_check' depends on axioms: [propext]
'Math.B699.CRTStage0Pair25.Chunk002.cellA17B5_check' depends on axioms: [propext]
'Math.B699.CRTStage0Pair25.Chunk002.cellA17B6_check' depends on axioms: [propext]
'Math.B699.CRTStage0Pair25.Chunk002.cellA17B7_check' depends on axioms: [propext]
'Math.B699.CRTStage0Pair25.Chunk002.cellA17B8_check' depends on axioms: [propext]
'Math.B699.CRTStage0Pair25.Chunk002.cellA17B9_check' depends on axioms: [propext]
'Math.B699.CRTStage0Pair25.Chunk002.cellA17B10_check' depends on axioms: [propext]
'Math.B699.CRTStage0Pair25.Chunk002.cellA17B11_check' depends on axioms: [propext]
'Math.B699.CRTStage0Pair25.Chunk002.cellA17B12_check' depends on axioms: [propext]
'Math.B699.CRTStage0Pair25.Chunk002.cellA17B13_check' depends on axioms: [propext]
'Math.B699.CRTStage0Pair25.Chunk002.cellA17B14_check' depends on axioms: [propext]
'Math.B699.CRTStage0Pair25.Chunk002.cellA17B15_check' depends on axioms: [propext]
'Math.B699.CRTStage0Pair25.Chunk002.cellA17B16_check' depends on axioms: [propext]
'Math.B699.CRTStage0Pair25.Chunk002.cellA17B17_check' depends on axioms: [propext]
'Math.B699.CRTStage0Pair25.Chunk002.cellA17B18_check' depends on axioms: [propext]
'Math.B699.CRTStage0Pair25.Chunk002.cellA17B19_check' depends on axioms: [propext]
'Math.B699.CRTStage0Pair25.Chunk002.cellA17B20_check' depends on axioms: [propext]
'Math.B699.CRTStage0Pair25.Chunk002.cellA17B21_check' depends on axioms: [propext]
'Math.B699.CRTStage0Pair25.Chunk002.cellA17B22_check' depends on axioms: [propext]
'Math.B699.CRTStage0Pair25.Chunk002.cellA17B23_check' depends on axioms: [propext]
'Math.B699.CRTStage0Pair25.Chunk002.cellA17B24_check' depends on axioms: [propext]
'Math.B699.CRTStage0Pair25.Chunk002.cellA17B25_check' depends on axioms: [propext]
'Math.B699.CRTStage0Pair25.Chunk002.cellA17B26_check' depends on axioms: [propext]
'Math.B699.CRTStage0Pair25.Chunk002.cellA17B27_check' depends on axioms: [propext]
'Math.B699.CRTStage0Pair25.Chunk002.cellA17B28_check' depends on axioms: [propext]
'Math.B699.CRTStage0Pair25.Chunk002.cellA17B29_check' depends on axioms: [propext]
'Math.B699.CRTStage0Pair25.Chunk002.cellA17B30_check' depends on axioms: [propext]
'Math.B699.CRTStage0Pair25.Chunk002.cellA17B31_check' depends on axioms: [propext]
'Math.B699.CRTStage0Pair25.Chunk002.cellA17B32_check' depends on axioms: [propext]
'Math.B699.CRTStage0Pair25.Chunk002.cellA17B33_check' depends on axioms: [propext]
'Math.B699.CRTStage0Pair25.Chunk002.cellA17B34_check' depends on axioms: [propext]
'Math.B699.CRTStage0Pair25.Chunk002.cellA17B35_check' depends on axioms: [propext]
'Math.B699.CRTStage0Pair25.Chunk002.cellA17B36_check' depends on axioms: [propext]
'Math.B699.CRTStage0Pair25.Chunk002.cellA17B37_check' depends on axioms: [propext]
'Math.B699.CRTStage0Pair25.Chunk002.cellA17B38_check' depends on axioms: [propext]
'Math.B699.CRTStage0Pair25.Chunk002.cellA17B39_check' depends on axioms: [propext]
'Math.B699.CRTStage0Pair25.Chunk002.cellA17B40_check' depends on axioms: [propext]
'Math.B699.CRTStage0Pair25.Chunk002.cellA17B41_check' depends on axioms: [propext]
'Math.B699.CRTStage0Pair25.Chunk002.cellA17B42_check' depends on axioms: [propext]
'Math.B699.CRTStage0Pair25.Chunk002.cellA17B43_check' depends on axioms: [propext]
'Math.B699.CRTStage0Pair25.Chunk002.cellA17B44_check' depends on axioms: [propext]
'Math.B699.CRTStage0Pair25.Chunk002.cellA17B45_check' depends on axioms: [propext]
'Math.B699.CRTStage0Pair25.Chunk002.cellA17B46_check' depends on axioms: [propext]
'Math.B699.CRTStage0Pair25.Chunk002.rowA17_cell_check' depends on axioms: [propext]
'Math.B699.CRTStage0Pair25.Chunk002.rowA17_block_check' depends on axioms: [propext, Quot.sound]
'Math.B699.CRTStage0Pair25.Chunk002.cellA18B1_check' depends on axioms: [propext]
'Math.B699.CRTStage0Pair25.Chunk002.cellA18B2_check' depends on axioms: [propext]
'Math.B699.CRTStage0Pair25.Chunk002.cellA18B3_check' depends on axioms: [propext]
'Math.B699.CRTStage0Pair25.Chunk002.cellA18B4_check' depends on axioms: [propext]
'Math.B699.CRTStage0Pair25.Chunk002.cellA18B5_check' depends on axioms: [propext]
'Math.B699.CRTStage0Pair25.Chunk002.cellA18B6_check' depends on axioms: [propext]
'Math.B699.CRTStage0Pair25.Chunk002.cellA18B7_check' depends on axioms: [propext]
'Math.B699.CRTStage0Pair25.Chunk002.cellA18B8_check' depends on axioms: [propext]
'Math.B699.CRTStage0Pair25.Chunk002.cellA18B9_check' depends on axioms: [propext]
'Math.B699.CRTStage0Pair25.Chunk002.cellA18B10_check' depends on axioms: [propext]
'Math.B699.CRTStage0Pair25.Chunk002.cellA18B11_check' depends on axioms: [propext]
'Math.B699.CRTStage0Pair25.Chunk002.cellA18B12_check' depends on axioms: [propext]
'Math.B699.CRTStage0Pair25.Chunk002.cellA18B13_check' depends on axioms: [propext]
'Math.B699.CRTStage0Pair25.Chunk002.cellA18B14_check' depends on axioms: [propext]
'Math.B699.CRTStage0Pair25.Chunk002.cellA18B15_check' depends on axioms: [propext]
'Math.B699.CRTStage0Pair25.Chunk002.cellA18B16_check' depends on axioms: [propext]
'Math.B699.CRTStage0Pair25.Chunk002.cellA18B17_check' depends on axioms: [propext]
'Math.B699.CRTStage0Pair25.Chunk002.cellA18B18_check' depends on axioms: [propext]
'Math.B699.CRTStage0Pair25.Chunk002.cellA18B19_check' depends on axioms: [propext]
'Math.B699.CRTStage0Pair25.Chunk002.cellA18B20_check' depends on axioms: [propext]
'Math.B699.CRTStage0Pair25.Chunk002.cellA18B21_check' depends on axioms: [propext]
'Math.B699.CRTStage0Pair25.Chunk002.cellA18B22_check' depends on axioms: [propext]
'Math.B699.CRTStage0Pair25.Chunk002.cellA18B23_check' depends on axioms: [propext]
'Math.B699.CRTStage0Pair25.Chunk002.cellA18B24_check' depends on axioms: [propext]
'Math.B699.CRTStage0Pair25.Chunk002.cellA18B25_check' depends on axioms: [propext]
'Math.B699.CRTStage0Pair25.Chunk002.cellA18B26_check' depends on axioms: [propext]
'Math.B699.CRTStage0Pair25.Chunk002.cellA18B27_check' depends on axioms: [propext]
'Math.B699.CRTStage0Pair25.Chunk002.cellA18B28_check' depends on axioms: [propext]
'Math.B699.CRTStage0Pair25.Chunk002.cellA18B29_check' depends on axioms: [propext]
'Math.B699.CRTStage0Pair25.Chunk002.cellA18B30_check' depends on axioms: [propext]
'Math.B699.CRTStage0Pair25.Chunk002.cellA18B31_check' depends on axioms: [propext]
'Math.B699.CRTStage0Pair25.Chunk002.cellA18B32_check' depends on axioms: [propext]
'Math.B699.CRTStage0Pair25.Chunk002.cellA18B33_check' depends on axioms: [propext]
'Math.B699.CRTStage0Pair25.Chunk002.cellA18B34_check' depends on axioms: [propext]
'Math.B699.CRTStage0Pair25.Chunk002.cellA18B35_check' depends on axioms: [propext]
'Math.B699.CRTStage0Pair25.Chunk002.cellA18B36_check' depends on axioms: [propext]
'Math.B699.CRTStage0Pair25.Chunk002.cellA18B37_check' depends on axioms: [propext]
'Math.B699.CRTStage0Pair25.Chunk002.cellA18B38_check' depends on axioms: [propext]
'Math.B699.CRTStage0Pair25.Chunk002.cellA18B39_check' depends on axioms: [propext]
'Math.B699.CRTStage0Pair25.Chunk002.cellA18B40_check' depends on axioms: [propext]
'Math.B699.CRTStage0Pair25.Chunk002.cellA18B41_check' depends on axioms: [propext]
'Math.B699.CRTStage0Pair25.Chunk002.cellA18B42_check' depends on axioms: [propext]
'Math.B699.CRTStage0Pair25.Chunk002.cellA18B43_check' depends on axioms: [propext]
'Math.B699.CRTStage0Pair25.Chunk002.cellA18B44_check' depends on axioms: [propext]
'Math.B699.CRTStage0Pair25.Chunk002.cellA18B45_check' depends on axioms: [propext]
'Math.B699.CRTStage0Pair25.Chunk002.cellA18B46_check' depends on axioms: [propext]
'Math.B699.CRTStage0Pair25.Chunk002.rowA18_cell_check' depends on axioms: [propext]
'Math.B699.CRTStage0Pair25.Chunk002.rowA18_block_check' depends on axioms: [propext, Quot.sound]
