2026-10-02T11:45:09.9277187Z Current runner version: '2.337.0'
2026-10-02T11:45:09.9302140Z ##[group]Runner Image Provisioner
2026-10-02T11:45:09.9303156Z Hosted Compute Agent
2026-10-02T11:45:09.9303756Z Version: 20260901.588
2026-10-02T11:45:09.9304905Z Commit: f88ec8081b781fac6c440065ac7ff9e710ce3d0b
2026-10-02T11:45:09.9305764Z Build Date: 2026-09-01T19:56:44Z
2026-10-02T11:45:09.9306453Z Worker ID: {58e997b9-1a01-4e6a-a497-9d94ff58939e}
2026-10-02T11:45:09.9307271Z Azure Region: westcentralus
2026-10-02T11:45:09.9307899Z ##[endgroup]
2026-10-02T11:45:09.9309566Z ##[group]Operating System
2026-10-02T11:45:09.9310397Z Ubuntu
2026-10-02T11:45:09.9310927Z 24.04.5
2026-10-02T11:45:09.9311486Z LTS
2026-10-02T11:45:09.9311999Z ##[endgroup]
2026-10-02T11:45:09.9312517Z ##[group]Runner Image
2026-10-02T11:45:09.9313630Z Image: ubuntu-24.04
2026-10-02T11:45:09.9314625Z Version: 20260927.320.1
2026-10-02T11:45:09.9316136Z Included Software: https://github.com/actions/runner-images/blob/ubuntu24/20260927.320/images/ubuntu/Ubuntu2404-Readme.md
2026-10-02T11:45:09.9317704Z Image Release: https://github.com/actions/runner-images/releases/tag/ubuntu24%2F20260927.320
2026-10-02T11:45:09.9318792Z ##[endgroup]
2026-10-02T11:45:09.9319882Z ##[group]GITHUB_TOKEN Permissions
2026-10-02T11:45:09.9321872Z Contents: read
2026-10-02T11:45:09.9322482Z Metadata: read
2026-10-02T11:45:09.9323150Z ##[endgroup]
2026-10-02T11:45:09.9325548Z Secret source: Actions
2026-10-02T11:45:09.9326600Z Cache mode: write
2026-10-02T11:45:09.9327314Z Prepare workflow directory
2026-10-02T11:45:09.9748827Z Prepare all required actions
2026-10-02T11:45:09.9797819Z Getting action download info
2026-10-02T11:45:10.2885479Z Download action repository 'actions/checkout@3d3c42e5aac5ba805825da76410c181273ba90b1' (SHA:3d3c42e5aac5ba805825da76410c181273ba90b1)
2026-10-02T11:45:10.4012135Z Download action repository 'leanprover/lean-action@50fcf42d2e460296f1a34b402e990d1b24f8b596' (SHA:50fcf42d2e460296f1a34b402e990d1b24f8b596)
2026-10-02T11:45:10.6937483Z Download action repository 'actions/upload-artifact@ea165f8d65b6e75b540449e92b4886f43607fa02' (SHA:ea165f8d65b6e75b540449e92b4886f43607fa02)
2026-10-02T11:45:10.9276475Z Getting action download info
2026-10-02T11:45:11.0489592Z Download action repository 'actions/cache@v5' (SHA:caa296126883cff596d87d8935842f9db880ef25)
2026-10-02T11:45:11.2063031Z Complete job name: scoped
2026-10-02T11:45:11.2730826Z ##[group]Run echo "B699_JOB_START_EPOCH=$(date -u +%s)" >> "$GITHUB_ENV"
2026-10-02T11:45:11.2731866Z [36;1mecho "B699_JOB_START_EPOCH=$(date -u +%s)" >> "$GITHUB_ENV"[0m
2026-10-02T11:45:11.2733092Z [36;1mtest "$(date -u +%s)" -le "$(date -u -d '2026-10-02 11:44:22 UTC' +%s)" || { echo 'Late start: no checkout, install, or proof work permitted'; exit 124; }[0m
2026-10-02T11:45:11.3034745Z shell: /usr/bin/bash --noprofile --norc -e -o pipefail {0}
2026-10-02T11:45:11.3035865Z env:
2026-10-02T11:45:11.3036989Z   B699_RUNTIME: research/tasks/B699-Binomial/runs/20261001-lean-nonr7-01a0f779/continuations/20261002-finite-retry-onehour/runtime
2026-10-02T11:45:11.3038289Z ##[endgroup]
2026-10-02T11:45:11.3235248Z Late start: no checkout, install, or proof work permitted
2026-10-02T11:45:11.3248020Z ##[error]Process completed with exit code 124.
2026-10-02T11:45:11.3389396Z ##[group]Run python3 "$B699_RUNTIME/full-stage.py" manifest
2026-10-02T11:45:11.3390233Z [36;1mpython3 "$B699_RUNTIME/full-stage.py" manifest[0m
2026-10-02T11:45:11.3455626Z shell: /usr/bin/bash -e {0}
2026-10-02T11:45:11.3456145Z env:
2026-10-02T11:45:11.3457140Z   B699_RUNTIME: research/tasks/B699-Binomial/runs/20261001-lean-nonr7-01a0f779/continuations/20261002-finite-retry-onehour/runtime
2026-10-02T11:45:11.3458243Z   B699_JOB_START_EPOCH: 1790941511
2026-10-02T11:45:11.3458757Z ##[endgroup]
2026-10-02T11:45:11.3687289Z python3: can't open file '/home/runner/work/lean-math-lab/lean-math-lab/research/tasks/B699-Binomial/runs/20261001-lean-nonr7-01a0f779/continuations/20261002-finite-retry-onehour/runtime/full-stage.py': [Errno 2] No such file or directory
2026-10-02T11:45:11.3719380Z ##[error]Process completed with exit code 2.
2026-10-02T11:45:11.3912152Z ##[group]Run actions/upload-artifact@ea165f8d65b6e75b540449e92b4886f43607fa02
2026-10-02T11:45:11.3913097Z with:
2026-10-02T11:45:11.3913795Z   name: b699-finite-retry-onehour-f26f3c60004fa4fcbbc83e5b9001cc27f5dfec6d-37002725468
2026-10-02T11:45:11.3915334Z   path: .tools/b699-lean-20261001-01a0f779/20261002-finite-retry-onehour/runtime/full-normnum/evidence/
2026-10-02T11:45:11.3916272Z   if-no-files-found: warn
2026-10-02T11:45:11.3916741Z   retention-days: 30
2026-10-02T11:45:11.3917197Z   compression-level: 6
2026-10-02T11:45:11.3917654Z   overwrite: false
2026-10-02T11:45:11.3918114Z   include-hidden-files: false
2026-10-02T11:45:11.3918620Z env:
2026-10-02T11:45:11.3919542Z   B699_RUNTIME: research/tasks/B699-Binomial/runs/20261001-lean-nonr7-01a0f779/continuations/20261002-finite-retry-onehour/runtime
2026-10-02T11:45:11.3920597Z   B699_JOB_START_EPOCH: 1790941511
2026-10-02T11:45:11.3921095Z ##[endgroup]
2026-10-02T11:45:11.5632605Z (node:2263) [DEP0040] DeprecationWarning: The `punycode` module is deprecated. Please use a userland alternative instead.
2026-10-02T11:45:11.5633925Z (Use `node --trace-deprecation ...` to show where the warning was created)
2026-10-02T11:45:11.5665728Z ##[warning]No files were found with the provided path: .tools/b699-lean-20261001-01a0f779/20261002-finite-retry-onehour/runtime/full-normnum/evidence/. No artifacts will be uploaded.
2026-10-02T11:45:11.5888463Z Cleaning up orphan processes
2026-10-02T11:45:11.6286384Z ##[warning]Node.js 20 is deprecated. The following actions target Node.js 20 but are being forced to run on Node.js 24: actions/upload-artifact@ea165f8d65b6e75b540449e92b4886f43607fa02. For more information see: https://github.blog/changelog/2025-09-19-deprecation-of-node-20-on-github-actions-runners/
