# command: LEAN -j1 -M1536 -DautoImplicit=false -DrelaxedAutoImplicit=false --root=PROJECT_ROOT -o .tools/20260911-low-index-lean-513dc7cc/20260912T040819826602Z/olean/research/tasks/B699-Binomial/runs/20260911-low-index-lean-513dc7cc/lean/CrtStage1Pair27/Cells005P0.olean research/tasks/B699-Binomial/runs/20260911-low-index-lean-513dc7cc/lean/CrtStage1Pair27/Cells005P0.lean
# cwd: PROJECT_ROOT
# started_utc: 2026-09-12T04:12:33.626550Z
# finished_utc: 2026-09-12T04:12:47.157225Z
# exit_code: 0
# timed_out: False
'Math.B699.CRTStage1Pair27.Chunk005.cellA41B1_check' depends on axioms: [propext]
'Math.B699.CRTStage1Pair27.Chunk005.cellA41B2_check' depends on axioms: [propext]
'Math.B699.CRTStage1Pair27.Chunk005.cellA41B3_check' depends on axioms: [propext]
'Math.B699.CRTStage1Pair27.Chunk005.cellA41B4_check' depends on axioms: [propext]
'Math.B699.CRTStage1Pair27.Chunk005.cellA41B5_check' depends on axioms: [propext]
'Math.B699.CRTStage1Pair27.Chunk005.cellA41B6_check' depends on axioms: [propext]
'Math.B699.CRTStage1Pair27.Chunk005.cellA41B7_check' depends on axioms: [propext]
'Math.B699.CRTStage1Pair27.Chunk005.cellA41B8_check' depends on axioms: [propext]
'Math.B699.CRTStage1Pair27.Chunk005.cellA41B9_check' depends on axioms: [propext]
'Math.B699.CRTStage1Pair27.Chunk005.cellA41B10_check' depends on axioms: [propext]
'Math.B699.CRTStage1Pair27.Chunk005.cellA41B11_check' depends on axioms: [propext]
'Math.B699.CRTStage1Pair27.Chunk005.cellA41B12_check' depends on axioms: [propext]
'Math.B699.CRTStage1Pair27.Chunk005.cellA41B13_check' depends on axioms: [propext]
'Math.B699.CRTStage1Pair27.Chunk005.cellA41B14_check' depends on axioms: [propext]
'Math.B699.CRTStage1Pair27.Chunk005.cellA41B15_check' depends on axioms: [propext]
'Math.B699.CRTStage1Pair27.Chunk005.cellA41B16_check' depends on axioms: [propext]
'Math.B699.CRTStage1Pair27.Chunk005.cellA41B17_check' depends on axioms: [propext]
'Math.B699.CRTStage1Pair27.Chunk005.cellA41B18_check' depends on axioms: [propext]
'Math.B699.CRTStage1Pair27.Chunk005.cellA41B19_check' depends on axioms: [propext]
'Math.B699.CRTStage1Pair27.Chunk005.cellA41B20_check' depends on axioms: [propext]
'Math.B699.CRTStage1Pair27.Chunk005.cellA41B21_check' depends on axioms: [propext]
'Math.B699.CRTStage1Pair27.Chunk005.rowA41_cell_check' depends on axioms: [propext]
'Math.B699.CRTStage1Pair27.Chunk005.rowA41_block_check' depends on axioms: [propext, Quot.sound]
'Math.B699.CRTStage1Pair27.Chunk005.cellA42B1_check' depends on axioms: [propext]
'Math.B699.CRTStage1Pair27.Chunk005.cellA42B2_check' depends on axioms: [propext]
'Math.B699.CRTStage1Pair27.Chunk005.cellA42B3_check' depends on axioms: [propext]
'Math.B699.CRTStage1Pair27.Chunk005.cellA42B4_check' depends on axioms: [propext]
'Math.B699.CRTStage1Pair27.Chunk005.cellA42B5_check' depends on axioms: [propext]
'Math.B699.CRTStage1Pair27.Chunk005.cellA42B6_check' depends on axioms: [propext]
'Math.B699.CRTStage1Pair27.Chunk005.cellA42B7_check' depends on axioms: [propext]
'Math.B699.CRTStage1Pair27.Chunk005.cellA42B8_check' depends on axioms: [propext]
'Math.B699.CRTStage1Pair27.Chunk005.cellA42B9_check' depends on axioms: [propext]
'Math.B699.CRTStage1Pair27.Chunk005.cellA42B10_check' depends on axioms: [propext]
'Math.B699.CRTStage1Pair27.Chunk005.cellA42B11_check' depends on axioms: [propext]
'Math.B699.CRTStage1Pair27.Chunk005.cellA42B12_check' depends on axioms: [propext]
'Math.B699.CRTStage1Pair27.Chunk005.cellA42B13_check' depends on axioms: [propext]
'Math.B699.CRTStage1Pair27.Chunk005.cellA42B14_check' depends on axioms: [propext]
'Math.B699.CRTStage1Pair27.Chunk005.cellA42B15_check' depends on axioms: [propext]
'Math.B699.CRTStage1Pair27.Chunk005.cellA42B16_check' depends on axioms: [propext]
'Math.B699.CRTStage1Pair27.Chunk005.cellA42B17_check' depends on axioms: [propext]
'Math.B699.CRTStage1Pair27.Chunk005.cellA42B18_check' depends on axioms: [propext]
'Math.B699.CRTStage1Pair27.Chunk005.cellA42B19_check' depends on axioms: [propext]
'Math.B699.CRTStage1Pair27.Chunk005.cellA42B20_check' depends on axioms: [propext]
'Math.B699.CRTStage1Pair27.Chunk005.cellA42B21_check' depends on axioms: [propext]
'Math.B699.CRTStage1Pair27.Chunk005.rowA42_cell_check' depends on axioms: [propext]
'Math.B699.CRTStage1Pair27.Chunk005.rowA42_block_check' depends on axioms: [propext, Quot.sound]
'Math.B699.CRTStage1Pair27.Chunk005.cellA43B1_check' depends on axioms: [propext]
'Math.B699.CRTStage1Pair27.Chunk005.cellA43B2_check' depends on axioms: [propext]
'Math.B699.CRTStage1Pair27.Chunk005.cellA43B3_check' depends on axioms: [propext]
'Math.B699.CRTStage1Pair27.Chunk005.cellA43B4_check' depends on axioms: [propext]
'Math.B699.CRTStage1Pair27.Chunk005.cellA43B5_check' depends on axioms: [propext]
'Math.B699.CRTStage1Pair27.Chunk005.cellA43B6_check' depends on axioms: [propext]
'Math.B699.CRTStage1Pair27.Chunk005.cellA43B7_check' depends on axioms: [propext]
'Math.B699.CRTStage1Pair27.Chunk005.cellA43B8_check' depends on axioms: [propext]
'Math.B699.CRTStage1Pair27.Chunk005.cellA43B9_check' depends on axioms: [propext]
'Math.B699.CRTStage1Pair27.Chunk005.cellA43B10_check' depends on axioms: [propext]
'Math.B699.CRTStage1Pair27.Chunk005.cellA43B11_check' depends on axioms: [propext]
'Math.B699.CRTStage1Pair27.Chunk005.cellA43B12_check' depends on axioms: [propext]
'Math.B699.CRTStage1Pair27.Chunk005.cellA43B13_check' depends on axioms: [propext]
'Math.B699.CRTStage1Pair27.Chunk005.cellA43B14_check' depends on axioms: [propext]
'Math.B699.CRTStage1Pair27.Chunk005.cellA43B15_check' depends on axioms: [propext]
'Math.B699.CRTStage1Pair27.Chunk005.cellA43B16_check' depends on axioms: [propext]
'Math.B699.CRTStage1Pair27.Chunk005.cellA43B17_check' depends on axioms: [propext]
'Math.B699.CRTStage1Pair27.Chunk005.cellA43B18_check' depends on axioms: [propext]
'Math.B699.CRTStage1Pair27.Chunk005.cellA43B19_check' depends on axioms: [propext]
'Math.B699.CRTStage1Pair27.Chunk005.cellA43B20_check' depends on axioms: [propext]
'Math.B699.CRTStage1Pair27.Chunk005.cellA43B21_check' depends on axioms: [propext]
'Math.B699.CRTStage1Pair27.Chunk005.rowA43_cell_check' depends on axioms: [propext]
'Math.B699.CRTStage1Pair27.Chunk005.rowA43_block_check' depends on axioms: [propext, Quot.sound]
'Math.B699.CRTStage1Pair27.Chunk005.cellA44B1_check' depends on axioms: [propext]
'Math.B699.CRTStage1Pair27.Chunk005.cellA44B2_check' depends on axioms: [propext]
'Math.B699.CRTStage1Pair27.Chunk005.cellA44B3_check' depends on axioms: [propext]
'Math.B699.CRTStage1Pair27.Chunk005.cellA44B4_check' depends on axioms: [propext]
'Math.B699.CRTStage1Pair27.Chunk005.cellA44B5_check' depends on axioms: [propext]
'Math.B699.CRTStage1Pair27.Chunk005.cellA44B6_check' depends on axioms: [propext]
'Math.B699.CRTStage1Pair27.Chunk005.cellA44B7_check' depends on axioms: [propext]
'Math.B699.CRTStage1Pair27.Chunk005.cellA44B8_check' depends on axioms: [propext]
'Math.B699.CRTStage1Pair27.Chunk005.cellA44B9_check' depends on axioms: [propext]
'Math.B699.CRTStage1Pair27.Chunk005.cellA44B10_check' depends on axioms: [propext]
'Math.B699.CRTStage1Pair27.Chunk005.cellA44B11_check' depends on axioms: [propext]
'Math.B699.CRTStage1Pair27.Chunk005.cellA44B12_check' depends on axioms: [propext]
'Math.B699.CRTStage1Pair27.Chunk005.cellA44B13_check' depends on axioms: [propext]
'Math.B699.CRTStage1Pair27.Chunk005.cellA44B14_check' depends on axioms: [propext]
'Math.B699.CRTStage1Pair27.Chunk005.cellA44B15_check' depends on axioms: [propext]
'Math.B699.CRTStage1Pair27.Chunk005.cellA44B16_check' depends on axioms: [propext]
'Math.B699.CRTStage1Pair27.Chunk005.cellA44B17_check' depends on axioms: [propext]
'Math.B699.CRTStage1Pair27.Chunk005.cellA44B18_check' depends on axioms: [propext]
'Math.B699.CRTStage1Pair27.Chunk005.cellA44B19_check' depends on axioms: [propext]
'Math.B699.CRTStage1Pair27.Chunk005.cellA44B20_check' depends on axioms: [propext]
'Math.B699.CRTStage1Pair27.Chunk005.cellA44B21_check' depends on axioms: [propext]
'Math.B699.CRTStage1Pair27.Chunk005.rowA44_cell_check' depends on axioms: [propext]
'Math.B699.CRTStage1Pair27.Chunk005.rowA44_block_check' depends on axioms: [propext, Quot.sound]
'Math.B699.CRTStage1Pair27.Chunk005.cellA45B1_check' depends on axioms: [propext]
'Math.B699.CRTStage1Pair27.Chunk005.cellA45B2_check' depends on axioms: [propext]
'Math.B699.CRTStage1Pair27.Chunk005.cellA45B3_check' depends on axioms: [propext]
'Math.B699.CRTStage1Pair27.Chunk005.cellA45B4_check' depends on axioms: [propext]
'Math.B699.CRTStage1Pair27.Chunk005.cellA45B5_check' depends on axioms: [propext]
'Math.B699.CRTStage1Pair27.Chunk005.cellA45B6_check' depends on axioms: [propext]
'Math.B699.CRTStage1Pair27.Chunk005.cellA45B7_check' depends on axioms: [propext]
'Math.B699.CRTStage1Pair27.Chunk005.cellA45B8_check' depends on axioms: [propext]
'Math.B699.CRTStage1Pair27.Chunk005.cellA45B9_check' depends on axioms: [propext]
'Math.B699.CRTStage1Pair27.Chunk005.cellA45B10_check' depends on axioms: [propext]
'Math.B699.CRTStage1Pair27.Chunk005.cellA45B11_check' depends on axioms: [propext]
'Math.B699.CRTStage1Pair27.Chunk005.cellA45B12_check' depends on axioms: [propext]
'Math.B699.CRTStage1Pair27.Chunk005.cellA45B13_check' depends on axioms: [propext]
'Math.B699.CRTStage1Pair27.Chunk005.cellA45B14_check' depends on axioms: [propext]
'Math.B699.CRTStage1Pair27.Chunk005.cellA45B15_check' depends on axioms: [propext]
'Math.B699.CRTStage1Pair27.Chunk005.cellA45B16_check' depends on axioms: [propext]
'Math.B699.CRTStage1Pair27.Chunk005.cellA45B17_check' depends on axioms: [propext]
'Math.B699.CRTStage1Pair27.Chunk005.cellA45B18_check' depends on axioms: [propext]
'Math.B699.CRTStage1Pair27.Chunk005.cellA45B19_check' depends on axioms: [propext]
'Math.B699.CRTStage1Pair27.Chunk005.cellA45B20_check' depends on axioms: [propext]
'Math.B699.CRTStage1Pair27.Chunk005.cellA45B21_check' depends on axioms: [propext]
'Math.B699.CRTStage1Pair27.Chunk005.rowA45_cell_check' depends on axioms: [propext]
'Math.B699.CRTStage1Pair27.Chunk005.rowA45_block_check' depends on axioms: [propext, Quot.sound]
'Math.B699.CRTStage1Pair27.Chunk005.cellA46B1_check' depends on axioms: [propext]
'Math.B699.CRTStage1Pair27.Chunk005.cellA46B2_check' depends on axioms: [propext]
'Math.B699.CRTStage1Pair27.Chunk005.cellA46B3_check' depends on axioms: [propext]
'Math.B699.CRTStage1Pair27.Chunk005.cellA46B4_check' depends on axioms: [propext]
'Math.B699.CRTStage1Pair27.Chunk005.cellA46B5_check' depends on axioms: [propext]
'Math.B699.CRTStage1Pair27.Chunk005.cellA46B6_check' depends on axioms: [propext]
'Math.B699.CRTStage1Pair27.Chunk005.cellA46B7_check' depends on axioms: [propext]
'Math.B699.CRTStage1Pair27.Chunk005.cellA46B8_check' depends on axioms: [propext]
'Math.B699.CRTStage1Pair27.Chunk005.cellA46B9_check' depends on axioms: [propext]
'Math.B699.CRTStage1Pair27.Chunk005.cellA46B10_check' depends on axioms: [propext]
'Math.B699.CRTStage1Pair27.Chunk005.cellA46B11_check' depends on axioms: [propext]
'Math.B699.CRTStage1Pair27.Chunk005.cellA46B12_check' depends on axioms: [propext]
'Math.B699.CRTStage1Pair27.Chunk005.cellA46B13_check' depends on axioms: [propext]
'Math.B699.CRTStage1Pair27.Chunk005.cellA46B14_check' depends on axioms: [propext]
'Math.B699.CRTStage1Pair27.Chunk005.cellA46B15_check' depends on axioms: [propext]
'Math.B699.CRTStage1Pair27.Chunk005.cellA46B16_check' depends on axioms: [propext]
'Math.B699.CRTStage1Pair27.Chunk005.cellA46B17_check' depends on axioms: [propext]
'Math.B699.CRTStage1Pair27.Chunk005.cellA46B18_check' depends on axioms: [propext]
'Math.B699.CRTStage1Pair27.Chunk005.cellA46B19_check' depends on axioms: [propext]
'Math.B699.CRTStage1Pair27.Chunk005.cellA46B20_check' depends on axioms: [propext]
'Math.B699.CRTStage1Pair27.Chunk005.cellA46B21_check' depends on axioms: [propext]
'Math.B699.CRTStage1Pair27.Chunk005.rowA46_cell_check' depends on axioms: [propext]
'Math.B699.CRTStage1Pair27.Chunk005.rowA46_block_check' depends on axioms: [propext, Quot.sound]
