# command: LEAN -j1 -M1536 -DautoImplicit=false -DrelaxedAutoImplicit=false --root=PROJECT_ROOT -o .tools/20260911-low-index-lean-513dc7cc/20260912T022626848910Z/olean/research/tasks/B699-Binomial/runs/20260911-low-index-lean-513dc7cc/lean/I11TCovBatch/First01.olean research/tasks/B699-Binomial/runs/20260911-low-index-lean-513dc7cc/lean/I11TCovBatch/First01.lean
# cwd: PROJECT_ROOT
# started_utc: 2026-09-12T02:29:15.621773Z
# finished_utc: 2026-09-12T02:29:23.809195Z
# exit_code: 0
# timed_out: False
@Math.B699.I11TerminalCandidateCoverage.FirstParts.P008.sound : Math.B699.I11TerminalCandidateCoverage.IntervalSound
  (864, 917)
'Math.B699.I11TerminalCandidateCoverage.FirstParts.P008.sound' depends on axioms: [propext,
 Classical.choice,
 Quot.sound]
@Math.B699.I11TerminalCandidateCoverage.FirstParts.P009.sound : Math.B699.I11TerminalCandidateCoverage.IntervalSound
  (918, 1019)
'Math.B699.I11TerminalCandidateCoverage.FirstParts.P009.sound' depends on axioms: [propext,
 Classical.choice,
 Quot.sound]
@Math.B699.I11TerminalCandidateCoverage.FirstParts.P010.sound : Math.B699.I11TerminalCandidateCoverage.IntervalSound
  (1020, 1097)
'Math.B699.I11TerminalCandidateCoverage.FirstParts.P010.sound' depends on axioms: [propext,
 Classical.choice,
 Quot.sound]
@Math.B699.I11TerminalCandidateCoverage.FirstParts.P011.sound : Math.B699.I11TerminalCandidateCoverage.IntervalSound
  (1098, 1149)
'Math.B699.I11TerminalCandidateCoverage.FirstParts.P011.sound' depends on axioms: [propext,
 Classical.choice,
 Quot.sound]
@Math.B699.I11TerminalCandidateCoverage.FirstParts.P012.sound : Math.B699.I11TerminalCandidateCoverage.IntervalSound
  (1150, 1259)
'Math.B699.I11TerminalCandidateCoverage.FirstParts.P012.sound' depends on axioms: [propext,
 Classical.choice,
 Quot.sound]
@Math.B699.I11TerminalCandidateCoverage.FirstParts.P013.sound : Math.B699.I11TerminalCandidateCoverage.IntervalSound
  (1260, 1337)
'Math.B699.I11TerminalCandidateCoverage.FirstParts.P013.sound' depends on axioms: [propext,
 Classical.choice,
 Quot.sound]
@Math.B699.I11TerminalCandidateCoverage.FirstParts.P014.sound : Math.B699.I11TerminalCandidateCoverage.IntervalSound
  (1338, 1353)
'Math.B699.I11TerminalCandidateCoverage.FirstParts.P014.sound' depends on axioms: [propext,
 Classical.choice,
 Quot.sound]
@Math.B699.I11TerminalCandidateCoverage.FirstParts.P015.sound : Math.B699.I11TerminalCandidateCoverage.IntervalSound
  (1354, 1396)
'Math.B699.I11TerminalCandidateCoverage.FirstParts.P015.sound' depends on axioms: [propext,
 Classical.choice,
 Quot.sound]
