LAY [(0, 1, 2, 3), (0, 1), (2, 3)]
DIM 2 27 28 org 1 s1 True time 0.0403745174407959
{'origin': 1, 'sign': True, 'Cnaive': '294576753487185/1350993707008', 'factor': '-(N - 3)*(36*N**5 - 160*N**4*X - 432*N**4 + 304*N**3*X**2 + 1616*N**3*X + 1836*N**3 - 132*N**2*X**3 - 2998*N**2*X**2 - 5030*N**2*X - 3168*N**2 + 27*N*X**4 + 814*N*X**3 + 9905*N*X**2 + 3334*N*X + 1728*N - 95*X**4 - 1170*X**3 - 11095*X**2 + 4680*X)'}
{'origin': 1, 'sign': True, 'Cnaive': '18358858337963949/2701987414016', 'factor': '-(N - 3)*(1206*N**5 - 5252*N**4*X - 14472*N**4 + 8861*N**3*X**2 + 54163*N**3*X + 61506*N**3 - 3936*N**2*X**3 - 85664*N**2*X**2 - 178252*N**2*X - 106128*N**2 + 29024*N*X**3 + 267463*N*X**2 + 165689*N*X + 57888*N + 216*X**5 - 820*X**4 - 52128*X**3 - 266720*X**2 + 67356*X)'}
DIM 2 27 28 org 2 s1 False time 0.0154876708984375
{'origin': 2, 'sign': False, 'Cnaive': '18964152396225/61408804864', 'factor': '(N - 3)**2*(6*N**2 - 20*N*X - 24*N + 5*X**2 + 75*X)**2'}
{'origin': 2, 'sign': False, 'Cnaive': '335656408608575/61408804864', 'factor': '(N - 3)*(702*N**5 - 4330*N**4*X - 7722*N**4 + 7845*N**3*X**2 + 46085*N**3*X + 28080*N**3 - 3475*N**2*X**3 - 77590*N**2*X**2 - 161435*N**2*X - 33696*N**2 + 25975*N*X**3 + 248365*N*X**2 + 185500*N*X + 125*X**5 - 275*X**4 - 48125*X**3 - 254125*X**2)'}
LAY [(0, 1, 2), (0, 1, 2), (1, 3)]
DIM 1 27 28 org 1 s1 True time 0.010089874267578125
{'origin': 1, 'sign': True, 'Cnaive': '116922468149/84437106688', 'factor': '-X*(X - 1)*(N - X - 2)*(2*N + X - 8)*(N**2 + 2*N*X - 11*N - 2*X**2 - 2*X + 24)'}
DIM 1 27 28 org 2 s1 False time 0.009325504302978516
{'origin': 2, 'sign': False, 'Cnaive': '137445282265/959512576', 'factor': '(3*N**3 - 15*N**2*X - 21*N**2 + 105*N*X + 36*N + 10*X**3 - 30*X**2 - 160*X)**2'}
LAY [(0, 1, 2, 3), (1, 3), (2, 4)]
DIM 2 27 28 org 1 s1 True time 0.015776395797729492
{'origin': 1, 'sign': True, 'Cnaive': '525582218615625/5403974828032', 'factor': '-(N - 3)*(N - X - 3)*(N - X - 1)*(15*N**3 - 40*N**2*X - 80*N**2 + 28*N*X**2 + 168*N*X + 89*N - 100*X**2 - 80*X)'}
{'origin': 1, 'sign': False, 'Cnaive': '9874732977715/44660948992', 'factor': '-(N - 3)*(N - X - 3)*(N - X - 1)*(33*N**3 - 102*N**2*X - 162*N**2 + 56*N*X**2 + 490*N*X + 81*N + 28*X**3 - 388*X**2 - 36*X)'}
DIM 2 27 28 org 2 s1 False time 0.015644073486328125
{'origin': 2, 'sign': True, 'Cnaive': '27892499382225/15352201216', 'factor': '(N - 3)**2*(17*N**2 - 40*N*X - 53*N + 20*X**2 + 80*X)**2'}
{'origin': 2, 'sign': False, 'Cnaive': '1189185213541925/15352201216', 'factor': '(N - 3)*(12077*N**5 - 60080*N**4*X - 109417*N**4 + 100640*N**3*X**2 + 497920*N**3*X + 314795*N**3 - 60400*N**2*X**3 - 751880*N**2*X**2 - 1246080*N**2*X - 285711*N**2 + 430000*N*X**3 + 1487880*N*X**2 + 926320*N*X + 8000*X**5 - 71600*X**4 - 516800*X**3 - 721600*X**2)'}
LAY [(0, 1, 3), (1, 2, 3), (2, 4)]
DIM 1 27 28 org 1 s1 True time 0.015019416809082031
{'origin': 1, 'sign': True, 'Cnaive': '55017542942845/337748426752', 'factor': '-33*N**6 + 47*N**5*X + 604*N**5 - 60*N**4*X**2 - 637*N**4*X - 4514*N**4 + 192*N**3*X**3 - 528*N**3*X**2 + 6113*N**3*X + 15748*N**3 - 674*N**2*X**4 + 3416*N**2*X**3 - 5058*N**2*X**2 - 21099*N**2*X - 24477*N**2 + 592*N*X**5 - 610*N*X**4 - 13256*N*X**3 + 38210*N*X**2 + 15816*N*X + 12672*N - 148*X**6 - 592*X**5 + 4640*X**4 + 7392*X**3 - 51324*X**2 + 17568*X'}
DIM 1 27 28 org 2 s1 False time 0.011520147323608398
{'origin': 2, 'sign': True, 'Cnaive': '92649384457/959512576', 'factor': '(N**3 - 5*N**2*X + 8*N**2 + 20*N*X**2 - 45*N*X - 33*N - 10*X**3 - 20*X**2 + 150*X)**2'}
