# command: LEAN -j1 -M1536 -DautoImplicit=false -DrelaxedAutoImplicit=false --root=PROJECT_ROOT -o .tools/20260911-low-index-lean-513dc7cc/20260912T002313571213Z/olean/research/tasks/B699-Binomial/runs/20260911-low-index-lean-513dc7cc/lean/CrtStage0Pair23/Chunk008RowA72.olean research/tasks/B699-Binomial/runs/20260911-low-index-lean-513dc7cc/lean/CrtStage0Pair23/Chunk008RowA72.lean
# cwd: PROJECT_ROOT
# started_utc: 2026-09-12T00:25:18.597062Z
# finished_utc: 2026-09-12T00:25:29.668674Z
# exit_code: 0
# timed_out: False
'Math.B699.CRTStage0Pair23.Chunk008.cellA72B1_check' depends on axioms: [propext]
'Math.B699.CRTStage0Pair23.Chunk008.cellA72B2_check' depends on axioms: [propext]
'Math.B699.CRTStage0Pair23.Chunk008.cellA72B3_check' depends on axioms: [propext]
'Math.B699.CRTStage0Pair23.Chunk008.cellA72B4_check' depends on axioms: [propext]
'Math.B699.CRTStage0Pair23.Chunk008.cellA72B5_check' depends on axioms: [propext]
'Math.B699.CRTStage0Pair23.Chunk008.cellA72B6_check' depends on axioms: [propext]
'Math.B699.CRTStage0Pair23.Chunk008.cellA72B7_check' depends on axioms: [propext]
'Math.B699.CRTStage0Pair23.Chunk008.cellA72B8_check' depends on axioms: [propext]
'Math.B699.CRTStage0Pair23.Chunk008.cellA72B9_check' depends on axioms: [propext]
'Math.B699.CRTStage0Pair23.Chunk008.cellA72B10_check' depends on axioms: [propext]
'Math.B699.CRTStage0Pair23.Chunk008.cellA72B11_check' depends on axioms: [propext]
'Math.B699.CRTStage0Pair23.Chunk008.cellA72B12_check' depends on axioms: [propext]
'Math.B699.CRTStage0Pair23.Chunk008.cellA72B13_check' depends on axioms: [propext]
'Math.B699.CRTStage0Pair23.Chunk008.cellA72B14_check' depends on axioms: [propext]
'Math.B699.CRTStage0Pair23.Chunk008.cellA72B15_check' depends on axioms: [propext]
'Math.B699.CRTStage0Pair23.Chunk008.cellA72B16_check' depends on axioms: [propext]
'Math.B699.CRTStage0Pair23.Chunk008.cellA72B17_check' depends on axioms: [propext]
'Math.B699.CRTStage0Pair23.Chunk008.cellA72B18_check' depends on axioms: [propext]
'Math.B699.CRTStage0Pair23.Chunk008.cellA72B19_check' depends on axioms: [propext]
'Math.B699.CRTStage0Pair23.Chunk008.cellA72B20_check' depends on axioms: [propext]
'Math.B699.CRTStage0Pair23.Chunk008.cellA72B21_check' depends on axioms: [propext]
'Math.B699.CRTStage0Pair23.Chunk008.cellA72B22_check' depends on axioms: [propext]
'Math.B699.CRTStage0Pair23.Chunk008.cellA72B23_check' depends on axioms: [propext]
'Math.B699.CRTStage0Pair23.Chunk008.cellA72B24_check' depends on axioms: [propext]
'Math.B699.CRTStage0Pair23.Chunk008.cellA72B25_check' depends on axioms: [propext]
'Math.B699.CRTStage0Pair23.Chunk008.cellA72B26_check' depends on axioms: [propext]
'Math.B699.CRTStage0Pair23.Chunk008.cellA72B27_check' depends on axioms: [propext]
'Math.B699.CRTStage0Pair23.Chunk008.cellA72B28_check' depends on axioms: [propext]
'Math.B699.CRTStage0Pair23.Chunk008.cellA72B29_check' depends on axioms: [propext]
'Math.B699.CRTStage0Pair23.Chunk008.cellA72B30_check' depends on axioms: [propext]
'Math.B699.CRTStage0Pair23.Chunk008.cellA72B31_check' depends on axioms: [propext]
'Math.B699.CRTStage0Pair23.Chunk008.cellA72B32_check' depends on axioms: [propext]
'Math.B699.CRTStage0Pair23.Chunk008.cellA72B33_check' depends on axioms: [propext]
'Math.B699.CRTStage0Pair23.Chunk008.cellA72B34_check' depends on axioms: [propext]
'Math.B699.CRTStage0Pair23.Chunk008.cellA72B35_check' depends on axioms: [propext]
'Math.B699.CRTStage0Pair23.Chunk008.cellA72B36_check' depends on axioms: [propext]
'Math.B699.CRTStage0Pair23.Chunk008.cellA72B37_check' depends on axioms: [propext]
'Math.B699.CRTStage0Pair23.Chunk008.cellA72B38_check' depends on axioms: [propext]
'Math.B699.CRTStage0Pair23.Chunk008.cellA72B39_check' depends on axioms: [propext]
'Math.B699.CRTStage0Pair23.Chunk008.cellA72B40_check' depends on axioms: [propext]
'Math.B699.CRTStage0Pair23.Chunk008.cellA72B41_check' depends on axioms: [propext]
'Math.B699.CRTStage0Pair23.Chunk008.cellA72B42_check' depends on axioms: [propext]
'Math.B699.CRTStage0Pair23.Chunk008.cellA72B43_check' depends on axioms: [propext]
'Math.B699.CRTStage0Pair23.Chunk008.cellA72B44_check' depends on axioms: [propext]
'Math.B699.CRTStage0Pair23.Chunk008.cellA72B45_check' depends on axioms: [propext]
'Math.B699.CRTStage0Pair23.Chunk008.cellA72B46_check' depends on axioms: [propext]
'Math.B699.CRTStage0Pair23.Chunk008.cellA72B47_check' depends on axioms: [propext]
'Math.B699.CRTStage0Pair23.Chunk008.cellA72B48_check' depends on axioms: [propext]
'Math.B699.CRTStage0Pair23.Chunk008.cellA72B49_check' depends on axioms: [propext]
'Math.B699.CRTStage0Pair23.Chunk008.cellA72B50_check' depends on axioms: [propext]
'Math.B699.CRTStage0Pair23.Chunk008.cellA72B51_check' depends on axioms: [propext]
'Math.B699.CRTStage0Pair23.Chunk008.cellA72B52_check' depends on axioms: [propext]
'Math.B699.CRTStage0Pair23.Chunk008.cellA72B53_check' depends on axioms: [propext]
'Math.B699.CRTStage0Pair23.Chunk008.cellA72B54_check' depends on axioms: [propext]
'Math.B699.CRTStage0Pair23.Chunk008.cellA72B55_check' depends on axioms: [propext]
'Math.B699.CRTStage0Pair23.Chunk008.cellA72B56_check' depends on axioms: [propext]
'Math.B699.CRTStage0Pair23.Chunk008.cellA72B57_check' depends on axioms: [propext]
'Math.B699.CRTStage0Pair23.Chunk008.cellA72B58_check' depends on axioms: [propext]
'Math.B699.CRTStage0Pair23.Chunk008.cellA72B59_check' depends on axioms: [propext]
'Math.B699.CRTStage0Pair23.Chunk008.cellA72B60_check' depends on axioms: [propext]
'Math.B699.CRTStage0Pair23.Chunk008.cellA72B61_check' depends on axioms: [propext]
'Math.B699.CRTStage0Pair23.Chunk008.cellA72B62_check' depends on axioms: [propext]
'Math.B699.CRTStage0Pair23.Chunk008.cellA72B63_check' depends on axioms: [propext]
'Math.B699.CRTStage0Pair23.Chunk008.cellA72B64_check' depends on axioms: [propext]
'Math.B699.CRTStage0Pair23.Chunk008.cellA72B65_check' depends on axioms: [propext]
'Math.B699.CRTStage0Pair23.Chunk008.cellA72B66_check' depends on axioms: [propext]
'Math.B699.CRTStage0Pair23.Chunk008.cellA72B67_check' depends on axioms: [propext]
'Math.B699.CRTStage0Pair23.Chunk008.cellA72B68_check' depends on axioms: [propext]
'Math.B699.CRTStage0Pair23.Chunk008.rowA72_cell_check' depends on axioms: [propext]
'Math.B699.CRTStage0Pair23.Chunk008.rowA72_block_check' depends on axioms: [propext, Quot.sound]
