# command: LEAN -j1 -M1536 -DautoImplicit=false -DrelaxedAutoImplicit=false --root=PROJECT_ROOT -o .tools/20260911-low-index-lean-513dc7cc/20260912T002313571213Z/olean/research/tasks/B699-Binomial/runs/20260911-low-index-lean-513dc7cc/lean/CrtStage0Pair23/Chunk008RowA66.olean research/tasks/B699-Binomial/runs/20260911-low-index-lean-513dc7cc/lean/CrtStage0Pair23/Chunk008RowA66.lean
# cwd: PROJECT_ROOT
# started_utc: 2026-09-12T00:24:10.828441Z
# finished_utc: 2026-09-12T00:24:22.361214Z
# exit_code: 0
# timed_out: False
'Math.B699.CRTStage0Pair23.Chunk008.cellA66B1_check' depends on axioms: [propext]
'Math.B699.CRTStage0Pair23.Chunk008.cellA66B2_check' depends on axioms: [propext]
'Math.B699.CRTStage0Pair23.Chunk008.cellA66B3_check' depends on axioms: [propext]
'Math.B699.CRTStage0Pair23.Chunk008.cellA66B4_check' depends on axioms: [propext]
'Math.B699.CRTStage0Pair23.Chunk008.cellA66B5_check' depends on axioms: [propext]
'Math.B699.CRTStage0Pair23.Chunk008.cellA66B6_check' depends on axioms: [propext]
'Math.B699.CRTStage0Pair23.Chunk008.cellA66B7_check' depends on axioms: [propext]
'Math.B699.CRTStage0Pair23.Chunk008.cellA66B8_check' depends on axioms: [propext]
'Math.B699.CRTStage0Pair23.Chunk008.cellA66B9_check' depends on axioms: [propext]
'Math.B699.CRTStage0Pair23.Chunk008.cellA66B10_check' depends on axioms: [propext]
'Math.B699.CRTStage0Pair23.Chunk008.cellA66B11_check' depends on axioms: [propext]
'Math.B699.CRTStage0Pair23.Chunk008.cellA66B12_check' depends on axioms: [propext]
'Math.B699.CRTStage0Pair23.Chunk008.cellA66B13_check' depends on axioms: [propext]
'Math.B699.CRTStage0Pair23.Chunk008.cellA66B14_check' depends on axioms: [propext]
'Math.B699.CRTStage0Pair23.Chunk008.cellA66B15_check' depends on axioms: [propext]
'Math.B699.CRTStage0Pair23.Chunk008.cellA66B16_check' depends on axioms: [propext]
'Math.B699.CRTStage0Pair23.Chunk008.cellA66B17_check' depends on axioms: [propext]
'Math.B699.CRTStage0Pair23.Chunk008.cellA66B18_check' depends on axioms: [propext]
'Math.B699.CRTStage0Pair23.Chunk008.cellA66B19_check' depends on axioms: [propext]
'Math.B699.CRTStage0Pair23.Chunk008.cellA66B20_check' depends on axioms: [propext]
'Math.B699.CRTStage0Pair23.Chunk008.cellA66B21_check' depends on axioms: [propext]
'Math.B699.CRTStage0Pair23.Chunk008.cellA66B22_check' depends on axioms: [propext]
'Math.B699.CRTStage0Pair23.Chunk008.cellA66B23_check' depends on axioms: [propext]
'Math.B699.CRTStage0Pair23.Chunk008.cellA66B24_check' depends on axioms: [propext]
'Math.B699.CRTStage0Pair23.Chunk008.cellA66B25_check' depends on axioms: [propext]
'Math.B699.CRTStage0Pair23.Chunk008.cellA66B26_check' depends on axioms: [propext]
'Math.B699.CRTStage0Pair23.Chunk008.cellA66B27_check' depends on axioms: [propext]
'Math.B699.CRTStage0Pair23.Chunk008.cellA66B28_check' depends on axioms: [propext]
'Math.B699.CRTStage0Pair23.Chunk008.cellA66B29_check' depends on axioms: [propext]
'Math.B699.CRTStage0Pair23.Chunk008.cellA66B30_check' depends on axioms: [propext]
'Math.B699.CRTStage0Pair23.Chunk008.cellA66B31_check' depends on axioms: [propext]
'Math.B699.CRTStage0Pair23.Chunk008.cellA66B32_check' depends on axioms: [propext]
'Math.B699.CRTStage0Pair23.Chunk008.cellA66B33_check' depends on axioms: [propext]
'Math.B699.CRTStage0Pair23.Chunk008.cellA66B34_check' depends on axioms: [propext]
'Math.B699.CRTStage0Pair23.Chunk008.cellA66B35_check' depends on axioms: [propext]
'Math.B699.CRTStage0Pair23.Chunk008.cellA66B36_check' depends on axioms: [propext]
'Math.B699.CRTStage0Pair23.Chunk008.cellA66B37_check' depends on axioms: [propext]
'Math.B699.CRTStage0Pair23.Chunk008.cellA66B38_check' depends on axioms: [propext]
'Math.B699.CRTStage0Pair23.Chunk008.cellA66B39_check' depends on axioms: [propext]
'Math.B699.CRTStage0Pair23.Chunk008.cellA66B40_check' depends on axioms: [propext]
'Math.B699.CRTStage0Pair23.Chunk008.cellA66B41_check' depends on axioms: [propext]
'Math.B699.CRTStage0Pair23.Chunk008.cellA66B42_check' depends on axioms: [propext]
'Math.B699.CRTStage0Pair23.Chunk008.cellA66B43_check' depends on axioms: [propext]
'Math.B699.CRTStage0Pair23.Chunk008.cellA66B44_check' depends on axioms: [propext]
'Math.B699.CRTStage0Pair23.Chunk008.cellA66B45_check' depends on axioms: [propext]
'Math.B699.CRTStage0Pair23.Chunk008.cellA66B46_check' depends on axioms: [propext]
'Math.B699.CRTStage0Pair23.Chunk008.cellA66B47_check' depends on axioms: [propext]
'Math.B699.CRTStage0Pair23.Chunk008.cellA66B48_check' depends on axioms: [propext]
'Math.B699.CRTStage0Pair23.Chunk008.cellA66B49_check' depends on axioms: [propext]
'Math.B699.CRTStage0Pair23.Chunk008.cellA66B50_check' depends on axioms: [propext]
'Math.B699.CRTStage0Pair23.Chunk008.cellA66B51_check' depends on axioms: [propext]
'Math.B699.CRTStage0Pair23.Chunk008.cellA66B52_check' depends on axioms: [propext]
'Math.B699.CRTStage0Pair23.Chunk008.cellA66B53_check' depends on axioms: [propext]
'Math.B699.CRTStage0Pair23.Chunk008.cellA66B54_check' depends on axioms: [propext]
'Math.B699.CRTStage0Pair23.Chunk008.cellA66B55_check' depends on axioms: [propext]
'Math.B699.CRTStage0Pair23.Chunk008.cellA66B56_check' depends on axioms: [propext]
'Math.B699.CRTStage0Pair23.Chunk008.cellA66B57_check' depends on axioms: [propext]
'Math.B699.CRTStage0Pair23.Chunk008.cellA66B58_check' depends on axioms: [propext]
'Math.B699.CRTStage0Pair23.Chunk008.cellA66B59_check' depends on axioms: [propext]
'Math.B699.CRTStage0Pair23.Chunk008.cellA66B60_check' depends on axioms: [propext]
'Math.B699.CRTStage0Pair23.Chunk008.cellA66B61_check' depends on axioms: [propext]
'Math.B699.CRTStage0Pair23.Chunk008.cellA66B62_check' depends on axioms: [propext]
'Math.B699.CRTStage0Pair23.Chunk008.cellA66B63_check' depends on axioms: [propext]
'Math.B699.CRTStage0Pair23.Chunk008.cellA66B64_check' depends on axioms: [propext]
'Math.B699.CRTStage0Pair23.Chunk008.cellA66B65_check' depends on axioms: [propext]
'Math.B699.CRTStage0Pair23.Chunk008.cellA66B66_check' depends on axioms: [propext]
'Math.B699.CRTStage0Pair23.Chunk008.cellA66B67_check' depends on axioms: [propext]
'Math.B699.CRTStage0Pair23.Chunk008.cellA66B68_check' depends on axioms: [propext]
'Math.B699.CRTStage0Pair23.Chunk008.rowA66_cell_check' depends on axioms: [propext]
'Math.B699.CRTStage0Pair23.Chunk008.rowA66_block_check' depends on axioms: [propext, Quot.sound]
