{
  "R7": [
    3,
    4,
    5,
    6,
    7,
    8,
    9
  ],
  "byte_identical": true,
  "certificate_sha256": {
    "canonical_factor_pairs.json": "f379d124fec3dafee665cbe27dd6f90a3005ccc914e82acad7a59839f4c0fcaf",
    "claims.json": "f66f0394e7b3bfbe0f2b78ad1c52a97e8f639276ba1c131809d7a063adf691bf",
    "identities.json": "e363c310a025ec13de362d4ef681271d8dc5ba6a2c04f6638d06ca0fdfd98974",
    "polynomial_and_rational_boundary.json": "0c63ce1bc968df29e2f209cde963b82d8f593212b34ab8df4e6c824c766378e6",
    "source2_exact_gate.json": "be7f61ead086707a5be1724cabe9aec75e14cc731acaf58034c20ddfb8f245d2",
    "source3_tail_consumer.json": "5cc3da27912eb7c9ff55133cb51a5ba292be48a13528349ff88abdc8005c8fc8",
    "square_core_obstructions.json": "eb13e9ed74135175c03e9b3d036ea9502eac56ee623de58779138f4594d6b652"
  },
  "certified_history_net_deletion": 0,
  "discovery": {
    "certificates": 7,
    "regressions": 4,
    "source2_full": 0,
    "source2_pairs": 74650,
    "source2_selected": 32,
    "status": "PASS"
  },
  "evidence_level": "same-author separated implementation; not external review or Lean",
  "final_manifest_files_verified": null,
  "independent_implementation_acceptance": {
    "archived_regressions": 4,
    "certificates": 7,
    "imports_discover": false,
    "source2_pairs": 74650,
    "source3_original_pairs": 5,
    "status": "PASS"
  },
  "mutations": {
    "mutations_rejected": 8,
    "results": [
      {
        "exit_code": 1,
        "last_error": "ValueError: frontier scope changed",
        "mutation": "historical_gain",
        "rejected": true
      },
      {
        "exit_code": 1,
        "last_error": "ValueError: false scope: global_polynomial_obstruction_is_pointwise_deletion",
        "mutation": "polynomial_scope",
        "rejected": true
      },
      {
        "exit_code": 1,
        "last_error": "ValueError: source2 independence overclaim",
        "mutation": "source2_independence",
        "rejected": true
      },
      {
        "exit_code": 1,
        "last_error": "ValueError: factor changed",
        "mutation": "ordinary_factor",
        "rejected": true
      },
      {
        "exit_code": 1,
        "last_error": "ValueError: minimum altered",
        "mutation": "false_minimum",
        "rejected": true
      },
      {
        "exit_code": 1,
        "last_error": "ValueError: witness full exponent",
        "mutation": "inflated_source_power",
        "rejected": true
      },
      {
        "exit_code": 1,
        "last_error": "ValueError: rational family promoted to menu",
        "mutation": "rational_promoted_to_menu",
        "rejected": true
      },
      {
        "exit_code": 1,
        "last_error": "ValueError: inverse equality changed",
        "mutation": "wrong_inverse_relation",
        "rejected": true
      }
    ],
    "status": "PASS"
  },
  "payload_files_verified": 32,
  "regenerated_certificates": 7,
  "status": "PASS"
}


STDERR:
