# command: LEAN -j1 -M1536 -DautoImplicit=false -DrelaxedAutoImplicit=false --root=PROJECT_ROOT -o .tools/20260911-low-index-lean-513dc7cc/20260911T070639043913Z/olean/research/tasks/B699-Binomial/runs/20260911-low-index-lean-513dc7cc/lean/Pade/RawDet.olean research/tasks/B699-Binomial/runs/20260911-low-index-lean-513dc7cc/lean/Pade/RawDet.lean
# cwd: PROJECT_ROOT
# started_utc: 2026-09-11T07:07:05.210324Z
# finished_utc: 2026-09-11T07:07:17.402058Z
# exit_code: 1
# timed_out: False
PROJECT_ROOT\research\tasks\B699-Binomial\runs\20260911-low-index-lean-513dc7cc\lean\Pade\RawDet.lean:138:2: warning: Used `tac1 <;> tac2` where `(tac1; tac2)` would suffice

Note: This linter can be disabled with `set_option linter.unnecessarySeqFocus false`
PROJECT_ROOT\research\tasks\B699-Binomial\runs\20260911-low-index-lean-513dc7cc\lean\Pade\RawDet.lean:144:2: warning: Used `tac1 <;> tac2` where `(tac1; tac2)` would suffice

Note: This linter can be disabled with `set_option linter.unnecessarySeqFocus false`
PROJECT_ROOT\research\tasks\B699-Binomial\runs\20260911-low-index-lean-513dc7cc\lean\Pade\RawDet.lean:148:2: warning: Used `tac1 <;> tac2` where `(tac1; tac2)` would suffice

Note: This linter can be disabled with `set_option linter.unnecessarySeqFocus false`
PROJECT_ROOT\research\tasks\B699-Binomial\runs\20260911-low-index-lean-513dc7cc\lean\Pade\RawDet.lean:155:2: warning: Used `tac1 <;> tac2` where `(tac1; tac2)` would suffice

Note: This linter can be disabled with `set_option linter.unnecessarySeqFocus false`
PROJECT_ROOT\research\tasks\B699-Binomial\runs\20260911-low-index-lean-513dc7cc\lean\Pade\RawDet.lean:165:45: error: No goals to be solved
'Math.B699.PadeActualRecurrence.determinantMagnitude_recurrence' depends on axioms: [propext, Quot.sound]
'Math.B699.PadeActualRecurrence.determinantConstant_recurrence' depends on axioms: [propext,
 Classical.choice,
 Quot.sound]
'Math.B699.PadeActualRecurrence.determinantConstant_ne_zero' depends on axioms: [propext, Classical.choice, Quot.sound]
'Math.B699.PadeActualRecurrence.rawPolynomialDeterminant_recurrence' depends on axioms: [propext,
 Classical.choice,
 Quot.sound]
'Math.B699.PadeActualRecurrence.determinantConstant_one' depends on axioms: [propext, Classical.choice, Quot.sound]
'Math.B699.PadeActualRecurrence.rawPolynomialDeterminant_formula' depends on axioms: [propext,
 sorryAx,
 Classical.choice,
 Quot.sound]
'Math.B699.PadeActualRecurrence.actual_polynomial_rows_det_ne_zero' depends on axioms: [propext,
 sorryAx,
 Classical.choice,
 Quot.sound]
