# command: LEAN -j1 -M1536 -DautoImplicit=false -DrelaxedAutoImplicit=false --root=PROJECT_ROOT -o .tools/20260911-low-index-lean-513dc7cc/20260912T003022931521Z/olean/research/tasks/B699-Binomial/runs/20260911-low-index-lean-513dc7cc/lean/CrtStage0Pair23/Chunk011RowA90.olean research/tasks/B699-Binomial/runs/20260911-low-index-lean-513dc7cc/lean/CrtStage0Pair23/Chunk011RowA90.lean
# cwd: PROJECT_ROOT
# started_utc: 2026-09-12T00:31:18.486464Z
# finished_utc: 2026-09-12T00:31:29.356408Z
# exit_code: 0
# timed_out: False
'Math.B699.CRTStage0Pair23.Chunk011.cellA90B1_check' depends on axioms: [propext]
'Math.B699.CRTStage0Pair23.Chunk011.cellA90B2_check' depends on axioms: [propext]
'Math.B699.CRTStage0Pair23.Chunk011.cellA90B3_check' depends on axioms: [propext]
'Math.B699.CRTStage0Pair23.Chunk011.cellA90B4_check' depends on axioms: [propext]
'Math.B699.CRTStage0Pair23.Chunk011.cellA90B5_check' depends on axioms: [propext]
'Math.B699.CRTStage0Pair23.Chunk011.cellA90B6_check' depends on axioms: [propext]
'Math.B699.CRTStage0Pair23.Chunk011.cellA90B7_check' depends on axioms: [propext]
'Math.B699.CRTStage0Pair23.Chunk011.cellA90B8_check' depends on axioms: [propext]
'Math.B699.CRTStage0Pair23.Chunk011.cellA90B9_check' depends on axioms: [propext]
'Math.B699.CRTStage0Pair23.Chunk011.cellA90B10_check' depends on axioms: [propext]
'Math.B699.CRTStage0Pair23.Chunk011.cellA90B11_check' depends on axioms: [propext]
'Math.B699.CRTStage0Pair23.Chunk011.cellA90B12_check' depends on axioms: [propext]
'Math.B699.CRTStage0Pair23.Chunk011.cellA90B13_check' depends on axioms: [propext]
'Math.B699.CRTStage0Pair23.Chunk011.cellA90B14_check' depends on axioms: [propext]
'Math.B699.CRTStage0Pair23.Chunk011.cellA90B15_check' depends on axioms: [propext]
'Math.B699.CRTStage0Pair23.Chunk011.cellA90B16_check' depends on axioms: [propext]
'Math.B699.CRTStage0Pair23.Chunk011.cellA90B17_check' depends on axioms: [propext]
'Math.B699.CRTStage0Pair23.Chunk011.cellA90B18_check' depends on axioms: [propext]
'Math.B699.CRTStage0Pair23.Chunk011.cellA90B19_check' depends on axioms: [propext]
'Math.B699.CRTStage0Pair23.Chunk011.cellA90B20_check' depends on axioms: [propext]
'Math.B699.CRTStage0Pair23.Chunk011.cellA90B21_check' depends on axioms: [propext]
'Math.B699.CRTStage0Pair23.Chunk011.cellA90B22_check' depends on axioms: [propext]
'Math.B699.CRTStage0Pair23.Chunk011.cellA90B23_check' depends on axioms: [propext]
'Math.B699.CRTStage0Pair23.Chunk011.cellA90B24_check' depends on axioms: [propext]
'Math.B699.CRTStage0Pair23.Chunk011.cellA90B25_check' depends on axioms: [propext]
'Math.B699.CRTStage0Pair23.Chunk011.cellA90B26_check' depends on axioms: [propext]
'Math.B699.CRTStage0Pair23.Chunk011.cellA90B27_check' depends on axioms: [propext]
'Math.B699.CRTStage0Pair23.Chunk011.cellA90B28_check' depends on axioms: [propext]
'Math.B699.CRTStage0Pair23.Chunk011.cellA90B29_check' depends on axioms: [propext]
'Math.B699.CRTStage0Pair23.Chunk011.cellA90B30_check' depends on axioms: [propext]
'Math.B699.CRTStage0Pair23.Chunk011.cellA90B31_check' depends on axioms: [propext]
'Math.B699.CRTStage0Pair23.Chunk011.cellA90B32_check' depends on axioms: [propext]
'Math.B699.CRTStage0Pair23.Chunk011.cellA90B33_check' depends on axioms: [propext]
'Math.B699.CRTStage0Pair23.Chunk011.cellA90B34_check' depends on axioms: [propext]
'Math.B699.CRTStage0Pair23.Chunk011.cellA90B35_check' depends on axioms: [propext]
'Math.B699.CRTStage0Pair23.Chunk011.cellA90B36_check' depends on axioms: [propext]
'Math.B699.CRTStage0Pair23.Chunk011.cellA90B37_check' depends on axioms: [propext]
'Math.B699.CRTStage0Pair23.Chunk011.cellA90B38_check' depends on axioms: [propext]
'Math.B699.CRTStage0Pair23.Chunk011.cellA90B39_check' depends on axioms: [propext]
'Math.B699.CRTStage0Pair23.Chunk011.cellA90B40_check' depends on axioms: [propext]
'Math.B699.CRTStage0Pair23.Chunk011.cellA90B41_check' depends on axioms: [propext]
'Math.B699.CRTStage0Pair23.Chunk011.cellA90B42_check' depends on axioms: [propext]
'Math.B699.CRTStage0Pair23.Chunk011.cellA90B43_check' depends on axioms: [propext]
'Math.B699.CRTStage0Pair23.Chunk011.cellA90B44_check' depends on axioms: [propext]
'Math.B699.CRTStage0Pair23.Chunk011.cellA90B45_check' depends on axioms: [propext]
'Math.B699.CRTStage0Pair23.Chunk011.cellA90B46_check' depends on axioms: [propext]
'Math.B699.CRTStage0Pair23.Chunk011.cellA90B47_check' depends on axioms: [propext]
'Math.B699.CRTStage0Pair23.Chunk011.cellA90B48_check' depends on axioms: [propext]
'Math.B699.CRTStage0Pair23.Chunk011.cellA90B49_check' depends on axioms: [propext]
'Math.B699.CRTStage0Pair23.Chunk011.cellA90B50_check' depends on axioms: [propext]
'Math.B699.CRTStage0Pair23.Chunk011.cellA90B51_check' depends on axioms: [propext]
'Math.B699.CRTStage0Pair23.Chunk011.cellA90B52_check' depends on axioms: [propext]
'Math.B699.CRTStage0Pair23.Chunk011.cellA90B53_check' depends on axioms: [propext]
'Math.B699.CRTStage0Pair23.Chunk011.cellA90B54_check' depends on axioms: [propext]
'Math.B699.CRTStage0Pair23.Chunk011.cellA90B55_check' depends on axioms: [propext]
'Math.B699.CRTStage0Pair23.Chunk011.cellA90B56_check' depends on axioms: [propext]
'Math.B699.CRTStage0Pair23.Chunk011.cellA90B57_check' depends on axioms: [propext]
'Math.B699.CRTStage0Pair23.Chunk011.cellA90B58_check' depends on axioms: [propext]
'Math.B699.CRTStage0Pair23.Chunk011.cellA90B59_check' depends on axioms: [propext]
'Math.B699.CRTStage0Pair23.Chunk011.cellA90B60_check' depends on axioms: [propext]
'Math.B699.CRTStage0Pair23.Chunk011.cellA90B61_check' depends on axioms: [propext]
'Math.B699.CRTStage0Pair23.Chunk011.cellA90B62_check' depends on axioms: [propext]
'Math.B699.CRTStage0Pair23.Chunk011.cellA90B63_check' depends on axioms: [propext]
'Math.B699.CRTStage0Pair23.Chunk011.cellA90B64_check' depends on axioms: [propext]
'Math.B699.CRTStage0Pair23.Chunk011.cellA90B65_check' depends on axioms: [propext]
'Math.B699.CRTStage0Pair23.Chunk011.cellA90B66_check' depends on axioms: [propext]
'Math.B699.CRTStage0Pair23.Chunk011.cellA90B67_check' depends on axioms: [propext]
'Math.B699.CRTStage0Pair23.Chunk011.cellA90B68_check' depends on axioms: [propext]
'Math.B699.CRTStage0Pair23.Chunk011.rowA90_cell_check' depends on axioms: [propext]
'Math.B699.CRTStage0Pair23.Chunk011.rowA90_block_check' depends on axioms: [propext, Quot.sound]
