# command: LEAN -j1 -M1536 -DautoImplicit=false -DrelaxedAutoImplicit=false --root=PROJECT_ROOT -o .tools/20260911-low-index-lean-513dc7cc/20260911T184653965661Z/olean/research/tasks/B699-Binomial/runs/20260911-low-index-lean-513dc7cc/lean/I11Scaled/ScaledGap.olean research/tasks/B699-Binomial/runs/20260911-low-index-lean-513dc7cc/lean/I11Scaled/ScaledGap.lean
# cwd: PROJECT_ROOT
# started_utc: 2026-09-11T18:47:55.053126Z
# finished_utc: 2026-09-11T18:48:26.087275Z
# exit_code: 1
# timed_out: False
PROJECT_ROOT\research\tasks\B699-Binomial\runs\20260911-low-index-lean-513dc7cc\lean\I11Scaled\ScaledGap.lean:23:4: warning: Used `tac1 <;> tac2` where `(tac1; tac2)` would suffice

Note: This linter can be disabled with `set_option linter.unnecessarySeqFocus false`
PROJECT_ROOT\research\tasks\B699-Binomial\runs\20260911-low-index-lean-513dc7cc\lean\I11Scaled\ScaledGap.lean:24:4: warning: Used `tac1 <;> tac2` where `(tac1; tac2)` would suffice

Note: This linter can be disabled with `set_option linter.unnecessarySeqFocus false`
PROJECT_ROOT\research\tasks\B699-Binomial\runs\20260911-low-index-lean-513dc7cc\lean\I11Scaled\ScaledGap.lean:59:11: error(lean.synthInstanceFailed): failed to synthesize instance of type class
  MulLeftStrictMono ℚ

Hint: Type class instance resolution failures can be inspected with the `set_option trace.Meta.synthInstance true` command.
PROJECT_ROOT\research\tasks\B699-Binomial\runs\20260911-low-index-lean-513dc7cc\lean\I11Scaled\ScaledGap.lean:60:4: error: No goals to be solved
'Math.B699.I11ScaledBounds.qRate_eq_original' depends on axioms: [propext, Classical.choice, Quot.sound]
'Math.B699.I11ScaledBounds.actual_q_gap_twice_lt' depends on axioms: [propext, Classical.choice, Quot.sound]
'Math.B699.I11ScaledBounds.actual_e_gap_twice_lt' depends on axioms: [propext, sorryAx, Classical.choice, Quot.sound]
'Math.B699.I11ScaledBounds.actual_integer_gap_sum_lt' depends on axioms: [propext,
 sorryAx,
 Classical.choice,
 Quot.sound]
