# command: LEAN -j1 -M1536 -DautoImplicit=false -DrelaxedAutoImplicit=false --root=PROJECT_ROOT -o .tools/20260911-low-index-lean-513dc7cc/20260912T050117633170Z/olean/research/tasks/B699-Binomial/runs/20260911-low-index-lean-513dc7cc/lean/I11CRTConsumers/Stage01.olean research/tasks/B699-Binomial/runs/20260911-low-index-lean-513dc7cc/lean/I11CRTConsumers/Stage01.lean
# cwd: PROJECT_ROOT
# started_utc: 2026-09-12T05:02:11.223670Z
# finished_utc: 2026-09-12T05:02:22.319108Z
# exit_code: 1
# timed_out: False
PROJECT_ROOT\research\tasks\B699-Binomial\runs\20260911-low-index-lean-513dc7cc\lean\I11CRTConsumers\Stage01.lean:62:2: error: Type mismatch: After simplification, term
  decide_eq_true hprop
 has type
  @Eq Bool (decide (1 < 2 ∧ 1 < 3 ∧ Stage01.H ≤ 2 ^ (60 + 1) ∧ Stage01.H ≤ 3 ^ (38 + 1))) true
but is expected to have type
  @Eq Bool (decide (1 < 2 ∧ 1 < 3 ∧ Stage01.H ≤ 2 ^ (60 + 1) ∧ Stage01.H ≤ 3 ^ (38 + 1))) true
PROJECT_ROOT\research\tasks\B699-Binomial\runs\20260911-low-index-lean-513dc7cc\lean\I11CRTConsumers\Stage01.lean:80:2: error: Type mismatch: After simplification, term
  decide_eq_true hprop
 has type
  @Eq Bool (decide (1 < 2 ∧ 1 < 5 ∧ Stage01.H ≤ 2 ^ (60 + 1) ∧ Stage01.H ≤ 5 ^ (25 + 1))) true
but is expected to have type
  @Eq Bool (decide (1 < 2 ∧ 1 < 5 ∧ Stage01.H ≤ 2 ^ (60 + 1) ∧ Stage01.H ≤ 5 ^ (25 + 1))) true
PROJECT_ROOT\research\tasks\B699-Binomial\runs\20260911-low-index-lean-513dc7cc\lean\I11CRTConsumers\Stage01.lean:98:2: error: Type mismatch: After simplification, term
  decide_eq_true hprop
 has type
  @Eq Bool (decide (1 < 2 ∧ 1 < 7 ∧ Stage01.H ≤ 2 ^ (60 + 1) ∧ Stage01.H ≤ 7 ^ (21 + 1))) true
but is expected to have type
  @Eq Bool (decide (1 < 2 ∧ 1 < 7 ∧ Stage01.H ≤ 2 ^ (60 + 1) ∧ Stage01.H ≤ 7 ^ (21 + 1))) true
PROJECT_ROOT\research\tasks\B699-Binomial\runs\20260911-low-index-lean-513dc7cc\lean\I11CRTConsumers\Stage01.lean:116:2: error: Type mismatch: After simplification, term
  decide_eq_true hprop
 has type
  @Eq Bool (decide (1 < 3 ∧ 1 < 5 ∧ Stage01.H ≤ 3 ^ (38 + 1) ∧ Stage01.H ≤ 5 ^ (25 + 1))) true
but is expected to have type
  @Eq Bool (decide (1 < 3 ∧ 1 < 5 ∧ Stage01.H ≤ 3 ^ (38 + 1) ∧ Stage01.H ≤ 5 ^ (25 + 1))) true
PROJECT_ROOT\research\tasks\B699-Binomial\runs\20260911-low-index-lean-513dc7cc\lean\I11CRTConsumers\Stage01.lean:134:2: error: Type mismatch: After simplification, term
  decide_eq_true hprop
 has type
  @Eq Bool (decide (1 < 3 ∧ 1 < 7 ∧ Stage01.H ≤ 3 ^ (38 + 1) ∧ Stage01.H ≤ 7 ^ (21 + 1))) true
but is expected to have type
  @Eq Bool (decide (1 < 3 ∧ 1 < 7 ∧ Stage01.H ≤ 3 ^ (38 + 1) ∧ Stage01.H ≤ 7 ^ (21 + 1))) true
PROJECT_ROOT\research\tasks\B699-Binomial\runs\20260911-low-index-lean-513dc7cc\lean\I11CRTConsumers\Stage01.lean:152:2: error: Type mismatch: After simplification, term
  decide_eq_true hprop
 has type
  @Eq Bool (decide (1 < 5 ∧ 1 < 7 ∧ Stage01.H ≤ 5 ^ (25 + 1) ∧ Stage01.H ≤ 7 ^ (21 + 1))) true
but is expected to have type
  @Eq Bool (decide (1 < 5 ∧ 1 < 7 ∧ Stage01.H ≤ 5 ^ (25 + 1) ∧ Stage01.H ≤ 7 ^ (21 + 1))) true
'Math.B699.I11CRTConsumers.Stage01.grid23_cutoff' depends on axioms: [propext, sorryAx]
'Math.B699.I11CRTConsumers.Stage01.grid23_pair_check' depends on axioms: [propext, sorryAx, Quot.sound]
'Math.B699.I11CRTConsumers.Stage01.grid25_cutoff' depends on axioms: [propext, sorryAx]
'Math.B699.I11CRTConsumers.Stage01.grid25_pair_check' depends on axioms: [propext, sorryAx, Quot.sound]
'Math.B699.I11CRTConsumers.Stage01.grid27_cutoff' depends on axioms: [propext, sorryAx]
'Math.B699.I11CRTConsumers.Stage01.grid27_pair_check' depends on axioms: [propext, sorryAx, Quot.sound]
'Math.B699.I11CRTConsumers.Stage01.grid35_cutoff' depends on axioms: [propext, sorryAx]
'Math.B699.I11CRTConsumers.Stage01.grid35_pair_check' depends on axioms: [propext, sorryAx, Quot.sound]
'Math.B699.I11CRTConsumers.Stage01.grid37_cutoff' depends on axioms: [propext, sorryAx]
'Math.B699.I11CRTConsumers.Stage01.grid37_pair_check' depends on axioms: [propext, sorryAx, Quot.sound]
'Math.B699.I11CRTConsumers.Stage01.grid57_cutoff' depends on axioms: [propext, sorryAx]
'Math.B699.I11CRTConsumers.Stage01.grid57_pair_check' depends on axioms: [propext, sorryAx, Quot.sound]
'Math.B699.I11CRTConsumers.Stage01.stage01_constants' depends on axioms: [propext]
'Math.B699.I11CRTConsumers.Stage01.stage01_pair_checks' depends on axioms: [propext, sorryAx, Quot.sound]
