1 qmod3 1 R_v2 6 s_forced 3 Smod256 153 sqrt? False Qmod3 2
2 qmod3 2 R_v2 4 s_forced 1 Smod256 69 sqrt? False Qmod3 2
3 qmod3 0 R_v2 5 s_forced 2 Smod256 17 sqrt? False Qmod3 2
4 qmod3 1 R_v2 4 s_forced 1 Smod256 253 sqrt? False Qmod3 2
5 qmod3 2 R_v2 8 s_forced 5 Smod256 9 sqrt? False Qmod3 2
6 qmod3 0 R_v2 4 s_forced 1 Smod256 53 sqrt? False Qmod3 2
7 qmod3 1 R_v2 5 s_forced 2 Smod256 129 sqrt? False Qmod3 2
8 qmod3 2 R_v2 4 s_forced 1 Smod256 237 sqrt? False Qmod3 2
9 qmod3 0 R_v2 6 s_forced 3 Smod256 121 sqrt? False Qmod3 2
10 qmod3 1 R_v2 4 s_forced 1 Smod256 37 sqrt? False Qmod3 2
11 qmod3 2 R_v2 5 s_forced 2 Smod256 241 sqrt? False Qmod3 2
12 qmod3 0 R_v2 4 s_forced 1 Smod256 221 sqrt? False Qmod3 2
13 qmod3 1 R_v2 7 s_forced 4 Smod256 233 sqrt? False Qmod3 2
14 qmod3 2 R_v2 4 s_forced 1 Smod256 21 sqrt? False Qmod3 2
15 qmod3 0 R_v2 5 s_forced 2 Smod256 97 sqrt? False Qmod3 2
16 qmod3 1 R_v2 4 s_forced 1 Smod256 205 sqrt? False Qmod3 2
17 qmod3 2 R_v2 6 s_forced 3 Smod256 89 sqrt? False Qmod3 2
18 qmod3 0 R_v2 4 s_forced 1 Smod256 5 sqrt? False Qmod3 2
19 qmod3 1 R_v2 5 s_forced 2 Smod256 209 sqrt? False Qmod3 2
20 qmod3 2 R_v2 4 s_forced 1 Smod256 189 sqrt? False Qmod3 2
v2_R(1,4) 4
prime 3 period 3 good [0, 1, 2]
prime 5 period 3 good [0, 1]
prime 7 period 2 good [0, 1]
prime 11 period 5 good [0, 3, 4]
prime 13 period 3 good [0, 2]
prime 17 period 9 good [0, 4, 7, 8]
prime 19 period 5 good [1, 3]
prime 23 period 11 good [5, 6]
prime 31 period 8 good []
prime 37 period 9 good [0, 3]
prime 41 period 7 good [0, 4]
prime 43 period 11 good [1, 3, 6, 7, 9, 10]
prime 47 period 23 good [1, 2, 7, 9, 10, 14, 15, 16, 17, 18, 19, 20, 22]
prime 53 period 9 good [2, 3, 4, 5, 8]
prime 59 period 29 good [1, 3, 4, 5, 7, 8, 9, 11, 13, 14, 15, 16, 19, 20, 21, 22, 25, 26, 28]
prime 61 period 15 good [0, 1, 2, 3, 5, 7, 9, 10, 11, 12, 13, 14]
prime 67 period 17 good [1, 3, 7, 8, 11, 12, 13, 14]
prime 71 period 7 good [0, 1, 3]
prime 73 period 9 good [2, 4, 6, 8]
prime 79 period 20 good [2, 3, 5, 6, 7, 12, 13, 15, 16, 17]
prime 89 period 45 good [0, 3, 7, 8, 13, 14, 15, 16, 17, 18, 20, 23, 26, 28, 29, 30, 34, 39, 40, 41, 44]
prime 97 period 4 good []
prime 101 period 17 good [2, 3, 5, 6, 8, 12, 14, 15, 16]
prime 103 period 26 good [0, 2, 7, 9, 11, 13, 15, 20, 22, 24]
prime 109 period 27 good [5, 6, 7, 9, 10, 11, 12, 13, 14, 15, 18, 19, 20, 22, 25, 26]
prime 113 period 57 good 34
prime 127 period 32 good [0, 1, 3, 6, 7, 9, 13, 16, 17, 19, 22, 23, 25, 29]
prime 131 period 65 good 40
prime 137 period 69 good 34
prime 139 period 35 good [0, 1, 3, 4, 5, 6, 8, 10, 15, 16, 18, 19, 20, 21, 22, 24, 25, 26, 27, 28, 30, 32, 33]
