D:\CodingProject\Math\research\tasks\B686-Four\round9\uniform\LcmDistance.lean:190:4: error: omega could not prove the goal:
a possible counterexample may satisfy the constraints
  h ≥ 0
  g ≥ 0
  f ≥ 0
  e ≥ 0
  e + h ≥ 0
  3*e - f ≥ 1
  3*e - g + 3*h ≤ 0
  c ≥ 0
  b ≥ 0
  a ≥ 6
  a - b ≤ 0
where
 a := ↑k
 b := ↑d
 c := ↑(blockProduct k n)
 e := ↑n
 f := ↑k * ↑d
 g := ↑(1 * k) * ↑d
 h := ↑i
'B686LcmBounds.factorial_scaled_ratio_lt_interval_bound_of_solution' depends on axioms: [propext,
 sorryAx,
 Classical.choice,
 Quot.sound]
D:\CodingProject\Math\research\tasks\B686-Four\round9\uniform\LcmDistance.lean:264:0: error: ❌️ Docstring on `#guard_msgs` does not match generated message:

- info: 'B686LcmBounds.factorial_scaled_ratio_lt_interval_bound_of_solution' depends on axioms: [propext, Classical.choice, Quot.sound]
+ info: 'B686LcmBounds.factorial_scaled_ratio_lt_interval_bound_of_solution' depends on axioms: [propext,
+  sorryAx,
+  Classical.choice,
+  Quot.sound]
'B686LcmBounds.no_four_solution_of_quadratic_strip' depends on axioms: [propext, sorryAx, Classical.choice, Quot.sound]
D:\CodingProject\Math\research\tasks\B686-Four\round9\uniform\LcmDistance.lean:267:0: error: ❌️ Docstring on `#guard_msgs` does not match generated message:

- info: 'B686LcmBounds.no_four_solution_of_quadratic_strip' depends on axioms: [propext, Classical.choice, Quot.sound]
+ info: 'B686LcmBounds.no_four_solution_of_quadratic_strip' depends on axioms: [propext, sorryAx, Classical.choice, Quot.sound]
'B686LcmBounds.uniform_distance_bound_sixty_four' depends on axioms: [propext, sorryAx, Classical.choice, Quot.sound]
D:\CodingProject\Math\research\tasks\B686-Four\round9\uniform\LcmDistance.lean:270:0: error: ❌️ Docstring on `#guard_msgs` does not match generated message:

- info: 'B686LcmBounds.uniform_distance_bound_sixty_four' depends on axioms: [propext, Classical.choice, Quot.sound]
+ info: 'B686LcmBounds.uniform_distance_bound_sixty_four' depends on axioms: [propext, sorryAx, Classical.choice, Quot.sound]
'B686LcmBounds.uniform_distance_bound' depends on axioms: [propext, sorryAx, Classical.choice, Quot.sound]
D:\CodingProject\Math\research\tasks\B686-Four\round9\uniform\LcmDistance.lean:273:0: error: ❌️ Docstring on `#guard_msgs` does not match generated message:

- info: 'B686LcmBounds.uniform_distance_bound' depends on axioms: [propext, Classical.choice, Quot.sound]
+ info: 'B686LcmBounds.uniform_distance_bound' depends on axioms: [propext, sorryAx, Classical.choice, Quot.sound]
