# command: LEAN -j1 -M1536 -DautoImplicit=false -DrelaxedAutoImplicit=false --root=PROJECT_ROOT -o .tools/20260911-low-index-lean-513dc7cc/20260912T081239554121Z/olean/research/tasks/B699-Binomial/runs/20260911-low-index-lean-513dc7cc/lean/I11TCovBatch/Group05.olean research/tasks/B699-Binomial/runs/20260911-low-index-lean-513dc7cc/lean/I11TCovBatch/Group05.lean
# cwd: PROJECT_ROOT
# started_utc: 2026-09-12T08:18:09.000624Z
# finished_utc: 2026-09-12T08:18:18.032771Z
# exit_code: 0
# timed_out: False
Math.B699.I11TerminalCandidateCoverage.Groups.G040.intervals_sound : Math.B699.I11TerminalCandidateCoverage.IntervalsSound
  Math.B699.I11TerminalCandidateCoverage.Groups.G040.intervals
'Math.B699.I11TerminalCandidateCoverage.Groups.G040.intervals_sound' depends on axioms: [propext,
 Classical.choice,
 Quot.sound]
Math.B699.I11TerminalCandidateCoverage.Groups.G041.intervals_sound : Math.B699.I11TerminalCandidateCoverage.IntervalsSound
  Math.B699.I11TerminalCandidateCoverage.Groups.G041.intervals
'Math.B699.I11TerminalCandidateCoverage.Groups.G041.intervals_sound' depends on axioms: [propext,
 Classical.choice,
 Quot.sound]
Math.B699.I11TerminalCandidateCoverage.Groups.G042.intervals_sound : Math.B699.I11TerminalCandidateCoverage.IntervalsSound
  Math.B699.I11TerminalCandidateCoverage.Groups.G042.intervals
'Math.B699.I11TerminalCandidateCoverage.Groups.G042.intervals_sound' depends on axioms: [propext,
 Classical.choice,
 Quot.sound]
Math.B699.I11TerminalCandidateCoverage.Groups.G043.intervals_sound : Math.B699.I11TerminalCandidateCoverage.IntervalsSound
  Math.B699.I11TerminalCandidateCoverage.Groups.G043.intervals
'Math.B699.I11TerminalCandidateCoverage.Groups.G043.intervals_sound' depends on axioms: [propext,
 Classical.choice,
 Quot.sound]
Math.B699.I11TerminalCandidateCoverage.Groups.G044.intervals_sound : Math.B699.I11TerminalCandidateCoverage.IntervalsSound
  Math.B699.I11TerminalCandidateCoverage.Groups.G044.intervals
'Math.B699.I11TerminalCandidateCoverage.Groups.G044.intervals_sound' depends on axioms: [propext,
 Classical.choice,
 Quot.sound]
Math.B699.I11TerminalCandidateCoverage.Groups.G045.intervals_sound : Math.B699.I11TerminalCandidateCoverage.IntervalsSound
  Math.B699.I11TerminalCandidateCoverage.Groups.G045.intervals
'Math.B699.I11TerminalCandidateCoverage.Groups.G045.intervals_sound' depends on axioms: [propext,
 Classical.choice,
 Quot.sound]
Math.B699.I11TerminalCandidateCoverage.Groups.G046.intervals_sound : Math.B699.I11TerminalCandidateCoverage.IntervalsSound
  Math.B699.I11TerminalCandidateCoverage.Groups.G046.intervals
'Math.B699.I11TerminalCandidateCoverage.Groups.G046.intervals_sound' depends on axioms: [propext,
 Classical.choice,
 Quot.sound]
Math.B699.I11TerminalCandidateCoverage.Groups.G047.intervals_sound : Math.B699.I11TerminalCandidateCoverage.IntervalsSound
  Math.B699.I11TerminalCandidateCoverage.Groups.G047.intervals
'Math.B699.I11TerminalCandidateCoverage.Groups.G047.intervals_sound' depends on axioms: [propext,
 Classical.choice,
 Quot.sound]
