exact project closure files: 48
Math/B699/CofactorCriterion.lean
research/tasks/B699-Binomial/runs/20260909-large-prime-structure-cb4764f0/lean/GapBridge.lean
research/tasks/B699-Binomial/runs/20260908-external-reductions-b3c1b7/lean/DivisorTransfer.lean
research/tasks/B699-Binomial/runs/20260909-large-prime-structure-cb4764f0/lean/PrimePowerTransfer.lean
research/tasks/B699-Binomial/runs/20260909-large-prime-structure-cb4764f0/lean/SmallPartBound.lean
research/tasks/B699-Binomial/runs/20260909-low-index-structure-b41a5a63/lean/ThreeWindowWeights.lean
research/tasks/B699-Binomial/runs/20260909-low-index-structure-b41a5a63/lean/ThreeWindowSize.lean
research/tasks/B699-Binomial/runs/20260909-low-index-structure-b41a5a63/lean/LargeDivisorWitness.lean
research/tasks/B699-Binomial/runs/20260909-low-index-structure-b41a5a63/lean/IntervalCover.lean
research/tasks/B699-Binomial/runs/20260911-low-index-lean-513dc7cc/lean/I11Terminal/Special330.lean
research/tasks/B699-Binomial/runs/20260911-low-index-lean-513dc7cc/lean/I11TerminalCover/Witness.lean
research/tasks/B699-Binomial/runs/20260911-low-index-lean-513dc7cc/lean/I11TerminalCover/Cover.lean
research/tasks/B699-Binomial/runs/20260911-low-index-lean-513dc7cc/lean/I11TerminalCover/Append.lean
research/tasks/B699-Binomial/runs/20260911-low-index-lean-513dc7cc/lean/I11TerminalCandidateCoverage/Generic.lean
research/tasks/B699-Binomial/runs/20260909-low-index-structure-b41a5a63/lean/TrialPrimeCheck.lean
research/tasks/B699-Binomial/runs/20260911-low-index-lean-513dc7cc/lean/WitnessBridge.lean
research/tasks/B699-Binomial/runs/20260911-low-index-lean-513dc7cc/lean/I11TerminalData/Chunk182.lean
research/tasks/B699-Binomial/runs/20260911-low-index-lean-513dc7cc/lean/I11TerminalData/Chunk183.lean
research/tasks/B699-Binomial/runs/20260911-low-index-lean-513dc7cc/lean/I11TerminalData/Chunk184.lean
research/tasks/B699-Binomial/runs/20260911-low-index-lean-513dc7cc/lean/I11TerminalData/Chunk185.lean
research/tasks/B699-Binomial/runs/20260911-low-index-lean-513dc7cc/lean/I11TerminalCandidateCoverage/Groups/G040.lean
research/tasks/B699-Binomial/runs/20260911-low-index-lean-513dc7cc/lean/I11TerminalData/Chunk186.lean
research/tasks/B699-Binomial/runs/20260911-low-index-lean-513dc7cc/lean/I11TerminalData/Chunk187.lean
research/tasks/B699-Binomial/runs/20260911-low-index-lean-513dc7cc/lean/I11TerminalCandidateCoverage/Groups/G041.lean
research/tasks/B699-Binomial/runs/20260911-low-index-lean-513dc7cc/lean/I11TerminalData/Chunk188.lean
research/tasks/B699-Binomial/runs/20260911-low-index-lean-513dc7cc/lean/I11TerminalData/Chunk189.lean
research/tasks/B699-Binomial/runs/20260911-low-index-lean-513dc7cc/lean/I11TerminalData/Chunk190.lean
research/tasks/B699-Binomial/runs/20260911-low-index-lean-513dc7cc/lean/I11TerminalCandidateCoverage/Groups/G042.lean
research/tasks/B699-Binomial/runs/20260911-low-index-lean-513dc7cc/lean/I11TerminalData/Chunk191.lean
research/tasks/B699-Binomial/runs/20260911-low-index-lean-513dc7cc/lean/I11TerminalData/Chunk192.lean
research/tasks/B699-Binomial/runs/20260911-low-index-lean-513dc7cc/lean/I11TerminalCandidateCoverage/Groups/G043.lean
research/tasks/B699-Binomial/runs/20260911-low-index-lean-513dc7cc/lean/I11TerminalData/Chunk193.lean
research/tasks/B699-Binomial/runs/20260911-low-index-lean-513dc7cc/lean/I11TerminalData/Chunk194.lean
research/tasks/B699-Binomial/runs/20260911-low-index-lean-513dc7cc/lean/I11TerminalData/Chunk195.lean
research/tasks/B699-Binomial/runs/20260911-low-index-lean-513dc7cc/lean/I11TerminalCandidateCoverage/Groups/G044.lean
research/tasks/B699-Binomial/runs/20260911-low-index-lean-513dc7cc/lean/I11TerminalData/Chunk196.lean
research/tasks/B699-Binomial/runs/20260911-low-index-lean-513dc7cc/lean/I11TerminalData/Chunk197.lean
research/tasks/B699-Binomial/runs/20260911-low-index-lean-513dc7cc/lean/I11TerminalData/Chunk198.lean
research/tasks/B699-Binomial/runs/20260911-low-index-lean-513dc7cc/lean/I11TerminalCandidateCoverage/Groups/G045.lean
research/tasks/B699-Binomial/runs/20260911-low-index-lean-513dc7cc/lean/I11TerminalData/Chunk199.lean
research/tasks/B699-Binomial/runs/20260911-low-index-lean-513dc7cc/lean/I11TerminalData/Chunk200.lean
research/tasks/B699-Binomial/runs/20260911-low-index-lean-513dc7cc/lean/I11TerminalCandidateCoverage/Groups/G046.lean
research/tasks/B699-Binomial/runs/20260911-low-index-lean-513dc7cc/lean/I11TerminalData/Chunk201.lean
research/tasks/B699-Binomial/runs/20260911-low-index-lean-513dc7cc/lean/I11TerminalData/Chunk202.lean
research/tasks/B699-Binomial/runs/20260911-low-index-lean-513dc7cc/lean/I11TerminalData/Chunk203.lean
research/tasks/B699-Binomial/runs/20260911-low-index-lean-513dc7cc/lean/I11TerminalData/Chunk204.lean
research/tasks/B699-Binomial/runs/20260911-low-index-lean-513dc7cc/lean/I11TerminalCandidateCoverage/Groups/G047.lean
research/tasks/B699-Binomial/runs/20260911-low-index-lean-513dc7cc/lean/I11TCovBatch/Group05.lean

Source policy passed for exact project closure.
