# command: LEAN -j1 -M1536 -DautoImplicit=false -DrelaxedAutoImplicit=false --root=PROJECT_ROOT -o .tools/20260911-low-index-lean-513dc7cc/20260912T031418132518Z/olean/research/tasks/B699-Binomial/runs/20260911-low-index-lean-513dc7cc/lean/CrtStage0Pair27/Cells006P1.olean research/tasks/B699-Binomial/runs/20260911-low-index-lean-513dc7cc/lean/CrtStage0Pair27/Cells006P1.lean
# cwd: PROJECT_ROOT
# started_utc: 2026-09-12T03:19:53.149038Z
# finished_utc: 2026-09-12T03:20:05.882694Z
# exit_code: 0
# timed_out: False
'Math.B699.CRTStage0Pair27.Chunk006.cellA52B1_check' depends on axioms: [propext]
'Math.B699.CRTStage0Pair27.Chunk006.cellA52B2_check' depends on axioms: [propext]
'Math.B699.CRTStage0Pair27.Chunk006.cellA52B3_check' depends on axioms: [propext]
'Math.B699.CRTStage0Pair27.Chunk006.cellA52B4_check' depends on axioms: [propext]
'Math.B699.CRTStage0Pair27.Chunk006.cellA52B5_check' depends on axioms: [propext]
'Math.B699.CRTStage0Pair27.Chunk006.cellA52B6_check' depends on axioms: [propext]
'Math.B699.CRTStage0Pair27.Chunk006.cellA52B7_check' depends on axioms: [propext]
'Math.B699.CRTStage0Pair27.Chunk006.cellA52B8_check' depends on axioms: [propext]
'Math.B699.CRTStage0Pair27.Chunk006.cellA52B9_check' depends on axioms: [propext]
'Math.B699.CRTStage0Pair27.Chunk006.cellA52B10_check' depends on axioms: [propext]
'Math.B699.CRTStage0Pair27.Chunk006.cellA52B11_check' depends on axioms: [propext]
'Math.B699.CRTStage0Pair27.Chunk006.cellA52B12_check' depends on axioms: [propext]
'Math.B699.CRTStage0Pair27.Chunk006.cellA52B13_check' depends on axioms: [propext]
'Math.B699.CRTStage0Pair27.Chunk006.cellA52B14_check' depends on axioms: [propext]
'Math.B699.CRTStage0Pair27.Chunk006.cellA52B15_check' depends on axioms: [propext]
'Math.B699.CRTStage0Pair27.Chunk006.cellA52B16_check' depends on axioms: [propext]
'Math.B699.CRTStage0Pair27.Chunk006.cellA52B17_check' depends on axioms: [propext]
'Math.B699.CRTStage0Pair27.Chunk006.cellA52B18_check' depends on axioms: [propext]
'Math.B699.CRTStage0Pair27.Chunk006.cellA52B19_check' depends on axioms: [propext]
'Math.B699.CRTStage0Pair27.Chunk006.cellA52B20_check' depends on axioms: [propext]
'Math.B699.CRTStage0Pair27.Chunk006.cellA52B21_check' depends on axioms: [propext]
'Math.B699.CRTStage0Pair27.Chunk006.cellA52B22_check' depends on axioms: [propext]
'Math.B699.CRTStage0Pair27.Chunk006.cellA52B23_check' depends on axioms: [propext]
'Math.B699.CRTStage0Pair27.Chunk006.cellA52B24_check' depends on axioms: [propext]
'Math.B699.CRTStage0Pair27.Chunk006.cellA52B25_check' depends on axioms: [propext]
'Math.B699.CRTStage0Pair27.Chunk006.cellA52B26_check' depends on axioms: [propext]
'Math.B699.CRTStage0Pair27.Chunk006.cellA52B27_check' depends on axioms: [propext]
'Math.B699.CRTStage0Pair27.Chunk006.cellA52B28_check' depends on axioms: [propext]
'Math.B699.CRTStage0Pair27.Chunk006.cellA52B29_check' depends on axioms: [propext]
'Math.B699.CRTStage0Pair27.Chunk006.cellA52B30_check' depends on axioms: [propext]
'Math.B699.CRTStage0Pair27.Chunk006.cellA52B31_check' depends on axioms: [propext]
'Math.B699.CRTStage0Pair27.Chunk006.cellA52B32_check' depends on axioms: [propext]
'Math.B699.CRTStage0Pair27.Chunk006.cellA52B33_check' depends on axioms: [propext]
'Math.B699.CRTStage0Pair27.Chunk006.cellA52B34_check' depends on axioms: [propext]
'Math.B699.CRTStage0Pair27.Chunk006.cellA52B35_check' depends on axioms: [propext]
'Math.B699.CRTStage0Pair27.Chunk006.cellA52B36_check' depends on axioms: [propext]
'Math.B699.CRTStage0Pair27.Chunk006.cellA52B37_check' depends on axioms: [propext]
'Math.B699.CRTStage0Pair27.Chunk006.cellA52B38_check' depends on axioms: [propext]
'Math.B699.CRTStage0Pair27.Chunk006.rowA52_cell_check' depends on axioms: [propext]
'Math.B699.CRTStage0Pair27.Chunk006.rowA52_block_check' depends on axioms: [propext, Quot.sound]
'Math.B699.CRTStage0Pair27.Chunk006.cellA53B1_check' depends on axioms: [propext]
'Math.B699.CRTStage0Pair27.Chunk006.cellA53B2_check' depends on axioms: [propext]
'Math.B699.CRTStage0Pair27.Chunk006.cellA53B3_check' depends on axioms: [propext]
'Math.B699.CRTStage0Pair27.Chunk006.cellA53B4_check' depends on axioms: [propext]
'Math.B699.CRTStage0Pair27.Chunk006.cellA53B5_check' depends on axioms: [propext]
'Math.B699.CRTStage0Pair27.Chunk006.cellA53B6_check' depends on axioms: [propext]
'Math.B699.CRTStage0Pair27.Chunk006.cellA53B7_check' depends on axioms: [propext]
'Math.B699.CRTStage0Pair27.Chunk006.cellA53B8_check' depends on axioms: [propext]
'Math.B699.CRTStage0Pair27.Chunk006.cellA53B9_check' depends on axioms: [propext]
'Math.B699.CRTStage0Pair27.Chunk006.cellA53B10_check' depends on axioms: [propext]
'Math.B699.CRTStage0Pair27.Chunk006.cellA53B11_check' depends on axioms: [propext]
'Math.B699.CRTStage0Pair27.Chunk006.cellA53B12_check' depends on axioms: [propext]
'Math.B699.CRTStage0Pair27.Chunk006.cellA53B13_check' depends on axioms: [propext]
'Math.B699.CRTStage0Pair27.Chunk006.cellA53B14_check' depends on axioms: [propext]
'Math.B699.CRTStage0Pair27.Chunk006.cellA53B15_check' depends on axioms: [propext]
'Math.B699.CRTStage0Pair27.Chunk006.cellA53B16_check' depends on axioms: [propext]
'Math.B699.CRTStage0Pair27.Chunk006.cellA53B17_check' depends on axioms: [propext]
'Math.B699.CRTStage0Pair27.Chunk006.cellA53B18_check' depends on axioms: [propext]
'Math.B699.CRTStage0Pair27.Chunk006.cellA53B19_check' depends on axioms: [propext]
'Math.B699.CRTStage0Pair27.Chunk006.cellA53B20_check' depends on axioms: [propext]
'Math.B699.CRTStage0Pair27.Chunk006.cellA53B21_check' depends on axioms: [propext]
'Math.B699.CRTStage0Pair27.Chunk006.cellA53B22_check' depends on axioms: [propext]
'Math.B699.CRTStage0Pair27.Chunk006.cellA53B23_check' depends on axioms: [propext]
'Math.B699.CRTStage0Pair27.Chunk006.cellA53B24_check' depends on axioms: [propext]
'Math.B699.CRTStage0Pair27.Chunk006.cellA53B25_check' depends on axioms: [propext]
'Math.B699.CRTStage0Pair27.Chunk006.cellA53B26_check' depends on axioms: [propext]
'Math.B699.CRTStage0Pair27.Chunk006.cellA53B27_check' depends on axioms: [propext]
'Math.B699.CRTStage0Pair27.Chunk006.cellA53B28_check' depends on axioms: [propext]
'Math.B699.CRTStage0Pair27.Chunk006.cellA53B29_check' depends on axioms: [propext]
'Math.B699.CRTStage0Pair27.Chunk006.cellA53B30_check' depends on axioms: [propext]
'Math.B699.CRTStage0Pair27.Chunk006.cellA53B31_check' depends on axioms: [propext]
'Math.B699.CRTStage0Pair27.Chunk006.cellA53B32_check' depends on axioms: [propext]
'Math.B699.CRTStage0Pair27.Chunk006.cellA53B33_check' depends on axioms: [propext]
'Math.B699.CRTStage0Pair27.Chunk006.cellA53B34_check' depends on axioms: [propext]
'Math.B699.CRTStage0Pair27.Chunk006.cellA53B35_check' depends on axioms: [propext]
'Math.B699.CRTStage0Pair27.Chunk006.cellA53B36_check' depends on axioms: [propext]
'Math.B699.CRTStage0Pair27.Chunk006.cellA53B37_check' depends on axioms: [propext]
'Math.B699.CRTStage0Pair27.Chunk006.cellA53B38_check' depends on axioms: [propext]
'Math.B699.CRTStage0Pair27.Chunk006.rowA53_cell_check' depends on axioms: [propext]
'Math.B699.CRTStage0Pair27.Chunk006.rowA53_block_check' depends on axioms: [propext, Quot.sound]
'Math.B699.CRTStage0Pair27.Chunk006.cellA54B1_check' depends on axioms: [propext]
'Math.B699.CRTStage0Pair27.Chunk006.cellA54B2_check' depends on axioms: [propext]
'Math.B699.CRTStage0Pair27.Chunk006.cellA54B3_check' depends on axioms: [propext]
'Math.B699.CRTStage0Pair27.Chunk006.cellA54B4_check' depends on axioms: [propext]
'Math.B699.CRTStage0Pair27.Chunk006.cellA54B5_check' depends on axioms: [propext]
'Math.B699.CRTStage0Pair27.Chunk006.cellA54B6_check' depends on axioms: [propext]
'Math.B699.CRTStage0Pair27.Chunk006.cellA54B7_check' depends on axioms: [propext]
'Math.B699.CRTStage0Pair27.Chunk006.cellA54B8_check' depends on axioms: [propext]
'Math.B699.CRTStage0Pair27.Chunk006.cellA54B9_check' depends on axioms: [propext]
'Math.B699.CRTStage0Pair27.Chunk006.cellA54B10_check' depends on axioms: [propext]
'Math.B699.CRTStage0Pair27.Chunk006.cellA54B11_check' depends on axioms: [propext]
'Math.B699.CRTStage0Pair27.Chunk006.cellA54B12_check' depends on axioms: [propext]
'Math.B699.CRTStage0Pair27.Chunk006.cellA54B13_check' depends on axioms: [propext]
'Math.B699.CRTStage0Pair27.Chunk006.cellA54B14_check' depends on axioms: [propext]
'Math.B699.CRTStage0Pair27.Chunk006.cellA54B15_check' depends on axioms: [propext]
'Math.B699.CRTStage0Pair27.Chunk006.cellA54B16_check' depends on axioms: [propext]
'Math.B699.CRTStage0Pair27.Chunk006.cellA54B17_check' depends on axioms: [propext]
'Math.B699.CRTStage0Pair27.Chunk006.cellA54B18_check' depends on axioms: [propext]
'Math.B699.CRTStage0Pair27.Chunk006.cellA54B19_check' depends on axioms: [propext]
'Math.B699.CRTStage0Pair27.Chunk006.cellA54B20_check' depends on axioms: [propext]
'Math.B699.CRTStage0Pair27.Chunk006.cellA54B21_check' depends on axioms: [propext]
'Math.B699.CRTStage0Pair27.Chunk006.cellA54B22_check' depends on axioms: [propext]
'Math.B699.CRTStage0Pair27.Chunk006.cellA54B23_check' depends on axioms: [propext]
'Math.B699.CRTStage0Pair27.Chunk006.cellA54B24_check' depends on axioms: [propext]
'Math.B699.CRTStage0Pair27.Chunk006.cellA54B25_check' depends on axioms: [propext]
'Math.B699.CRTStage0Pair27.Chunk006.cellA54B26_check' depends on axioms: [propext]
'Math.B699.CRTStage0Pair27.Chunk006.cellA54B27_check' depends on axioms: [propext]
'Math.B699.CRTStage0Pair27.Chunk006.cellA54B28_check' depends on axioms: [propext]
'Math.B699.CRTStage0Pair27.Chunk006.cellA54B29_check' depends on axioms: [propext]
'Math.B699.CRTStage0Pair27.Chunk006.cellA54B30_check' depends on axioms: [propext]
'Math.B699.CRTStage0Pair27.Chunk006.cellA54B31_check' depends on axioms: [propext]
'Math.B699.CRTStage0Pair27.Chunk006.cellA54B32_check' depends on axioms: [propext]
'Math.B699.CRTStage0Pair27.Chunk006.cellA54B33_check' depends on axioms: [propext]
'Math.B699.CRTStage0Pair27.Chunk006.cellA54B34_check' depends on axioms: [propext]
'Math.B699.CRTStage0Pair27.Chunk006.cellA54B35_check' depends on axioms: [propext]
'Math.B699.CRTStage0Pair27.Chunk006.cellA54B36_check' depends on axioms: [propext]
'Math.B699.CRTStage0Pair27.Chunk006.cellA54B37_check' depends on axioms: [propext]
'Math.B699.CRTStage0Pair27.Chunk006.cellA54B38_check' depends on axioms: [propext]
'Math.B699.CRTStage0Pair27.Chunk006.rowA54_cell_check' depends on axioms: [propext]
'Math.B699.CRTStage0Pair27.Chunk006.rowA54_block_check' depends on axioms: [propext, Quot.sound]
