# command: LEAN -j1 -M1536 -DautoImplicit=false -DrelaxedAutoImplicit=false --root=PROJECT_ROOT -o .tools/20260911-low-index-lean-513dc7cc/20260912T031418132518Z/olean/research/tasks/B699-Binomial/runs/20260911-low-index-lean-513dc7cc/lean/CrtStage0Pair27/Cells008P1.olean research/tasks/B699-Binomial/runs/20260911-low-index-lean-513dc7cc/lean/CrtStage0Pair27/Cells008P1.lean
# cwd: PROJECT_ROOT
# started_utc: 2026-09-12T03:21:43.634092Z
# finished_utc: 2026-09-12T03:21:56.236047Z
# exit_code: 0
# timed_out: False
'Math.B699.CRTStage0Pair27.Chunk008.cellA68B1_check' depends on axioms: [propext]
'Math.B699.CRTStage0Pair27.Chunk008.cellA68B2_check' depends on axioms: [propext]
'Math.B699.CRTStage0Pair27.Chunk008.cellA68B3_check' depends on axioms: [propext]
'Math.B699.CRTStage0Pair27.Chunk008.cellA68B4_check' depends on axioms: [propext]
'Math.B699.CRTStage0Pair27.Chunk008.cellA68B5_check' depends on axioms: [propext]
'Math.B699.CRTStage0Pair27.Chunk008.cellA68B6_check' depends on axioms: [propext]
'Math.B699.CRTStage0Pair27.Chunk008.cellA68B7_check' depends on axioms: [propext]
'Math.B699.CRTStage0Pair27.Chunk008.cellA68B8_check' depends on axioms: [propext]
'Math.B699.CRTStage0Pair27.Chunk008.cellA68B9_check' depends on axioms: [propext]
'Math.B699.CRTStage0Pair27.Chunk008.cellA68B10_check' depends on axioms: [propext]
'Math.B699.CRTStage0Pair27.Chunk008.cellA68B11_check' depends on axioms: [propext]
'Math.B699.CRTStage0Pair27.Chunk008.cellA68B12_check' depends on axioms: [propext]
'Math.B699.CRTStage0Pair27.Chunk008.cellA68B13_check' depends on axioms: [propext]
'Math.B699.CRTStage0Pair27.Chunk008.cellA68B14_check' depends on axioms: [propext]
'Math.B699.CRTStage0Pair27.Chunk008.cellA68B15_check' depends on axioms: [propext]
'Math.B699.CRTStage0Pair27.Chunk008.cellA68B16_check' depends on axioms: [propext]
'Math.B699.CRTStage0Pair27.Chunk008.cellA68B17_check' depends on axioms: [propext]
'Math.B699.CRTStage0Pair27.Chunk008.cellA68B18_check' depends on axioms: [propext]
'Math.B699.CRTStage0Pair27.Chunk008.cellA68B19_check' depends on axioms: [propext]
'Math.B699.CRTStage0Pair27.Chunk008.cellA68B20_check' depends on axioms: [propext]
'Math.B699.CRTStage0Pair27.Chunk008.cellA68B21_check' depends on axioms: [propext]
'Math.B699.CRTStage0Pair27.Chunk008.cellA68B22_check' depends on axioms: [propext]
'Math.B699.CRTStage0Pair27.Chunk008.cellA68B23_check' depends on axioms: [propext]
'Math.B699.CRTStage0Pair27.Chunk008.cellA68B24_check' depends on axioms: [propext]
'Math.B699.CRTStage0Pair27.Chunk008.cellA68B25_check' depends on axioms: [propext]
'Math.B699.CRTStage0Pair27.Chunk008.cellA68B26_check' depends on axioms: [propext]
'Math.B699.CRTStage0Pair27.Chunk008.cellA68B27_check' depends on axioms: [propext]
'Math.B699.CRTStage0Pair27.Chunk008.cellA68B28_check' depends on axioms: [propext]
'Math.B699.CRTStage0Pair27.Chunk008.cellA68B29_check' depends on axioms: [propext]
'Math.B699.CRTStage0Pair27.Chunk008.cellA68B30_check' depends on axioms: [propext]
'Math.B699.CRTStage0Pair27.Chunk008.cellA68B31_check' depends on axioms: [propext]
'Math.B699.CRTStage0Pair27.Chunk008.cellA68B32_check' depends on axioms: [propext]
'Math.B699.CRTStage0Pair27.Chunk008.cellA68B33_check' depends on axioms: [propext]
'Math.B699.CRTStage0Pair27.Chunk008.cellA68B34_check' depends on axioms: [propext]
'Math.B699.CRTStage0Pair27.Chunk008.cellA68B35_check' depends on axioms: [propext]
'Math.B699.CRTStage0Pair27.Chunk008.cellA68B36_check' depends on axioms: [propext]
'Math.B699.CRTStage0Pair27.Chunk008.cellA68B37_check' depends on axioms: [propext]
'Math.B699.CRTStage0Pair27.Chunk008.cellA68B38_check' depends on axioms: [propext]
'Math.B699.CRTStage0Pair27.Chunk008.rowA68_cell_check' depends on axioms: [propext]
'Math.B699.CRTStage0Pair27.Chunk008.rowA68_block_check' depends on axioms: [propext, Quot.sound]
'Math.B699.CRTStage0Pair27.Chunk008.cellA69B1_check' depends on axioms: [propext]
'Math.B699.CRTStage0Pair27.Chunk008.cellA69B2_check' depends on axioms: [propext]
'Math.B699.CRTStage0Pair27.Chunk008.cellA69B3_check' depends on axioms: [propext]
'Math.B699.CRTStage0Pair27.Chunk008.cellA69B4_check' depends on axioms: [propext]
'Math.B699.CRTStage0Pair27.Chunk008.cellA69B5_check' depends on axioms: [propext]
'Math.B699.CRTStage0Pair27.Chunk008.cellA69B6_check' depends on axioms: [propext]
'Math.B699.CRTStage0Pair27.Chunk008.cellA69B7_check' depends on axioms: [propext]
'Math.B699.CRTStage0Pair27.Chunk008.cellA69B8_check' depends on axioms: [propext]
'Math.B699.CRTStage0Pair27.Chunk008.cellA69B9_check' depends on axioms: [propext]
'Math.B699.CRTStage0Pair27.Chunk008.cellA69B10_check' depends on axioms: [propext]
'Math.B699.CRTStage0Pair27.Chunk008.cellA69B11_check' depends on axioms: [propext]
'Math.B699.CRTStage0Pair27.Chunk008.cellA69B12_check' depends on axioms: [propext]
'Math.B699.CRTStage0Pair27.Chunk008.cellA69B13_check' depends on axioms: [propext]
'Math.B699.CRTStage0Pair27.Chunk008.cellA69B14_check' depends on axioms: [propext]
'Math.B699.CRTStage0Pair27.Chunk008.cellA69B15_check' depends on axioms: [propext]
'Math.B699.CRTStage0Pair27.Chunk008.cellA69B16_check' depends on axioms: [propext]
'Math.B699.CRTStage0Pair27.Chunk008.cellA69B17_check' depends on axioms: [propext]
'Math.B699.CRTStage0Pair27.Chunk008.cellA69B18_check' depends on axioms: [propext]
'Math.B699.CRTStage0Pair27.Chunk008.cellA69B19_check' depends on axioms: [propext]
'Math.B699.CRTStage0Pair27.Chunk008.cellA69B20_check' depends on axioms: [propext]
'Math.B699.CRTStage0Pair27.Chunk008.cellA69B21_check' depends on axioms: [propext]
'Math.B699.CRTStage0Pair27.Chunk008.cellA69B22_check' depends on axioms: [propext]
'Math.B699.CRTStage0Pair27.Chunk008.cellA69B23_check' depends on axioms: [propext]
'Math.B699.CRTStage0Pair27.Chunk008.cellA69B24_check' depends on axioms: [propext]
'Math.B699.CRTStage0Pair27.Chunk008.cellA69B25_check' depends on axioms: [propext]
'Math.B699.CRTStage0Pair27.Chunk008.cellA69B26_check' depends on axioms: [propext]
'Math.B699.CRTStage0Pair27.Chunk008.cellA69B27_check' depends on axioms: [propext]
'Math.B699.CRTStage0Pair27.Chunk008.cellA69B28_check' depends on axioms: [propext]
'Math.B699.CRTStage0Pair27.Chunk008.cellA69B29_check' depends on axioms: [propext]
'Math.B699.CRTStage0Pair27.Chunk008.cellA69B30_check' depends on axioms: [propext]
'Math.B699.CRTStage0Pair27.Chunk008.cellA69B31_check' depends on axioms: [propext]
'Math.B699.CRTStage0Pair27.Chunk008.cellA69B32_check' depends on axioms: [propext]
'Math.B699.CRTStage0Pair27.Chunk008.cellA69B33_check' depends on axioms: [propext]
'Math.B699.CRTStage0Pair27.Chunk008.cellA69B34_check' depends on axioms: [propext]
'Math.B699.CRTStage0Pair27.Chunk008.cellA69B35_check' depends on axioms: [propext]
'Math.B699.CRTStage0Pair27.Chunk008.cellA69B36_check' depends on axioms: [propext]
'Math.B699.CRTStage0Pair27.Chunk008.cellA69B37_check' depends on axioms: [propext]
'Math.B699.CRTStage0Pair27.Chunk008.cellA69B38_check' depends on axioms: [propext]
'Math.B699.CRTStage0Pair27.Chunk008.rowA69_cell_check' depends on axioms: [propext]
'Math.B699.CRTStage0Pair27.Chunk008.rowA69_block_check' depends on axioms: [propext, Quot.sound]
'Math.B699.CRTStage0Pair27.Chunk008.cellA70B1_check' depends on axioms: [propext]
'Math.B699.CRTStage0Pair27.Chunk008.cellA70B2_check' depends on axioms: [propext]
'Math.B699.CRTStage0Pair27.Chunk008.cellA70B3_check' depends on axioms: [propext]
'Math.B699.CRTStage0Pair27.Chunk008.cellA70B4_check' depends on axioms: [propext]
'Math.B699.CRTStage0Pair27.Chunk008.cellA70B5_check' depends on axioms: [propext]
'Math.B699.CRTStage0Pair27.Chunk008.cellA70B6_check' depends on axioms: [propext]
'Math.B699.CRTStage0Pair27.Chunk008.cellA70B7_check' depends on axioms: [propext]
'Math.B699.CRTStage0Pair27.Chunk008.cellA70B8_check' depends on axioms: [propext]
'Math.B699.CRTStage0Pair27.Chunk008.cellA70B9_check' depends on axioms: [propext]
'Math.B699.CRTStage0Pair27.Chunk008.cellA70B10_check' depends on axioms: [propext]
'Math.B699.CRTStage0Pair27.Chunk008.cellA70B11_check' depends on axioms: [propext]
'Math.B699.CRTStage0Pair27.Chunk008.cellA70B12_check' depends on axioms: [propext]
'Math.B699.CRTStage0Pair27.Chunk008.cellA70B13_check' depends on axioms: [propext]
'Math.B699.CRTStage0Pair27.Chunk008.cellA70B14_check' depends on axioms: [propext]
'Math.B699.CRTStage0Pair27.Chunk008.cellA70B15_check' depends on axioms: [propext]
'Math.B699.CRTStage0Pair27.Chunk008.cellA70B16_check' depends on axioms: [propext]
'Math.B699.CRTStage0Pair27.Chunk008.cellA70B17_check' depends on axioms: [propext]
'Math.B699.CRTStage0Pair27.Chunk008.cellA70B18_check' depends on axioms: [propext]
'Math.B699.CRTStage0Pair27.Chunk008.cellA70B19_check' depends on axioms: [propext]
'Math.B699.CRTStage0Pair27.Chunk008.cellA70B20_check' depends on axioms: [propext]
'Math.B699.CRTStage0Pair27.Chunk008.cellA70B21_check' depends on axioms: [propext]
'Math.B699.CRTStage0Pair27.Chunk008.cellA70B22_check' depends on axioms: [propext]
'Math.B699.CRTStage0Pair27.Chunk008.cellA70B23_check' depends on axioms: [propext]
'Math.B699.CRTStage0Pair27.Chunk008.cellA70B24_check' depends on axioms: [propext]
'Math.B699.CRTStage0Pair27.Chunk008.cellA70B25_check' depends on axioms: [propext]
'Math.B699.CRTStage0Pair27.Chunk008.cellA70B26_check' depends on axioms: [propext]
'Math.B699.CRTStage0Pair27.Chunk008.cellA70B27_check' depends on axioms: [propext]
'Math.B699.CRTStage0Pair27.Chunk008.cellA70B28_check' depends on axioms: [propext]
'Math.B699.CRTStage0Pair27.Chunk008.cellA70B29_check' depends on axioms: [propext]
'Math.B699.CRTStage0Pair27.Chunk008.cellA70B30_check' depends on axioms: [propext]
'Math.B699.CRTStage0Pair27.Chunk008.cellA70B31_check' depends on axioms: [propext]
'Math.B699.CRTStage0Pair27.Chunk008.cellA70B32_check' depends on axioms: [propext]
'Math.B699.CRTStage0Pair27.Chunk008.cellA70B33_check' depends on axioms: [propext]
'Math.B699.CRTStage0Pair27.Chunk008.cellA70B34_check' depends on axioms: [propext]
'Math.B699.CRTStage0Pair27.Chunk008.cellA70B35_check' depends on axioms: [propext]
'Math.B699.CRTStage0Pair27.Chunk008.cellA70B36_check' depends on axioms: [propext]
'Math.B699.CRTStage0Pair27.Chunk008.cellA70B37_check' depends on axioms: [propext]
'Math.B699.CRTStage0Pair27.Chunk008.cellA70B38_check' depends on axioms: [propext]
'Math.B699.CRTStage0Pair27.Chunk008.rowA70_cell_check' depends on axioms: [propext]
'Math.B699.CRTStage0Pair27.Chunk008.rowA70_block_check' depends on axioms: [propext, Quot.sound]
