# command: LEAN -j1 -M1536 -DautoImplicit=false -DrelaxedAutoImplicit=false --root=PROJECT_ROOT -o .tools/20260911-low-index-lean-513dc7cc/20260912T031418132518Z/olean/research/tasks/B699-Binomial/runs/20260911-low-index-lean-513dc7cc/lean/CrtStage0Pair27/Cells008P2.olean research/tasks/B699-Binomial/runs/20260911-low-index-lean-513dc7cc/lean/CrtStage0Pair27/Cells008P2.lean
# cwd: PROJECT_ROOT
# started_utc: 2026-09-12T03:21:56.254478Z
# finished_utc: 2026-09-12T03:22:07.426954Z
# exit_code: 0
# timed_out: False
'Math.B699.CRTStage0Pair27.Chunk008.cellA71B1_check' depends on axioms: [propext]
'Math.B699.CRTStage0Pair27.Chunk008.cellA71B2_check' depends on axioms: [propext]
'Math.B699.CRTStage0Pair27.Chunk008.cellA71B3_check' depends on axioms: [propext]
'Math.B699.CRTStage0Pair27.Chunk008.cellA71B4_check' depends on axioms: [propext]
'Math.B699.CRTStage0Pair27.Chunk008.cellA71B5_check' depends on axioms: [propext]
'Math.B699.CRTStage0Pair27.Chunk008.cellA71B6_check' depends on axioms: [propext]
'Math.B699.CRTStage0Pair27.Chunk008.cellA71B7_check' depends on axioms: [propext]
'Math.B699.CRTStage0Pair27.Chunk008.cellA71B8_check' depends on axioms: [propext]
'Math.B699.CRTStage0Pair27.Chunk008.cellA71B9_check' depends on axioms: [propext]
'Math.B699.CRTStage0Pair27.Chunk008.cellA71B10_check' depends on axioms: [propext]
'Math.B699.CRTStage0Pair27.Chunk008.cellA71B11_check' depends on axioms: [propext]
'Math.B699.CRTStage0Pair27.Chunk008.cellA71B12_check' depends on axioms: [propext]
'Math.B699.CRTStage0Pair27.Chunk008.cellA71B13_check' depends on axioms: [propext]
'Math.B699.CRTStage0Pair27.Chunk008.cellA71B14_check' depends on axioms: [propext]
'Math.B699.CRTStage0Pair27.Chunk008.cellA71B15_check' depends on axioms: [propext]
'Math.B699.CRTStage0Pair27.Chunk008.cellA71B16_check' depends on axioms: [propext]
'Math.B699.CRTStage0Pair27.Chunk008.cellA71B17_check' depends on axioms: [propext]
'Math.B699.CRTStage0Pair27.Chunk008.cellA71B18_check' depends on axioms: [propext]
'Math.B699.CRTStage0Pair27.Chunk008.cellA71B19_check' depends on axioms: [propext]
'Math.B699.CRTStage0Pair27.Chunk008.cellA71B20_check' depends on axioms: [propext]
'Math.B699.CRTStage0Pair27.Chunk008.cellA71B21_check' depends on axioms: [propext]
'Math.B699.CRTStage0Pair27.Chunk008.cellA71B22_check' depends on axioms: [propext]
'Math.B699.CRTStage0Pair27.Chunk008.cellA71B23_check' depends on axioms: [propext]
'Math.B699.CRTStage0Pair27.Chunk008.cellA71B24_check' depends on axioms: [propext]
'Math.B699.CRTStage0Pair27.Chunk008.cellA71B25_check' depends on axioms: [propext]
'Math.B699.CRTStage0Pair27.Chunk008.cellA71B26_check' depends on axioms: [propext]
'Math.B699.CRTStage0Pair27.Chunk008.cellA71B27_check' depends on axioms: [propext]
'Math.B699.CRTStage0Pair27.Chunk008.cellA71B28_check' depends on axioms: [propext]
'Math.B699.CRTStage0Pair27.Chunk008.cellA71B29_check' depends on axioms: [propext]
'Math.B699.CRTStage0Pair27.Chunk008.cellA71B30_check' depends on axioms: [propext]
'Math.B699.CRTStage0Pair27.Chunk008.cellA71B31_check' depends on axioms: [propext]
'Math.B699.CRTStage0Pair27.Chunk008.cellA71B32_check' depends on axioms: [propext]
'Math.B699.CRTStage0Pair27.Chunk008.cellA71B33_check' depends on axioms: [propext]
'Math.B699.CRTStage0Pair27.Chunk008.cellA71B34_check' depends on axioms: [propext]
'Math.B699.CRTStage0Pair27.Chunk008.cellA71B35_check' depends on axioms: [propext]
'Math.B699.CRTStage0Pair27.Chunk008.cellA71B36_check' depends on axioms: [propext]
'Math.B699.CRTStage0Pair27.Chunk008.cellA71B37_check' depends on axioms: [propext]
'Math.B699.CRTStage0Pair27.Chunk008.cellA71B38_check' depends on axioms: [propext]
'Math.B699.CRTStage0Pair27.Chunk008.rowA71_cell_check' depends on axioms: [propext]
'Math.B699.CRTStage0Pair27.Chunk008.rowA71_block_check' depends on axioms: [propext, Quot.sound]
'Math.B699.CRTStage0Pair27.Chunk008.cellA72B1_check' depends on axioms: [propext]
'Math.B699.CRTStage0Pair27.Chunk008.cellA72B2_check' depends on axioms: [propext]
'Math.B699.CRTStage0Pair27.Chunk008.cellA72B3_check' depends on axioms: [propext]
'Math.B699.CRTStage0Pair27.Chunk008.cellA72B4_check' depends on axioms: [propext]
'Math.B699.CRTStage0Pair27.Chunk008.cellA72B5_check' depends on axioms: [propext]
'Math.B699.CRTStage0Pair27.Chunk008.cellA72B6_check' depends on axioms: [propext]
'Math.B699.CRTStage0Pair27.Chunk008.cellA72B7_check' depends on axioms: [propext]
'Math.B699.CRTStage0Pair27.Chunk008.cellA72B8_check' depends on axioms: [propext]
'Math.B699.CRTStage0Pair27.Chunk008.cellA72B9_check' depends on axioms: [propext]
'Math.B699.CRTStage0Pair27.Chunk008.cellA72B10_check' depends on axioms: [propext]
'Math.B699.CRTStage0Pair27.Chunk008.cellA72B11_check' depends on axioms: [propext]
'Math.B699.CRTStage0Pair27.Chunk008.cellA72B12_check' depends on axioms: [propext]
'Math.B699.CRTStage0Pair27.Chunk008.cellA72B13_check' depends on axioms: [propext]
'Math.B699.CRTStage0Pair27.Chunk008.cellA72B14_check' depends on axioms: [propext]
'Math.B699.CRTStage0Pair27.Chunk008.cellA72B15_check' depends on axioms: [propext]
'Math.B699.CRTStage0Pair27.Chunk008.cellA72B16_check' depends on axioms: [propext]
'Math.B699.CRTStage0Pair27.Chunk008.cellA72B17_check' depends on axioms: [propext]
'Math.B699.CRTStage0Pair27.Chunk008.cellA72B18_check' depends on axioms: [propext]
'Math.B699.CRTStage0Pair27.Chunk008.cellA72B19_check' depends on axioms: [propext]
'Math.B699.CRTStage0Pair27.Chunk008.cellA72B20_check' depends on axioms: [propext]
'Math.B699.CRTStage0Pair27.Chunk008.cellA72B21_check' depends on axioms: [propext]
'Math.B699.CRTStage0Pair27.Chunk008.cellA72B22_check' depends on axioms: [propext]
'Math.B699.CRTStage0Pair27.Chunk008.cellA72B23_check' depends on axioms: [propext]
'Math.B699.CRTStage0Pair27.Chunk008.cellA72B24_check' depends on axioms: [propext]
'Math.B699.CRTStage0Pair27.Chunk008.cellA72B25_check' depends on axioms: [propext]
'Math.B699.CRTStage0Pair27.Chunk008.cellA72B26_check' depends on axioms: [propext]
'Math.B699.CRTStage0Pair27.Chunk008.cellA72B27_check' depends on axioms: [propext]
'Math.B699.CRTStage0Pair27.Chunk008.cellA72B28_check' depends on axioms: [propext]
'Math.B699.CRTStage0Pair27.Chunk008.cellA72B29_check' depends on axioms: [propext]
'Math.B699.CRTStage0Pair27.Chunk008.cellA72B30_check' depends on axioms: [propext]
'Math.B699.CRTStage0Pair27.Chunk008.cellA72B31_check' depends on axioms: [propext]
'Math.B699.CRTStage0Pair27.Chunk008.cellA72B32_check' depends on axioms: [propext]
'Math.B699.CRTStage0Pair27.Chunk008.cellA72B33_check' depends on axioms: [propext]
'Math.B699.CRTStage0Pair27.Chunk008.cellA72B34_check' depends on axioms: [propext]
'Math.B699.CRTStage0Pair27.Chunk008.cellA72B35_check' depends on axioms: [propext]
'Math.B699.CRTStage0Pair27.Chunk008.cellA72B36_check' depends on axioms: [propext]
'Math.B699.CRTStage0Pair27.Chunk008.cellA72B37_check' depends on axioms: [propext]
'Math.B699.CRTStage0Pair27.Chunk008.cellA72B38_check' depends on axioms: [propext]
'Math.B699.CRTStage0Pair27.Chunk008.rowA72_cell_check' depends on axioms: [propext]
'Math.B699.CRTStage0Pair27.Chunk008.rowA72_block_check' depends on axioms: [propext, Quot.sound]
