# command: LEAN -j1 -M1536 -DautoImplicit=false -DrelaxedAutoImplicit=false --root=PROJECT_ROOT -o .tools/20260911-low-index-lean-513dc7cc/20260912T031418132518Z/olean/research/tasks/B699-Binomial/runs/20260911-low-index-lean-513dc7cc/lean/CrtStage0Pair27/Cells007P1.olean research/tasks/B699-Binomial/runs/20260911-low-index-lean-513dc7cc/lean/CrtStage0Pair27/Cells007P1.lean
# cwd: PROJECT_ROOT
# started_utc: 2026-09-12T03:20:48.937363Z
# finished_utc: 2026-09-12T03:21:01.638600Z
# exit_code: 0
# timed_out: False
'Math.B699.CRTStage0Pair27.Chunk007.cellA60B1_check' depends on axioms: [propext]
'Math.B699.CRTStage0Pair27.Chunk007.cellA60B2_check' depends on axioms: [propext]
'Math.B699.CRTStage0Pair27.Chunk007.cellA60B3_check' depends on axioms: [propext]
'Math.B699.CRTStage0Pair27.Chunk007.cellA60B4_check' depends on axioms: [propext]
'Math.B699.CRTStage0Pair27.Chunk007.cellA60B5_check' depends on axioms: [propext]
'Math.B699.CRTStage0Pair27.Chunk007.cellA60B6_check' depends on axioms: [propext]
'Math.B699.CRTStage0Pair27.Chunk007.cellA60B7_check' depends on axioms: [propext]
'Math.B699.CRTStage0Pair27.Chunk007.cellA60B8_check' depends on axioms: [propext]
'Math.B699.CRTStage0Pair27.Chunk007.cellA60B9_check' depends on axioms: [propext]
'Math.B699.CRTStage0Pair27.Chunk007.cellA60B10_check' depends on axioms: [propext]
'Math.B699.CRTStage0Pair27.Chunk007.cellA60B11_check' depends on axioms: [propext]
'Math.B699.CRTStage0Pair27.Chunk007.cellA60B12_check' depends on axioms: [propext]
'Math.B699.CRTStage0Pair27.Chunk007.cellA60B13_check' depends on axioms: [propext]
'Math.B699.CRTStage0Pair27.Chunk007.cellA60B14_check' depends on axioms: [propext]
'Math.B699.CRTStage0Pair27.Chunk007.cellA60B15_check' depends on axioms: [propext]
'Math.B699.CRTStage0Pair27.Chunk007.cellA60B16_check' depends on axioms: [propext]
'Math.B699.CRTStage0Pair27.Chunk007.cellA60B17_check' depends on axioms: [propext]
'Math.B699.CRTStage0Pair27.Chunk007.cellA60B18_check' depends on axioms: [propext]
'Math.B699.CRTStage0Pair27.Chunk007.cellA60B19_check' depends on axioms: [propext]
'Math.B699.CRTStage0Pair27.Chunk007.cellA60B20_check' depends on axioms: [propext]
'Math.B699.CRTStage0Pair27.Chunk007.cellA60B21_check' depends on axioms: [propext]
'Math.B699.CRTStage0Pair27.Chunk007.cellA60B22_check' depends on axioms: [propext]
'Math.B699.CRTStage0Pair27.Chunk007.cellA60B23_check' depends on axioms: [propext]
'Math.B699.CRTStage0Pair27.Chunk007.cellA60B24_check' depends on axioms: [propext]
'Math.B699.CRTStage0Pair27.Chunk007.cellA60B25_check' depends on axioms: [propext]
'Math.B699.CRTStage0Pair27.Chunk007.cellA60B26_check' depends on axioms: [propext]
'Math.B699.CRTStage0Pair27.Chunk007.cellA60B27_check' depends on axioms: [propext]
'Math.B699.CRTStage0Pair27.Chunk007.cellA60B28_check' depends on axioms: [propext]
'Math.B699.CRTStage0Pair27.Chunk007.cellA60B29_check' depends on axioms: [propext]
'Math.B699.CRTStage0Pair27.Chunk007.cellA60B30_check' depends on axioms: [propext]
'Math.B699.CRTStage0Pair27.Chunk007.cellA60B31_check' depends on axioms: [propext]
'Math.B699.CRTStage0Pair27.Chunk007.cellA60B32_check' depends on axioms: [propext]
'Math.B699.CRTStage0Pair27.Chunk007.cellA60B33_check' depends on axioms: [propext]
'Math.B699.CRTStage0Pair27.Chunk007.cellA60B34_check' depends on axioms: [propext]
'Math.B699.CRTStage0Pair27.Chunk007.cellA60B35_check' depends on axioms: [propext]
'Math.B699.CRTStage0Pair27.Chunk007.cellA60B36_check' depends on axioms: [propext]
'Math.B699.CRTStage0Pair27.Chunk007.cellA60B37_check' depends on axioms: [propext]
'Math.B699.CRTStage0Pair27.Chunk007.cellA60B38_check' depends on axioms: [propext]
'Math.B699.CRTStage0Pair27.Chunk007.rowA60_cell_check' depends on axioms: [propext]
'Math.B699.CRTStage0Pair27.Chunk007.rowA60_block_check' depends on axioms: [propext, Quot.sound]
'Math.B699.CRTStage0Pair27.Chunk007.cellA61B1_check' depends on axioms: [propext]
'Math.B699.CRTStage0Pair27.Chunk007.cellA61B2_check' depends on axioms: [propext]
'Math.B699.CRTStage0Pair27.Chunk007.cellA61B3_check' depends on axioms: [propext]
'Math.B699.CRTStage0Pair27.Chunk007.cellA61B4_check' depends on axioms: [propext]
'Math.B699.CRTStage0Pair27.Chunk007.cellA61B5_check' depends on axioms: [propext]
'Math.B699.CRTStage0Pair27.Chunk007.cellA61B6_check' depends on axioms: [propext]
'Math.B699.CRTStage0Pair27.Chunk007.cellA61B7_check' depends on axioms: [propext]
'Math.B699.CRTStage0Pair27.Chunk007.cellA61B8_check' depends on axioms: [propext]
'Math.B699.CRTStage0Pair27.Chunk007.cellA61B9_check' depends on axioms: [propext]
'Math.B699.CRTStage0Pair27.Chunk007.cellA61B10_check' depends on axioms: [propext]
'Math.B699.CRTStage0Pair27.Chunk007.cellA61B11_check' depends on axioms: [propext]
'Math.B699.CRTStage0Pair27.Chunk007.cellA61B12_check' depends on axioms: [propext]
'Math.B699.CRTStage0Pair27.Chunk007.cellA61B13_check' depends on axioms: [propext]
'Math.B699.CRTStage0Pair27.Chunk007.cellA61B14_check' depends on axioms: [propext]
'Math.B699.CRTStage0Pair27.Chunk007.cellA61B15_check' depends on axioms: [propext]
'Math.B699.CRTStage0Pair27.Chunk007.cellA61B16_check' depends on axioms: [propext]
'Math.B699.CRTStage0Pair27.Chunk007.cellA61B17_check' depends on axioms: [propext]
'Math.B699.CRTStage0Pair27.Chunk007.cellA61B18_check' depends on axioms: [propext]
'Math.B699.CRTStage0Pair27.Chunk007.cellA61B19_check' depends on axioms: [propext]
'Math.B699.CRTStage0Pair27.Chunk007.cellA61B20_check' depends on axioms: [propext]
'Math.B699.CRTStage0Pair27.Chunk007.cellA61B21_check' depends on axioms: [propext]
'Math.B699.CRTStage0Pair27.Chunk007.cellA61B22_check' depends on axioms: [propext]
'Math.B699.CRTStage0Pair27.Chunk007.cellA61B23_check' depends on axioms: [propext]
'Math.B699.CRTStage0Pair27.Chunk007.cellA61B24_check' depends on axioms: [propext]
'Math.B699.CRTStage0Pair27.Chunk007.cellA61B25_check' depends on axioms: [propext]
'Math.B699.CRTStage0Pair27.Chunk007.cellA61B26_check' depends on axioms: [propext]
'Math.B699.CRTStage0Pair27.Chunk007.cellA61B27_check' depends on axioms: [propext]
'Math.B699.CRTStage0Pair27.Chunk007.cellA61B28_check' depends on axioms: [propext]
'Math.B699.CRTStage0Pair27.Chunk007.cellA61B29_check' depends on axioms: [propext]
'Math.B699.CRTStage0Pair27.Chunk007.cellA61B30_check' depends on axioms: [propext]
'Math.B699.CRTStage0Pair27.Chunk007.cellA61B31_check' depends on axioms: [propext]
'Math.B699.CRTStage0Pair27.Chunk007.cellA61B32_check' depends on axioms: [propext]
'Math.B699.CRTStage0Pair27.Chunk007.cellA61B33_check' depends on axioms: [propext]
'Math.B699.CRTStage0Pair27.Chunk007.cellA61B34_check' depends on axioms: [propext]
'Math.B699.CRTStage0Pair27.Chunk007.cellA61B35_check' depends on axioms: [propext]
'Math.B699.CRTStage0Pair27.Chunk007.cellA61B36_check' depends on axioms: [propext]
'Math.B699.CRTStage0Pair27.Chunk007.cellA61B37_check' depends on axioms: [propext]
'Math.B699.CRTStage0Pair27.Chunk007.cellA61B38_check' depends on axioms: [propext]
'Math.B699.CRTStage0Pair27.Chunk007.rowA61_cell_check' depends on axioms: [propext]
'Math.B699.CRTStage0Pair27.Chunk007.rowA61_block_check' depends on axioms: [propext, Quot.sound]
'Math.B699.CRTStage0Pair27.Chunk007.cellA62B1_check' depends on axioms: [propext]
'Math.B699.CRTStage0Pair27.Chunk007.cellA62B2_check' depends on axioms: [propext]
'Math.B699.CRTStage0Pair27.Chunk007.cellA62B3_check' depends on axioms: [propext]
'Math.B699.CRTStage0Pair27.Chunk007.cellA62B4_check' depends on axioms: [propext]
'Math.B699.CRTStage0Pair27.Chunk007.cellA62B5_check' depends on axioms: [propext]
'Math.B699.CRTStage0Pair27.Chunk007.cellA62B6_check' depends on axioms: [propext]
'Math.B699.CRTStage0Pair27.Chunk007.cellA62B7_check' depends on axioms: [propext]
'Math.B699.CRTStage0Pair27.Chunk007.cellA62B8_check' depends on axioms: [propext]
'Math.B699.CRTStage0Pair27.Chunk007.cellA62B9_check' depends on axioms: [propext]
'Math.B699.CRTStage0Pair27.Chunk007.cellA62B10_check' depends on axioms: [propext]
'Math.B699.CRTStage0Pair27.Chunk007.cellA62B11_check' depends on axioms: [propext]
'Math.B699.CRTStage0Pair27.Chunk007.cellA62B12_check' depends on axioms: [propext]
'Math.B699.CRTStage0Pair27.Chunk007.cellA62B13_check' depends on axioms: [propext]
'Math.B699.CRTStage0Pair27.Chunk007.cellA62B14_check' depends on axioms: [propext]
'Math.B699.CRTStage0Pair27.Chunk007.cellA62B15_check' depends on axioms: [propext]
'Math.B699.CRTStage0Pair27.Chunk007.cellA62B16_check' depends on axioms: [propext]
'Math.B699.CRTStage0Pair27.Chunk007.cellA62B17_check' depends on axioms: [propext]
'Math.B699.CRTStage0Pair27.Chunk007.cellA62B18_check' depends on axioms: [propext]
'Math.B699.CRTStage0Pair27.Chunk007.cellA62B19_check' depends on axioms: [propext]
'Math.B699.CRTStage0Pair27.Chunk007.cellA62B20_check' depends on axioms: [propext]
'Math.B699.CRTStage0Pair27.Chunk007.cellA62B21_check' depends on axioms: [propext]
'Math.B699.CRTStage0Pair27.Chunk007.cellA62B22_check' depends on axioms: [propext]
'Math.B699.CRTStage0Pair27.Chunk007.cellA62B23_check' depends on axioms: [propext]
'Math.B699.CRTStage0Pair27.Chunk007.cellA62B24_check' depends on axioms: [propext]
'Math.B699.CRTStage0Pair27.Chunk007.cellA62B25_check' depends on axioms: [propext]
'Math.B699.CRTStage0Pair27.Chunk007.cellA62B26_check' depends on axioms: [propext]
'Math.B699.CRTStage0Pair27.Chunk007.cellA62B27_check' depends on axioms: [propext]
'Math.B699.CRTStage0Pair27.Chunk007.cellA62B28_check' depends on axioms: [propext]
'Math.B699.CRTStage0Pair27.Chunk007.cellA62B29_check' depends on axioms: [propext]
'Math.B699.CRTStage0Pair27.Chunk007.cellA62B30_check' depends on axioms: [propext]
'Math.B699.CRTStage0Pair27.Chunk007.cellA62B31_check' depends on axioms: [propext]
'Math.B699.CRTStage0Pair27.Chunk007.cellA62B32_check' depends on axioms: [propext]
'Math.B699.CRTStage0Pair27.Chunk007.cellA62B33_check' depends on axioms: [propext]
'Math.B699.CRTStage0Pair27.Chunk007.cellA62B34_check' depends on axioms: [propext]
'Math.B699.CRTStage0Pair27.Chunk007.cellA62B35_check' depends on axioms: [propext]
'Math.B699.CRTStage0Pair27.Chunk007.cellA62B36_check' depends on axioms: [propext]
'Math.B699.CRTStage0Pair27.Chunk007.cellA62B37_check' depends on axioms: [propext]
'Math.B699.CRTStage0Pair27.Chunk007.cellA62B38_check' depends on axioms: [propext]
'Math.B699.CRTStage0Pair27.Chunk007.rowA62_cell_check' depends on axioms: [propext]
'Math.B699.CRTStage0Pair27.Chunk007.rowA62_block_check' depends on axioms: [propext, Quot.sound]
