# command: LEAN -j1 -M1536 -DautoImplicit=false -DrelaxedAutoImplicit=false --root=PROJECT_ROOT -o .tools/20260911-low-index-lean-513dc7cc/20260912T031418132518Z/olean/research/tasks/B699-Binomial/runs/20260911-low-index-lean-513dc7cc/lean/CrtStage0Pair27/Cells011P2.olean research/tasks/B699-Binomial/runs/20260911-low-index-lean-513dc7cc/lean/CrtStage0Pair27/Cells011P2.lean
# cwd: PROJECT_ROOT
# started_utc: 2026-09-12T03:24:40.442004Z
# finished_utc: 2026-09-12T03:24:52.099661Z
# exit_code: 0
# timed_out: False
'Math.B699.CRTStage0Pair27.Chunk011.cellA95B1_check' depends on axioms: [propext]
'Math.B699.CRTStage0Pair27.Chunk011.cellA95B2_check' depends on axioms: [propext]
'Math.B699.CRTStage0Pair27.Chunk011.cellA95B3_check' depends on axioms: [propext]
'Math.B699.CRTStage0Pair27.Chunk011.cellA95B4_check' depends on axioms: [propext]
'Math.B699.CRTStage0Pair27.Chunk011.cellA95B5_check' depends on axioms: [propext]
'Math.B699.CRTStage0Pair27.Chunk011.cellA95B6_check' depends on axioms: [propext]
'Math.B699.CRTStage0Pair27.Chunk011.cellA95B7_check' depends on axioms: [propext]
'Math.B699.CRTStage0Pair27.Chunk011.cellA95B8_check' depends on axioms: [propext]
'Math.B699.CRTStage0Pair27.Chunk011.cellA95B9_check' depends on axioms: [propext]
'Math.B699.CRTStage0Pair27.Chunk011.cellA95B10_check' depends on axioms: [propext]
'Math.B699.CRTStage0Pair27.Chunk011.cellA95B11_check' depends on axioms: [propext]
'Math.B699.CRTStage0Pair27.Chunk011.cellA95B12_check' depends on axioms: [propext]
'Math.B699.CRTStage0Pair27.Chunk011.cellA95B13_check' depends on axioms: [propext]
'Math.B699.CRTStage0Pair27.Chunk011.cellA95B14_check' depends on axioms: [propext]
'Math.B699.CRTStage0Pair27.Chunk011.cellA95B15_check' depends on axioms: [propext]
'Math.B699.CRTStage0Pair27.Chunk011.cellA95B16_check' depends on axioms: [propext]
'Math.B699.CRTStage0Pair27.Chunk011.cellA95B17_check' depends on axioms: [propext]
'Math.B699.CRTStage0Pair27.Chunk011.cellA95B18_check' depends on axioms: [propext]
'Math.B699.CRTStage0Pair27.Chunk011.cellA95B19_check' depends on axioms: [propext]
'Math.B699.CRTStage0Pair27.Chunk011.cellA95B20_check' depends on axioms: [propext]
'Math.B699.CRTStage0Pair27.Chunk011.cellA95B21_check' depends on axioms: [propext]
'Math.B699.CRTStage0Pair27.Chunk011.cellA95B22_check' depends on axioms: [propext]
'Math.B699.CRTStage0Pair27.Chunk011.cellA95B23_check' depends on axioms: [propext]
'Math.B699.CRTStage0Pair27.Chunk011.cellA95B24_check' depends on axioms: [propext]
'Math.B699.CRTStage0Pair27.Chunk011.cellA95B25_check' depends on axioms: [propext]
'Math.B699.CRTStage0Pair27.Chunk011.cellA95B26_check' depends on axioms: [propext]
'Math.B699.CRTStage0Pair27.Chunk011.cellA95B27_check' depends on axioms: [propext]
'Math.B699.CRTStage0Pair27.Chunk011.cellA95B28_check' depends on axioms: [propext]
'Math.B699.CRTStage0Pair27.Chunk011.cellA95B29_check' depends on axioms: [propext]
'Math.B699.CRTStage0Pair27.Chunk011.cellA95B30_check' depends on axioms: [propext]
'Math.B699.CRTStage0Pair27.Chunk011.cellA95B31_check' depends on axioms: [propext]
'Math.B699.CRTStage0Pair27.Chunk011.cellA95B32_check' depends on axioms: [propext]
'Math.B699.CRTStage0Pair27.Chunk011.cellA95B33_check' depends on axioms: [propext]
'Math.B699.CRTStage0Pair27.Chunk011.cellA95B34_check' depends on axioms: [propext]
'Math.B699.CRTStage0Pair27.Chunk011.cellA95B35_check' depends on axioms: [propext]
'Math.B699.CRTStage0Pair27.Chunk011.cellA95B36_check' depends on axioms: [propext]
'Math.B699.CRTStage0Pair27.Chunk011.cellA95B37_check' depends on axioms: [propext]
'Math.B699.CRTStage0Pair27.Chunk011.cellA95B38_check' depends on axioms: [propext]
'Math.B699.CRTStage0Pair27.Chunk011.rowA95_cell_check' depends on axioms: [propext]
'Math.B699.CRTStage0Pair27.Chunk011.rowA95_block_check' depends on axioms: [propext, Quot.sound]
'Math.B699.CRTStage0Pair27.Chunk011.cellA96B1_check' depends on axioms: [propext]
'Math.B699.CRTStage0Pair27.Chunk011.cellA96B2_check' depends on axioms: [propext]
'Math.B699.CRTStage0Pair27.Chunk011.cellA96B3_check' depends on axioms: [propext]
'Math.B699.CRTStage0Pair27.Chunk011.cellA96B4_check' depends on axioms: [propext]
'Math.B699.CRTStage0Pair27.Chunk011.cellA96B5_check' depends on axioms: [propext]
'Math.B699.CRTStage0Pair27.Chunk011.cellA96B6_check' depends on axioms: [propext]
'Math.B699.CRTStage0Pair27.Chunk011.cellA96B7_check' depends on axioms: [propext]
'Math.B699.CRTStage0Pair27.Chunk011.cellA96B8_check' depends on axioms: [propext]
'Math.B699.CRTStage0Pair27.Chunk011.cellA96B9_check' depends on axioms: [propext]
'Math.B699.CRTStage0Pair27.Chunk011.cellA96B10_check' depends on axioms: [propext]
'Math.B699.CRTStage0Pair27.Chunk011.cellA96B11_check' depends on axioms: [propext]
'Math.B699.CRTStage0Pair27.Chunk011.cellA96B12_check' depends on axioms: [propext]
'Math.B699.CRTStage0Pair27.Chunk011.cellA96B13_check' depends on axioms: [propext]
'Math.B699.CRTStage0Pair27.Chunk011.cellA96B14_check' depends on axioms: [propext]
'Math.B699.CRTStage0Pair27.Chunk011.cellA96B15_check' depends on axioms: [propext]
'Math.B699.CRTStage0Pair27.Chunk011.cellA96B16_check' depends on axioms: [propext]
'Math.B699.CRTStage0Pair27.Chunk011.cellA96B17_check' depends on axioms: [propext]
'Math.B699.CRTStage0Pair27.Chunk011.cellA96B18_check' depends on axioms: [propext]
'Math.B699.CRTStage0Pair27.Chunk011.cellA96B19_check' depends on axioms: [propext]
'Math.B699.CRTStage0Pair27.Chunk011.cellA96B20_check' depends on axioms: [propext]
'Math.B699.CRTStage0Pair27.Chunk011.cellA96B21_check' depends on axioms: [propext]
'Math.B699.CRTStage0Pair27.Chunk011.cellA96B22_check' depends on axioms: [propext]
'Math.B699.CRTStage0Pair27.Chunk011.cellA96B23_check' depends on axioms: [propext]
'Math.B699.CRTStage0Pair27.Chunk011.cellA96B24_check' depends on axioms: [propext]
'Math.B699.CRTStage0Pair27.Chunk011.cellA96B25_check' depends on axioms: [propext]
'Math.B699.CRTStage0Pair27.Chunk011.cellA96B26_check' depends on axioms: [propext]
'Math.B699.CRTStage0Pair27.Chunk011.cellA96B27_check' depends on axioms: [propext]
'Math.B699.CRTStage0Pair27.Chunk011.cellA96B28_check' depends on axioms: [propext]
'Math.B699.CRTStage0Pair27.Chunk011.cellA96B29_check' depends on axioms: [propext]
'Math.B699.CRTStage0Pair27.Chunk011.cellA96B30_check' depends on axioms: [propext]
'Math.B699.CRTStage0Pair27.Chunk011.cellA96B31_check' depends on axioms: [propext]
'Math.B699.CRTStage0Pair27.Chunk011.cellA96B32_check' depends on axioms: [propext]
'Math.B699.CRTStage0Pair27.Chunk011.cellA96B33_check' depends on axioms: [propext]
'Math.B699.CRTStage0Pair27.Chunk011.cellA96B34_check' depends on axioms: [propext]
'Math.B699.CRTStage0Pair27.Chunk011.cellA96B35_check' depends on axioms: [propext]
'Math.B699.CRTStage0Pair27.Chunk011.cellA96B36_check' depends on axioms: [propext]
'Math.B699.CRTStage0Pair27.Chunk011.cellA96B37_check' depends on axioms: [propext]
'Math.B699.CRTStage0Pair27.Chunk011.cellA96B38_check' depends on axioms: [propext]
'Math.B699.CRTStage0Pair27.Chunk011.rowA96_cell_check' depends on axioms: [propext]
'Math.B699.CRTStage0Pair27.Chunk011.rowA96_block_check' depends on axioms: [propext, Quot.sound]
