[
  {
    "name": "mathlib",
    "path": "/workspace/scratch/b2b84342d09f/lean-math-lab-layout/.lake/packages/mathlib",
    "expected_head": "0df444a360eaa60ab8c11dca51a86af692955474",
    "url": "https://github.com/leanprover-community/mathlib4",
    "input_rev": "v4.33.1",
    "exit_code": 0,
    "actual_head": "0df444a360eaa60ab8c11dca51a86af692955474",
    "command_output": "0df444a360eaa60ab8c11dca51a86af692955474\n",
    "matches_pin": true
  },
  {
    "name": "plausible",
    "path": "/workspace/scratch/b2b84342d09f/lean-math-lab-layout/.lake/packages/plausible",
    "expected_head": "b7eb3304aeae834b12dda98993a37f6a41f6f0bb",
    "url": "https://github.com/leanprover-community/plausible",
    "input_rev": "main",
    "exit_code": 0,
    "actual_head": "b7eb3304aeae834b12dda98993a37f6a41f6f0bb",
    "command_output": "b7eb3304aeae834b12dda98993a37f6a41f6f0bb\n",
    "matches_pin": true
  },
  {
    "name": "LeanSearchClient",
    "path": "/workspace/scratch/b2b84342d09f/lean-math-lab-layout/.lake/packages/LeanSearchClient",
    "expected_head": "5f4d51b81cbd3f6b32b156bfad9056621a040404",
    "url": "https://github.com/leanprover-community/LeanSearchClient",
    "input_rev": "main",
    "exit_code": 0,
    "actual_head": "5f4d51b81cbd3f6b32b156bfad9056621a040404",
    "command_output": "5f4d51b81cbd3f6b32b156bfad9056621a040404\n",
    "matches_pin": true
  },
  {
    "name": "importGraph",
    "path": "/workspace/scratch/b2b84342d09f/lean-math-lab-layout/.lake/packages/importGraph",
    "expected_head": "16f02aa7642864af59f1ff0e384a015994db9118",
    "url": "https://github.com/leanprover-community/import-graph",
    "input_rev": "main",
    "exit_code": 0,
    "actual_head": "16f02aa7642864af59f1ff0e384a015994db9118",
    "command_output": "16f02aa7642864af59f1ff0e384a015994db9118\n",
    "matches_pin": true
  },
  {
    "name": "proofwidgets",
    "path": "/workspace/scratch/b2b84342d09f/lean-math-lab-layout/.lake/packages/proofwidgets",
    "expected_head": "4be2e3d5087eeb272cf5a8853b8f9dd025ef5957",
    "url": "https://github.com/leanprover-community/ProofWidgets4",
    "input_rev": "main",
    "exit_code": 0,
    "actual_head": "4be2e3d5087eeb272cf5a8853b8f9dd025ef5957",
    "command_output": "4be2e3d5087eeb272cf5a8853b8f9dd025ef5957\n",
    "matches_pin": true
  },
  {
    "name": "aesop",
    "path": "/workspace/scratch/b2b84342d09f/lean-math-lab-layout/.lake/packages/aesop",
    "expected_head": "3448c0bcc5ce01b2d1546e483ec3620e32df3d0e",
    "url": "https://github.com/leanprover-community/aesop",
    "input_rev": "master",
    "exit_code": 0,
    "actual_head": "3448c0bcc5ce01b2d1546e483ec3620e32df3d0e",
    "command_output": "3448c0bcc5ce01b2d1546e483ec3620e32df3d0e\n",
    "matches_pin": true
  },
  {
    "name": "Qq",
    "path": "/workspace/scratch/b2b84342d09f/lean-math-lab-layout/.lake/packages/Qq",
    "expected_head": "92c15be17b7caf78c2ad767ec40f89052d908d81",
    "url": "https://github.com/leanprover-community/quote4",
    "input_rev": "master",
    "exit_code": 0,
    "actual_head": "92c15be17b7caf78c2ad767ec40f89052d908d81",
    "command_output": "92c15be17b7caf78c2ad767ec40f89052d908d81\n",
    "matches_pin": true
  },
  {
    "name": "batteries",
    "path": "/workspace/scratch/b2b84342d09f/lean-math-lab-layout/.lake/packages/batteries",
    "expected_head": "4488d40d070b9700d4d5a6aa342f0d40c31b2a2d",
    "url": "https://github.com/leanprover-community/batteries",
    "input_rev": "main",
    "exit_code": 0,
    "actual_head": "4488d40d070b9700d4d5a6aa342f0d40c31b2a2d",
    "command_output": "4488d40d070b9700d4d5a6aa342f0d40c31b2a2d\n",
    "matches_pin": true
  },
  {
    "name": "Cli",
    "path": "/workspace/scratch/b2b84342d09f/lean-math-lab-layout/.lake/packages/Cli",
    "expected_head": "6130a47896ce867c6a4a55373441e59e565bad0f",
    "url": "https://github.com/leanprover/lean4-cli",
    "input_rev": "v4.33.0",
    "exit_code": 0,
    "actual_head": "6130a47896ce867c6a4a55373441e59e565bad0f",
    "command_output": "6130a47896ce867c6a4a55373441e59e565bad0f\n",
    "matches_pin": true
  }
]
