info: mathlib: cloning https://github.com/leanprover-community/mathlib4
info: mathlib: checking out revision '0df444a360eaa60ab8c11dca51a86af692955474'
info: plausible: cloning https://github.com/leanprover-community/plausible
info: plausible: checking out revision 'b7eb3304aeae834b12dda98993a37f6a41f6f0bb'
info: LeanSearchClient: cloning https://github.com/leanprover-community/LeanSearchClient
info: LeanSearchClient: checking out revision '5f4d51b81cbd3f6b32b156bfad9056621a040404'
info: importGraph: cloning https://github.com/leanprover-community/import-graph
info: importGraph: checking out revision '16f02aa7642864af59f1ff0e384a015994db9118'
info: proofwidgets: cloning https://github.com/leanprover-community/ProofWidgets4
info: proofwidgets: checking out revision '4be2e3d5087eeb272cf5a8853b8f9dd025ef5957'
info: aesop: cloning https://github.com/leanprover-community/aesop
info: aesop: checking out revision '3448c0bcc5ce01b2d1546e483ec3620e32df3d0e'
info: Qq: cloning https://github.com/leanprover-community/quote4
info: Qq: checking out revision '92c15be17b7caf78c2ad767ec40f89052d908d81'
info: batteries: cloning https://github.com/leanprover-community/batteries
info: batteries: checking out revision '4488d40d070b9700d4d5a6aa342f0d40c31b2a2d'
info: Cli: cloning https://github.com/leanprover/lean4-cli
info: Cli: checking out revision '6130a47896ce867c6a4a55373441e59e565bad0f'
✔ [2/6] Built Cache.Cli (287ms)
✔ [4/11] Built Cache.Lean (354ms)
✔ [6/12] Built Batteries.Tactic.OpenPrivate (836ms)
✔ [7/12] Built Cache.Infra (363ms)
✔ [8/13] Built Cache.IO (1.4s)
✔ [10/27] Built Cache.Hashing (770ms)
✔ [11/27] Built Cache.Requests (2.2s)
✔ [12/27] Built Cache.Cli:c.o (143ms)
✔ [13/27] Built Cache.Lean:c.o (157ms)
✔ [14/27] Built Batteries.Tactic.OpenPrivate:c.o (1.2s)
✔ [15/27] Built Cache.IO:c.o (1.6s)
✔ [16/27] Built Cache.Hashing:c.o (458ms)
✔ [17/27] Built Cache.Infra:c.o (227ms)
✔ [18/27] Built Cache.Requests:c.o (2.8s)
✔ [19/27] Built Cache.Marker (541ms)
✔ [20/27] Built Cache.Marker:c.o (129ms)
✔ [21/27] Built Cache.Query (674ms)
✔ [22/27] Built Cache.Query:c.o (316ms)
✔ [23/27] Built Cache.Warning (637ms)
✔ [24/27] Built Cache.Warning:c.o (274ms)
✔ [25/27] Built Cache.Main (1.1s)
✔ [26/27] Built Cache.Main:c.o (1.0s)
✔ [27/27] Built cache:exe (909ms)
Downloaded: 1 file(s) [attempted 1/614 = 0%, 4 KB/s], Decompressed: 0Downloaded: 61 file(s) [attempted 61/614 = 9%, 933 KB/s], Decompressed: 1Downloaded: 130 file(s) [attempted 130/614 = 21%, 1019 KB/s], Decompressed: 1Downloaded: 201 file(s) [attempted 201/614 = 32%, 1468 KB/s], Decompressed: 1Downloaded: 299 file(s) [attempted 299/614 = 48%, 2095 KB/s], Decompressed: 32Downloaded: 393 file(s) [attempted 393/614 = 64%, 343 KB/s], Decompressed: 32Downloaded: 502 file(s) [attempted 502/614 = 81%, 1749 KB/s], Decompressed: 32Downloaded: 605 file(s) [attempted 605/614 = 98%, 815 KB/s], Decompressed: 32Downloaded: 614 file(s) [attempted 614/614 = 100%, 141 KB/s], Decompressed: 32Downloaded: 614 file(s) [attempted 614/614 = 100%, 141 KB/s], Decompressed: 32
