COMPILE research/tasks/B686-Four/runs/20260908-formalization-92c221/lean/quarter/RectangleCauchy.lean
research/tasks/B686-Four/runs/20260908-formalization-92c221/lean/quarter/RectangleCauchy.lean:28:4: warning: Used `tac1 <;> tac2` where `(tac1; tac2)` would suffice

Note: This linter can be disabled with `set_option linter.unnecessarySeqFocus false`
research/tasks/B686-Four/runs/20260908-formalization-92c221/lean/quarter/RectangleCauchy.lean:33:2: warning: Used `tac1 <;> tac2` where `(tac1; tac2)` would suffice

Note: This linter can be disabled with `set_option linter.unnecessarySeqFocus false`
research/tasks/B686-Four/runs/20260908-formalization-92c221/lean/quarter/RectangleCauchy.lean:84:6: warning: Unused tactic linter: `ring` does nothing

Note: This linter can be disabled with `set_option linter.unusedTactic false`
research/tasks/B686-Four/runs/20260908-formalization-92c221/lean/quarter/RectangleCauchy.lean:84:6: warning: this tactic is never executed

Note: This linter can be disabled with `set_option linter.unreachableTactic false`
research/tasks/B686-Four/runs/20260908-formalization-92c221/lean/quarter/RectangleCauchy.lean:82:2: warning: Used `tac1 <;> tac2` where `(tac1; tac2)` would suffice

Note: This linter can be disabled with `set_option linter.unnecessarySeqFocus false`
research/tasks/B686-Four/runs/20260908-formalization-92c221/lean/quarter/RectangleCauchy.lean:83:2: warning: Used `tac1 <;> tac2` where `(tac1; tac2)` would suffice

Note: This linter can be disabled with `set_option linter.unnecessarySeqFocus false`
research/tasks/B686-Four/runs/20260908-formalization-92c221/lean/quarter/RectangleCauchy.lean:234:4: warning: Used `tac1 <;> tac2` where `(tac1; tac2)` would suffice

Note: This linter can be disabled with `set_option linter.unnecessarySeqFocus false`
research/tasks/B686-Four/runs/20260908-formalization-92c221/lean/quarter/RectangleCauchy.lean:489:6: warning: Unused tactic linter: `ring` does nothing

Note: This linter can be disabled with `set_option linter.unusedTactic false`
research/tasks/B686-Four/runs/20260908-formalization-92c221/lean/quarter/RectangleCauchy.lean:489:6: warning: this tactic is never executed

Note: This linter can be disabled with `set_option linter.unreachableTactic false`
research/tasks/B686-Four/runs/20260908-formalization-92c221/lean/quarter/RectangleCauchy.lean:479:6: warning: Used `tac1 <;> tac2` where `(tac1; tac2)` would suffice

Note: This linter can be disabled with `set_option linter.unnecessarySeqFocus false`
research/tasks/B686-Four/runs/20260908-formalization-92c221/lean/quarter/RectangleCauchy.lean:509:6: warning: This simp argument is unused:
  zero_mul

Hint: Omit it from the simp argument list.
  [apply] simp only [sub_re, ofReal_re, add_re, mul_re, ofReal_im, I_re, I_im, mul_zero, mul_one, sub_zero, add_zero,
    zero_re] at hr

Note: This linter can be disabled with `set_option linter.unusedSimpArgs false`
research/tasks/B686-Four/runs/20260908-formalization-92c221/lean/quarter/RectangleCauchy.lean:549:4: error: Type mismatch: After simplification, term
  hh
 has type
  ContinuousWithinAt (fun t => fu (↑z + ↑t * I)) (Set.Ioi 0) 0
but is expected to have type
  Filter.Tendsto (fun t => fu (↑z + ↑t * I)) (nhdsWithin 0 (Set.Ioi 0)) (nhds (fu ↑z))
research/tasks/B686-Four/runs/20260908-formalization-92c221/lean/quarter/RectangleCauchy.lean:556:4: error: Type mismatch: After simplification, term
  ContinuousAt.continuousWithinAt (Continuous.continuousAt hc)
 has type
  ContinuousWithinAt
    (fun x => -(I * ((↑Real.pi)⁻¹ * 2⁻¹) * ∫ (x_1 : ℝ) in -R₀..R₀, (fu ↑x_1 - fl ↑x_1) / (↑x_1 - (↑z + ↑x * I)))) ?m.371
    ?m.372
but is expected to have type
  Filter.Tendsto
    (fun x => I * ((↑Real.pi)⁻¹ * 2⁻¹) * ∫ (x_1 : ℝ) in -R₀..R₀, (fu ↑x_1 - fl ↑x_1) / (↑x_1 - (↑z + ↑x * I)))
    (nhdsWithin 0 (Set.Ioi 0)) (nhds (I * ((↑Real.pi)⁻¹ * 2⁻¹) * ∫ (x : ℝ) in -R₀..R₀, (fu ↑x - fl ↑x) / (↑x - ↑z)))
'B686QuarterCauchy.jump_representation_real' depends on axioms: [propext, sorryAx, Classical.choice, Quot.sound]
research/tasks/B686-Four/runs/20260908-formalization-92c221/lean/quarter/RectangleCauchy.lean:564:0: error: ❌️ Docstring on `#guard_msgs` does not match generated message:

- info: 'B686QuarterCauchy.jump_representation_real' depends on axioms: [propext, Classical.choice, Quot.sound]
+ info: 'B686QuarterCauchy.jump_representation_real' depends on axioms: [propext, sorryAx, Classical.choice, Quot.sound]

