COMPILE research/tasks/B686-Four/runs/20260908-formalization-92c221/lean/quarter/RectangleCauchy.lean
research/tasks/B686-Four/runs/20260908-formalization-92c221/lean/quarter/RectangleCauchy.lean:28:4: warning: Used `tac1 <;> tac2` where `(tac1; tac2)` would suffice

Note: This linter can be disabled with `set_option linter.unnecessarySeqFocus false`
research/tasks/B686-Four/runs/20260908-formalization-92c221/lean/quarter/RectangleCauchy.lean:33:2: warning: Used `tac1 <;> tac2` where `(tac1; tac2)` would suffice

Note: This linter can be disabled with `set_option linter.unnecessarySeqFocus false`
research/tasks/B686-Four/runs/20260908-formalization-92c221/lean/quarter/RectangleCauchy.lean:59:2: error: 'change' tactic failed, pattern
  I / (↑R + ↑y * I) = 1 / (↑y - ↑R * I)
is not definitionally equal to target
  I * (↑R + ↑y * I)⁻¹ = (↑y - ↑R * I)⁻¹
research/tasks/B686-Four/runs/20260908-formalization-92c221/lean/quarter/RectangleCauchy.lean:68:2: error: 'change' tactic failed, pattern
  I / (-↑R + ↑y * I) = 1 / (↑y + ↑R * I)
is not definitionally equal to target
  I * (-↑R + ↑y * I)⁻¹ = (↑y + ↑R * I)⁻¹
research/tasks/B686-Four/runs/20260908-formalization-92c221/lean/quarter/RectangleCauchy.lean:84:6: warning: Unused tactic linter: `ring` does nothing

Note: This linter can be disabled with `set_option linter.unusedTactic false`
research/tasks/B686-Four/runs/20260908-formalization-92c221/lean/quarter/RectangleCauchy.lean:84:6: warning: this tactic is never executed

Note: This linter can be disabled with `set_option linter.unreachableTactic false`
research/tasks/B686-Four/runs/20260908-formalization-92c221/lean/quarter/RectangleCauchy.lean:82:2: warning: Used `tac1 <;> tac2` where `(tac1; tac2)` would suffice

Note: This linter can be disabled with `set_option linter.unnecessarySeqFocus false`
research/tasks/B686-Four/runs/20260908-formalization-92c221/lean/quarter/RectangleCauchy.lean:83:2: warning: Used `tac1 <;> tac2` where `(tac1; tac2)` would suffice

Note: This linter can be disabled with `set_option linter.unnecessarySeqFocus false`
'B686QuarterCauchy.square_boundary_inverse' depends on axioms: [propext, sorryAx, Classical.choice, Quot.sound]
research/tasks/B686-Four/runs/20260908-formalization-92c221/lean/quarter/RectangleCauchy.lean:120:0: error: ❌️ Docstring on `#guard_msgs` does not match generated message:

- info: 'B686QuarterCauchy.square_boundary_inverse' depends on axioms: [propext, Classical.choice, Quot.sound]
+ info: 'B686QuarterCauchy.square_boundary_inverse' depends on axioms: [propext, sorryAx, Classical.choice, Quot.sound]

