COMPILE research/tasks/B686-Four/runs/20260908-formalization-92c221/lean/quarter/RectangleCauchy.lean
research/tasks/B686-Four/runs/20260908-formalization-92c221/lean/quarter/RectangleCauchy.lean:28:4: warning: Used `tac1 <;> tac2` where `(tac1; tac2)` would suffice

Note: This linter can be disabled with `set_option linter.unnecessarySeqFocus false`
research/tasks/B686-Four/runs/20260908-formalization-92c221/lean/quarter/RectangleCauchy.lean:33:2: warning: Used `tac1 <;> tac2` where `(tac1; tac2)` would suffice

Note: This linter can be disabled with `set_option linter.unnecessarySeqFocus false`
research/tasks/B686-Four/runs/20260908-formalization-92c221/lean/quarter/RectangleCauchy.lean:56:41: error: unsolved goals
R y : ℝ
hR : R ≠ 0
h1 : ↑R + ↑y * I ≠ 0
h2 : ↑y - ↑R * I ≠ 0
⊢ I / (↑R + I * ↑y) = 1 / (↑y - I * ↑R)
R y : ℝ
hR : R ≠ 0
h1 : ↑R + ↑y * I ≠ 0
h2 : ↑y - ↑R * I ≠ 0
⊢ I / (↑R + I * ↑y) = 1 / (↑y - I * ↑R)
research/tasks/B686-Four/runs/20260908-formalization-92c221/lean/quarter/RectangleCauchy.lean:63:42: error: unsolved goals
R y : ℝ
hR : R ≠ 0
h1 : -↑R + ↑y * I ≠ 0
h2 : ↑y + ↑R * I ≠ 0
⊢ I / (-↑R + I * ↑y) = 1 / (↑y + I * ↑R)
R y : ℝ
hR : R ≠ 0
h1 : -↑R + ↑y * I ≠ 0
h2 : ↑y + ↑R * I ≠ 0
⊢ I / (-↑R + I * ↑y) = 1 / (↑y + I * ↑R)
research/tasks/B686-Four/runs/20260908-formalization-92c221/lean/quarter/RectangleCauchy.lean:80:6: warning: Unused tactic linter: `ring` does nothing

Note: This linter can be disabled with `set_option linter.unusedTactic false`
research/tasks/B686-Four/runs/20260908-formalization-92c221/lean/quarter/RectangleCauchy.lean:80:6: warning: this tactic is never executed

Note: This linter can be disabled with `set_option linter.unreachableTactic false`
research/tasks/B686-Four/runs/20260908-formalization-92c221/lean/quarter/RectangleCauchy.lean:78:2: warning: Used `tac1 <;> tac2` where `(tac1; tac2)` would suffice

Note: This linter can be disabled with `set_option linter.unnecessarySeqFocus false`
research/tasks/B686-Four/runs/20260908-formalization-92c221/lean/quarter/RectangleCauchy.lean:79:2: warning: Used `tac1 <;> tac2` where `(tac1; tac2)` would suffice

Note: This linter can be disabled with `set_option linter.unnecessarySeqFocus false`
'B686QuarterCauchy.square_boundary_inverse' depends on axioms: [propext, sorryAx, Classical.choice, Quot.sound]
research/tasks/B686-Four/runs/20260908-formalization-92c221/lean/quarter/RectangleCauchy.lean:116:0: error: ❌️ Docstring on `#guard_msgs` does not match generated message:

- info: 'B686QuarterCauchy.square_boundary_inverse' depends on axioms: [propext, Classical.choice, Quot.sound]
+ info: 'B686QuarterCauchy.square_boundary_inverse' depends on axioms: [propext, sorryAx, Classical.choice, Quot.sound]

