# command: LEAN -j1 -M1536 -DautoImplicit=false -DrelaxedAutoImplicit=false --root=PROJECT_ROOT -o .tools/20260911-low-index-lean-513dc7cc/20260911T114215754716Z/olean/research/tasks/B699-Binomial/runs/20260911-low-index-lean-513dc7cc/lean/RationalDivisor/FloorLayers.olean research/tasks/B699-Binomial/runs/20260911-low-index-lean-513dc7cc/lean/RationalDivisor/FloorLayers.lean
# cwd: PROJECT_ROOT
# started_utc: 2026-09-11T11:42:46.802342Z
# finished_utc: 2026-09-11T11:42:51.641391Z
# exit_code: 1
# timed_out: False
PROJECT_ROOT\research\tasks\B699-Binomial\runs\20260911-low-index-lean-513dc7cc\lean\RationalDivisor\FloorLayers.lean:20:32: warning: This simp argument is unused:
  Nat.add_mul

Hint: Omit it from the simp argument list.
  [apply] simp only [Nat.mul_add]

Note: This linter can be disabled with `set_option linter.unusedSimpArgs false`
PROJECT_ROOT\research\tasks\B699-Binomial\runs\20260911-low-index-lean-513dc7cc\lean\RationalDivisor\FloorLayers.lean:34:32: warning: This simp argument is unused:
  Nat.add_mul

Hint: Omit it from the simp argument list.
  [apply] simp only [Nat.mul_add]

Note: This linter can be disabled with `set_option linter.unusedSimpArgs false`
PROJECT_ROOT\research\tasks\B699-Binomial\runs\20260911-low-index-lean-513dc7cc\lean\RationalDivisor\FloorLayers.lean:44:4: error: omega could not prove the goal:
a possible counterexample may satisfy the constraints
  d - e ≥ 0
  d - e + f ≤ -1
  c ≥ 0
  b ≥ 0
  a ≥ 0
  a - b ≥ 0
  a - b ≥ 0
where
 a := ↑F
 b := ↑A
 c := ↑B
 d := ↑(2 * F + B) / ↑n
 e := ↑(A + B + F) / ↑n
 f := ↑(2 * A + B) / ↑n
PROJECT_ROOT\research\tasks\B699-Binomial\runs\20260911-low-index-lean-513dc7cc\lean\RationalDivisor\FloorLayers.lean:47:4: error: omega could not prove the goal:
a possible counterexample may satisfy the constraints
  d - e ≥ 0
  d - e + f ≤ -1
  c ≥ 0
  b ≥ 0
  a ≥ 0
  a - b ≥ 1
  a - b ≥ 0
where
 a := ↑A
 b := ↑F
 c := ↑B
 d := ↑(2 * A + B) / ↑n
 e := ↑(A + B + F) / ↑n
 f := ↑(2 * F + B) / ↑n
'Math.B699.RationalFactorialDivisor.twice_add_div_decomposition' depends on axioms: [propext, Quot.sound]
'Math.B699.RationalFactorialDivisor.triple_add_div_decomposition' depends on axioms: [propext, Quot.sound]
'Math.B699.RationalFactorialDivisor.middle_div_le_outer_div_sum' depends on axioms: [sorryAx]
'Math.B699.RationalFactorialDivisor.factorial_floor_layer' depends on axioms: [propext, sorryAx, Quot.sound]
