candidates 333 qig 300 need 33 max 290166786
18 widths [0] remaining []
56 widths [0] remaining []
90 widths [0] remaining []
162 widths [3, 0] remaining []
488 widths [0] remaining []
1026 widths [5, 1, 0] remaining []
1458 widths [3, 0] remaining []
2432 widths [5, 0] remaining []
5346 widths [3, 0] remaining []
7938 widths [0] remaining []
8192 widths [0] remaining []
10242 widths [3, 0] remaining []
13122 widths [0] remaining []
28674 widths [2, 0] remaining []
33536 widths [0] remaining []
65538 widths [0] remaining []
118098 widths [2, 0] remaining []
153090 widths [0] remaining []
524288 widths [0] remaining []
526338 widths [3, 0] remaining []
966656 widths [0] remaining []
1062882 widths [0] remaining []
3014658 widths [5, 0] remaining []
4194306 widths [1, 0] remaining []
7991298 widths [3, 0] remaining []
9565938 widths [4, 0] remaining []
13631490 widths [0] remaining []
34865154 widths [4, 0] remaining []
41943042 widths [4, 0] remaining []
72630272 widths [2, 0] remaining []
86093442 widths [5, 0] remaining []
268435458 widths [2, 0] remaining []
290166786 widths [2, 0] remaining []
done 33 seconds 0.005235340000012911
