# command: LEAN -j1 -M1536 -DautoImplicit=false -DrelaxedAutoImplicit=false --root=PROJECT_ROOT -o .tools/20260911-low-index-lean-513dc7cc/20260911T042357247846Z/olean/research/tasks/B699-Binomial/runs/20260911-low-index-lean-513dc7cc/lean/rows/Row098B32/Block000.olean research/tasks/B699-Binomial/runs/20260911-low-index-lean-513dc7cc/lean/rows/Row098B32/Block000.lean
# cwd: PROJECT_ROOT
# started_utc: 2026-09-11T04:24:11.851631Z
# finished_utc: 2026-09-11T04:24:28.531860Z
# exit_code: 3221226505
# timed_out: False
'B699LowIndex.LowIndexLean513dc7cc.row098' does not depend on any axioms
'B699LowIndex.LowIndexLean513dc7cc.row098_good000_checked' depends on axioms: [propext, Classical.choice, Quot.sound]
'B699LowIndex.LowIndexLean513dc7cc.row098_good001_checked' depends on axioms: [propext, Classical.choice, Quot.sound]
'B699LowIndex.LowIndexLean513dc7cc.row098_good002_checked' depends on axioms: [propext, Classical.choice, Quot.sound]
'B699LowIndex.LowIndexLean513dc7cc.row098_good003_checked' depends on axioms: [propext, Classical.choice, Quot.sound]
'B699LowIndex.LowIndexLean513dc7cc.row098_good004_checked' depends on axioms: [propext, Classical.choice, Quot.sound]
'B699LowIndex.LowIndexLean513dc7cc.row098_good005_checked' depends on axioms: [propext, Classical.choice, Quot.sound]
'B699LowIndex.LowIndexLean513dc7cc.row098_good006_checked' depends on axioms: [propext, Classical.choice, Quot.sound]
'B699LowIndex.LowIndexLean513dc7cc.row098_good007_checked' depends on axioms: [propext, Classical.choice, Quot.sound]
'B699LowIndex.LowIndexLean513dc7cc.row098_good008_checked' depends on axioms: [propext, Classical.choice, Quot.sound]
'B699LowIndex.LowIndexLean513dc7cc.row098_good009_checked' depends on axioms: [propext, Classical.choice, Quot.sound]
'B699LowIndex.LowIndexLean513dc7cc.row098_good010_checked' depends on axioms: [propext, Classical.choice, Quot.sound]
'B699LowIndex.LowIndexLean513dc7cc.row098_good011_checked' depends on axioms: [propext, Classical.choice, Quot.sound]
'B699LowIndex.LowIndexLean513dc7cc.row098_good012_checked' depends on axioms: [propext, Classical.choice, Quot.sound]
'B699LowIndex.LowIndexLean513dc7cc.row098_good013_checked' depends on axioms: [propext, Classical.choice, Quot.sound]
'B699LowIndex.LowIndexLean513dc7cc.row098_good014_checked' depends on axioms: [propext, Classical.choice, Quot.sound]
'B699LowIndex.LowIndexLean513dc7cc.row098_good015_checked' depends on axioms: [propext, Classical.choice, Quot.sound]
'B699LowIndex.LowIndexLean513dc7cc.row098_good016_checked' depends on axioms: [propext, Classical.choice, Quot.sound]
'B699LowIndex.LowIndexLean513dc7cc.row098_good017_checked' depends on axioms: [propext, Classical.choice, Quot.sound]
'B699LowIndex.LowIndexLean513dc7cc.row098_good018_checked' depends on axioms: [propext, Classical.choice, Quot.sound]
'B699LowIndex.LowIndexLean513dc7cc.row098_good019_checked' depends on axioms: [propext, Classical.choice, Quot.sound]
'B699LowIndex.LowIndexLean513dc7cc.row098_good020_checked' depends on axioms: [propext, Classical.choice, Quot.sound]
'B699LowIndex.LowIndexLean513dc7cc.row098_good021_checked' depends on axioms: [propext, Classical.choice, Quot.sound]
'B699LowIndex.LowIndexLean513dc7cc.row098_good022_checked' depends on axioms: [propext, Classical.choice, Quot.sound]
'B699LowIndex.LowIndexLean513dc7cc.row098_good023_checked' depends on axioms: [propext, Classical.choice, Quot.sound]
'B699LowIndex.LowIndexLean513dc7cc.row098_good024_checked' depends on axioms: [propext, Classical.choice, Quot.sound]
'B699LowIndex.LowIndexLean513dc7cc.row098_good025_checked' depends on axioms: [propext, Classical.choice, Quot.sound]
'B699LowIndex.LowIndexLean513dc7cc.row098_good026_checked' depends on axioms: [propext, Classical.choice, Quot.sound]
'B699LowIndex.LowIndexLean513dc7cc.row098_good027_checked' depends on axioms: [propext, Classical.choice, Quot.sound]
'B699LowIndex.LowIndexLean513dc7cc.row098_good028_checked' depends on axioms: [propext, Classical.choice, Quot.sound]
'B699LowIndex.LowIndexLean513dc7cc.row098_good029_checked' depends on axioms: [propext, Classical.choice, Quot.sound]
'B699LowIndex.LowIndexLean513dc7cc.row098_good030_checked' depends on axioms: [propext, Classical.choice, Quot.sound]
'B699LowIndex.LowIndexLean513dc7cc.row098_good031_checked' depends on axioms: [propext, Classical.choice, Quot.sound]
'B699LowIndex.LowIndexLean513dc7cc.row098_good032_checked' depends on axioms: [propext, Classical.choice, Quot.sound]
'B699LowIndex.LowIndexLean513dc7cc.row098_good033_checked' depends on axioms: [propext, Classical.choice, Quot.sound]
'B699LowIndex.LowIndexLean513dc7cc.row098_good034_checked' depends on axioms: [propext, Classical.choice, Quot.sound]
'B699LowIndex.LowIndexLean513dc7cc.row098_good035_checked' depends on axioms: [propext, Classical.choice, Quot.sound]
'B699LowIndex.LowIndexLean513dc7cc.row098_good036_checked' depends on axioms: [propext, Classical.choice, Quot.sound]
'B699LowIndex.LowIndexLean513dc7cc.row098_good037_checked' depends on axioms: [propext, Classical.choice, Quot.sound]
'B699LowIndex.LowIndexLean513dc7cc.row098_good038_checked' depends on axioms: [propext, Classical.choice, Quot.sound]
'B699LowIndex.LowIndexLean513dc7cc.row098_good039_checked' depends on axioms: [propext, Classical.choice, Quot.sound]
'B699LowIndex.LowIndexLean513dc7cc.row098_good040_checked' depends on axioms: [propext, Classical.choice, Quot.sound]
'B699LowIndex.LowIndexLean513dc7cc.row098_good041_checked' depends on axioms: [propext, Classical.choice, Quot.sound]
'B699LowIndex.LowIndexLean513dc7cc.row098_good042_checked' depends on axioms: [propext, Classical.choice, Quot.sound]
'B699LowIndex.LowIndexLean513dc7cc.row098_good043_checked' depends on axioms: [propext, Classical.choice, Quot.sound]
'B699LowIndex.LowIndexLean513dc7cc.row098_good044_checked' depends on axioms: [propext, Classical.choice, Quot.sound]
'B699LowIndex.LowIndexLean513dc7cc.row098_good045_checked' depends on axioms: [propext, Classical.choice, Quot.sound]
'B699LowIndex.LowIndexLean513dc7cc.row098_good046_checked' depends on axioms: [propext, Classical.choice, Quot.sound]
'B699LowIndex.LowIndexLean513dc7cc.row098_good047_checked' depends on axioms: [propext, Classical.choice, Quot.sound]
'B699LowIndex.LowIndexLean513dc7cc.row098_good048_checked' depends on axioms: [propext, Classical.choice, Quot.sound]
'B699LowIndex.LowIndexLean513dc7cc.row098_good049_checked' depends on axioms: [propext, Classical.choice, Quot.sound]
'B699LowIndex.LowIndexLean513dc7cc.row098_good050_checked' depends on axioms: [propext, Classical.choice, Quot.sound]
'B699LowIndex.LowIndexLean513dc7cc.row098_good051_checked' depends on axioms: [propext, Classical.choice, Quot.sound]
'B699LowIndex.LowIndexLean513dc7cc.row098_good052_checked' depends on axioms: [propext, Classical.choice, Quot.sound]
'B699LowIndex.LowIndexLean513dc7cc.row098_good053_checked' depends on axioms: [propext, Classical.choice, Quot.sound]
'B699LowIndex.LowIndexLean513dc7cc.row098_good054_checked' depends on axioms: [propext, Classical.choice, Quot.sound]
'B699LowIndex.LowIndexLean513dc7cc.row098_good055_checked' depends on axioms: [propext, Classical.choice, Quot.sound]
'B699LowIndex.LowIndexLean513dc7cc.row098_good056_checked' depends on axioms: [propext, Classical.choice, Quot.sound]
'B699LowIndex.LowIndexLean513dc7cc.row098_good057_checked' depends on axioms: [propext, Classical.choice, Quot.sound]
'B699LowIndex.LowIndexLean513dc7cc.row098_good058_checked' depends on axioms: [propext, Classical.choice, Quot.sound]
'B699LowIndex.LowIndexLean513dc7cc.row098_good059_checked' depends on axioms: [propext, Classical.choice, Quot.sound]
'B699LowIndex.LowIndexLean513dc7cc.row098_good060_checked' depends on axioms: [propext, Classical.choice, Quot.sound]
'B699LowIndex.LowIndexLean513dc7cc.row098_good061_checked' depends on axioms: [propext, Classical.choice, Quot.sound]
'B699LowIndex.LowIndexLean513dc7cc.row098_good062_checked' depends on axioms: [propext, Classical.choice, Quot.sound]
'B699LowIndex.LowIndexLean513dc7cc.row098_good063_checked' depends on axioms: [propext, Classical.choice, Quot.sound]
'B699LowIndex.LowIndexLean513dc7cc.row098_good064_checked' depends on axioms: [propext, Classical.choice, Quot.sound]
'B699LowIndex.LowIndexLean513dc7cc.row098_good065_checked' depends on axioms: [propext, Classical.choice, Quot.sound]
'B699LowIndex.LowIndexLean513dc7cc.row098_good066_checked' depends on axioms: [propext, Classical.choice, Quot.sound]
'B699LowIndex.LowIndexLean513dc7cc.row098_good067_checked' depends on axioms: [propext, Classical.choice, Quot.sound]
'B699LowIndex.LowIndexLean513dc7cc.row098_good068_checked' depends on axioms: [propext, Classical.choice, Quot.sound]
'B699LowIndex.LowIndexLean513dc7cc.row098_good069_checked' depends on axioms: [propext, Classical.choice, Quot.sound]
'B699LowIndex.LowIndexLean513dc7cc.row098_good070_checked' depends on axioms: [propext, Classical.choice, Quot.sound]
'B699LowIndex.LowIndexLean513dc7cc.row098_good071_checked' depends on axioms: [propext, Classical.choice, Quot.sound]
'B699LowIndex.LowIndexLean513dc7cc.row098_good072_checked' depends on axioms: [propext, Classical.choice, Quot.sound]
'B699LowIndex.LowIndexLean513dc7cc.row098_good073_checked' depends on axioms: [propext, Classical.choice, Quot.sound]
'B699LowIndex.LowIndexLean513dc7cc.row098_good074_checked' depends on axioms: [propext, Classical.choice, Quot.sound]
'B699LowIndex.LowIndexLean513dc7cc.row098_good075_checked' depends on axioms: [propext, Classical.choice, Quot.sound]
'B699LowIndex.LowIndexLean513dc7cc.row098_good076_checked' depends on axioms: [propext, Classical.choice, Quot.sound]
'B699LowIndex.LowIndexLean513dc7cc.row098_good077_checked' depends on axioms: [propext, Classical.choice, Quot.sound]
'B699LowIndex.LowIndexLean513dc7cc.row098_good078_checked' depends on axioms: [propext, Classical.choice, Quot.sound]
'B699LowIndex.LowIndexLean513dc7cc.row098_good079_checked' depends on axioms: [propext, Classical.choice, Quot.sound]
'B699LowIndex.LowIndexLean513dc7cc.row098_good080_checked' depends on axioms: [propext, Classical.choice, Quot.sound]
'B699LowIndex.LowIndexLean513dc7cc.row098_good081_checked' depends on axioms: [propext, Classical.choice, Quot.sound]
'B699LowIndex.LowIndexLean513dc7cc.row098_good082_checked' depends on axioms: [propext, Classical.choice, Quot.sound]
'B699LowIndex.LowIndexLean513dc7cc.row098_good083_checked' depends on axioms: [propext, Classical.choice, Quot.sound]
'B699LowIndex.LowIndexLean513dc7cc.row098_good084_checked' depends on axioms: [propext, Classical.choice, Quot.sound]
'B699LowIndex.LowIndexLean513dc7cc.row098_good085_checked' depends on axioms: [propext, Classical.choice, Quot.sound]
'B699LowIndex.LowIndexLean513dc7cc.row098_good086_checked' depends on axioms: [propext, Classical.choice, Quot.sound]
'B699LowIndex.LowIndexLean513dc7cc.row098_good087_checked' depends on axioms: [propext, Classical.choice, Quot.sound]
'B699LowIndex.LowIndexLean513dc7cc.row098_good088_checked' depends on axioms: [propext, Classical.choice, Quot.sound]
'B699LowIndex.LowIndexLean513dc7cc.row098_good089_checked' depends on axioms: [propext, Classical.choice, Quot.sound]
'B699LowIndex.LowIndexLean513dc7cc.row098_good090_checked' depends on axioms: [propext, Classical.choice, Quot.sound]
'B699LowIndex.LowIndexLean513dc7cc.row098_good091_checked' depends on axioms: [propext, Classical.choice, Quot.sound]
'B699LowIndex.LowIndexLean513dc7cc.row098_good092_checked' depends on axioms: [propext, Classical.choice, Quot.sound]
'B699LowIndex.LowIndexLean513dc7cc.row098_good093_checked' depends on axioms: [propext, Classical.choice, Quot.sound]
'B699LowIndex.LowIndexLean513dc7cc.row098_good094_checked' depends on axioms: [propext, Classical.choice, Quot.sound]
'B699LowIndex.LowIndexLean513dc7cc.row098_good095_checked' depends on axioms: [propext, Classical.choice, Quot.sound]
'B699LowIndex.LowIndexLean513dc7cc.row098_good096_checked' depends on axioms: [propext, Classical.choice, Quot.sound]
'B699LowIndex.LowIndexLean513dc7cc.row098_good097_checked' depends on axioms: [propext, Classical.choice, Quot.sound]
'B699LowIndex.LowIndexLean513dc7cc.row098_good098_checked' depends on axioms: [propext, Classical.choice, Quot.sound]
'B699LowIndex.LowIndexLean513dc7cc.row098_good099_checked' depends on axioms: [propext, Classical.choice, Quot.sound]
'B699LowIndex.LowIndexLean513dc7cc.row098_good100_checked' depends on axioms: [propext, Classical.choice, Quot.sound]
'B699LowIndex.LowIndexLean513dc7cc.row098_good101_checked' depends on axioms: [propext, Classical.choice, Quot.sound]
'B699LowIndex.LowIndexLean513dc7cc.row098_good102_checked' depends on axioms: [propext, Classical.choice, Quot.sound]
'B699LowIndex.LowIndexLean513dc7cc.row098_good103_checked' depends on axioms: [propext, Classical.choice, Quot.sound]
'B699LowIndex.LowIndexLean513dc7cc.row098_good104_checked' depends on axioms: [propext, Classical.choice, Quot.sound]
'B699LowIndex.LowIndexLean513dc7cc.row098_good105_checked' depends on axioms: [propext, Classical.choice, Quot.sound]
'B699LowIndex.LowIndexLean513dc7cc.row098_good106_checked' depends on axioms: [propext, Classical.choice, Quot.sound]
'B699LowIndex.LowIndexLean513dc7cc.row098_good107_checked' depends on axioms: [propext, Classical.choice, Quot.sound]
'B699LowIndex.LowIndexLean513dc7cc.row098_good108_checked' depends on axioms: [propext, Classical.choice, Quot.sound]
'B699LowIndex.LowIndexLean513dc7cc.row098_good109_checked' depends on axioms: [propext, Classical.choice, Quot.sound]
'B699LowIndex.LowIndexLean513dc7cc.row098_good110_checked' depends on axioms: [propext, Classical.choice, Quot.sound]
'B699LowIndex.LowIndexLean513dc7cc.row098_good111_checked' depends on axioms: [propext, Classical.choice, Quot.sound]
'B699LowIndex.LowIndexLean513dc7cc.row098_good112_checked' depends on axioms: [propext, Classical.choice, Quot.sound]
'B699LowIndex.LowIndexLean513dc7cc.row098_good113_checked' depends on axioms: [propext, Classical.choice, Quot.sound]
'B699LowIndex.LowIndexLean513dc7cc.row098_good114_checked' depends on axioms: [propext, Classical.choice, Quot.sound]
'B699LowIndex.LowIndexLean513dc7cc.row098_good115_checked' depends on axioms: [propext, Classical.choice, Quot.sound]
'B699LowIndex.LowIndexLean513dc7cc.row098_good116_checked' depends on axioms: [propext, Classical.choice, Quot.sound]
'B699LowIndex.LowIndexLean513dc7cc.row098_good117_checked' depends on axioms: [propext, Classical.choice, Quot.sound]
'B699LowIndex.LowIndexLean513dc7cc.row098_good118_checked' depends on axioms: [propext, Classical.choice, Quot.sound]
'B699LowIndex.LowIndexLean513dc7cc.row098_good119_checked' depends on axioms: [propext, Classical.choice, Quot.sound]
'B699LowIndex.LowIndexLean513dc7cc.row098_good120_checked' depends on axioms: [propext, Classical.choice, Quot.sound]
'B699LowIndex.LowIndexLean513dc7cc.row098_good121_checked' depends on axioms: [propext, Classical.choice, Quot.sound]
'B699LowIndex.LowIndexLean513dc7cc.row098_good122_checked' depends on axioms: [propext, Classical.choice, Quot.sound]
'B699LowIndex.LowIndexLean513dc7cc.row098_good123_checked' depends on axioms: [propext, Classical.choice, Quot.sound]
'B699LowIndex.LowIndexLean513dc7cc.row098_good124_checked' depends on axioms: [propext, Classical.choice, Quot.sound]
'B699LowIndex.LowIndexLean513dc7cc.row098_good125_checked' depends on axioms: [propext, Classical.choice, Quot.sound]
'B699LowIndex.LowIndexLean513dc7cc.row098_good126_checked' depends on axioms: [propext, Classical.choice, Quot.sound]
'B699LowIndex.LowIndexLean513dc7cc.row098_good127_checked' depends on axioms: [propext, Classical.choice, Quot.sound]
'B699LowIndex.LowIndexLean513dc7cc.row098_good128_checked' depends on axioms: [propext, Classical.choice, Quot.sound]
'B699LowIndex.LowIndexLean513dc7cc.row098_good129_checked' depends on axioms: [propext, Classical.choice, Quot.sound]
'B699LowIndex.LowIndexLean513dc7cc.row098_good130_checked' depends on axioms: [propext, Classical.choice, Quot.sound]
'B699LowIndex.LowIndexLean513dc7cc.row098_good131_checked' depends on axioms: [propext, Classical.choice, Quot.sound]
'B699LowIndex.LowIndexLean513dc7cc.row098_good132_checked' depends on axioms: [propext, Classical.choice, Quot.sound]
'B699LowIndex.LowIndexLean513dc7cc.row098_good133_checked' depends on axioms: [propext, Classical.choice, Quot.sound]
'B699LowIndex.LowIndexLean513dc7cc.row098_good134_checked' depends on axioms: [propext, Classical.choice, Quot.sound]
'B699LowIndex.LowIndexLean513dc7cc.row098_good135_checked' depends on axioms: [propext, Classical.choice, Quot.sound]
'B699LowIndex.LowIndexLean513dc7cc.row098_good136_checked' depends on axioms: [propext, Classical.choice, Quot.sound]
'B699LowIndex.LowIndexLean513dc7cc.row098_good137_checked' depends on axioms: [propext, Classical.choice, Quot.sound]
'B699LowIndex.LowIndexLean513dc7cc.row098_good138_checked' depends on axioms: [propext, Classical.choice, Quot.sound]
'B699LowIndex.LowIndexLean513dc7cc.row098_good139_checked' depends on axioms: [propext, Classical.choice, Quot.sound]
'B699LowIndex.LowIndexLean513dc7cc.row098_good140_checked' depends on axioms: [propext, Classical.choice, Quot.sound]
'B699LowIndex.LowIndexLean513dc7cc.row098_good141_checked' depends on axioms: [propext, Classical.choice, Quot.sound]
'B699LowIndex.LowIndexLean513dc7cc.row098_good142_checked' depends on axioms: [propext, Classical.choice, Quot.sound]
'B699LowIndex.LowIndexLean513dc7cc.row098_good143_checked' depends on axioms: [propext, Classical.choice, Quot.sound]
'B699LowIndex.LowIndexLean513dc7cc.row098_good144_checked' depends on axioms: [propext, Classical.choice, Quot.sound]
'B699LowIndex.LowIndexLean513dc7cc.row098_good145_checked' depends on axioms: [propext, Classical.choice, Quot.sound]
'B699LowIndex.LowIndexLean513dc7cc.row098_good146_checked' depends on axioms: [propext, Classical.choice, Quot.sound]
'B699LowIndex.LowIndexLean513dc7cc.row098_good147_checked' depends on axioms: [propext, Classical.choice, Quot.sound]
'B699LowIndex.LowIndexLean513dc7cc.row098_good148_checked' depends on axioms: [propext, Classical.choice, Quot.sound]
'B699LowIndex.LowIndexLean513dc7cc.row098_good149_checked' depends on axioms: [propext, Classical.choice, Quot.sound]
'B699LowIndex.LowIndexLean513dc7cc.row098_good150_checked' depends on axioms: [propext, Classical.choice, Quot.sound]
'B699LowIndex.LowIndexLean513dc7cc.row098_good151_checked' depends on axioms: [propext, Classical.choice, Quot.sound]
'B699LowIndex.LowIndexLean513dc7cc.row098_good152_checked' depends on axioms: [propext, Classical.choice, Quot.sound]
'B699LowIndex.LowIndexLean513dc7cc.row098_good153_checked' depends on axioms: [propext, Classical.choice, Quot.sound]
'B699LowIndex.LowIndexLean513dc7cc.row098_good154_checked' depends on axioms: [propext, Classical.choice, Quot.sound]
'B699LowIndex.LowIndexLean513dc7cc.row098_good155_checked' depends on axioms: [propext, Classical.choice, Quot.sound]
'B699LowIndex.LowIndexLean513dc7cc.row098_good156_checked' depends on axioms: [propext, Classical.choice, Quot.sound]
'B699LowIndex.LowIndexLean513dc7cc.row098_good157_checked' depends on axioms: [propext, Classical.choice, Quot.sound]
'B699LowIndex.LowIndexLean513dc7cc.row098_good158_checked' depends on axioms: [propext, Classical.choice, Quot.sound]
'B699LowIndex.LowIndexLean513dc7cc.row098_good159_checked' depends on axioms: [propext, Classical.choice, Quot.sound]
'B699LowIndex.LowIndexLean513dc7cc.row098_good160_checked' depends on axioms: [propext, Classical.choice, Quot.sound]
'B699LowIndex.LowIndexLean513dc7cc.row098_good161_checked' depends on axioms: [propext, Classical.choice, Quot.sound]
'B699LowIndex.LowIndexLean513dc7cc.row098_good162_checked' depends on axioms: [propext, Classical.choice, Quot.sound]
'B699LowIndex.LowIndexLean513dc7cc.row098_good163_checked' depends on axioms: [propext, Classical.choice, Quot.sound]
'B699LowIndex.LowIndexLean513dc7cc.row098_good164_checked' depends on axioms: [propext, Classical.choice, Quot.sound]
'B699LowIndex.LowIndexLean513dc7cc.row098_good165_checked' depends on axioms: [propext, Classical.choice, Quot.sound]
'B699LowIndex.LowIndexLean513dc7cc.row098_good166_checked' depends on axioms: [propext, Classical.choice, Quot.sound]
'B699LowIndex.LowIndexLean513dc7cc.row098_good167_checked' depends on axioms: [propext, Classical.choice, Quot.sound]
'B699LowIndex.LowIndexLean513dc7cc.row098_good168_checked' depends on axioms: [propext, Classical.choice, Quot.sound]
'B699LowIndex.LowIndexLean513dc7cc.row098_good169_checked' depends on axioms: [propext, Classical.choice, Quot.sound]
'B699LowIndex.LowIndexLean513dc7cc.row098_good170_checked' depends on axioms: [propext, Classical.choice, Quot.sound]
'B699LowIndex.LowIndexLean513dc7cc.row098_good171_checked' depends on axioms: [propext, Classical.choice, Quot.sound]
'B699LowIndex.LowIndexLean513dc7cc.row098_good172_checked' depends on axioms: [propext, Classical.choice, Quot.sound]
'B699LowIndex.LowIndexLean513dc7cc.row098_good173_checked' depends on axioms: [propext, Classical.choice, Quot.sound]
'B699LowIndex.LowIndexLean513dc7cc.row098_good174_checked' depends on axioms: [propext, Classical.choice, Quot.sound]
'B699LowIndex.LowIndexLean513dc7cc.row098_good175_checked' depends on axioms: [propext, Classical.choice, Quot.sound]
'B699LowIndex.LowIndexLean513dc7cc.row098_good176_checked' depends on axioms: [propext, Classical.choice, Quot.sound]
'B699LowIndex.LowIndexLean513dc7cc.row098_good177_checked' depends on axioms: [propext, Classical.choice, Quot.sound]
'B699LowIndex.LowIndexLean513dc7cc.row098_good178_checked' depends on axioms: [propext, Classical.choice, Quot.sound]
'B699LowIndex.LowIndexLean513dc7cc.row098_good179_checked' depends on axioms: [propext, Classical.choice, Quot.sound]
'B699LowIndex.LowIndexLean513dc7cc.row098_good180_checked' depends on axioms: [propext, Classical.choice, Quot.sound]
'B699LowIndex.LowIndexLean513dc7cc.row098_good181_checked' depends on axioms: [propext, Classical.choice, Quot.sound]
'B699LowIndex.LowIndexLean513dc7cc.row098_good182_checked' depends on axioms: [propext, Classical.choice, Quot.sound]
'B699LowIndex.LowIndexLean513dc7cc.row098_good183_checked' depends on axioms: [propext, Classical.choice, Quot.sound]
'B699LowIndex.LowIndexLean513dc7cc.row098_good184_checked' depends on axioms: [propext, Classical.choice, Quot.sound]
'B699LowIndex.LowIndexLean513dc7cc.row098_good185_checked' depends on axioms: [propext, Classical.choice, Quot.sound]
'B699LowIndex.LowIndexLean513dc7cc.row098_good186_checked' depends on axioms: [propext, Classical.choice, Quot.sound]
'B699LowIndex.LowIndexLean513dc7cc.row098_good187_checked' depends on axioms: [propext, Classical.choice, Quot.sound]
'B699LowIndex.LowIndexLean513dc7cc.row098_good188_checked' depends on axioms: [propext, Classical.choice, Quot.sound]
'B699LowIndex.LowIndexLean513dc7cc.row098_good189_checked' depends on axioms: [propext, Classical.choice, Quot.sound]
'B699LowIndex.LowIndexLean513dc7cc.row098_good190_checked' depends on axioms: [propext, Classical.choice, Quot.sound]
'B699LowIndex.LowIndexLean513dc7cc.row098_good191_checked' depends on axioms: [propext, Classical.choice, Quot.sound]
'B699LowIndex.LowIndexLean513dc7cc.row098_good192_checked' depends on axioms: [propext, Classical.choice, Quot.sound]
'B699LowIndex.LowIndexLean513dc7cc.row098_good193_checked' depends on axioms: [propext, Classical.choice, Quot.sound]
'B699LowIndex.LowIndexLean513dc7cc.row098_good194_checked' depends on axioms: [propext, Classical.choice, Quot.sound]
'B699LowIndex.LowIndexLean513dc7cc.row098_good195_checked' depends on axioms: [propext, Classical.choice, Quot.sound]
'B699LowIndex.LowIndexLean513dc7cc.row098_good196_checked' depends on axioms: [propext, Classical.choice, Quot.sound]
'B699LowIndex.LowIndexLean513dc7cc.row098_good197_checked' depends on axioms: [propext, Classical.choice, Quot.sound]
'B699LowIndex.LowIndexLean513dc7cc.row098_good198_checked' depends on axioms: [propext, Classical.choice, Quot.sound]
'B699LowIndex.LowIndexLean513dc7cc.row098_good199_checked' depends on axioms: [propext, Classical.choice, Quot.sound]
'B699LowIndex.LowIndexLean513dc7cc.row098_good200_checked' depends on axioms: [propext, Classical.choice, Quot.sound]
'B699LowIndex.LowIndexLean513dc7cc.row098_good201_checked' depends on axioms: [propext, Classical.choice, Quot.sound]
'B699LowIndex.LowIndexLean513dc7cc.row098_good202_checked' depends on axioms: [propext, Classical.choice, Quot.sound]
'B699LowIndex.LowIndexLean513dc7cc.row098_good203_checked' depends on axioms: [propext, Classical.choice, Quot.sound]
'B699LowIndex.LowIndexLean513dc7cc.row098_good204_checked' depends on axioms: [propext, Classical.choice, Quot.sound]
'B699LowIndex.LowIndexLean513dc7cc.row098_good205_checked' depends on axioms: [propext, Classical.choice, Quot.sound]
'B699LowIndex.LowIndexLean513dc7cc.row098_good206_checked' depends on axioms: [propext, Classical.choice, Quot.sound]
'B699LowIndex.LowIndexLean513dc7cc.row098_good207_checked' depends on axioms:libc++abi: terminating due to uncaught exception of type lean::memory_exception: excessive memory consumption detected at 'interpreter' (potential solution: increase memory consumption threshold)
