exact project closure files: 544
Math/B699/CofactorCriterion.lean
research/tasks/B699-Binomial/runs/20260909-large-prime-structure-cb4764f0/lean/GapBridge.lean
research/tasks/B699-Binomial/runs/20260908-external-reductions-b3c1b7/lean/DivisorTransfer.lean
research/tasks/B699-Binomial/runs/20260909-large-prime-structure-cb4764f0/lean/PrimePowerTransfer.lean
research/tasks/B699-Binomial/runs/20260909-large-prime-structure-cb4764f0/lean/SmallPartBound.lean
research/tasks/B699-Binomial/runs/20260909-low-index-structure-b41a5a63/lean/ThreeWindowWeights.lean
research/tasks/B699-Binomial/runs/20260909-low-index-structure-b41a5a63/lean/ThreeWindowSize.lean
research/tasks/B699-Binomial/runs/20260909-eees-chain-5a2e10/lean/PowerBounds.lean
research/tasks/B699-Binomial/runs/20260909-low-index-structure-b41a5a63/lean/HeightCertificate.lean
research/tasks/B699-Binomial/runs/20260909-low-index-structure-b41a5a63/lean/HeightCertificateData.lean
research/tasks/B699-Binomial/runs/20260909-low-index-structure-b41a5a63/lean/RegisteredHeights.lean
research/tasks/B699-Binomial/runs/20260909-low-index-structure-b41a5a63/lean/LargeSmallPowers.lean
research/tasks/B699-Binomial/runs/20260909-low-index-structure-b41a5a63/lean/CofactorCover.lean
research/tasks/B686-Four/round8/lean/BigPrimeSupport.lean
research/tasks/B686-Four/formalization/UniformDistance/SmallPrime.lean
research/tasks/B699-Binomial/runs/20260909-low-index-structure-b41a5a63/lean/SmallPrimeLocalization.lean
research/tasks/B699-Binomial/runs/20260909-low-index-structure-b41a5a63/lean/SmallPowerIntervals.lean
research/tasks/B699-Binomial/runs/20260909-low-index-structure-b41a5a63/lean/PrimePowerEnumeration.lean
research/tasks/B699-Binomial/runs/20260909-low-index-structure-b41a5a63/lean/LargeDivisorWitness.lean
research/tasks/B699-Binomial/runs/20260909-low-index-structure-b41a5a63/lean/IntervalCover.lean
research/tasks/B699-Binomial/runs/20260909-low-index-structure-b41a5a63/lean/FiniteCover.lean
research/tasks/B699-Binomial/runs/20260911-low-index-lean-513dc7cc/lean/Row038Data.lean
research/tasks/B699-Binomial/runs/20260911-low-index-lean-513dc7cc/lean/rows/Row038/Metadata.lean
research/tasks/B699-Binomial/runs/20260909-low-index-structure-b41a5a63/lean/TrialPrimeCheck.lean
research/tasks/B699-Binomial/runs/20260911-low-index-lean-513dc7cc/lean/WitnessBridge.lean
research/tasks/B699-Binomial/runs/20260911-low-index-lean-513dc7cc/lean/rows/Row038/Goods000.lean
research/tasks/B699-Binomial/runs/20260911-low-index-lean-513dc7cc/lean/rows/Row038/Goods016.lean
research/tasks/B699-Binomial/runs/20260911-low-index-lean-513dc7cc/lean/rows/Row038/Goods032.lean
research/tasks/B699-Binomial/runs/20260911-low-index-lean-513dc7cc/lean/rows/Row038/Goods048.lean
research/tasks/B699-Binomial/runs/20260911-low-index-lean-513dc7cc/lean/rows/Row038/Goods064.lean
research/tasks/B699-Binomial/runs/20260911-low-index-lean-513dc7cc/lean/rows/Row038/Goods080.lean
research/tasks/B699-Binomial/runs/20260911-low-index-lean-513dc7cc/lean/rows/Row038/Goods096.lean
research/tasks/B699-Binomial/runs/20260911-low-index-lean-513dc7cc/lean/rows/Row038/Goods112.lean
research/tasks/B699-Binomial/runs/20260911-low-index-lean-513dc7cc/lean/rows/Row038/Goods128.lean
research/tasks/B699-Binomial/runs/20260911-low-index-lean-513dc7cc/lean/rows/Row038/Goods144.lean
research/tasks/B699-Binomial/runs/20260911-low-index-lean-513dc7cc/lean/rows/Row038/Goods160.lean
research/tasks/B699-Binomial/runs/20260911-low-index-lean-513dc7cc/lean/rows/Row038/Goods176.lean
research/tasks/B699-Binomial/runs/20260911-low-index-lean-513dc7cc/lean/rows/Row038/Goods192.lean
research/tasks/B699-Binomial/runs/20260911-low-index-lean-513dc7cc/lean/rows/Row038/Goods208.lean
research/tasks/B699-Binomial/runs/20260911-low-index-lean-513dc7cc/lean/rows/Row038/Goods224.lean
research/tasks/B699-Binomial/runs/20260911-low-index-lean-513dc7cc/lean/rows/Row038/Goods240.lean
research/tasks/B699-Binomial/runs/20260911-low-index-lean-513dc7cc/lean/rows/Row038/Goods256.lean
research/tasks/B699-Binomial/runs/20260911-low-index-lean-513dc7cc/lean/rows/Row038/Goods272.lean
research/tasks/B699-Binomial/runs/20260911-low-index-lean-513dc7cc/lean/rows/Row038/GoodsChecked.lean
research/tasks/B699-Binomial/runs/20260911-low-index-lean-513dc7cc/lean/LayerParts.lean
research/tasks/B699-Binomial/runs/20260911-low-index-lean-513dc7cc/lean/rows/Row038/Geometry.lean
research/tasks/B699-Binomial/runs/20260911-low-index-lean-513dc7cc/lean/rows/Row038/Layer000Arithmetic.lean
research/tasks/B699-Binomial/runs/20260911-low-index-lean-513dc7cc/lean/rows/Row038/Layer000Data.lean
research/tasks/B699-Binomial/runs/20260911-low-index-lean-513dc7cc/lean/rows/Row038/Layer000Enumeration.lean
research/tasks/B699-Binomial/runs/20260911-low-index-lean-513dc7cc/lean/rows/Row038/Layer000PairBlock000.lean
research/tasks/B699-Binomial/runs/20260911-low-index-lean-513dc7cc/lean/rows/Row038/Layer000PairBlock001.lean
research/tasks/B699-Binomial/runs/20260911-low-index-lean-513dc7cc/lean/rows/Row038/Layer000PairBlock002.lean
research/tasks/B699-Binomial/runs/20260911-low-index-lean-513dc7cc/lean/rows/Row038/Layer000PairBlock003.lean
research/tasks/B699-Binomial/runs/20260911-low-index-lean-513dc7cc/lean/rows/Row038/Layer000PairBlock004.lean
research/tasks/B699-Binomial/runs/20260911-low-index-lean-513dc7cc/lean/rows/Row038/Layer000PairBlock005.lean
research/tasks/B699-Binomial/runs/20260911-low-index-lean-513dc7cc/lean/rows/Row038/Layer000PairBlock006.lean
research/tasks/B699-Binomial/runs/20260911-low-index-lean-513dc7cc/lean/rows/Row038/Layer000PairBlock007.lean
research/tasks/B699-Binomial/runs/20260911-low-index-lean-513dc7cc/lean/PairChunks.lean
research/tasks/B699-Binomial/runs/20260911-low-index-lean-513dc7cc/lean/rows/Row038/Layer000Pairs.lean
research/tasks/B699-Binomial/runs/20260911-low-index-lean-513dc7cc/lean/rows/Row038/Layer000Checked.lean
research/tasks/B699-Binomial/runs/20260911-low-index-lean-513dc7cc/lean/rows/Row038/Layer001Arithmetic.lean
research/tasks/B699-Binomial/runs/20260911-low-index-lean-513dc7cc/lean/rows/Row038/Layer001Data.lean
research/tasks/B699-Binomial/runs/20260911-low-index-lean-513dc7cc/lean/rows/Row038/Layer001Enumeration.lean
research/tasks/B699-Binomial/runs/20260911-low-index-lean-513dc7cc/lean/rows/Row038/Layer001PairBlock000.lean
research/tasks/B699-Binomial/runs/20260911-low-index-lean-513dc7cc/lean/rows/Row038/Layer001PairBlock001.lean
research/tasks/B699-Binomial/runs/20260911-low-index-lean-513dc7cc/lean/rows/Row038/Layer001PairBlock002.lean
research/tasks/B699-Binomial/runs/20260911-low-index-lean-513dc7cc/lean/rows/Row038/Layer001PairBlock003.lean
research/tasks/B699-Binomial/runs/20260911-low-index-lean-513dc7cc/lean/rows/Row038/Layer001PairBlock004.lean
research/tasks/B699-Binomial/runs/20260911-low-index-lean-513dc7cc/lean/rows/Row038/Layer001PairBlock005.lean
research/tasks/B699-Binomial/runs/20260911-low-index-lean-513dc7cc/lean/rows/Row038/Layer001PairBlock006.lean
research/tasks/B699-Binomial/runs/20260911-low-index-lean-513dc7cc/lean/rows/Row038/Layer001PairBlock007.lean
research/tasks/B699-Binomial/runs/20260911-low-index-lean-513dc7cc/lean/rows/Row038/Layer001PairBlock008.lean
research/tasks/B699-Binomial/runs/20260911-low-index-lean-513dc7cc/lean/rows/Row038/Layer001PairBlock009.lean
research/tasks/B699-Binomial/runs/20260911-low-index-lean-513dc7cc/lean/rows/Row038/Layer001Pairs.lean
research/tasks/B699-Binomial/runs/20260911-low-index-lean-513dc7cc/lean/rows/Row038/Layer001Checked.lean
research/tasks/B699-Binomial/runs/20260911-low-index-lean-513dc7cc/lean/rows/Row038/Layer002Arithmetic.lean
research/tasks/B699-Binomial/runs/20260911-low-index-lean-513dc7cc/lean/rows/Row038/Layer002Data.lean
research/tasks/B699-Binomial/runs/20260911-low-index-lean-513dc7cc/lean/rows/Row038/Layer002Enumeration.lean
research/tasks/B699-Binomial/runs/20260911-low-index-lean-513dc7cc/lean/rows/Row038/Layer002PairBlock000.lean
research/tasks/B699-Binomial/runs/20260911-low-index-lean-513dc7cc/lean/rows/Row038/Layer002PairBlock001.lean
research/tasks/B699-Binomial/runs/20260911-low-index-lean-513dc7cc/lean/rows/Row038/Layer002PairBlock002.lean
research/tasks/B699-Binomial/runs/20260911-low-index-lean-513dc7cc/lean/rows/Row038/Layer002PairBlock003.lean
research/tasks/B699-Binomial/runs/20260911-low-index-lean-513dc7cc/lean/rows/Row038/Layer002PairBlock004.lean
research/tasks/B699-Binomial/runs/20260911-low-index-lean-513dc7cc/lean/rows/Row038/Layer002PairBlock005.lean
research/tasks/B699-Binomial/runs/20260911-low-index-lean-513dc7cc/lean/rows/Row038/Layer002PairBlock006.lean
research/tasks/B699-Binomial/runs/20260911-low-index-lean-513dc7cc/lean/rows/Row038/Layer002PairBlock007.lean
research/tasks/B699-Binomial/runs/20260911-low-index-lean-513dc7cc/lean/rows/Row038/Layer002PairBlock008.lean
research/tasks/B699-Binomial/runs/20260911-low-index-lean-513dc7cc/lean/rows/Row038/Layer002PairBlock009.lean
research/tasks/B699-Binomial/runs/20260911-low-index-lean-513dc7cc/lean/rows/Row038/Layer002Pairs.lean
research/tasks/B699-Binomial/runs/20260911-low-index-lean-513dc7cc/lean/rows/Row038/Layer002Checked.lean
research/tasks/B699-Binomial/runs/20260911-low-index-lean-513dc7cc/lean/rows/Row038/Layer003Arithmetic.lean
research/tasks/B699-Binomial/runs/20260911-low-index-lean-513dc7cc/lean/rows/Row038/Layer003Data.lean
research/tasks/B699-Binomial/runs/20260911-low-index-lean-513dc7cc/lean/rows/Row038/Layer003Enumeration.lean
research/tasks/B699-Binomial/runs/20260911-low-index-lean-513dc7cc/lean/rows/Row038/Layer003PairBlock000.lean
research/tasks/B699-Binomial/runs/20260911-low-index-lean-513dc7cc/lean/rows/Row038/Layer003PairBlock001.lean
research/tasks/B699-Binomial/runs/20260911-low-index-lean-513dc7cc/lean/rows/Row038/Layer003PairBlock002.lean
research/tasks/B699-Binomial/runs/20260911-low-index-lean-513dc7cc/lean/rows/Row038/Layer003PairBlock003.lean
research/tasks/B699-Binomial/runs/20260911-low-index-lean-513dc7cc/lean/rows/Row038/Layer003PairBlock004.lean
research/tasks/B699-Binomial/runs/20260911-low-index-lean-513dc7cc/lean/rows/Row038/Layer003PairBlock005.lean
research/tasks/B699-Binomial/runs/20260911-low-index-lean-513dc7cc/lean/rows/Row038/Layer003PairBlock006.lean
research/tasks/B699-Binomial/runs/20260911-low-index-lean-513dc7cc/lean/rows/Row038/Layer003PairBlock007.lean
research/tasks/B699-Binomial/runs/20260911-low-index-lean-513dc7cc/lean/rows/Row038/Layer003PairBlock008.lean
research/tasks/B699-Binomial/runs/20260911-low-index-lean-513dc7cc/lean/rows/Row038/Layer003PairBlock009.lean
research/tasks/B699-Binomial/runs/20260911-low-index-lean-513dc7cc/lean/rows/Row038/Layer003PairBlock010.lean
research/tasks/B699-Binomial/runs/20260911-low-index-lean-513dc7cc/lean/rows/Row038/Layer003Pairs.lean
research/tasks/B699-Binomial/runs/20260911-low-index-lean-513dc7cc/lean/rows/Row038/Layer003Checked.lean
research/tasks/B699-Binomial/runs/20260911-low-index-lean-513dc7cc/lean/rows/Row038/Layers000.lean
research/tasks/B699-Binomial/runs/20260911-low-index-lean-513dc7cc/lean/rows/Row038/Layer004Arithmetic.lean
research/tasks/B699-Binomial/runs/20260911-low-index-lean-513dc7cc/lean/rows/Row038/Layer004Data.lean
research/tasks/B699-Binomial/runs/20260911-low-index-lean-513dc7cc/lean/rows/Row038/Layer004Enumeration.lean
research/tasks/B699-Binomial/runs/20260911-low-index-lean-513dc7cc/lean/rows/Row038/Layer004PairBlock000.lean
research/tasks/B699-Binomial/runs/20260911-low-index-lean-513dc7cc/lean/rows/Row038/Layer004PairBlock001.lean
research/tasks/B699-Binomial/runs/20260911-low-index-lean-513dc7cc/lean/rows/Row038/Layer004PairBlock002.lean
research/tasks/B699-Binomial/runs/20260911-low-index-lean-513dc7cc/lean/rows/Row038/Layer004PairBlock003.lean
research/tasks/B699-Binomial/runs/20260911-low-index-lean-513dc7cc/lean/rows/Row038/Layer004PairBlock004.lean
research/tasks/B699-Binomial/runs/20260911-low-index-lean-513dc7cc/lean/rows/Row038/Layer004PairBlock005.lean
research/tasks/B699-Binomial/runs/20260911-low-index-lean-513dc7cc/lean/rows/Row038/Layer004PairBlock006.lean
research/tasks/B699-Binomial/runs/20260911-low-index-lean-513dc7cc/lean/rows/Row038/Layer004PairBlock007.lean
research/tasks/B699-Binomial/runs/20260911-low-index-lean-513dc7cc/lean/rows/Row038/Layer004PairBlock008.lean
research/tasks/B699-Binomial/runs/20260911-low-index-lean-513dc7cc/lean/rows/Row038/Layer004PairBlock009.lean
research/tasks/B699-Binomial/runs/20260911-low-index-lean-513dc7cc/lean/rows/Row038/Layer004Pairs.lean
research/tasks/B699-Binomial/runs/20260911-low-index-lean-513dc7cc/lean/rows/Row038/Layer004Checked.lean
research/tasks/B699-Binomial/runs/20260911-low-index-lean-513dc7cc/lean/rows/Row038/Layer005Arithmetic.lean
research/tasks/B699-Binomial/runs/20260911-low-index-lean-513dc7cc/lean/rows/Row038/Layer005Data.lean
research/tasks/B699-Binomial/runs/20260911-low-index-lean-513dc7cc/lean/rows/Row038/Layer005Enumeration.lean
research/tasks/B699-Binomial/runs/20260911-low-index-lean-513dc7cc/lean/rows/Row038/Layer005PairBlock000.lean
research/tasks/B699-Binomial/runs/20260911-low-index-lean-513dc7cc/lean/rows/Row038/Layer005PairBlock001.lean
research/tasks/B699-Binomial/runs/20260911-low-index-lean-513dc7cc/lean/rows/Row038/Layer005PairBlock002.lean
research/tasks/B699-Binomial/runs/20260911-low-index-lean-513dc7cc/lean/rows/Row038/Layer005PairBlock003.lean
research/tasks/B699-Binomial/runs/20260911-low-index-lean-513dc7cc/lean/rows/Row038/Layer005PairBlock004.lean
research/tasks/B699-Binomial/runs/20260911-low-index-lean-513dc7cc/lean/rows/Row038/Layer005PairBlock005.lean
research/tasks/B699-Binomial/runs/20260911-low-index-lean-513dc7cc/lean/rows/Row038/Layer005PairBlock006.lean
research/tasks/B699-Binomial/runs/20260911-low-index-lean-513dc7cc/lean/rows/Row038/Layer005PairBlock007.lean
research/tasks/B699-Binomial/runs/20260911-low-index-lean-513dc7cc/lean/rows/Row038/Layer005PairBlock008.lean
research/tasks/B699-Binomial/runs/20260911-low-index-lean-513dc7cc/lean/rows/Row038/Layer005Pairs.lean
research/tasks/B699-Binomial/runs/20260911-low-index-lean-513dc7cc/lean/rows/Row038/Layer005Checked.lean
research/tasks/B699-Binomial/runs/20260911-low-index-lean-513dc7cc/lean/rows/Row038/Layer006Arithmetic.lean
research/tasks/B699-Binomial/runs/20260911-low-index-lean-513dc7cc/lean/rows/Row038/Layer006Data.lean
research/tasks/B699-Binomial/runs/20260911-low-index-lean-513dc7cc/lean/rows/Row038/Layer006Enumeration.lean
research/tasks/B699-Binomial/runs/20260911-low-index-lean-513dc7cc/lean/rows/Row038/Layer006PairBlock000.lean
research/tasks/B699-Binomial/runs/20260911-low-index-lean-513dc7cc/lean/rows/Row038/Layer006PairBlock001.lean
research/tasks/B699-Binomial/runs/20260911-low-index-lean-513dc7cc/lean/rows/Row038/Layer006PairBlock002.lean
research/tasks/B699-Binomial/runs/20260911-low-index-lean-513dc7cc/lean/rows/Row038/Layer006PairBlock003.lean
research/tasks/B699-Binomial/runs/20260911-low-index-lean-513dc7cc/lean/rows/Row038/Layer006PairBlock004.lean
research/tasks/B699-Binomial/runs/20260911-low-index-lean-513dc7cc/lean/rows/Row038/Layer006PairBlock005.lean
research/tasks/B699-Binomial/runs/20260911-low-index-lean-513dc7cc/lean/rows/Row038/Layer006PairBlock006.lean
research/tasks/B699-Binomial/runs/20260911-low-index-lean-513dc7cc/lean/rows/Row038/Layer006Pairs.lean
research/tasks/B699-Binomial/runs/20260911-low-index-lean-513dc7cc/lean/rows/Row038/Layer006Checked.lean
research/tasks/B699-Binomial/runs/20260911-low-index-lean-513dc7cc/lean/rows/Row038/Layer007Arithmetic.lean
research/tasks/B699-Binomial/runs/20260911-low-index-lean-513dc7cc/lean/rows/Row038/Layer007Data.lean
research/tasks/B699-Binomial/runs/20260911-low-index-lean-513dc7cc/lean/rows/Row038/Layer007Enumeration.lean
research/tasks/B699-Binomial/runs/20260911-low-index-lean-513dc7cc/lean/rows/Row038/Layer007PairBlock000.lean
research/tasks/B699-Binomial/runs/20260911-low-index-lean-513dc7cc/lean/rows/Row038/Layer007PairBlock001.lean
research/tasks/B699-Binomial/runs/20260911-low-index-lean-513dc7cc/lean/rows/Row038/Layer007PairBlock002.lean
research/tasks/B699-Binomial/runs/20260911-low-index-lean-513dc7cc/lean/rows/Row038/Layer007PairBlock003.lean
research/tasks/B699-Binomial/runs/20260911-low-index-lean-513dc7cc/lean/rows/Row038/Layer007PairBlock004.lean
research/tasks/B699-Binomial/runs/20260911-low-index-lean-513dc7cc/lean/rows/Row038/Layer007PairBlock005.lean
research/tasks/B699-Binomial/runs/20260911-low-index-lean-513dc7cc/lean/rows/Row038/Layer007PairBlock006.lean
research/tasks/B699-Binomial/runs/20260911-low-index-lean-513dc7cc/lean/rows/Row038/Layer007PairBlock007.lean
research/tasks/B699-Binomial/runs/20260911-low-index-lean-513dc7cc/lean/rows/Row038/Layer007Pairs.lean
research/tasks/B699-Binomial/runs/20260911-low-index-lean-513dc7cc/lean/rows/Row038/Layer007Checked.lean
research/tasks/B699-Binomial/runs/20260911-low-index-lean-513dc7cc/lean/rows/Row038/Layers004.lean
research/tasks/B699-Binomial/runs/20260911-low-index-lean-513dc7cc/lean/rows/Row038/Layer008Arithmetic.lean
research/tasks/B699-Binomial/runs/20260911-low-index-lean-513dc7cc/lean/rows/Row038/Layer008Data.lean
research/tasks/B699-Binomial/runs/20260911-low-index-lean-513dc7cc/lean/rows/Row038/Layer008Enumeration.lean
research/tasks/B699-Binomial/runs/20260911-low-index-lean-513dc7cc/lean/rows/Row038/Layer008PairBlock000.lean
research/tasks/B699-Binomial/runs/20260911-low-index-lean-513dc7cc/lean/rows/Row038/Layer008PairBlock001.lean
research/tasks/B699-Binomial/runs/20260911-low-index-lean-513dc7cc/lean/rows/Row038/Layer008PairBlock002.lean
research/tasks/B699-Binomial/runs/20260911-low-index-lean-513dc7cc/lean/rows/Row038/Layer008PairBlock003.lean
research/tasks/B699-Binomial/runs/20260911-low-index-lean-513dc7cc/lean/rows/Row038/Layer008PairBlock004.lean
research/tasks/B699-Binomial/runs/20260911-low-index-lean-513dc7cc/lean/rows/Row038/Layer008PairBlock005.lean
research/tasks/B699-Binomial/runs/20260911-low-index-lean-513dc7cc/lean/rows/Row038/Layer008PairBlock006.lean
research/tasks/B699-Binomial/runs/20260911-low-index-lean-513dc7cc/lean/rows/Row038/Layer008PairBlock007.lean
research/tasks/B699-Binomial/runs/20260911-low-index-lean-513dc7cc/lean/rows/Row038/Layer008PairBlock008.lean
research/tasks/B699-Binomial/runs/20260911-low-index-lean-513dc7cc/lean/rows/Row038/Layer008PairBlock009.lean
research/tasks/B699-Binomial/runs/20260911-low-index-lean-513dc7cc/lean/rows/Row038/Layer008PairBlock010.lean
research/tasks/B699-Binomial/runs/20260911-low-index-lean-513dc7cc/lean/rows/Row038/Layer008Pairs.lean
research/tasks/B699-Binomial/runs/20260911-low-index-lean-513dc7cc/lean/rows/Row038/Layer008Checked.lean
research/tasks/B699-Binomial/runs/20260911-low-index-lean-513dc7cc/lean/rows/Row038/Layer009Arithmetic.lean
research/tasks/B699-Binomial/runs/20260911-low-index-lean-513dc7cc/lean/rows/Row038/Layer009Data.lean
research/tasks/B699-Binomial/runs/20260911-low-index-lean-513dc7cc/lean/rows/Row038/Layer009Enumeration.lean
research/tasks/B699-Binomial/runs/20260911-low-index-lean-513dc7cc/lean/rows/Row038/Layer009PairBlock000.lean
research/tasks/B699-Binomial/runs/20260911-low-index-lean-513dc7cc/lean/rows/Row038/Layer009PairBlock001.lean
research/tasks/B699-Binomial/runs/20260911-low-index-lean-513dc7cc/lean/rows/Row038/Layer009PairBlock002.lean
research/tasks/B699-Binomial/runs/20260911-low-index-lean-513dc7cc/lean/rows/Row038/Layer009PairBlock003.lean
research/tasks/B699-Binomial/runs/20260911-low-index-lean-513dc7cc/lean/rows/Row038/Layer009PairBlock004.lean
research/tasks/B699-Binomial/runs/20260911-low-index-lean-513dc7cc/lean/rows/Row038/Layer009PairBlock005.lean
research/tasks/B699-Binomial/runs/20260911-low-index-lean-513dc7cc/lean/rows/Row038/Layer009PairBlock006.lean
research/tasks/B699-Binomial/runs/20260911-low-index-lean-513dc7cc/lean/rows/Row038/Layer009Pairs.lean
research/tasks/B699-Binomial/runs/20260911-low-index-lean-513dc7cc/lean/rows/Row038/Layer009Checked.lean
research/tasks/B699-Binomial/runs/20260911-low-index-lean-513dc7cc/lean/rows/Row038/Layer010Arithmetic.lean
research/tasks/B699-Binomial/runs/20260911-low-index-lean-513dc7cc/lean/rows/Row038/Layer010Data.lean
research/tasks/B699-Binomial/runs/20260911-low-index-lean-513dc7cc/lean/rows/Row038/Layer010Enumeration.lean
research/tasks/B699-Binomial/runs/20260911-low-index-lean-513dc7cc/lean/rows/Row038/Layer010PairBlock000.lean
research/tasks/B699-Binomial/runs/20260911-low-index-lean-513dc7cc/lean/rows/Row038/Layer010PairBlock001.lean
research/tasks/B699-Binomial/runs/20260911-low-index-lean-513dc7cc/lean/rows/Row038/Layer010PairBlock002.lean
research/tasks/B699-Binomial/runs/20260911-low-index-lean-513dc7cc/lean/rows/Row038/Layer010PairBlock003.lean
research/tasks/B699-Binomial/runs/20260911-low-index-lean-513dc7cc/lean/rows/Row038/Layer010PairBlock004.lean
research/tasks/B699-Binomial/runs/20260911-low-index-lean-513dc7cc/lean/rows/Row038/Layer010PairBlock005.lean
research/tasks/B699-Binomial/runs/20260911-low-index-lean-513dc7cc/lean/rows/Row038/Layer010PairBlock006.lean
research/tasks/B699-Binomial/runs/20260911-low-index-lean-513dc7cc/lean/rows/Row038/Layer010PairBlock007.lean
research/tasks/B699-Binomial/runs/20260911-low-index-lean-513dc7cc/lean/rows/Row038/Layer010Pairs.lean
research/tasks/B699-Binomial/runs/20260911-low-index-lean-513dc7cc/lean/rows/Row038/Layer010Checked.lean
research/tasks/B699-Binomial/runs/20260911-low-index-lean-513dc7cc/lean/rows/Row038/Layer011Arithmetic.lean
research/tasks/B699-Binomial/runs/20260911-low-index-lean-513dc7cc/lean/rows/Row038/Layer011Data.lean
research/tasks/B699-Binomial/runs/20260911-low-index-lean-513dc7cc/lean/rows/Row038/Layer011Enumeration.lean
research/tasks/B699-Binomial/runs/20260911-low-index-lean-513dc7cc/lean/rows/Row038/Layer011PairBlock000.lean
research/tasks/B699-Binomial/runs/20260911-low-index-lean-513dc7cc/lean/rows/Row038/Layer011PairBlock001.lean
research/tasks/B699-Binomial/runs/20260911-low-index-lean-513dc7cc/lean/rows/Row038/Layer011PairBlock002.lean
research/tasks/B699-Binomial/runs/20260911-low-index-lean-513dc7cc/lean/rows/Row038/Layer011PairBlock003.lean
research/tasks/B699-Binomial/runs/20260911-low-index-lean-513dc7cc/lean/rows/Row038/Layer011PairBlock004.lean
research/tasks/B699-Binomial/runs/20260911-low-index-lean-513dc7cc/lean/rows/Row038/Layer011PairBlock005.lean
research/tasks/B699-Binomial/runs/20260911-low-index-lean-513dc7cc/lean/rows/Row038/Layer011PairBlock006.lean
research/tasks/B699-Binomial/runs/20260911-low-index-lean-513dc7cc/lean/rows/Row038/Layer011Pairs.lean
research/tasks/B699-Binomial/runs/20260911-low-index-lean-513dc7cc/lean/rows/Row038/Layer011Checked.lean
research/tasks/B699-Binomial/runs/20260911-low-index-lean-513dc7cc/lean/rows/Row038/Layers008.lean
research/tasks/B699-Binomial/runs/20260911-low-index-lean-513dc7cc/lean/rows/Row038/Layer012Arithmetic.lean
research/tasks/B699-Binomial/runs/20260911-low-index-lean-513dc7cc/lean/rows/Row038/Layer012Data.lean
research/tasks/B699-Binomial/runs/20260911-low-index-lean-513dc7cc/lean/rows/Row038/Layer012Enumeration.lean
research/tasks/B699-Binomial/runs/20260911-low-index-lean-513dc7cc/lean/rows/Row038/Layer012PairBlock000.lean
research/tasks/B699-Binomial/runs/20260911-low-index-lean-513dc7cc/lean/rows/Row038/Layer012PairBlock001.lean
research/tasks/B699-Binomial/runs/20260911-low-index-lean-513dc7cc/lean/rows/Row038/Layer012PairBlock002.lean
research/tasks/B699-Binomial/runs/20260911-low-index-lean-513dc7cc/lean/rows/Row038/Layer012PairBlock003.lean
research/tasks/B699-Binomial/runs/20260911-low-index-lean-513dc7cc/lean/rows/Row038/Layer012PairBlock004.lean
research/tasks/B699-Binomial/runs/20260911-low-index-lean-513dc7cc/lean/rows/Row038/Layer012PairBlock005.lean
research/tasks/B699-Binomial/runs/20260911-low-index-lean-513dc7cc/lean/rows/Row038/Layer012PairBlock006.lean
research/tasks/B699-Binomial/runs/20260911-low-index-lean-513dc7cc/lean/rows/Row038/Layer012Pairs.lean
research/tasks/B699-Binomial/runs/20260911-low-index-lean-513dc7cc/lean/rows/Row038/Layer012Checked.lean
research/tasks/B699-Binomial/runs/20260911-low-index-lean-513dc7cc/lean/rows/Row038/Layer013Arithmetic.lean
research/tasks/B699-Binomial/runs/20260911-low-index-lean-513dc7cc/lean/rows/Row038/Layer013Data.lean
research/tasks/B699-Binomial/runs/20260911-low-index-lean-513dc7cc/lean/rows/Row038/Layer013Enumeration.lean
research/tasks/B699-Binomial/runs/20260911-low-index-lean-513dc7cc/lean/rows/Row038/Layer013PairBlock000.lean
research/tasks/B699-Binomial/runs/20260911-low-index-lean-513dc7cc/lean/rows/Row038/Layer013PairBlock001.lean
research/tasks/B699-Binomial/runs/20260911-low-index-lean-513dc7cc/lean/rows/Row038/Layer013PairBlock002.lean
research/tasks/B699-Binomial/runs/20260911-low-index-lean-513dc7cc/lean/rows/Row038/Layer013PairBlock003.lean
research/tasks/B699-Binomial/runs/20260911-low-index-lean-513dc7cc/lean/rows/Row038/Layer013PairBlock004.lean
research/tasks/B699-Binomial/runs/20260911-low-index-lean-513dc7cc/lean/rows/Row038/Layer013PairBlock005.lean
research/tasks/B699-Binomial/runs/20260911-low-index-lean-513dc7cc/lean/rows/Row038/Layer013PairBlock006.lean
research/tasks/B699-Binomial/runs/20260911-low-index-lean-513dc7cc/lean/rows/Row038/Layer013PairBlock007.lean
research/tasks/B699-Binomial/runs/20260911-low-index-lean-513dc7cc/lean/rows/Row038/Layer013Pairs.lean
research/tasks/B699-Binomial/runs/20260911-low-index-lean-513dc7cc/lean/rows/Row038/Layer013Checked.lean
research/tasks/B699-Binomial/runs/20260911-low-index-lean-513dc7cc/lean/rows/Row038/Layer014Arithmetic.lean
research/tasks/B699-Binomial/runs/20260911-low-index-lean-513dc7cc/lean/rows/Row038/Layer014Data.lean
research/tasks/B699-Binomial/runs/20260911-low-index-lean-513dc7cc/lean/rows/Row038/Layer014Enumeration.lean
research/tasks/B699-Binomial/runs/20260911-low-index-lean-513dc7cc/lean/rows/Row038/Layer014PairBlock000.lean
research/tasks/B699-Binomial/runs/20260911-low-index-lean-513dc7cc/lean/rows/Row038/Layer014PairBlock001.lean
research/tasks/B699-Binomial/runs/20260911-low-index-lean-513dc7cc/lean/rows/Row038/Layer014PairBlock002.lean
research/tasks/B699-Binomial/runs/20260911-low-index-lean-513dc7cc/lean/rows/Row038/Layer014PairBlock003.lean
research/tasks/B699-Binomial/runs/20260911-low-index-lean-513dc7cc/lean/rows/Row038/Layer014PairBlock004.lean
research/tasks/B699-Binomial/runs/20260911-low-index-lean-513dc7cc/lean/rows/Row038/Layer014PairBlock005.lean
research/tasks/B699-Binomial/runs/20260911-low-index-lean-513dc7cc/lean/rows/Row038/Layer014PairBlock006.lean
research/tasks/B699-Binomial/runs/20260911-low-index-lean-513dc7cc/lean/rows/Row038/Layer014PairBlock007.lean
research/tasks/B699-Binomial/runs/20260911-low-index-lean-513dc7cc/lean/rows/Row038/Layer014Pairs.lean
research/tasks/B699-Binomial/runs/20260911-low-index-lean-513dc7cc/lean/rows/Row038/Layer014Checked.lean
research/tasks/B699-Binomial/runs/20260911-low-index-lean-513dc7cc/lean/rows/Row038/Layer015Arithmetic.lean
research/tasks/B699-Binomial/runs/20260911-low-index-lean-513dc7cc/lean/rows/Row038/Layer015Data.lean
research/tasks/B699-Binomial/runs/20260911-low-index-lean-513dc7cc/lean/rows/Row038/Layer015Enumeration.lean
research/tasks/B699-Binomial/runs/20260911-low-index-lean-513dc7cc/lean/rows/Row038/Layer015PairBlock000.lean
research/tasks/B699-Binomial/runs/20260911-low-index-lean-513dc7cc/lean/rows/Row038/Layer015PairBlock001.lean
research/tasks/B699-Binomial/runs/20260911-low-index-lean-513dc7cc/lean/rows/Row038/Layer015PairBlock002.lean
research/tasks/B699-Binomial/runs/20260911-low-index-lean-513dc7cc/lean/rows/Row038/Layer015PairBlock003.lean
research/tasks/B699-Binomial/runs/20260911-low-index-lean-513dc7cc/lean/rows/Row038/Layer015PairBlock004.lean
research/tasks/B699-Binomial/runs/20260911-low-index-lean-513dc7cc/lean/rows/Row038/Layer015PairBlock005.lean
research/tasks/B699-Binomial/runs/20260911-low-index-lean-513dc7cc/lean/rows/Row038/Layer015Pairs.lean
research/tasks/B699-Binomial/runs/20260911-low-index-lean-513dc7cc/lean/rows/Row038/Layer015Checked.lean
research/tasks/B699-Binomial/runs/20260911-low-index-lean-513dc7cc/lean/rows/Row038/Layers012.lean
research/tasks/B699-Binomial/runs/20260911-low-index-lean-513dc7cc/lean/rows/Row038/Layer016Arithmetic.lean
research/tasks/B699-Binomial/runs/20260911-low-index-lean-513dc7cc/lean/rows/Row038/Layer016Data.lean
research/tasks/B699-Binomial/runs/20260911-low-index-lean-513dc7cc/lean/rows/Row038/Layer016Enumeration.lean
research/tasks/B699-Binomial/runs/20260911-low-index-lean-513dc7cc/lean/rows/Row038/Layer016PairBlock000.lean
research/tasks/B699-Binomial/runs/20260911-low-index-lean-513dc7cc/lean/rows/Row038/Layer016PairBlock001.lean
research/tasks/B699-Binomial/runs/20260911-low-index-lean-513dc7cc/lean/rows/Row038/Layer016PairBlock002.lean
research/tasks/B699-Binomial/runs/20260911-low-index-lean-513dc7cc/lean/rows/Row038/Layer016PairBlock003.lean
research/tasks/B699-Binomial/runs/20260911-low-index-lean-513dc7cc/lean/rows/Row038/Layer016PairBlock004.lean
research/tasks/B699-Binomial/runs/20260911-low-index-lean-513dc7cc/lean/rows/Row038/Layer016PairBlock005.lean
research/tasks/B699-Binomial/runs/20260911-low-index-lean-513dc7cc/lean/rows/Row038/Layer016PairBlock006.lean
research/tasks/B699-Binomial/runs/20260911-low-index-lean-513dc7cc/lean/rows/Row038/Layer016Pairs.lean
research/tasks/B699-Binomial/runs/20260911-low-index-lean-513dc7cc/lean/rows/Row038/Layer016Checked.lean
research/tasks/B699-Binomial/runs/20260911-low-index-lean-513dc7cc/lean/rows/Row038/Layer017Arithmetic.lean
research/tasks/B699-Binomial/runs/20260911-low-index-lean-513dc7cc/lean/rows/Row038/Layer017Data.lean
research/tasks/B699-Binomial/runs/20260911-low-index-lean-513dc7cc/lean/rows/Row038/Layer017Enumeration.lean
research/tasks/B699-Binomial/runs/20260911-low-index-lean-513dc7cc/lean/rows/Row038/Layer017PairBlock000.lean
research/tasks/B699-Binomial/runs/20260911-low-index-lean-513dc7cc/lean/rows/Row038/Layer017PairBlock001.lean
research/tasks/B699-Binomial/runs/20260911-low-index-lean-513dc7cc/lean/rows/Row038/Layer017PairBlock002.lean
research/tasks/B699-Binomial/runs/20260911-low-index-lean-513dc7cc/lean/rows/Row038/Layer017PairBlock003.lean
research/tasks/B699-Binomial/runs/20260911-low-index-lean-513dc7cc/lean/rows/Row038/Layer017PairBlock004.lean
research/tasks/B699-Binomial/runs/20260911-low-index-lean-513dc7cc/lean/rows/Row038/Layer017PairBlock005.lean
research/tasks/B699-Binomial/runs/20260911-low-index-lean-513dc7cc/lean/rows/Row038/Layer017Pairs.lean
research/tasks/B699-Binomial/runs/20260911-low-index-lean-513dc7cc/lean/rows/Row038/Layer017Checked.lean
research/tasks/B699-Binomial/runs/20260911-low-index-lean-513dc7cc/lean/rows/Row038/Layer018Arithmetic.lean
research/tasks/B699-Binomial/runs/20260911-low-index-lean-513dc7cc/lean/rows/Row038/Layer018Data.lean
research/tasks/B699-Binomial/runs/20260911-low-index-lean-513dc7cc/lean/rows/Row038/Layer018Enumeration.lean
research/tasks/B699-Binomial/runs/20260911-low-index-lean-513dc7cc/lean/rows/Row038/Layer018PairBlock000.lean
research/tasks/B699-Binomial/runs/20260911-low-index-lean-513dc7cc/lean/rows/Row038/Layer018PairBlock001.lean
research/tasks/B699-Binomial/runs/20260911-low-index-lean-513dc7cc/lean/rows/Row038/Layer018PairBlock002.lean
research/tasks/B699-Binomial/runs/20260911-low-index-lean-513dc7cc/lean/rows/Row038/Layer018PairBlock003.lean
research/tasks/B699-Binomial/runs/20260911-low-index-lean-513dc7cc/lean/rows/Row038/Layer018PairBlock004.lean
research/tasks/B699-Binomial/runs/20260911-low-index-lean-513dc7cc/lean/rows/Row038/Layer018PairBlock005.lean
research/tasks/B699-Binomial/runs/20260911-low-index-lean-513dc7cc/lean/rows/Row038/Layer018PairBlock006.lean
research/tasks/B699-Binomial/runs/20260911-low-index-lean-513dc7cc/lean/rows/Row038/Layer018PairBlock007.lean
research/tasks/B699-Binomial/runs/20260911-low-index-lean-513dc7cc/lean/rows/Row038/Layer018Pairs.lean
research/tasks/B699-Binomial/runs/20260911-low-index-lean-513dc7cc/lean/rows/Row038/Layer018Checked.lean
research/tasks/B699-Binomial/runs/20260911-low-index-lean-513dc7cc/lean/rows/Row038/Layer019Arithmetic.lean
research/tasks/B699-Binomial/runs/20260911-low-index-lean-513dc7cc/lean/rows/Row038/Layer019Data.lean
research/tasks/B699-Binomial/runs/20260911-low-index-lean-513dc7cc/lean/rows/Row038/Layer019Enumeration.lean
research/tasks/B699-Binomial/runs/20260911-low-index-lean-513dc7cc/lean/rows/Row038/Layer019PairBlock000.lean
research/tasks/B699-Binomial/runs/20260911-low-index-lean-513dc7cc/lean/rows/Row038/Layer019PairBlock001.lean
research/tasks/B699-Binomial/runs/20260911-low-index-lean-513dc7cc/lean/rows/Row038/Layer019PairBlock002.lean
research/tasks/B699-Binomial/runs/20260911-low-index-lean-513dc7cc/lean/rows/Row038/Layer019PairBlock003.lean
research/tasks/B699-Binomial/runs/20260911-low-index-lean-513dc7cc/lean/rows/Row038/Layer019PairBlock004.lean
research/tasks/B699-Binomial/runs/20260911-low-index-lean-513dc7cc/lean/rows/Row038/Layer019PairBlock005.lean
research/tasks/B699-Binomial/runs/20260911-low-index-lean-513dc7cc/lean/rows/Row038/Layer019PairBlock006.lean
research/tasks/B699-Binomial/runs/20260911-low-index-lean-513dc7cc/lean/rows/Row038/Layer019Pairs.lean
research/tasks/B699-Binomial/runs/20260911-low-index-lean-513dc7cc/lean/rows/Row038/Layer019Checked.lean
research/tasks/B699-Binomial/runs/20260911-low-index-lean-513dc7cc/lean/rows/Row038/Layers016.lean
research/tasks/B699-Binomial/runs/20260911-low-index-lean-513dc7cc/lean/rows/Row038/Layer020Arithmetic.lean
research/tasks/B699-Binomial/runs/20260911-low-index-lean-513dc7cc/lean/rows/Row038/Layer020Data.lean
research/tasks/B699-Binomial/runs/20260911-low-index-lean-513dc7cc/lean/rows/Row038/Layer020Enumeration.lean
research/tasks/B699-Binomial/runs/20260911-low-index-lean-513dc7cc/lean/rows/Row038/Layer020PairBlock000.lean
research/tasks/B699-Binomial/runs/20260911-low-index-lean-513dc7cc/lean/rows/Row038/Layer020PairBlock001.lean
research/tasks/B699-Binomial/runs/20260911-low-index-lean-513dc7cc/lean/rows/Row038/Layer020PairBlock002.lean
research/tasks/B699-Binomial/runs/20260911-low-index-lean-513dc7cc/lean/rows/Row038/Layer020PairBlock003.lean
research/tasks/B699-Binomial/runs/20260911-low-index-lean-513dc7cc/lean/rows/Row038/Layer020PairBlock004.lean
research/tasks/B699-Binomial/runs/20260911-low-index-lean-513dc7cc/lean/rows/Row038/Layer020Pairs.lean
research/tasks/B699-Binomial/runs/20260911-low-index-lean-513dc7cc/lean/rows/Row038/Layer020Checked.lean
research/tasks/B699-Binomial/runs/20260911-low-index-lean-513dc7cc/lean/rows/Row038/Layer021Arithmetic.lean
research/tasks/B699-Binomial/runs/20260911-low-index-lean-513dc7cc/lean/rows/Row038/Layer021Data.lean
research/tasks/B699-Binomial/runs/20260911-low-index-lean-513dc7cc/lean/rows/Row038/Layer021Enumeration.lean
research/tasks/B699-Binomial/runs/20260911-low-index-lean-513dc7cc/lean/rows/Row038/Layer021PairBlock000.lean
research/tasks/B699-Binomial/runs/20260911-low-index-lean-513dc7cc/lean/rows/Row038/Layer021PairBlock001.lean
research/tasks/B699-Binomial/runs/20260911-low-index-lean-513dc7cc/lean/rows/Row038/Layer021PairBlock002.lean
research/tasks/B699-Binomial/runs/20260911-low-index-lean-513dc7cc/lean/rows/Row038/Layer021PairBlock003.lean
research/tasks/B699-Binomial/runs/20260911-low-index-lean-513dc7cc/lean/rows/Row038/Layer021PairBlock004.lean
research/tasks/B699-Binomial/runs/20260911-low-index-lean-513dc7cc/lean/rows/Row038/Layer021PairBlock005.lean
research/tasks/B699-Binomial/runs/20260911-low-index-lean-513dc7cc/lean/rows/Row038/Layer021Pairs.lean
research/tasks/B699-Binomial/runs/20260911-low-index-lean-513dc7cc/lean/rows/Row038/Layer021Checked.lean
research/tasks/B699-Binomial/runs/20260911-low-index-lean-513dc7cc/lean/rows/Row038/Layer022Arithmetic.lean
research/tasks/B699-Binomial/runs/20260911-low-index-lean-513dc7cc/lean/rows/Row038/Layer022Data.lean
research/tasks/B699-Binomial/runs/20260911-low-index-lean-513dc7cc/lean/rows/Row038/Layer022Enumeration.lean
research/tasks/B699-Binomial/runs/20260911-low-index-lean-513dc7cc/lean/rows/Row038/Layer022PairBlock000.lean
research/tasks/B699-Binomial/runs/20260911-low-index-lean-513dc7cc/lean/rows/Row038/Layer022PairBlock001.lean
research/tasks/B699-Binomial/runs/20260911-low-index-lean-513dc7cc/lean/rows/Row038/Layer022PairBlock002.lean
research/tasks/B699-Binomial/runs/20260911-low-index-lean-513dc7cc/lean/rows/Row038/Layer022PairBlock003.lean
research/tasks/B699-Binomial/runs/20260911-low-index-lean-513dc7cc/lean/rows/Row038/Layer022PairBlock004.lean
research/tasks/B699-Binomial/runs/20260911-low-index-lean-513dc7cc/lean/rows/Row038/Layer022PairBlock005.lean
research/tasks/B699-Binomial/runs/20260911-low-index-lean-513dc7cc/lean/rows/Row038/Layer022Pairs.lean
research/tasks/B699-Binomial/runs/20260911-low-index-lean-513dc7cc/lean/rows/Row038/Layer022Checked.lean
research/tasks/B699-Binomial/runs/20260911-low-index-lean-513dc7cc/lean/rows/Row038/Layer023Arithmetic.lean
research/tasks/B699-Binomial/runs/20260911-low-index-lean-513dc7cc/lean/rows/Row038/Layer023Data.lean
research/tasks/B699-Binomial/runs/20260911-low-index-lean-513dc7cc/lean/rows/Row038/Layer023Enumeration.lean
research/tasks/B699-Binomial/runs/20260911-low-index-lean-513dc7cc/lean/rows/Row038/Layer023PairBlock000.lean
research/tasks/B699-Binomial/runs/20260911-low-index-lean-513dc7cc/lean/rows/Row038/Layer023PairBlock001.lean
research/tasks/B699-Binomial/runs/20260911-low-index-lean-513dc7cc/lean/rows/Row038/Layer023PairBlock002.lean
research/tasks/B699-Binomial/runs/20260911-low-index-lean-513dc7cc/lean/rows/Row038/Layer023PairBlock003.lean
research/tasks/B699-Binomial/runs/20260911-low-index-lean-513dc7cc/lean/rows/Row038/Layer023PairBlock004.lean
research/tasks/B699-Binomial/runs/20260911-low-index-lean-513dc7cc/lean/rows/Row038/Layer023PairBlock005.lean
research/tasks/B699-Binomial/runs/20260911-low-index-lean-513dc7cc/lean/rows/Row038/Layer023Pairs.lean
research/tasks/B699-Binomial/runs/20260911-low-index-lean-513dc7cc/lean/rows/Row038/Layer023Checked.lean
research/tasks/B699-Binomial/runs/20260911-low-index-lean-513dc7cc/lean/rows/Row038/Layers020.lean
research/tasks/B699-Binomial/runs/20260911-low-index-lean-513dc7cc/lean/rows/Row038/Layer024Arithmetic.lean
research/tasks/B699-Binomial/runs/20260911-low-index-lean-513dc7cc/lean/rows/Row038/Layer024Data.lean
research/tasks/B699-Binomial/runs/20260911-low-index-lean-513dc7cc/lean/rows/Row038/Layer024Enumeration.lean
research/tasks/B699-Binomial/runs/20260911-low-index-lean-513dc7cc/lean/rows/Row038/Layer024PairBlock000.lean
research/tasks/B699-Binomial/runs/20260911-low-index-lean-513dc7cc/lean/rows/Row038/Layer024PairBlock001.lean
research/tasks/B699-Binomial/runs/20260911-low-index-lean-513dc7cc/lean/rows/Row038/Layer024PairBlock002.lean
research/tasks/B699-Binomial/runs/20260911-low-index-lean-513dc7cc/lean/rows/Row038/Layer024PairBlock003.lean
research/tasks/B699-Binomial/runs/20260911-low-index-lean-513dc7cc/lean/rows/Row038/Layer024PairBlock004.lean
research/tasks/B699-Binomial/runs/20260911-low-index-lean-513dc7cc/lean/rows/Row038/Layer024PairBlock005.lean
research/tasks/B699-Binomial/runs/20260911-low-index-lean-513dc7cc/lean/rows/Row038/Layer024Pairs.lean
research/tasks/B699-Binomial/runs/20260911-low-index-lean-513dc7cc/lean/rows/Row038/Layer024Checked.lean
research/tasks/B699-Binomial/runs/20260911-low-index-lean-513dc7cc/lean/rows/Row038/Layer025Arithmetic.lean
research/tasks/B699-Binomial/runs/20260911-low-index-lean-513dc7cc/lean/rows/Row038/Layer025Data.lean
research/tasks/B699-Binomial/runs/20260911-low-index-lean-513dc7cc/lean/rows/Row038/Layer025Enumeration.lean
research/tasks/B699-Binomial/runs/20260911-low-index-lean-513dc7cc/lean/rows/Row038/Layer025PairBlock000.lean
research/tasks/B699-Binomial/runs/20260911-low-index-lean-513dc7cc/lean/rows/Row038/Layer025PairBlock001.lean
research/tasks/B699-Binomial/runs/20260911-low-index-lean-513dc7cc/lean/rows/Row038/Layer025PairBlock002.lean
research/tasks/B699-Binomial/runs/20260911-low-index-lean-513dc7cc/lean/rows/Row038/Layer025PairBlock003.lean
research/tasks/B699-Binomial/runs/20260911-low-index-lean-513dc7cc/lean/rows/Row038/Layer025PairBlock004.lean
research/tasks/B699-Binomial/runs/20260911-low-index-lean-513dc7cc/lean/rows/Row038/Layer025PairBlock005.lean
research/tasks/B699-Binomial/runs/20260911-low-index-lean-513dc7cc/lean/rows/Row038/Layer025Pairs.lean
research/tasks/B699-Binomial/runs/20260911-low-index-lean-513dc7cc/lean/rows/Row038/Layer025Checked.lean
research/tasks/B699-Binomial/runs/20260911-low-index-lean-513dc7cc/lean/rows/Row038/Layer026Arithmetic.lean
research/tasks/B699-Binomial/runs/20260911-low-index-lean-513dc7cc/lean/rows/Row038/Layer026Data.lean
research/tasks/B699-Binomial/runs/20260911-low-index-lean-513dc7cc/lean/rows/Row038/Layer026Enumeration.lean
research/tasks/B699-Binomial/runs/20260911-low-index-lean-513dc7cc/lean/rows/Row038/Layer026PairBlock000.lean
research/tasks/B699-Binomial/runs/20260911-low-index-lean-513dc7cc/lean/rows/Row038/Layer026PairBlock001.lean
research/tasks/B699-Binomial/runs/20260911-low-index-lean-513dc7cc/lean/rows/Row038/Layer026PairBlock002.lean
research/tasks/B699-Binomial/runs/20260911-low-index-lean-513dc7cc/lean/rows/Row038/Layer026PairBlock003.lean
research/tasks/B699-Binomial/runs/20260911-low-index-lean-513dc7cc/lean/rows/Row038/Layer026PairBlock004.lean
research/tasks/B699-Binomial/runs/20260911-low-index-lean-513dc7cc/lean/rows/Row038/Layer026Pairs.lean
research/tasks/B699-Binomial/runs/20260911-low-index-lean-513dc7cc/lean/rows/Row038/Layer026Checked.lean
research/tasks/B699-Binomial/runs/20260911-low-index-lean-513dc7cc/lean/rows/Row038/Layer027Arithmetic.lean
research/tasks/B699-Binomial/runs/20260911-low-index-lean-513dc7cc/lean/rows/Row038/Layer027Data.lean
research/tasks/B699-Binomial/runs/20260911-low-index-lean-513dc7cc/lean/rows/Row038/Layer027Enumeration.lean
research/tasks/B699-Binomial/runs/20260911-low-index-lean-513dc7cc/lean/rows/Row038/Layer027PairBlock000.lean
research/tasks/B699-Binomial/runs/20260911-low-index-lean-513dc7cc/lean/rows/Row038/Layer027PairBlock001.lean
research/tasks/B699-Binomial/runs/20260911-low-index-lean-513dc7cc/lean/rows/Row038/Layer027PairBlock002.lean
research/tasks/B699-Binomial/runs/20260911-low-index-lean-513dc7cc/lean/rows/Row038/Layer027PairBlock003.lean
research/tasks/B699-Binomial/runs/20260911-low-index-lean-513dc7cc/lean/rows/Row038/Layer027PairBlock004.lean
research/tasks/B699-Binomial/runs/20260911-low-index-lean-513dc7cc/lean/rows/Row038/Layer027PairBlock005.lean
research/tasks/B699-Binomial/runs/20260911-low-index-lean-513dc7cc/lean/rows/Row038/Layer027Pairs.lean
research/tasks/B699-Binomial/runs/20260911-low-index-lean-513dc7cc/lean/rows/Row038/Layer027Checked.lean
research/tasks/B699-Binomial/runs/20260911-low-index-lean-513dc7cc/lean/rows/Row038/Layers024.lean
research/tasks/B699-Binomial/runs/20260911-low-index-lean-513dc7cc/lean/rows/Row038/Layer028Arithmetic.lean
research/tasks/B699-Binomial/runs/20260911-low-index-lean-513dc7cc/lean/rows/Row038/Layer028Data.lean
research/tasks/B699-Binomial/runs/20260911-low-index-lean-513dc7cc/lean/rows/Row038/Layer028Enumeration.lean
research/tasks/B699-Binomial/runs/20260911-low-index-lean-513dc7cc/lean/rows/Row038/Layer028PairBlock000.lean
research/tasks/B699-Binomial/runs/20260911-low-index-lean-513dc7cc/lean/rows/Row038/Layer028PairBlock001.lean
research/tasks/B699-Binomial/runs/20260911-low-index-lean-513dc7cc/lean/rows/Row038/Layer028PairBlock002.lean
research/tasks/B699-Binomial/runs/20260911-low-index-lean-513dc7cc/lean/rows/Row038/Layer028PairBlock003.lean
research/tasks/B699-Binomial/runs/20260911-low-index-lean-513dc7cc/lean/rows/Row038/Layer028PairBlock004.lean
research/tasks/B699-Binomial/runs/20260911-low-index-lean-513dc7cc/lean/rows/Row038/Layer028Pairs.lean
research/tasks/B699-Binomial/runs/20260911-low-index-lean-513dc7cc/lean/rows/Row038/Layer028Checked.lean
research/tasks/B699-Binomial/runs/20260911-low-index-lean-513dc7cc/lean/rows/Row038/Layer029Arithmetic.lean
research/tasks/B699-Binomial/runs/20260911-low-index-lean-513dc7cc/lean/rows/Row038/Layer029Data.lean
research/tasks/B699-Binomial/runs/20260911-low-index-lean-513dc7cc/lean/rows/Row038/Layer029Enumeration.lean
research/tasks/B699-Binomial/runs/20260911-low-index-lean-513dc7cc/lean/rows/Row038/Layer029PairBlock000.lean
research/tasks/B699-Binomial/runs/20260911-low-index-lean-513dc7cc/lean/rows/Row038/Layer029PairBlock001.lean
research/tasks/B699-Binomial/runs/20260911-low-index-lean-513dc7cc/lean/rows/Row038/Layer029PairBlock002.lean
research/tasks/B699-Binomial/runs/20260911-low-index-lean-513dc7cc/lean/rows/Row038/Layer029PairBlock003.lean
research/tasks/B699-Binomial/runs/20260911-low-index-lean-513dc7cc/lean/rows/Row038/Layer029PairBlock004.lean
research/tasks/B699-Binomial/runs/20260911-low-index-lean-513dc7cc/lean/rows/Row038/Layer029Pairs.lean
research/tasks/B699-Binomial/runs/20260911-low-index-lean-513dc7cc/lean/rows/Row038/Layer029Checked.lean
research/tasks/B699-Binomial/runs/20260911-low-index-lean-513dc7cc/lean/rows/Row038/Layer030Arithmetic.lean
research/tasks/B699-Binomial/runs/20260911-low-index-lean-513dc7cc/lean/rows/Row038/Layer030Data.lean
research/tasks/B699-Binomial/runs/20260911-low-index-lean-513dc7cc/lean/rows/Row038/Layer030Enumeration.lean
research/tasks/B699-Binomial/runs/20260911-low-index-lean-513dc7cc/lean/rows/Row038/Layer030PairBlock000.lean
research/tasks/B699-Binomial/runs/20260911-low-index-lean-513dc7cc/lean/rows/Row038/Layer030PairBlock001.lean
research/tasks/B699-Binomial/runs/20260911-low-index-lean-513dc7cc/lean/rows/Row038/Layer030PairBlock002.lean
research/tasks/B699-Binomial/runs/20260911-low-index-lean-513dc7cc/lean/rows/Row038/Layer030PairBlock003.lean
research/tasks/B699-Binomial/runs/20260911-low-index-lean-513dc7cc/lean/rows/Row038/Layer030PairBlock004.lean
research/tasks/B699-Binomial/runs/20260911-low-index-lean-513dc7cc/lean/rows/Row038/Layer030PairBlock005.lean
research/tasks/B699-Binomial/runs/20260911-low-index-lean-513dc7cc/lean/rows/Row038/Layer030Pairs.lean
research/tasks/B699-Binomial/runs/20260911-low-index-lean-513dc7cc/lean/rows/Row038/Layer030Checked.lean
research/tasks/B699-Binomial/runs/20260911-low-index-lean-513dc7cc/lean/rows/Row038/Layer031Arithmetic.lean
research/tasks/B699-Binomial/runs/20260911-low-index-lean-513dc7cc/lean/rows/Row038/Layer031Data.lean
research/tasks/B699-Binomial/runs/20260911-low-index-lean-513dc7cc/lean/rows/Row038/Layer031Enumeration.lean
research/tasks/B699-Binomial/runs/20260911-low-index-lean-513dc7cc/lean/rows/Row038/Layer031PairBlock000.lean
research/tasks/B699-Binomial/runs/20260911-low-index-lean-513dc7cc/lean/rows/Row038/Layer031PairBlock001.lean
research/tasks/B699-Binomial/runs/20260911-low-index-lean-513dc7cc/lean/rows/Row038/Layer031PairBlock002.lean
research/tasks/B699-Binomial/runs/20260911-low-index-lean-513dc7cc/lean/rows/Row038/Layer031PairBlock003.lean
research/tasks/B699-Binomial/runs/20260911-low-index-lean-513dc7cc/lean/rows/Row038/Layer031PairBlock004.lean
research/tasks/B699-Binomial/runs/20260911-low-index-lean-513dc7cc/lean/rows/Row038/Layer031Pairs.lean
research/tasks/B699-Binomial/runs/20260911-low-index-lean-513dc7cc/lean/rows/Row038/Layer031Checked.lean
research/tasks/B699-Binomial/runs/20260911-low-index-lean-513dc7cc/lean/rows/Row038/Layers028.lean
research/tasks/B699-Binomial/runs/20260911-low-index-lean-513dc7cc/lean/rows/Row038/Layer032Arithmetic.lean
research/tasks/B699-Binomial/runs/20260911-low-index-lean-513dc7cc/lean/rows/Row038/Layer032Data.lean
research/tasks/B699-Binomial/runs/20260911-low-index-lean-513dc7cc/lean/rows/Row038/Layer032Enumeration.lean
research/tasks/B699-Binomial/runs/20260911-low-index-lean-513dc7cc/lean/rows/Row038/Layer032PairBlock000.lean
research/tasks/B699-Binomial/runs/20260911-low-index-lean-513dc7cc/lean/rows/Row038/Layer032PairBlock001.lean
research/tasks/B699-Binomial/runs/20260911-low-index-lean-513dc7cc/lean/rows/Row038/Layer032PairBlock002.lean
research/tasks/B699-Binomial/runs/20260911-low-index-lean-513dc7cc/lean/rows/Row038/Layer032PairBlock003.lean
research/tasks/B699-Binomial/runs/20260911-low-index-lean-513dc7cc/lean/rows/Row038/Layer032PairBlock004.lean
research/tasks/B699-Binomial/runs/20260911-low-index-lean-513dc7cc/lean/rows/Row038/Layer032Pairs.lean
research/tasks/B699-Binomial/runs/20260911-low-index-lean-513dc7cc/lean/rows/Row038/Layer032Checked.lean
research/tasks/B699-Binomial/runs/20260911-low-index-lean-513dc7cc/lean/rows/Row038/Layer033Arithmetic.lean
research/tasks/B699-Binomial/runs/20260911-low-index-lean-513dc7cc/lean/rows/Row038/Layer033Data.lean
research/tasks/B699-Binomial/runs/20260911-low-index-lean-513dc7cc/lean/rows/Row038/Layer033Enumeration.lean
research/tasks/B699-Binomial/runs/20260911-low-index-lean-513dc7cc/lean/rows/Row038/Layer033PairBlock000.lean
research/tasks/B699-Binomial/runs/20260911-low-index-lean-513dc7cc/lean/rows/Row038/Layer033PairBlock001.lean
research/tasks/B699-Binomial/runs/20260911-low-index-lean-513dc7cc/lean/rows/Row038/Layer033PairBlock002.lean
research/tasks/B699-Binomial/runs/20260911-low-index-lean-513dc7cc/lean/rows/Row038/Layer033PairBlock003.lean
research/tasks/B699-Binomial/runs/20260911-low-index-lean-513dc7cc/lean/rows/Row038/Layer033PairBlock004.lean
research/tasks/B699-Binomial/runs/20260911-low-index-lean-513dc7cc/lean/rows/Row038/Layer033Pairs.lean
research/tasks/B699-Binomial/runs/20260911-low-index-lean-513dc7cc/lean/rows/Row038/Layer033Checked.lean
research/tasks/B699-Binomial/runs/20260911-low-index-lean-513dc7cc/lean/rows/Row038/Layer034Arithmetic.lean
research/tasks/B699-Binomial/runs/20260911-low-index-lean-513dc7cc/lean/rows/Row038/Layer034Data.lean
research/tasks/B699-Binomial/runs/20260911-low-index-lean-513dc7cc/lean/rows/Row038/Layer034Enumeration.lean
research/tasks/B699-Binomial/runs/20260911-low-index-lean-513dc7cc/lean/rows/Row038/Layer034PairBlock000.lean
research/tasks/B699-Binomial/runs/20260911-low-index-lean-513dc7cc/lean/rows/Row038/Layer034PairBlock001.lean
research/tasks/B699-Binomial/runs/20260911-low-index-lean-513dc7cc/lean/rows/Row038/Layer034PairBlock002.lean
research/tasks/B699-Binomial/runs/20260911-low-index-lean-513dc7cc/lean/rows/Row038/Layer034PairBlock003.lean
research/tasks/B699-Binomial/runs/20260911-low-index-lean-513dc7cc/lean/rows/Row038/Layer034PairBlock004.lean
research/tasks/B699-Binomial/runs/20260911-low-index-lean-513dc7cc/lean/rows/Row038/Layer034PairBlock005.lean
research/tasks/B699-Binomial/runs/20260911-low-index-lean-513dc7cc/lean/rows/Row038/Layer034Pairs.lean
research/tasks/B699-Binomial/runs/20260911-low-index-lean-513dc7cc/lean/rows/Row038/Layer034Checked.lean
research/tasks/B699-Binomial/runs/20260911-low-index-lean-513dc7cc/lean/rows/Row038/Layers032.lean
research/tasks/B699-Binomial/runs/20260911-low-index-lean-513dc7cc/lean/rows/Row038/Layer037Arithmetic.lean
research/tasks/B699-Binomial/runs/20260911-low-index-lean-513dc7cc/lean/rows/Row038/Layer037Data.lean
research/tasks/B699-Binomial/runs/20260911-low-index-lean-513dc7cc/lean/rows/Row038/Layer037Enumeration.lean
research/tasks/B699-Binomial/runs/20260911-low-index-lean-513dc7cc/lean/rows/Row038/Layer037PairBlock000.lean
research/tasks/B699-Binomial/runs/20260911-low-index-lean-513dc7cc/lean/rows/Row038/Layer037PairBlock001.lean
research/tasks/B699-Binomial/runs/20260911-low-index-lean-513dc7cc/lean/rows/Row038/Layer037PairBlock002.lean
research/tasks/B699-Binomial/runs/20260911-low-index-lean-513dc7cc/lean/rows/Row038/Layer037PairBlock003.lean
research/tasks/B699-Binomial/runs/20260911-low-index-lean-513dc7cc/lean/rows/Row038/Layer037PairBlock004.lean
research/tasks/B699-Binomial/runs/20260911-low-index-lean-513dc7cc/lean/rows/Row038/Layer037Pairs.lean
research/tasks/B699-Binomial/runs/20260911-low-index-lean-513dc7cc/lean/rows/Row038/Layer037Checked.lean
research/tasks/B699-Binomial/runs/20260911-low-index-lean-513dc7cc/lean/rows/Row038/Layer038Arithmetic.lean
research/tasks/B699-Binomial/runs/20260911-low-index-lean-513dc7cc/lean/rows/Row038/Layer038Data.lean
research/tasks/B699-Binomial/runs/20260911-low-index-lean-513dc7cc/lean/rows/Row038/Layer038Enumeration.lean
research/tasks/B699-Binomial/runs/20260911-low-index-lean-513dc7cc/lean/rows/Row038/Layer038PairBlock000.lean
research/tasks/B699-Binomial/runs/20260911-low-index-lean-513dc7cc/lean/rows/Row038/Layer038PairBlock001.lean
research/tasks/B699-Binomial/runs/20260911-low-index-lean-513dc7cc/lean/rows/Row038/Layer038PairBlock002.lean
research/tasks/B699-Binomial/runs/20260911-low-index-lean-513dc7cc/lean/rows/Row038/Layer038PairBlock003.lean
research/tasks/B699-Binomial/runs/20260911-low-index-lean-513dc7cc/lean/rows/Row038/Layer038PairBlock004.lean
research/tasks/B699-Binomial/runs/20260911-low-index-lean-513dc7cc/lean/rows/Row038/Layer038Pairs.lean
research/tasks/B699-Binomial/runs/20260911-low-index-lean-513dc7cc/lean/rows/Row038/Layer038Checked.lean
research/tasks/B699-Binomial/runs/20260911-low-index-lean-513dc7cc/lean/rows/Row038/Layers036.lean
research/tasks/B699-Binomial/runs/20260911-low-index-lean-513dc7cc/lean/rows/Row038/Layer041Arithmetic.lean
research/tasks/B699-Binomial/runs/20260911-low-index-lean-513dc7cc/lean/rows/Row038/Layer041Data.lean
research/tasks/B699-Binomial/runs/20260911-low-index-lean-513dc7cc/lean/rows/Row038/Layer041Enumeration.lean
research/tasks/B699-Binomial/runs/20260911-low-index-lean-513dc7cc/lean/rows/Row038/Layer041PairBlock000.lean
research/tasks/B699-Binomial/runs/20260911-low-index-lean-513dc7cc/lean/rows/Row038/Layer041PairBlock001.lean
research/tasks/B699-Binomial/runs/20260911-low-index-lean-513dc7cc/lean/rows/Row038/Layer041PairBlock002.lean
research/tasks/B699-Binomial/runs/20260911-low-index-lean-513dc7cc/lean/rows/Row038/Layer041PairBlock003.lean
research/tasks/B699-Binomial/runs/20260911-low-index-lean-513dc7cc/lean/rows/Row038/Layer041PairBlock004.lean
research/tasks/B699-Binomial/runs/20260911-low-index-lean-513dc7cc/lean/rows/Row038/Layer041Pairs.lean
research/tasks/B699-Binomial/runs/20260911-low-index-lean-513dc7cc/lean/rows/Row038/Layer041Checked.lean
research/tasks/B699-Binomial/runs/20260911-low-index-lean-513dc7cc/lean/rows/Row038/Layers040.lean
research/tasks/B699-Binomial/runs/20260911-low-index-lean-513dc7cc/lean/rows/Row038/Layers044.lean
research/tasks/B699-Binomial/runs/20260911-low-index-lean-513dc7cc/lean/rows/Row038/Layers048.lean
research/tasks/B699-Binomial/runs/20260911-low-index-lean-513dc7cc/lean/rows/Row038/Layers052.lean
research/tasks/B699-Binomial/runs/20260911-low-index-lean-513dc7cc/lean/rows/Row038/Layers056.lean
research/tasks/B699-Binomial/runs/20260911-low-index-lean-513dc7cc/lean/rows/Row038/Layers060.lean
research/tasks/B699-Binomial/runs/20260911-low-index-lean-513dc7cc/lean/rows/Row038/Layers064.lean
research/tasks/B699-Binomial/runs/20260911-low-index-lean-513dc7cc/lean/rows/Row038/Layers068.lean
research/tasks/B699-Binomial/runs/20260911-low-index-lean-513dc7cc/lean/rows/Row038/Layers072.lean
research/tasks/B699-Binomial/runs/20260911-low-index-lean-513dc7cc/lean/rows/Row038/Layers076.lean
research/tasks/B699-Binomial/runs/20260911-low-index-lean-513dc7cc/lean/rows/Row038/Layers080.lean
research/tasks/B699-Binomial/runs/20260911-low-index-lean-513dc7cc/lean/rows/Row038/Layers084.lean
research/tasks/B699-Binomial/runs/20260911-low-index-lean-513dc7cc/lean/rows/Row038/Layers088.lean
research/tasks/B699-Binomial/runs/20260911-low-index-lean-513dc7cc/lean/rows/Row038/Layers092.lean
research/tasks/B699-Binomial/runs/20260911-low-index-lean-513dc7cc/lean/rows/Row038/Layers096.lean
research/tasks/B699-Binomial/runs/20260911-low-index-lean-513dc7cc/lean/rows/Row038/Layers100.lean
research/tasks/B699-Binomial/runs/20260911-low-index-lean-513dc7cc/lean/rows/Row038/Layers104.lean
research/tasks/B699-Binomial/runs/20260911-low-index-lean-513dc7cc/lean/rows/Row038/Layers108.lean
research/tasks/B699-Binomial/runs/20260911-low-index-lean-513dc7cc/lean/rows/Row038/Layers112.lean
research/tasks/B699-Binomial/runs/20260911-low-index-lean-513dc7cc/lean/rows/Row038/Layers116.lean
research/tasks/B699-Binomial/runs/20260911-low-index-lean-513dc7cc/lean/rows/Row038/Layers120.lean
research/tasks/B699-Binomial/runs/20260911-low-index-lean-513dc7cc/lean/rows/Row038/Layers124.lean
research/tasks/B699-Binomial/runs/20260911-low-index-lean-513dc7cc/lean/rows/Row038/Layers128.lean
research/tasks/B699-Binomial/runs/20260911-low-index-lean-513dc7cc/lean/rows/Row038/Layers132.lean
research/tasks/B699-Binomial/runs/20260911-low-index-lean-513dc7cc/lean/rows/Row038/Layers136.lean
research/tasks/B699-Binomial/runs/20260911-low-index-lean-513dc7cc/lean/rows/Row038/Layers140.lean
research/tasks/B699-Binomial/runs/20260911-low-index-lean-513dc7cc/lean/rows/Row038/Layers144.lean
research/tasks/B699-Binomial/runs/20260911-low-index-lean-513dc7cc/lean/rows/Row038/Layers148.lean
research/tasks/B699-Binomial/runs/20260911-low-index-lean-513dc7cc/lean/rows/Row038/Layers152.lean
research/tasks/B699-Binomial/runs/20260911-low-index-lean-513dc7cc/lean/rows/Row038/Layers156.lean
research/tasks/B699-Binomial/runs/20260911-low-index-lean-513dc7cc/lean/rows/Row038/Layers160.lean
research/tasks/B699-Binomial/runs/20260911-low-index-lean-513dc7cc/lean/rows/Row038/Layers164.lean
research/tasks/B699-Binomial/runs/20260911-low-index-lean-513dc7cc/lean/rows/Row038/Layers168.lean
research/tasks/B699-Binomial/runs/20260911-low-index-lean-513dc7cc/lean/rows/Row038/LayersChecked.lean
research/tasks/B699-Binomial/runs/20260911-low-index-lean-513dc7cc/lean/rows/Row038/Checked.lean
research/tasks/B699-Binomial/runs/20260911-low-index-lean-513dc7cc/lean/rows/Row038/Original.lean

Source policy passed for exact project closure.
