{
  "distinct_center": {
    "f_minus_2": "-(400*x**2 - 480*x + 117)*(400*x**2 + 240*x + 9)*(160000*x**4 - 96000*x**3 - 122400*x**2 + 41040*x + 15309)/45349632",
    "forced_line": "p=-3*q",
    "interpolation_compatibility": "-3*q*(p + 3*q)*(p**2 - 2*p*q + p + q**2)",
    "line_K5": "3*(2700*q**2 - 567*q + 100*s)/(2000*q)",
    "line_K6": "-(450*q**2 - 81*q - 50*s)/(200*q)",
    "p_equals_2q_constraint": "-3=0",
    "q0_compatibility": "-3*(pp + 1)/4",
    "quadratic_discriminants": [
      43200,
      43200
    ],
    "quartic_mod11_values": [
      8,
      6,
      6,
      5,
      10,
      5,
      6,
      6,
      8,
      3,
      3
    ],
    "resultant_AB": "p**2 - 2*p*q + p + q**2",
    "status": "PASS DISTINCT-CENTER (2,0,2) CLOSED",
    "unique_formal_point": {
      "p": "-243/400",
      "q": "81/400",
      "rho": "-531441/800000000",
      "s": "6561/160000"
    }
  },
  "same_center": {
    "f_minus_2": "-4*(-5*p + 6*q + x**2)*(-2*p + 3*q + x**2)*(p**2 - 9*p*q - 7*p*x**2 + 9*q**2 + 9*q*x**2 + x**4)/(81*(p - q)**4)",
    "formal_s": "-p**2/2 - 3*p*q + 9*q**2/2",
    "leading_coefficient": "-4/(81*(p - q)**4)",
    "q0_leading_coefficient": "-4/(81*pp**4)",
    "q0_rho": "-243*pp**4/32",
    "rho": "-243*(p - q)**4/32",
    "status": "PASS SAME-CENTER (2,0,2) CLOSED BY NEGATIVE LEADING COEFFICIENT"
  },
  "status": "OCTIC (2,0,2) CLOSED"
}
