# command: LEAN -j1 -M1536 -DautoImplicit=false -DrelaxedAutoImplicit=false --root=PROJECT_ROOT -o .tools/20260911-low-index-lean-513dc7cc/20260912T002801304844Z/olean/research/tasks/B699-Binomial/runs/20260911-low-index-lean-513dc7cc/lean/CrtStage0Pair23/Chunk010RowA84.olean research/tasks/B699-Binomial/runs/20260911-low-index-lean-513dc7cc/lean/CrtStage0Pair23/Chunk010RowA84.lean
# cwd: PROJECT_ROOT
# started_utc: 2026-09-12T00:29:19.069751Z
# finished_utc: 2026-09-12T00:29:30.058399Z
# exit_code: 0
# timed_out: False
'Math.B699.CRTStage0Pair23.Chunk010.cellA84B1_check' depends on axioms: [propext]
'Math.B699.CRTStage0Pair23.Chunk010.cellA84B2_check' depends on axioms: [propext]
'Math.B699.CRTStage0Pair23.Chunk010.cellA84B3_check' depends on axioms: [propext]
'Math.B699.CRTStage0Pair23.Chunk010.cellA84B4_check' depends on axioms: [propext]
'Math.B699.CRTStage0Pair23.Chunk010.cellA84B5_check' depends on axioms: [propext]
'Math.B699.CRTStage0Pair23.Chunk010.cellA84B6_check' depends on axioms: [propext]
'Math.B699.CRTStage0Pair23.Chunk010.cellA84B7_check' depends on axioms: [propext]
'Math.B699.CRTStage0Pair23.Chunk010.cellA84B8_check' depends on axioms: [propext]
'Math.B699.CRTStage0Pair23.Chunk010.cellA84B9_check' depends on axioms: [propext]
'Math.B699.CRTStage0Pair23.Chunk010.cellA84B10_check' depends on axioms: [propext]
'Math.B699.CRTStage0Pair23.Chunk010.cellA84B11_check' depends on axioms: [propext]
'Math.B699.CRTStage0Pair23.Chunk010.cellA84B12_check' depends on axioms: [propext]
'Math.B699.CRTStage0Pair23.Chunk010.cellA84B13_check' depends on axioms: [propext]
'Math.B699.CRTStage0Pair23.Chunk010.cellA84B14_check' depends on axioms: [propext]
'Math.B699.CRTStage0Pair23.Chunk010.cellA84B15_check' depends on axioms: [propext]
'Math.B699.CRTStage0Pair23.Chunk010.cellA84B16_check' depends on axioms: [propext]
'Math.B699.CRTStage0Pair23.Chunk010.cellA84B17_check' depends on axioms: [propext]
'Math.B699.CRTStage0Pair23.Chunk010.cellA84B18_check' depends on axioms: [propext]
'Math.B699.CRTStage0Pair23.Chunk010.cellA84B19_check' depends on axioms: [propext]
'Math.B699.CRTStage0Pair23.Chunk010.cellA84B20_check' depends on axioms: [propext]
'Math.B699.CRTStage0Pair23.Chunk010.cellA84B21_check' depends on axioms: [propext]
'Math.B699.CRTStage0Pair23.Chunk010.cellA84B22_check' depends on axioms: [propext]
'Math.B699.CRTStage0Pair23.Chunk010.cellA84B23_check' depends on axioms: [propext]
'Math.B699.CRTStage0Pair23.Chunk010.cellA84B24_check' depends on axioms: [propext]
'Math.B699.CRTStage0Pair23.Chunk010.cellA84B25_check' depends on axioms: [propext]
'Math.B699.CRTStage0Pair23.Chunk010.cellA84B26_check' depends on axioms: [propext]
'Math.B699.CRTStage0Pair23.Chunk010.cellA84B27_check' depends on axioms: [propext]
'Math.B699.CRTStage0Pair23.Chunk010.cellA84B28_check' depends on axioms: [propext]
'Math.B699.CRTStage0Pair23.Chunk010.cellA84B29_check' depends on axioms: [propext]
'Math.B699.CRTStage0Pair23.Chunk010.cellA84B30_check' depends on axioms: [propext]
'Math.B699.CRTStage0Pair23.Chunk010.cellA84B31_check' depends on axioms: [propext]
'Math.B699.CRTStage0Pair23.Chunk010.cellA84B32_check' depends on axioms: [propext]
'Math.B699.CRTStage0Pair23.Chunk010.cellA84B33_check' depends on axioms: [propext]
'Math.B699.CRTStage0Pair23.Chunk010.cellA84B34_check' depends on axioms: [propext]
'Math.B699.CRTStage0Pair23.Chunk010.cellA84B35_check' depends on axioms: [propext]
'Math.B699.CRTStage0Pair23.Chunk010.cellA84B36_check' depends on axioms: [propext]
'Math.B699.CRTStage0Pair23.Chunk010.cellA84B37_check' depends on axioms: [propext]
'Math.B699.CRTStage0Pair23.Chunk010.cellA84B38_check' depends on axioms: [propext]
'Math.B699.CRTStage0Pair23.Chunk010.cellA84B39_check' depends on axioms: [propext]
'Math.B699.CRTStage0Pair23.Chunk010.cellA84B40_check' depends on axioms: [propext]
'Math.B699.CRTStage0Pair23.Chunk010.cellA84B41_check' depends on axioms: [propext]
'Math.B699.CRTStage0Pair23.Chunk010.cellA84B42_check' depends on axioms: [propext]
'Math.B699.CRTStage0Pair23.Chunk010.cellA84B43_check' depends on axioms: [propext]
'Math.B699.CRTStage0Pair23.Chunk010.cellA84B44_check' depends on axioms: [propext]
'Math.B699.CRTStage0Pair23.Chunk010.cellA84B45_check' depends on axioms: [propext]
'Math.B699.CRTStage0Pair23.Chunk010.cellA84B46_check' depends on axioms: [propext]
'Math.B699.CRTStage0Pair23.Chunk010.cellA84B47_check' depends on axioms: [propext]
'Math.B699.CRTStage0Pair23.Chunk010.cellA84B48_check' depends on axioms: [propext]
'Math.B699.CRTStage0Pair23.Chunk010.cellA84B49_check' depends on axioms: [propext]
'Math.B699.CRTStage0Pair23.Chunk010.cellA84B50_check' depends on axioms: [propext]
'Math.B699.CRTStage0Pair23.Chunk010.cellA84B51_check' depends on axioms: [propext]
'Math.B699.CRTStage0Pair23.Chunk010.cellA84B52_check' depends on axioms: [propext]
'Math.B699.CRTStage0Pair23.Chunk010.cellA84B53_check' depends on axioms: [propext]
'Math.B699.CRTStage0Pair23.Chunk010.cellA84B54_check' depends on axioms: [propext]
'Math.B699.CRTStage0Pair23.Chunk010.cellA84B55_check' depends on axioms: [propext]
'Math.B699.CRTStage0Pair23.Chunk010.cellA84B56_check' depends on axioms: [propext]
'Math.B699.CRTStage0Pair23.Chunk010.cellA84B57_check' depends on axioms: [propext]
'Math.B699.CRTStage0Pair23.Chunk010.cellA84B58_check' depends on axioms: [propext]
'Math.B699.CRTStage0Pair23.Chunk010.cellA84B59_check' depends on axioms: [propext]
'Math.B699.CRTStage0Pair23.Chunk010.cellA84B60_check' depends on axioms: [propext]
'Math.B699.CRTStage0Pair23.Chunk010.cellA84B61_check' depends on axioms: [propext]
'Math.B699.CRTStage0Pair23.Chunk010.cellA84B62_check' depends on axioms: [propext]
'Math.B699.CRTStage0Pair23.Chunk010.cellA84B63_check' depends on axioms: [propext]
'Math.B699.CRTStage0Pair23.Chunk010.cellA84B64_check' depends on axioms: [propext]
'Math.B699.CRTStage0Pair23.Chunk010.cellA84B65_check' depends on axioms: [propext]
'Math.B699.CRTStage0Pair23.Chunk010.cellA84B66_check' depends on axioms: [propext]
'Math.B699.CRTStage0Pair23.Chunk010.cellA84B67_check' depends on axioms: [propext]
'Math.B699.CRTStage0Pair23.Chunk010.cellA84B68_check' depends on axioms: [propext]
'Math.B699.CRTStage0Pair23.Chunk010.rowA84_cell_check' depends on axioms: [propext]
'Math.B699.CRTStage0Pair23.Chunk010.rowA84_block_check' depends on axioms: [propext, Quot.sound]
