# command: LEAN -j1 -M1536 -DautoImplicit=false -DrelaxedAutoImplicit=false --root=PROJECT_ROOT -o .tools/20260911-low-index-lean-513dc7cc/20260911T213647858258Z/olean/research/tasks/B699-Binomial/runs/20260911-low-index-lean-513dc7cc/lean/Growth/I11SevenTwoLeaves/Chunk04.olean research/tasks/B699-Binomial/runs/20260911-low-index-lean-513dc7cc/lean/Growth/I11SevenTwoLeaves/Chunk04.lean
# cwd: PROJECT_ROOT
# started_utc: 2026-09-11T21:37:16.368511Z
# finished_utc: 2026-09-11T21:37:30.778267Z
# exit_code: 0
# timed_out: False
PROJECT_ROOT\research\tasks\B699-Binomial\runs\20260911-low-index-lean-513dc7cc\lean\Growth\I11SevenTwoLeaves\Chunk04.lean:85:84: warning: Used `tac1 <;> tac2` where `(tac1; tac2)` would suffice

Note: This linter can be disabled with `set_option linter.unnecessarySeqFocus false`
PROJECT_ROOT\research\tasks\B699-Binomial\runs\20260911-low-index-lean-513dc7cc\lean\Growth\I11SevenTwoLeaves\Chunk04.lean:92:63: warning: Used `tac1 <;> tac2` where `(tac1; tac2)` would suffice

Note: This linter can be disabled with `set_option linter.unnecessarySeqFocus false`
'Math.B699.I11SevenTwoGrowth.ELeaf000.actual_gap_eq' depends on axioms: [propext, Classical.choice, Quot.sound]
'Math.B699.I11SevenTwoGrowth.ELeaf000.leafMap_eq_path' depends on axioms: [propext, Classical.choice, Quot.sound]
'Math.B699.I11SevenTwoGrowth.ELeaf000.gapExpansion_cone' depends on axioms: [propext, Classical.choice, Quot.sound]
'Math.B699.I11SevenTwoGrowth.ELeaf000.local_gap_cone' depends on axioms: [propext, Classical.choice, Quot.sound]
'Math.B699.I11SevenTwoGrowth.ELeaf000.local_core_cone' depends on axioms: [propext, Classical.choice, Quot.sound]
'Math.B699.I11SevenTwoGrowth.ELeaf000.local_weight0_cone' depends on axioms: [propext, Classical.choice, Quot.sound]
'Math.B699.I11SevenTwoGrowth.ELeaf000.local_weight1_cone' depends on axioms: [propext, Classical.choice, Quot.sound]
'Math.B699.I11SevenTwoGrowth.ELeaf000.leaf_delta0' depends on axioms: [propext, Classical.choice, Quot.sound]
'Math.B699.I11SevenTwoGrowth.ELeaf000.leaf_delta1' depends on axioms: [propext, Classical.choice, Quot.sound]
PROJECT_ROOT\research\tasks\B699-Binomial\runs\20260911-low-index-lean-513dc7cc\lean\Growth\I11SevenTwoLeaves\Chunk04.lean:236:84: warning: Used `tac1 <;> tac2` where `(tac1; tac2)` would suffice

Note: This linter can be disabled with `set_option linter.unnecessarySeqFocus false`
PROJECT_ROOT\research\tasks\B699-Binomial\runs\20260911-low-index-lean-513dc7cc\lean\Growth\I11SevenTwoLeaves\Chunk04.lean:243:63: warning: Used `tac1 <;> tac2` where `(tac1; tac2)` would suffice

Note: This linter can be disabled with `set_option linter.unnecessarySeqFocus false`
'Math.B699.I11SevenTwoGrowth.ELeaf001.actual_gap_eq' depends on axioms: [propext, Classical.choice, Quot.sound]
'Math.B699.I11SevenTwoGrowth.ELeaf001.leafMap_eq_path' depends on axioms: [propext, Classical.choice, Quot.sound]
'Math.B699.I11SevenTwoGrowth.ELeaf001.gapExpansion_cone' depends on axioms: [propext, Classical.choice, Quot.sound]
'Math.B699.I11SevenTwoGrowth.ELeaf001.local_gap_cone' depends on axioms: [propext, Classical.choice, Quot.sound]
'Math.B699.I11SevenTwoGrowth.ELeaf001.local_core_cone' depends on axioms: [propext, Classical.choice, Quot.sound]
'Math.B699.I11SevenTwoGrowth.ELeaf001.local_weight0_cone' depends on axioms: [propext, Classical.choice, Quot.sound]
'Math.B699.I11SevenTwoGrowth.ELeaf001.local_weight1_cone' depends on axioms: [propext, Classical.choice, Quot.sound]
'Math.B699.I11SevenTwoGrowth.ELeaf001.leaf_delta0' depends on axioms: [propext, Classical.choice, Quot.sound]
'Math.B699.I11SevenTwoGrowth.ELeaf001.leaf_delta1' depends on axioms: [propext, Classical.choice, Quot.sound]
