# command: LEAN -j1 -M1536 -DautoImplicit=false -DrelaxedAutoImplicit=false --root=PROJECT_ROOT -o .tools/20260911-low-index-lean-513dc7cc/20260912T094911148186Z/olean/research/tasks/B699-Binomial/runs/20260911-low-index-lean-513dc7cc/lean/I11TerminalMembership/Pair23/RowA012.olean research/tasks/B699-Binomial/runs/20260911-low-index-lean-513dc7cc/lean/I11TerminalMembership/Pair23/RowA012.lean
# cwd: PROJECT_ROOT
# started_utc: 2026-09-12T09:51:58.307566Z
# finished_utc: 2026-09-12T09:52:08.251025Z
# exit_code: 0
# timed_out: False
'Math.B699.I11TerminalMembership.Pair23.cellA12B1_check' depends on axioms: [propext]
'Math.B699.I11TerminalMembership.Pair23.cellA12B2_check' depends on axioms: [propext]
'Math.B699.I11TerminalMembership.Pair23.cellA12B3_check' depends on axioms: [propext]
'Math.B699.I11TerminalMembership.Pair23.cellA12B4_check' depends on axioms: [propext]
'Math.B699.I11TerminalMembership.Pair23.cellA12B5_check' depends on axioms: [propext]
'Math.B699.I11TerminalMembership.Pair23.cellA12B6_check' depends on axioms: [propext]
'Math.B699.I11TerminalMembership.Pair23.cellA12B7_check' depends on axioms: [propext]
'Math.B699.I11TerminalMembership.Pair23.cellA12B8_check' depends on axioms: [propext]
'Math.B699.I11TerminalMembership.Pair23.cellA12B9_check' depends on axioms: [propext]
'Math.B699.I11TerminalMembership.Pair23.cellA12B10_check' depends on axioms: [propext]
'Math.B699.I11TerminalMembership.Pair23.cellA12B11_check' depends on axioms: [propext]
'Math.B699.I11TerminalMembership.Pair23.cellA12B12_check' depends on axioms: [propext]
'Math.B699.I11TerminalMembership.Pair23.cellA12B13_check' depends on axioms: [propext]
'Math.B699.I11TerminalMembership.Pair23.cellA12B14_check' depends on axioms: [propext]
'Math.B699.I11TerminalMembership.Pair23.cellA12B15_check' depends on axioms: [propext]
'Math.B699.I11TerminalMembership.Pair23.rowA12_cell_check' depends on axioms: [propext]
'Math.B699.I11TerminalMembership.Pair23.rowA12_block_check' depends on axioms: [propext, Quot.sound]
