# command: LEAN -j1 -M1536 -DautoImplicit=false -DrelaxedAutoImplicit=false --root=PROJECT_ROOT -o .tools/20260911-low-index-lean-513dc7cc/20260912T094911148186Z/olean/research/tasks/B699-Binomial/runs/20260911-low-index-lean-513dc7cc/lean/I11TerminalMembership/Pair23/RowA018.olean research/tasks/B699-Binomial/runs/20260911-low-index-lean-513dc7cc/lean/I11TerminalMembership/Pair23/RowA018.lean
# cwd: PROJECT_ROOT
# started_utc: 2026-09-12T09:52:55.069691Z
# finished_utc: 2026-09-12T09:53:04.264321Z
# exit_code: 0
# timed_out: False
'Math.B699.I11TerminalMembership.Pair23.cellA18B1_check' depends on axioms: [propext]
'Math.B699.I11TerminalMembership.Pair23.cellA18B2_check' depends on axioms: [propext]
'Math.B699.I11TerminalMembership.Pair23.cellA18B3_check' depends on axioms: [propext]
'Math.B699.I11TerminalMembership.Pair23.cellA18B4_check' depends on axioms: [propext]
'Math.B699.I11TerminalMembership.Pair23.cellA18B5_check' depends on axioms: [propext]
'Math.B699.I11TerminalMembership.Pair23.cellA18B6_check' depends on axioms: [propext]
'Math.B699.I11TerminalMembership.Pair23.cellA18B7_check' depends on axioms: [propext]
'Math.B699.I11TerminalMembership.Pair23.cellA18B8_check' depends on axioms: [propext]
'Math.B699.I11TerminalMembership.Pair23.cellA18B9_check' depends on axioms: [propext]
'Math.B699.I11TerminalMembership.Pair23.cellA18B10_check' depends on axioms: [propext]
'Math.B699.I11TerminalMembership.Pair23.cellA18B11_check' depends on axioms: [propext]
'Math.B699.I11TerminalMembership.Pair23.cellA18B12_check' depends on axioms: [propext]
'Math.B699.I11TerminalMembership.Pair23.cellA18B13_check' depends on axioms: [propext]
'Math.B699.I11TerminalMembership.Pair23.cellA18B14_check' depends on axioms: [propext]
'Math.B699.I11TerminalMembership.Pair23.cellA18B15_check' depends on axioms: [propext]
'Math.B699.I11TerminalMembership.Pair23.rowA18_cell_check' depends on axioms: [propext]
'Math.B699.I11TerminalMembership.Pair23.rowA18_block_check' depends on axioms: [propext, Quot.sound]
