# command: LEAN -j1 -M1536 -DautoImplicit=false -DrelaxedAutoImplicit=false --root=PROJECT_ROOT -o .tools/20260911-low-index-lean-513dc7cc/20260912T094911148186Z/olean/research/tasks/B699-Binomial/runs/20260911-low-index-lean-513dc7cc/lean/I11TerminalMembership/Pair23/RowA021.olean research/tasks/B699-Binomial/runs/20260911-low-index-lean-513dc7cc/lean/I11TerminalMembership/Pair23/RowA021.lean
# cwd: PROJECT_ROOT
# started_utc: 2026-09-12T09:53:22.614535Z
# finished_utc: 2026-09-12T09:53:31.777083Z
# exit_code: 0
# timed_out: False
'Math.B699.I11TerminalMembership.Pair23.cellA21B1_check' depends on axioms: [propext]
'Math.B699.I11TerminalMembership.Pair23.cellA21B2_check' depends on axioms: [propext]
'Math.B699.I11TerminalMembership.Pair23.cellA21B3_check' depends on axioms: [propext]
'Math.B699.I11TerminalMembership.Pair23.cellA21B4_check' depends on axioms: [propext]
'Math.B699.I11TerminalMembership.Pair23.cellA21B5_check' depends on axioms: [propext]
'Math.B699.I11TerminalMembership.Pair23.cellA21B6_check' depends on axioms: [propext]
'Math.B699.I11TerminalMembership.Pair23.cellA21B7_check' depends on axioms: [propext]
'Math.B699.I11TerminalMembership.Pair23.cellA21B8_check' depends on axioms: [propext]
'Math.B699.I11TerminalMembership.Pair23.cellA21B9_check' depends on axioms: [propext]
'Math.B699.I11TerminalMembership.Pair23.cellA21B10_check' depends on axioms: [propext]
'Math.B699.I11TerminalMembership.Pair23.cellA21B11_check' depends on axioms: [propext]
'Math.B699.I11TerminalMembership.Pair23.cellA21B12_check' depends on axioms: [propext]
'Math.B699.I11TerminalMembership.Pair23.cellA21B13_check' depends on axioms: [propext]
'Math.B699.I11TerminalMembership.Pair23.cellA21B14_check' depends on axioms: [propext]
'Math.B699.I11TerminalMembership.Pair23.cellA21B15_check' depends on axioms: [propext]
'Math.B699.I11TerminalMembership.Pair23.rowA21_cell_check' depends on axioms: [propext]
'Math.B699.I11TerminalMembership.Pair23.rowA21_block_check' depends on axioms: [propext, Quot.sound]
