# command: LEAN -j1 -M1536 -DautoImplicit=false -DrelaxedAutoImplicit=false --root=PROJECT_ROOT -o .tools/20260911-low-index-lean-513dc7cc/20260912T094911148186Z/olean/research/tasks/B699-Binomial/runs/20260911-low-index-lean-513dc7cc/lean/I11TerminalMembership/Pair23/RowA006.olean research/tasks/B699-Binomial/runs/20260911-low-index-lean-513dc7cc/lean/I11TerminalMembership/Pair23/RowA006.lean
# cwd: PROJECT_ROOT
# started_utc: 2026-09-12T09:50:27.932221Z
# finished_utc: 2026-09-12T09:50:47.587729Z
# exit_code: 0
# timed_out: False
'Math.B699.I11TerminalMembership.Pair23.cellA6B1_check' depends on axioms: [propext]
'Math.B699.I11TerminalMembership.Pair23.cellA6B2_check' depends on axioms: [propext]
'Math.B699.I11TerminalMembership.Pair23.cellA6B3_check' depends on axioms: [propext, Quot.sound]
'Math.B699.I11TerminalMembership.Pair23.cellA6B4_check' depends on axioms: [propext, Quot.sound]
'Math.B699.I11TerminalMembership.Pair23.cellA6B5_check' depends on axioms: [propext]
'Math.B699.I11TerminalMembership.Pair23.cellA6B6_check' depends on axioms: [propext]
'Math.B699.I11TerminalMembership.Pair23.cellA6B7_check' depends on axioms: [propext]
'Math.B699.I11TerminalMembership.Pair23.cellA6B8_check' depends on axioms: [propext]
'Math.B699.I11TerminalMembership.Pair23.cellA6B9_check' depends on axioms: [propext]
'Math.B699.I11TerminalMembership.Pair23.cellA6B10_check' depends on axioms: [propext]
'Math.B699.I11TerminalMembership.Pair23.cellA6B11_check' depends on axioms: [propext]
'Math.B699.I11TerminalMembership.Pair23.cellA6B12_check' depends on axioms: [propext]
'Math.B699.I11TerminalMembership.Pair23.cellA6B13_check' depends on axioms: [propext]
'Math.B699.I11TerminalMembership.Pair23.cellA6B14_check' depends on axioms: [propext]
'Math.B699.I11TerminalMembership.Pair23.cellA6B15_check' depends on axioms: [propext]
'Math.B699.I11TerminalMembership.Pair23.rowA6_cell_check' depends on axioms: [propext, Quot.sound]
'Math.B699.I11TerminalMembership.Pair23.rowA6_block_check' depends on axioms: [propext, Quot.sound]
'Math.B699.I11TerminalMembership.Pair23.cellA6B3_shift00_check' depends on axioms: [propext]
'Math.B699.I11TerminalMembership.Pair23.cellA6B3_shift01_check' depends on axioms: [propext]
'Math.B699.I11TerminalMembership.Pair23.cellA6B3_shift02_check' depends on axioms: [propext]
'Math.B699.I11TerminalMembership.Pair23.cellA6B3_shift03_check' depends on axioms: [propext]
'Math.B699.I11TerminalMembership.Pair23.cellA6B3_shift04_check' depends on axioms: [propext]
'Math.B699.I11TerminalMembership.Pair23.cellA6B3_shift05_check' depends on axioms: [propext]
'Math.B699.I11TerminalMembership.Pair23.cellA6B3_shift06_check' depends on axioms: [propext]
'Math.B699.I11TerminalMembership.Pair23.cellA6B3_shift07_check' depends on axioms: [propext]
'Math.B699.I11TerminalMembership.Pair23.cellA6B3_shift08_check' depends on axioms: [propext]
'Math.B699.I11TerminalMembership.Pair23.cellA6B3_shift09_check' depends on axioms: [propext]
'Math.B699.I11TerminalMembership.Pair23.cellA6B3_shift10_check' depends on axioms: [propext]
'Math.B699.I11TerminalMembership.Pair23.cellA6B3_shift11_check' depends on axioms: [propext]
'Math.B699.I11TerminalMembership.Pair23.cellA6B3_shift12_check' depends on axioms: [propext]
'Math.B699.I11TerminalMembership.Pair23.cellA6B3_shift13_check' depends on axioms: [propext]
'Math.B699.I11TerminalMembership.Pair23.cellA6B3_shift14_check' depends on axioms: [propext]
'Math.B699.I11TerminalMembership.Pair23.cellA6B3_shift15_check' depends on axioms: [propext]
'Math.B699.I11TerminalMembership.Pair23.cellA6B3_shift16_check' depends on axioms: [propext]
'Math.B699.I11TerminalMembership.Pair23.cellA6B3_shift17_check' depends on axioms: [propext]
'Math.B699.I11TerminalMembership.Pair23.cellA6B3_shift18_check' depends on axioms: [propext]
'Math.B699.I11TerminalMembership.Pair23.cellA6B3_shift19_check' depends on axioms: [propext]
'Math.B699.I11TerminalMembership.Pair23.cellA6B3_shift20_check' depends on axioms: [propext]
'Math.B699.I11TerminalMembership.Pair23.cellA6B4_shift00_check' depends on axioms: [propext]
'Math.B699.I11TerminalMembership.Pair23.cellA6B4_shift01_check' depends on axioms: [propext]
'Math.B699.I11TerminalMembership.Pair23.cellA6B4_shift02_check' depends on axioms: [propext]
'Math.B699.I11TerminalMembership.Pair23.cellA6B4_shift03_check' depends on axioms: [propext]
'Math.B699.I11TerminalMembership.Pair23.cellA6B4_shift04_check' depends on axioms: [propext]
'Math.B699.I11TerminalMembership.Pair23.cellA6B4_shift05_check' depends on axioms: [propext]
'Math.B699.I11TerminalMembership.Pair23.cellA6B4_shift06_check' depends on axioms: [propext]
'Math.B699.I11TerminalMembership.Pair23.cellA6B4_shift07_check' depends on axioms: [propext]
'Math.B699.I11TerminalMembership.Pair23.cellA6B4_shift08_check' depends on axioms: [propext]
'Math.B699.I11TerminalMembership.Pair23.cellA6B4_shift09_check' depends on axioms: [propext]
'Math.B699.I11TerminalMembership.Pair23.cellA6B4_shift10_check' depends on axioms: [propext]
'Math.B699.I11TerminalMembership.Pair23.cellA6B4_shift11_check' depends on axioms: [propext]
'Math.B699.I11TerminalMembership.Pair23.cellA6B4_shift12_check' depends on axioms: [propext]
'Math.B699.I11TerminalMembership.Pair23.cellA6B4_shift13_check' depends on axioms: [propext]
'Math.B699.I11TerminalMembership.Pair23.cellA6B4_shift14_check' depends on axioms: [propext]
'Math.B699.I11TerminalMembership.Pair23.cellA6B4_shift15_check' depends on axioms: [propext]
'Math.B699.I11TerminalMembership.Pair23.cellA6B4_shift16_check' depends on axioms: [propext]
'Math.B699.I11TerminalMembership.Pair23.cellA6B4_shift17_check' depends on axioms: [propext]
'Math.B699.I11TerminalMembership.Pair23.cellA6B4_shift18_check' depends on axioms: [propext]
'Math.B699.I11TerminalMembership.Pair23.cellA6B4_shift19_check' depends on axioms: [propext]
'Math.B699.I11TerminalMembership.Pair23.cellA6B4_shift20_check' depends on axioms: [propext]
