B699_RESOURCE_CONTRACT path=/sys/fs/cgroup memory.max=14495514624 memory.current=2109440 cpu.max=max 100000 pids.max=1024 pids.current=3
B699_DIAGNOSTIC_TIMER timeout (GNU coreutils) 9.1
parsing took 245ms
{"caption":"","data":"Unused tactic linter: `ring` does nothing\n\nNote: This linter can be disabled with `set_option linter.unusedTactic false`","endPos":{"column":35,"line":162},"fileName":"/contribution/Frozen/Diag_AboveRepairPrefix256.lean","isSilent":false,"keepFullRange":false,"kind":"linter.unusedTactic","pos":{"column":31,"line":162},"severity":"warning"}
{"caption":"","data":"this tactic is never executed\n\nNote: This linter can be disabled with `set_option linter.unreachableTactic false`","endPos":{"column":35,"line":162},"fileName":"/contribution/Frozen/Diag_AboveRepairPrefix256.lean","isSilent":false,"keepFullRange":false,"kind":"linter.unreachableTactic","pos":{"column":31,"line":162},"severity":"warning"}
{"caption":"","data":"This simp argument is unused:\n  Nat.lt_succ_iff\n\nHint: Omit it from the simp argument list.\n  [apply] simp [d7, Polynomial.finsetSum_coeff, Polynomial.coeff_monomial, Finset.sum_ite_eq']\n\nNote: This linter can be disabled with `set_option linter.unusedSimpArgs false`","endPos":{"column":38,"line":199},"fileName":"/contribution/Frozen/Diag_AboveRepairPrefix256.lean","isSilent":false,"keepFullRange":false,"kind":"linter.unusedSimpArgs","pos":{"column":23,"line":199},"severity":"warning"}
{"caption":"","data":"Try this: \n  letI̵\n\nThe goal is a proposition, so `let` is preferred over `letI`.\nThe difference between `let` and `letI` is that `letI` inlines the value.\nBut this is not relevant for proofs because of proof irrelevance.\n\nNote: This linter can be disabled with `set_option linter.style.haveILetI false`","endPos":{"column":79,"line":411},"fileName":"/contribution/Frozen/Diag_AboveRepairPrefix256.lean","isSilent":false,"keepFullRange":false,"kind":"linter.style.haveILetI","pos":{"column":2,"line":411},"severity":"warning"}
{"caption":"","data":"(deterministic) timeout at `«tactic execution»`, maximum number of heartbeats (400000) has been reached\n\nNote: Use `set_option maxHeartbeats <num>` to set the limit.\n\nHint: Additional diagnostic information may be available using the `set_option diagnostics true` command.","endPos":{"column":27,"line":1491},"fileName":"/contribution/Frozen/Diag_AboveRepairPrefix256.lean","isSilent":false,"keepFullRange":false,"kind":"runtime.maxHeartbeats","pos":{"column":19,"line":1491},"severity":"error"}
{"caption":"","data":"(deterministic) timeout at `«synthesize pending MVars»`, maximum number of heartbeats (400000) has been reached\n\nNote: Use `set_option maxHeartbeats <num>` to set the limit.\n\nHint: Additional diagnostic information may be available using the `set_option diagnostics true` command.","endPos":{"column":55,"line":1491},"fileName":"/contribution/Frozen/Diag_AboveRepairPrefix256.lean","isSilent":false,"keepFullRange":false,"kind":"runtime.maxHeartbeats","pos":{"column":44,"line":1491},"severity":"error"}
{"caption":"","data":"(deterministic) timeout at `whnf`, maximum number of heartbeats (400000) has been reached\n\nNote: Use `set_option maxHeartbeats <num>` to set the limit.\n\nHint: Additional diagnostic information may be available using the `set_option diagnostics true` command.","endPos":{"column":18,"line":5717},"fileName":"/contribution/Frozen/Diag_AboveRepairPrefix256.lean","isSilent":false,"keepFullRange":false,"kind":"runtime.maxHeartbeats","pos":{"column":65,"line":409},"severity":"error"}
{"caption":"","data":"tactic execution of Mathlib.Tactic.nlinarith took 163ms\ntactic execution of Mathlib.Tactic.nlinarith took 148ms\ntactic execution of Lean.calcTactic took 114ms\ntactic execution of Lean.calcTactic took 113ms\ntactic execution of Mathlib.Tactic.Positivity.positivity took 177ms\ntactic execution of Mathlib.Tactic.FieldSimp.fieldSimp took 254ms\ntactic execution of Mathlib.Tactic.Positivity.positivity took 129ms\ntactic execution of Lean.Parser.Tactic.exact took 216ms\ntactic execution of Mathlib.Tactic.FieldSimp.fieldSimp took 855ms\nring took 107ms\ntactic execution of Lean.Parser.Tactic.refine took 244ms\ntactic execution of Lean.Parser.Tactic.refine took 256ms\ntactic execution of Lean.calcTactcumulative profiling times:
	attribute application 3.41ms
	compilation (IR) 2.04ms
	compilation (LCNF base) 34.5ms
	compilation (LCNF impure) 9.61ms
	compilation (LCNF mono) 14.7ms
	congr simp thm 21.2ms
	dsimp 1.01ms
	elaboration 494ms
	fix level params 1.77ms
	instantiate metavars 3.26ms
	interpretation 0.233ms
	let-to-have transformation 0.388ms
	linting 344ms
	norm_num 571ms
	overlappingInstancesLinter 16.9ms
	parsing 267ms
	process pre-definitions 47.6ms
	ring 855ms
	share common exprs 11ms
	simp 498ms
	tactic execution 41.1s
	tacticAnalysis 59.4ms
	type checking 1.53s
	typeclass inference 4.19s
ic took 267ms\ntactic execution of Lean.Parser.Tactic.rewriteSeq took 1.74s\ntactic execution of Lean.Parser.Tactic.refine took 275ms\ntactic execution of Lean.Parser.Tactic.refine took 339ms\ntactic execution of Lean.calcTactic took 622ms\ntactic execution of Lean.Parser.Tactic.refine took 334ms\ntactic execution of Lean.calcTactic took 320ms\ntactic execution of Lean.Parser.Tactic.exact took 329ms\ntactic execution of Mathlib.Tactic.Positivity.positivity took 517ms\nring took 198ms\ntactic execution of Lean.calcTactic took 704ms\ntactic execution of Lean.Parser.Tactic.refine took 483ms\ntactic execution of Mathlib.Tactic.Positivity.positivity took 360ms\ntactic execution of Lean.Parser.Tactic.exact took 1.74s\ntactic execution of Mathlib.Tactic.FieldSimp.fieldSimp took 2.44s\nring took 390ms\ntactic execution of Lean.Parser.Tactic.refine took 1.54s\ntactic execution of Lean.Parser.Tactic.rewriteSeq took 10.8s\ntactic execution of Lean.Parser.Tactic.refine took 1.89s\ntactic execution of Lean.Parser.Tactic.exact took 1.9s\ntactic execution of Mathlib.Tactic.Positivity.positivity took 101ms\ntactic execution of Lean.calcTactic took 3.97s\ntactic execution of Lean.Parser.Tactic.refine took 1.97s\ntactic execution of Lean.Parser.Tactic.exact took 1.96s\nelaboration took 247ms\n","endPos":null,"fileName":"/contribution/Frozen/Diag_AboveRepairPrefix256.lean","isSilent":false,"keepFullRange":false,"kind":"[anonymous]","pos":{"column":0,"line":408},"severity":"information"}
{"caption":"","data":"Unknown identifier `Contribution.B699ProfilingAboveRepairPrefix256.Math.B699.N9.d9`","endPos":{"column":69,"line":5721},"fileName":"/contribution/Frozen/Diag_AboveRepairPrefix256.lean","isSilent":false,"keepFullRange":false,"kind":"lean.unknownIdentifier._namedError","pos":{"column":7,"line":5721},"severity":"error"}
{"caption":"","data":"Unknown constant `Contribution.B699ProfilingAboveRepairPrefix256.Math.B699.N9.d9`","endPos":{"column":76,"line":5722},"fileName":"/contribution/Frozen/Diag_AboveRepairPrefix256.lean","isSilent":false,"keepFullRange":false,"kind":"lean.unknownIdentifier._namedError","pos":{"column":14,"line":5722},"severity":"error"}
