B699_RESOURCE_CONTRACT path=/sys/fs/cgroup memory.max=14227079168 memory.current=2318336 cpu.max=max 100000 pids.max=1024 pids.current=3
B699_DIAGNOSTIC_TIMER timeout (GNU coreutils) 9.1
cumulative profiling times:
	attribute application 2.52ms
	compilation (IR) 4.03ms
	compilation (LCNF base) 60.9ms
	compilation (LCNF impure) 23.7ms
	compilation (LCNF mono) 36.6ms
	congr simp thm 13.4ms
	dsimp 2.23ms
	elaboration 439ms
	fix level params 3.78ms
	instantiate metavars 10.8ms
	interpretation 0.288ms
	let-to-have transformation 2.89ms
	linting 637ms
	norm_num 31.8ms
	overlappingInstancesLinter 18.8ms
	parsing 71.3ms
	process pre-definitions 118ms
	ring 70.1ms
	share common exprs 28.1ms
	simp 276ms
	tactic execution 1.57s
	tacticAnalysis 200ms
	type checking 64.1s
	typeclass inference 734ms
{"caption":"","data":"Variable name `hin` is not explicitly referenced.\n\nHint: The binding can be removed (if unused) or named `_` (if used implicitly). Alternatively, prefix the name with `_` to silence this warning:\n  [apply] _hin\n\nNote: This linter can be disabled with `set_option linter.unusedVariables false`","endPos":{"column":26,"line":383},"fileName":"/contribution/Frozen/Diag_A151DecodeMax354.lean","isSilent":false,"keepFullRange":false,"kind":"linter.unusedVariables","pos":{"column":23,"line":383},"severity":"warning"}
{"caption":"","data":"type checking took 4.92s\n","endPos":null,"fileName":"/contribution/Frozen/Diag_A151DecodeMax354.lean","isSilent":false,"keepFullRange":false,"kind":"[anonymous]","pos":{"column":0,"line":804},"severity":"information"}
{"caption":"","data":"Type mismatch: After simplification, term\n  h\n has type\n  (decide (g.lower ≤ g.upper ∧ p ≤ g.lower ∧ g.upper < p + i) && d103 p) = true\nbut is expected to have type\n  (decide (g.lower ≤ g.upper ∧ p ≤ g.lower ∧ g.upper < p + i) && decide (d103 p = true)) = true","endPos":{"column":33,"line":1691},"fileName":"/contribution/Frozen/Diag_A151DecodeMax354.lean","isSilent":false,"keepFullRange":false,"kind":"[anonymous]","pos":{"column":6,"line":1691},"severity":"error"}
{"caption":"","data":"Application type mismatch: The argument\n  hp\nhas type\n  decide (d103 p = true) = true\nbut is expected to have type\n  d103 p = true\nin the application\n  d104 hp","endPos":{"column":22,"line":1695},"fileName":"/contribution/Frozen/Diag_A151DecodeMax354.lean","isSilent":false,"keepFullRange":false,"kind":"[anonymous]","pos":{"column":20,"line":1695},"severity":"error"}
{"caption":"","data":"(kernel) excessive memory consumption detected","endPos":{"column":16,"line":1726},"fileName":"/contribution/Frozen/Diag_A151DecodeMax354.lean","isSilent":false,"keepFullRange":false,"kind":"[anonymous]","pos":{"column":2,"line":1726},"severity":"error"}
{"caption":"","data":"type checking took 57.5s\n","endPos":null,"fileName":"/contribution/Frozen/Diag_A151DecodeMax354.lean","isSilent":false,"keepFullRange":false,"kind":"[anonymous]","pos":{"column":0,"line":1725},"severity":"information"}
{"caption":"","data":"Contribution.B699ProfilingA151DecodeMax354.N5.N8.N7.profilingDecode :\n  Contribution.B699ProfilingA151DecodeMax354.N5.N8.N7.profilingRow.goods.length = 354 ∧\n    Contribution.B699ProfilingA151DecodeMax354.N5.N8.N7.profilingRow.layers.length = 209","endPos":{"column":6,"line":1730},"fileName":"/contribution/Frozen/Diag_A151DecodeMax354.lean","isSilent":false,"keepFullRange":false,"kind":"[anonymous]","pos":{"column":0,"line":1730},"severity":"information"}
{"caption":"","data":"'Contribution.B699ProfilingA151DecodeMax354.N5.N8.N7.profilingDecode' depends on axioms: [propext,\n sorryAx,\n Classical.choice,\n Quot.sound]","endPos":{"column":6,"line":1731},"fileName":"/contribution/Frozen/Diag_A151DecodeMax354.lean","isSilent":false,"keepFullRange":false,"kind":"[anonymous]","pos":{"column":0,"line":1731},"severity":"information"}
