# command: LEAN -j1 -M2048 -DautoImplicit=false -DrelaxedAutoImplicit=false --root=PROJECT_ROOT -o .tools/20260911-low-index-lean-513dc7cc/20260911T050729372338Z/olean/research/tasks/B699-Binomial/runs/20260911-low-index-lean-513dc7cc/lean/rows/Row116B32/Original.olean research/tasks/B699-Binomial/runs/20260911-low-index-lean-513dc7cc/lean/rows/Row116B32/Original.lean
# cwd: PROJECT_ROOT
# started_utc: 2026-09-11T05:08:26.798235Z
# finished_utc: 2026-09-11T05:08:52.166242Z
# exit_code: 0
# timed_out: False
'B699LowIndex.LowIndexLean513dc7cc.row116_layer002_pairs001' does not depend on any axioms
'B699LowIndex.LowIndexLean513dc7cc.row116_layer002_pairs002' does not depend on any axioms
'B699LowIndex.LowIndexLean513dc7cc.row116_layer002_pairs003' does not depend on any axioms
'B699LowIndex.LowIndexLean513dc7cc.row116_layer002_pairs004' does not depend on any axioms
'B699LowIndex.LowIndexLean513dc7cc.row116_layer002_pairs005' does not depend on any axioms
'B699LowIndex.LowIndexLean513dc7cc.row116_layer002_pairs006' does not depend on any axioms
'B699LowIndex.LowIndexLean513dc7cc.row116_layer002_pairs007' does not depend on any axioms
'B699LowIndex.LowIndexLean513dc7cc.row116_layer002_pairs008' does not depend on any axioms
'B699LowIndex.LowIndexLean513dc7cc.row116_layer002_pairs009' does not depend on any axioms
'B699LowIndex.LowIndexLean513dc7cc.row116_layer002_pairs010' does not depend on any axioms
'B699LowIndex.LowIndexLean513dc7cc.row116_layer002_chunks_eq' does not depend on any axioms
'B699LowIndex.LowIndexLean513dc7cc.row116_layer002_pairs' depends on axioms: [propext, Quot.sound]
'B699LowIndex.LowIndexLean513dc7cc.row116_layer002_checked' depends on axioms: [propext, Classical.choice, Quot.sound]
'B699LowIndex.LowIndexLean513dc7cc.row116_layer003_intervals' does not depend on any axioms
'B699LowIndex.LowIndexLean513dc7cc.row116_layer003_arithmetic' depends on axioms: [propext,
 Classical.choice,
 Quot.sound]
'B699LowIndex.LowIndexLean513dc7cc.row116_layer003_enumeration' depends on axioms: [propext,
 Classical.choice,
 Quot.sound]
'B699LowIndex.LowIndexLean513dc7cc.row116_layer003_pairs000' does not depend on any axioms
'B699LowIndex.LowIndexLean513dc7cc.row116_layer003_pairs001' does not depend on any axioms
'B699LowIndex.LowIndexLean513dc7cc.row116_layer003_pairs002' does not depend on any axioms
'B699LowIndex.LowIndexLean513dc7cc.row116_layer003_pairs003' does not depend on any axioms
'B699LowIndex.LowIndexLean513dc7cc.row116_layer003_pairs004' does not depend on any axioms
'B699LowIndex.LowIndexLean513dc7cc.row116_layer003_pairs005' does not depend on any axioms
'B699LowIndex.LowIndexLean513dc7cc.row116_layer003_chunks_eq' does not depend on any axioms
'B699LowIndex.LowIndexLean513dc7cc.row116_layer003_pairs' depends on axioms: [propext, Quot.sound]
'B699LowIndex.LowIndexLean513dc7cc.row116_layer003_checked' depends on axioms: [propext, Classical.choice, Quot.sound]
'B699LowIndex.LowIndexLean513dc7cc.row116_layer000_checked' depends on axioms: [propext, Classical.choice, Quot.sound]
'B699LowIndex.LowIndexLean513dc7cc.row116_layer001_checked' depends on axioms: [propext, Classical.choice, Quot.sound]
'B699LowIndex.LowIndexLean513dc7cc.row116_layer002_checked' depends on axioms: [propext, Classical.choice, Quot.sound]
'B699LowIndex.LowIndexLean513dc7cc.row116_layer003_checked' depends on axioms: [propext, Classical.choice, Quot.sound]
'B699LowIndex.LowIndexLean513dc7cc.row116_layer004_checked' depends on axioms: [propext, Classical.choice, Quot.sound]
'B699LowIndex.LowIndexLean513dc7cc.row116_layer005_checked' depends on axioms: [propext, Classical.choice, Quot.sound]
'B699LowIndex.LowIndexLean513dc7cc.row116_layer006_checked' depends on axioms: [propext, Classical.choice, Quot.sound]
'B699LowIndex.LowIndexLean513dc7cc.row116_layer007_checked' depends on axioms: [propext, Classical.choice, Quot.sound]
'B699LowIndex.LowIndexLean513dc7cc.row116_layer008_checked' depends on axioms: [propext, Classical.choice, Quot.sound]
'B699LowIndex.LowIndexLean513dc7cc.row116_layer009_checked' depends on axioms: [propext, Classical.choice, Quot.sound]
'B699LowIndex.LowIndexLean513dc7cc.row116_layer010_checked' depends on axioms: [propext, Classical.choice, Quot.sound]
'B699LowIndex.LowIndexLean513dc7cc.row116_layer011_checked' depends on axioms: [propext, Classical.choice, Quot.sound]
'B699LowIndex.LowIndexLean513dc7cc.row116_layer012_checked' depends on axioms: [propext, Classical.choice, Quot.sound]
'B699LowIndex.LowIndexLean513dc7cc.row116_layer013_checked' depends on axioms: [propext, Classical.choice, Quot.sound]
'B699LowIndex.LowIndexLean513dc7cc.row116_layer014_checked' depends on axioms: [propext, Classical.choice, Quot.sound]
'B699LowIndex.LowIndexLean513dc7cc.row116_layer015_checked' depends on axioms: [propext, Classical.choice, Quot.sound]
'B699LowIndex.LowIndexLean513dc7cc.row116_layer016_checked' depends on axioms: [propext, Classical.choice, Quot.sound]
'B699LowIndex.LowIndexLean513dc7cc.row116_layer017_checked' depends on axioms: [propext, Classical.choice, Quot.sound]
'B699LowIndex.LowIndexLean513dc7cc.row116_layer018_checked' depends on axioms: [propext, Classical.choice, Quot.sound]
'B699LowIndex.LowIndexLean513dc7cc.row116_layer019_checked' depends on axioms: [propext, Classical.choice, Quot.sound]
'B699LowIndex.LowIndexLean513dc7cc.row116_layers_checked' depends on axioms: [propext, Classical.choice, Quot.sound]
'B699LowIndex.LowIndexLean513dc7cc.row116_checked' depends on axioms: [propext, Classical.choice, Quot.sound]
'B699LowIndex.LowIndexLean513dc7cc.common_i116' depends on axioms: [propext, Classical.choice, Quot.sound]
