# command: LEAN -j1 -M1536 -DautoImplicit=false -DrelaxedAutoImplicit=false --root=PROJECT_ROOT -o .tools/20260911-low-index-lean-513dc7cc/20260911T231714659303Z/olean/research/tasks/B699-Binomial/runs/20260911-low-index-lean-513dc7cc/lean/I11FiveSevenFinal/Audit.olean research/tasks/B699-Binomial/runs/20260911-low-index-lean-513dc7cc/lean/I11FiveSevenFinal/Audit.lean
# cwd: PROJECT_ROOT
# started_utc: 2026-09-11T23:17:49.737820Z
# finished_utc: 2026-09-11T23:18:00.287230Z
# exit_code: 0
# timed_out: False
'Math.B699.I11FiveSevenFinalConsumers.rateNumerator' does not depend on any axioms
'Math.B699.I11FiveSevenFinalConsumers.rateDenominator' does not depend on any axioms
'Math.B699.I11FiveSevenFinalConsumers.rateRational' depends on axioms: [propext, Classical.choice, Quot.sound]
'Math.B699.I11FiveSevenFinalConsumers.rate_denominator_pos' does not depend on any axioms
'Math.B699.I11FiveSevenFinalConsumers.rate_numerator_ge_denominator' does not depend on any axioms
'Math.B699.I11FiveSevenFinalConsumers.rate_thirtytwo_integer' depends on axioms: [propext]
'Math.B699.I11FiveSevenFinalConsumers.rate_denominator_cast_pos' depends on axioms: [propext,
 Classical.choice,
 Quot.sound]
'Math.B699.I11FiveSevenFinalConsumers.rateRational_ge_one' depends on axioms: [propext, Classical.choice, Quot.sound]
'Math.B699.I11FiveSevenFinalConsumers.rateRational_thirtytwo_ge_two' depends on axioms: [propext,
 Classical.choice,
 Quot.sound]
'Math.B699.I11FiveSevenFinalConsumers.rateRational_pow194_gt_48' depends on axioms: [propext,
 Classical.choice,
 Quot.sound]
'Math.B699.I11FiveSevenFinalConsumers.actual_rate_eq_rational' depends on axioms: [propext,
 Classical.choice,
 Quot.sound]
'Math.B699.I11FiveSevenFinalConsumers.actual_rate_pow194_gt_48' depends on axioms: [propext,
 Classical.choice,
 Quot.sound]
'Math.B699.I11FiveSevenFinalConsumers.actual_numeric_certificates' depends on axioms: [propext,
 Classical.choice,
 Quot.sound]
'Math.B699.I11FiveSevenFinalConsumers.five_seven_edge_of_growth_trees' depends on axioms: [propext,
 Classical.choice,
 Quot.sound]
'Math.B699.I11FiveSevenFinalConsumers.q_lambda_eq' depends on axioms: [propext, Classical.choice, Quot.sound]
'Math.B699.I11FiveSevenFinalConsumers.e_lambda_eq' depends on axioms: [propext, Classical.choice, Quot.sound]
'Math.B699.I11FiveSevenFinalConsumers.row_delta_false' does not depend on any axioms
'Math.B699.I11FiveSevenFinalConsumers.row_delta_true' does not depend on any axioms
'Math.B699.I11FiveSevenFinalConsumers.actual_q_tree_family' depends on axioms: [propext, Classical.choice, Quot.sound]
'Math.B699.I11FiveSevenFinalConsumers.actual_e_tree_family' depends on axioms: [propext, Classical.choice, Quot.sound]
'Math.B699.I11FiveSevenFinalConsumers.actual_five_seven_cofactor_edge' depends on axioms: [propext,
 Classical.choice,
 Quot.sound]
'Math.B699.I11FiveSevenFinalConsumers.integer_window_gap_le_ten' depends on axioms: [propext, Quot.sound]
'Math.B699.I11FiveSevenFinalConsumers.actual_window_power_bounds' depends on axioms: [propext,
 Classical.choice,
 Quot.sound]
'Math.B699.I11FiveSevenFinalConsumers.component_edge_of_actual_windows' depends on axioms: [propext,
 Classical.choice,
 Quot.sound]
'Math.B699.I11FiveSevenFinalConsumers.actual_five_seven_component_edge' depends on axioms: [propext,
 Classical.choice,
 Quot.sound]
