exact project closure files: 89
research/tasks/B699-Binomial/runs/20260911-low-index-lean-513dc7cc/lean/I11FiveSevenFinal/RateBasis.lean
research/tasks/B699-Binomial/runs/20260911-low-index-lean-513dc7cc/lean/I11FiveSevenNumeric/Basis.lean
research/tasks/B699-Binomial/runs/20260911-low-index-lean-513dc7cc/lean/DiscreteSelector/ShortPowerBounds.lean
research/tasks/B699-Binomial/runs/20260911-low-index-lean-513dc7cc/lean/I11FiveSevenNumeric/Selector.lean
research/tasks/B699-Binomial/runs/20260911-low-index-lean-513dc7cc/lean/DiscreteSelector/LeastExponent.lean
research/tasks/B699-Binomial/runs/20260911-low-index-lean-513dc7cc/lean/I11Edge/Capacity.lean
research/tasks/B699-Binomial/runs/20260911-low-index-lean-513dc7cc/lean/I11FiveSevenEdge/Parameters.lean
research/tasks/B699-Binomial/runs/20260911-low-index-lean-513dc7cc/lean/PadeInteger.lean
research/tasks/B699-Binomial/runs/20260911-low-index-lean-513dc7cc/lean/Pade/Coefficients.lean
research/tasks/B699-Binomial/runs/20260911-low-index-lean-513dc7cc/lean/Pade/Magnitude.lean
research/tasks/B699-Binomial/runs/20260911-low-index-lean-513dc7cc/lean/Pade/Recurrence.lean
research/tasks/B699-Binomial/runs/20260911-low-index-lean-513dc7cc/lean/Pade/RawDet.lean
research/tasks/B699-Binomial/runs/20260911-low-index-lean-513dc7cc/lean/Pade/RawHom.lean
research/tasks/B699-Binomial/runs/20260911-low-index-lean-513dc7cc/lean/Pade/Content.lean
research/tasks/B699-Binomial/runs/20260911-low-index-lean-513dc7cc/lean/IntegerBridge.lean
research/tasks/B699-Binomial/runs/20260911-low-index-lean-513dc7cc/lean/Pade/Rows.lean
research/tasks/B699-Binomial/runs/20260911-low-index-lean-513dc7cc/lean/HomRemainder/RationalHom.lean
research/tasks/B699-Binomial/runs/20260911-low-index-lean-513dc7cc/lean/Moment/Kernel.lean
research/tasks/B699-Binomial/runs/20260911-low-index-lean-513dc7cc/lean/Moment/Moment.lean
research/tasks/B699-Binomial/runs/20260911-low-index-lean-513dc7cc/lean/Moment/Factors.lean
research/tasks/B699-Binomial/runs/20260911-low-index-lean-513dc7cc/lean/Moment/Subdivision.lean
research/tasks/B699-Binomial/runs/20260911-low-index-lean-513dc7cc/lean/Moment/KernelMoments.lean
research/tasks/B699-Binomial/runs/20260911-low-index-lean-513dc7cc/lean/Moment/Sources.lean
research/tasks/B699-Binomial/runs/20260911-low-index-lean-513dc7cc/lean/Moment/Identity.lean
research/tasks/B699-Binomial/runs/20260911-low-index-lean-513dc7cc/lean/HomRemainder/Remainder.lean
research/tasks/B699-Binomial/runs/20260911-low-index-lean-513dc7cc/lean/Moment/Bernstein.lean
research/tasks/B699-Binomial/runs/20260911-low-index-lean-513dc7cc/lean/Growth/Affine.lean
research/tasks/B699-Binomial/runs/20260911-low-index-lean-513dc7cc/lean/Growth/Partition.lean
research/tasks/B699-Binomial/runs/20260911-low-index-lean-513dc7cc/lean/Growth/ActualKernel.lean
research/tasks/B699-Binomial/runs/20260911-low-index-lean-513dc7cc/lean/Factorial/FactorialCommon.lean
research/tasks/B699-Binomial/runs/20260911-low-index-lean-513dc7cc/lean/Growth/Normalization.lean
research/tasks/B699-Binomial/runs/20260911-low-index-lean-513dc7cc/lean/I11FiveSevenEdge/SourceRows.lean
research/tasks/B699-Binomial/runs/20260911-low-index-lean-513dc7cc/lean/RationalDivisor/FloorLayers.lean
research/tasks/B699-Binomial/runs/20260911-low-index-lean-513dc7cc/lean/RationalDivisor/FactorialDivisibility.lean
research/tasks/B699-Binomial/runs/20260911-low-index-lean-513dc7cc/lean/RationalDivisor/Coefficients.lean
research/tasks/B699-Binomial/runs/20260911-low-index-lean-513dc7cc/lean/RationalDivisor/Content.lean
research/tasks/B699-Binomial/runs/20260911-low-index-lean-513dc7cc/lean/I11DivisorSevenTwo/Adjacent.lean
research/tasks/B699-Binomial/runs/20260911-low-index-lean-513dc7cc/lean/I11DivisorFiveSeven/Actual.lean
research/tasks/B699-Binomial/runs/20260911-low-index-lean-513dc7cc/lean/I11DivisorFiveSeven/Certificates.lean
research/tasks/B699-Binomial/runs/20260911-low-index-lean-513dc7cc/lean/I11DivisorFiveSeven/Bounds.lean
research/tasks/B699-Binomial/runs/20260911-low-index-lean-513dc7cc/lean/Growth/ElementaryRate.lean
research/tasks/B699-Binomial/runs/20260911-low-index-lean-513dc7cc/lean/I11DivisorRemaining/Common.lean
research/tasks/B699-Binomial/runs/20260911-low-index-lean-513dc7cc/lean/I11DivisorFiveSeven/Threshold.lean
research/tasks/B699-Binomial/runs/20260911-low-index-lean-513dc7cc/lean/I11Scaled/RatBounds.lean
research/tasks/B699-Binomial/runs/20260911-low-index-lean-513dc7cc/lean/I11FiveSevenEdge/ActualRows.lean
research/tasks/B699-Binomial/runs/20260911-low-index-lean-513dc7cc/lean/I11FiveSevenEdge/ScaledGap.lean
research/tasks/B699-Binomial/runs/20260911-low-index-lean-513dc7cc/lean/I11FiveSevenEdge/SelectedEdge.lean
research/tasks/B699-Binomial/runs/20260911-low-index-lean-513dc7cc/lean/Factorial/Factorial11D7.lean
research/tasks/B699-Binomial/runs/20260911-low-index-lean-513dc7cc/lean/I11FiveSevenEdge/GrowthInputs.lean
research/tasks/B699-Binomial/runs/20260911-low-index-lean-513dc7cc/lean/I11FiveSevenEdge/SmallCertificates.lean
research/tasks/B699-Binomial/runs/20260911-low-index-lean-513dc7cc/lean/I11FiveSevenEdge/FixedEdge.lean
research/tasks/B699-Binomial/runs/20260911-low-index-lean-513dc7cc/lean/I11FiveSevenFinal/ActualNumeric.lean
research/tasks/B699-Binomial/runs/20260911-low-index-lean-513dc7cc/lean/Growth/I11FiveSevenShared.lean
research/tasks/B699-Binomial/runs/20260911-low-index-lean-513dc7cc/lean/Growth/I11FiveSevenLeaves/QLeaf000.lean
research/tasks/B699-Binomial/runs/20260911-low-index-lean-513dc7cc/lean/Growth/I11FiveSevenLeaves/QLeaf001.lean
research/tasks/B699-Binomial/runs/20260911-low-index-lean-513dc7cc/lean/Growth/I11FiveSevenLeaves/QLeaf002.lean
research/tasks/B699-Binomial/runs/20260911-low-index-lean-513dc7cc/lean/Growth/I11FiveSevenLeaves/QLeaf003.lean
research/tasks/B699-Binomial/runs/20260911-low-index-lean-513dc7cc/lean/Growth/I11FiveSevenLeaves/QLeaf004.lean
research/tasks/B699-Binomial/runs/20260911-low-index-lean-513dc7cc/lean/Growth/I11FiveSevenLeaves/QLeaf005.lean
research/tasks/B699-Binomial/runs/20260911-low-index-lean-513dc7cc/lean/Growth/I11FiveSevenLeaves/QLeaf006.lean
research/tasks/B699-Binomial/runs/20260911-low-index-lean-513dc7cc/lean/Growth/I11FiveSevenLeaves/QLeaf007.lean
research/tasks/B699-Binomial/runs/20260911-low-index-lean-513dc7cc/lean/Growth/I11FiveSevenLeaves/QLeaf008.lean
research/tasks/B699-Binomial/runs/20260911-low-index-lean-513dc7cc/lean/Growth/I11FiveSevenLeaves/QLeaf009.lean
research/tasks/B699-Binomial/runs/20260911-low-index-lean-513dc7cc/lean/Growth/I11FiveSevenLeaves/ELeaf000.lean
research/tasks/B699-Binomial/runs/20260911-low-index-lean-513dc7cc/lean/Growth/I11FiveSevenLeaves/ELeaf001.lean
research/tasks/B699-Binomial/runs/20260911-low-index-lean-513dc7cc/lean/Growth/I11FiveSevenLeaves/ELeaf002.lean
research/tasks/B699-Binomial/runs/20260911-low-index-lean-513dc7cc/lean/Growth/I11FiveSevenLeaves/ELeaf003.lean
research/tasks/B699-Binomial/runs/20260911-low-index-lean-513dc7cc/lean/Growth/I11FiveSevenLeaves/ELeaf004.lean
research/tasks/B699-Binomial/runs/20260911-low-index-lean-513dc7cc/lean/Growth/I11FiveSevenLeaves/ELeaf005.lean
research/tasks/B699-Binomial/runs/20260911-low-index-lean-513dc7cc/lean/Growth/I11FiveSevenLeaves/ELeaf006.lean
research/tasks/B699-Binomial/runs/20260911-low-index-lean-513dc7cc/lean/Growth/I11FiveSevenLeaves/ELeaf007.lean
research/tasks/B699-Binomial/runs/20260911-low-index-lean-513dc7cc/lean/Growth/I11FiveSevenLeaves/ELeaf008.lean
research/tasks/B699-Binomial/runs/20260911-low-index-lean-513dc7cc/lean/Growth/I11FiveSevenLeaves.lean
research/tasks/B699-Binomial/runs/20260911-low-index-lean-513dc7cc/lean/Growth/I11FiveSevenTree.lean
research/tasks/B699-Binomial/runs/20260911-low-index-lean-513dc7cc/lean/I11FiveSevenFinal/ActualInstance.lean
research/tasks/B699-Binomial/runs/20260911-low-index-lean-513dc7cc/lean/I11Component/CeilHalf.lean
Math/B699/CofactorCriterion.lean
research/tasks/B699-Binomial/runs/20260909-large-prime-structure-cb4764f0/lean/GapBridge.lean
research/tasks/B699-Binomial/runs/20260908-external-reductions-b3c1b7/lean/DivisorTransfer.lean
research/tasks/B699-Binomial/runs/20260909-large-prime-structure-cb4764f0/lean/PrimePowerTransfer.lean
research/tasks/B699-Binomial/runs/20260909-large-prime-structure-cb4764f0/lean/SmallPartBound.lean
research/tasks/B699-Binomial/runs/20260909-low-index-structure-b41a5a63/lean/LargeSmallPowers.lean
research/tasks/B699-Binomial/runs/20260911-low-index-lean-513dc7cc/lean/I11SmallPrimes/Components.lean
research/tasks/B686-Four/round8/lean/BigPrimeSupport.lean
research/tasks/B686-Four/formalization/UniformDistance/SmallPrime.lean
research/tasks/B699-Binomial/runs/20260909-low-index-structure-b41a5a63/lean/SmallPrimeLocalization.lean
research/tasks/B699-Binomial/runs/20260911-low-index-lean-513dc7cc/lean/I11SmallPrimes/Window.lean
research/tasks/B699-Binomial/runs/20260911-low-index-lean-513dc7cc/lean/I11FiveSevenFinal/Component.lean
research/tasks/B699-Binomial/runs/20260911-low-index-lean-513dc7cc/lean/I11FiveSevenFinal/Audit.lean

Source policy passed for exact project closure.
