# command: LEAN -j1 -M2048 -DautoImplicit=false -DrelaxedAutoImplicit=false --root=PROJECT_ROOT -o .tools/20260911-low-index-lean-513dc7cc/20260911T011617157807Z/olean/research/tasks/B699-Binomial/runs/20260911-low-index-lean-513dc7cc/lean/rows/Row046B8/Block016.olean research/tasks/B699-Binomial/runs/20260911-low-index-lean-513dc7cc/lean/rows/Row046B8/Block016.lean
# cwd: PROJECT_ROOT
# started_utc: 2026-09-11T01:20:25.647749Z
# finished_utc: 2026-09-11T01:20:37.565992Z
# exit_code: 0
# timed_out: False
'B699LowIndex.LowIndexLean513dc7cc.row046_layer007_pairs005' does not depend on any axioms
'B699LowIndex.LowIndexLean513dc7cc.row046_layer007_pairs006' does not depend on any axioms
'B699LowIndex.LowIndexLean513dc7cc.row046_layer007_pairs007' does not depend on any axioms
'B699LowIndex.LowIndexLean513dc7cc.row046_layer007_chunks_eq' does not depend on any axioms
'B699LowIndex.LowIndexLean513dc7cc.row046_layer007_pairs' depends on axioms: [propext, Quot.sound]
'B699LowIndex.LowIndexLean513dc7cc.row046_layer007_checked' depends on axioms: [propext, Classical.choice, Quot.sound]
'B699LowIndex.LowIndexLean513dc7cc.row046_layer004_checked' depends on axioms: [propext, Classical.choice, Quot.sound]
'B699LowIndex.LowIndexLean513dc7cc.row046_layer005_checked' depends on axioms: [propext, Classical.choice, Quot.sound]
'B699LowIndex.LowIndexLean513dc7cc.row046_layer006_checked' depends on axioms: [propext, Classical.choice, Quot.sound]
'B699LowIndex.LowIndexLean513dc7cc.row046_layer007_checked' depends on axioms: [propext, Classical.choice, Quot.sound]
'B699LowIndex.LowIndexLean513dc7cc.row046_layer008_intervals' does not depend on any axioms
'B699LowIndex.LowIndexLean513dc7cc.row046_layer008_arithmetic' depends on axioms: [propext,
 Classical.choice,
 Quot.sound]
