# command: LEAN -j1 -M2048 -DautoImplicit=false -DrelaxedAutoImplicit=false --root=PROJECT_ROOT -o .tools/20260911-low-index-lean-513dc7cc/20260911T011617157807Z/olean/research/tasks/B699-Binomial/runs/20260911-low-index-lean-513dc7cc/lean/rows/Row046B8/Block022.olean research/tasks/B699-Binomial/runs/20260911-low-index-lean-513dc7cc/lean/rows/Row046B8/Block022.lean
# cwd: PROJECT_ROOT
# started_utc: 2026-09-11T01:21:37.406545Z
# finished_utc: 2026-09-11T01:21:48.782759Z
# exit_code: 0
# timed_out: False
'B699LowIndex.LowIndexLean513dc7cc.row046_layer011_chunks_eq' does not depend on any axioms
'B699LowIndex.LowIndexLean513dc7cc.row046_layer011_pairs' depends on axioms: [propext, Quot.sound]
'B699LowIndex.LowIndexLean513dc7cc.row046_layer011_checked' depends on axioms: [propext, Classical.choice, Quot.sound]
'B699LowIndex.LowIndexLean513dc7cc.row046_layer008_checked' depends on axioms: [propext, Classical.choice, Quot.sound]
'B699LowIndex.LowIndexLean513dc7cc.row046_layer009_checked' depends on axioms: [propext, Classical.choice, Quot.sound]
'B699LowIndex.LowIndexLean513dc7cc.row046_layer010_checked' depends on axioms: [propext, Classical.choice, Quot.sound]
'B699LowIndex.LowIndexLean513dc7cc.row046_layer011_checked' depends on axioms: [propext, Classical.choice, Quot.sound]
'B699LowIndex.LowIndexLean513dc7cc.row046_layer012_intervals' does not depend on any axioms
'B699LowIndex.LowIndexLean513dc7cc.row046_layer012_arithmetic' depends on axioms: [propext,
 Classical.choice,
 Quot.sound]
'B699LowIndex.LowIndexLean513dc7cc.row046_layer012_enumeration' depends on axioms: [propext,
 Classical.choice,
 Quot.sound]
'B699LowIndex.LowIndexLean513dc7cc.row046_layer012_pairs000' does not depend on any axioms
'B699LowIndex.LowIndexLean513dc7cc.row046_layer012_pairs001' does not depend on any axioms
