# command: LEAN -j1 -M2048 -DautoImplicit=false -DrelaxedAutoImplicit=false --root=PROJECT_ROOT -o .tools/20260911-low-index-lean-513dc7cc/20260911T054112755074Z/olean/research/tasks/B699-Binomial/runs/20260911-low-index-lean-513dc7cc/lean/rows/Row148B32/Original.olean research/tasks/B699-Binomial/runs/20260911-low-index-lean-513dc7cc/lean/rows/Row148B32/Original.lean
# cwd: PROJECT_ROOT
# started_utc: 2026-09-11T05:41:49.570521Z
# finished_utc: 2026-09-11T05:42:05.708321Z
# exit_code: 0
# timed_out: False
'B699LowIndex.LowIndexLean513dc7cc.row148_layer001_enumeration' depends on axioms: [propext,
 Classical.choice,
 Quot.sound]
'B699LowIndex.LowIndexLean513dc7cc.row148_layer001_pairs000' does not depend on any axioms
'B699LowIndex.LowIndexLean513dc7cc.row148_layer001_pairs001' does not depend on any axioms
'B699LowIndex.LowIndexLean513dc7cc.row148_layer001_pairs002' does not depend on any axioms
'B699LowIndex.LowIndexLean513dc7cc.row148_layer001_pairs003' does not depend on any axioms
'B699LowIndex.LowIndexLean513dc7cc.row148_layer001_pairs004' does not depend on any axioms
'B699LowIndex.LowIndexLean513dc7cc.row148_layer001_pairs005' does not depend on any axioms
'B699LowIndex.LowIndexLean513dc7cc.row148_layer001_chunks_eq' does not depend on any axioms
'B699LowIndex.LowIndexLean513dc7cc.row148_layer001_pairs' depends on axioms: [propext, Quot.sound]
'B699LowIndex.LowIndexLean513dc7cc.row148_layer001_checked' depends on axioms: [propext, Classical.choice, Quot.sound]
'B699LowIndex.LowIndexLean513dc7cc.row148_layer000_checked' depends on axioms: [propext, Classical.choice, Quot.sound]
'B699LowIndex.LowIndexLean513dc7cc.row148_layer001_checked' depends on axioms: [propext, Classical.choice, Quot.sound]
'B699LowIndex.LowIndexLean513dc7cc.row148_layer002_checked' depends on axioms: [propext, Classical.choice, Quot.sound]
'B699LowIndex.LowIndexLean513dc7cc.row148_layer003_checked' depends on axioms: [propext, Classical.choice, Quot.sound]
'B699LowIndex.LowIndexLean513dc7cc.row148_layer004_checked' depends on axioms: [propext, Classical.choice, Quot.sound]
'B699LowIndex.LowIndexLean513dc7cc.row148_layer005_checked' depends on axioms: [propext, Classical.choice, Quot.sound]
'B699LowIndex.LowIndexLean513dc7cc.row148_layer006_checked' depends on axioms: [propext, Classical.choice, Quot.sound]
'B699LowIndex.LowIndexLean513dc7cc.row148_layer007_checked' depends on axioms: [propext, Classical.choice, Quot.sound]
'B699LowIndex.LowIndexLean513dc7cc.row148_layer008_checked' depends on axioms: [propext, Classical.choice, Quot.sound]
'B699LowIndex.LowIndexLean513dc7cc.row148_layers_checked' depends on axioms: [propext, Classical.choice, Quot.sound]
'B699LowIndex.LowIndexLean513dc7cc.row148_checked' depends on axioms: [propext, Classical.choice, Quot.sound]
'B699LowIndex.LowIndexLean513dc7cc.common_i148' depends on axioms: [propext, Classical.choice, Quot.sound]
