{
  "status": "PASS_INDEPENDENT_EXACT_CHECK_NOT_LEAN",
  "certificate_sha256": "f584c68fa56553636d9bcdcf8992a98529423d17344472fa2797e6cfd1252b1d",
  "generator_sha256": "efd0efb6b4a7b0a71f21a58490e49636425be6a7e1999a4d111708b81d9be586",
  "analytic_check": "200-step rational square-root bisection in original s variables; signed polynomial integrals; no imported generator functions",
  "constant_checks": [
    {
      "delta": 0,
      "signed_polynomial_matches_positive_beta_sum": true,
      "C1_lt1": true,
      "C2_cap": "1/16"
    },
    {
      "delta": 1,
      "signed_polynomial_matches_positive_beta_sum": true,
      "C1_lt1": true,
      "C2_cap": "7/25"
    }
  ],
  "uniform_induction_obligations": true,
  "all_Y_scope": "all real Y>=2^15359 with m=floor((49664/4058125)*log2Y)",
  "negative_control": {
    "Y_bits": 8230,
    "finite_m_range": [
      1,
      100
    ],
    "both_deltas": true,
    "minimal_m": {
      "0": 100,
      "1": 100
    },
    "minimal_E_floor": {
      "0": 141,
      "1": 572
    },
    "m_ge101_capacity_exclusion_margins": [
      1103480,
      2010160
    ],
    "trace_sha256": "c725e168a0dedbe52e9aa60c9c2f066feb1ca1d77dcb230de4c547b198249703",
    "conclusion": "Every m>=1 is blocked for the old actual-D capacity/triangle interface; not an original Padé or B699 counterexample."
  },
  "new_Lean_invocations": 0,
  "seconds": 0.12534620000224095,
  "utc": "2026-09-12T03:54:38.082973+00:00"
}
