
ADD 0 from -1,0 terms 342 degree 21 LM 5,8,8, pairs 0

ADD 1 from -1,1 terms 1901 degree 39 LM 10,7,22, pairs 0

ADD 2 from -1,2 terms 2146 degree 40 LM 10,6,24, pairs 1

ADD 3 from -1,3 terms 2354 degree 39 LM 10,6,23, pairs 3

ADD 4 from -1,4 terms 2599 degree 40 LM 9,7,24, pairs 6

ADD 5 from -1,5 terms 2685 degree 39 LM 9,7,23, pairs 10

ADD 6 from 0,1 terms 2613 degree 38 LM 4,16,18, pairs 14

ADD 7 from 0,6 terms 2814 degree 39 LM 11,7,21, pairs 19

ADD 8 from 1,3 terms 2712 degree 39 LM 9,6,24, pairs 25

ADD 9 from 2,3 terms 2708 degree 38 LM 4,15,19, pairs 32

ADD 10 from 0,9 terms 3015 degree 39 LM 11,6,22, pairs 40

ADD 11 from 6,9 terms 2961 degree 39 LM 4,14,21, pairs 49

ADD 12 from 0,5 terms 2475 degree 38 LM 10,7,21, pairs 59

ADD 13 from 0,12 terms 2688 degree 38 LM 10,6,22, pairs 70

ADD 14 from 1,12 terms 2718 degree 38 LM 9,7,22, pairs 82

ADD 15 from 1,13 terms 2920 degree 38 LM 4,14,20, pairs 95

ADD 16 from 0,14 terms 2919 degree 38 LM 9,6,23, pairs 109

ADD 17 from 0,15 terms 3156 degree 38 LM 11,7,20, pairs 124

ADD 18 from 1,14 terms 3155 degree 38 LM 11,6,21, pairs 140

ADD 19 from 0,17 terms 3332 degree 39 LM 8,7,24, pairs 156

ADD 20 from 3,16 terms 3154 degree 38 LM 11,5,22, pairs 174

ADD 21 from 5,14 terms 3322 degree 38 LM 4,17,17, pairs 193

ADD 22 from 7,12 terms 3145 degree 38 LM 10,5,23, pairs 213

ADD 23 from 5,16 terms 3314 degree 38 LM 3,17,18, pairs 234

ADD 24 from 0,21 terms 3619 degree 39 LM 9,5,25, pairs 256
processed 20 size 25

ADD 25 from 10,13 terms 3131 degree 38 LM 8,7,23, pairs 279

ADD 26 from 9,15 terms 3177 degree 38 LM 3,16,19, pairs 303

ADD 27 from 8,16 terms 3236 degree 39 LM 8,6,25, pairs 328

ADD 28 from 7,17 terms 3238 degree 38 LM 3,15,20, pairs 354

ADD 29 from 3,22 terms 3373 degree 38 LM 4,13,21, pairs 381

ADD 30 from 7,18 terms 3130 degree 38 LM 8,6,24, pairs 408

ADD 31 from 0,25 terms 3371 degree 38 LM 3,14,21, pairs 437

ADD 32 from 11,15 terms 3309 degree 38 LM 9,5,24, pairs 467

ADD 33 from 6,21 terms 3644 degree 39 LM 7,7,25, pairs 496

ADD 34 from 10,18 terms 3269 degree 37 LM 4,17,16, pairs 528

ADD 35 from 0,34 terms 3541 degree 38 LM 12,7,19, pairs 561

ADD 36 from 21,34 terms 3370 degree 38 LM 2,17,19, pairs 595

ADD 37 from 6,23 terms 3540 degree 38 LM 12,6,20, pairs 630

ADD 38 from 0,29 terms 3607 degree 38 LM 12,5,21, pairs 665
processed 40 size 39

ADD 39 from 10,20 terms 3133 degree 37 LM 4,16,17, pairs 700

ADD 40 from 0,39 terms 3592 degree 38 LM 4,12,22, pairs 738

ADD 41 from 6,39 terms 3594 degree 38 LM 2,16,20, pairs 777

ADD 42 from 21,39 terms 3596 degree 38 LM 7,7,24, pairs 817

ADD 43 from 5,25 terms 3595 degree 38 LM 8,5,25, pairs 856

ADD 44 from 6,26 terms 3132 degree 37 LM 4,15,18, pairs 897

ADD 45 from 0,44 terms 3486 degree 37 LM 3,17,17, pairs 940

ADD 46 from 6,44 terms 3592 degree 38 LM 7,6,25, pairs 984

ADD 47 from 9,44 terms 3591 degree 38 LM 8,4,26, pairs 1029

ADD 48 from 21,45 terms 3723 degree 38 LM 13,7,18, pairs 1075

ADD 49 from 23,45 terms 3579 degree 37 LM 12,7,18, pairs 1122

ADD 50 from 0,49 terms 3754 degree 38 LM 2,18,18, pairs 1170

ADD 51 from 35,49 terms 3680 degree 38 LM 1,17,20, pairs 1216

ADD 52 from 48,49 terms 3815 degree 38 LM 13,6,19, pairs 1266
processed 60 size 53

ADD 53 from 0,35 terms 3578 degree 37 LM 3,16,18, pairs 1313

ADD 54 from 6,53 terms 3812 degree 38 LM 13,5,20, pairs 1365

ADD 55 from 23,53 terms 3820 degree 38 LM 1,18,19, pairs 1418

ADD 56 from 26,53 terms 3678 degree 38 LM 2,15,21, pairs 1472

ADD 57 from 9,28 terms 3577 degree 37 LM 2,17,18, pairs 1524

ADD 58 from 23,57 terms 3797 degree 38 LM 9,4,25, pairs 1580

ADD 59 from 36,57 terms 3676 degree 38 LM 1,16,21, pairs 1637

ADD 60 from 50,57 terms 3716 degree 37 LM 4,18,15, pairs 1694

ADD 61 from 0,60 terms 3941 degree 37 LM 3,18,16, pairs 1753

ADD 62 from 34,60 terms 3972 degree 38 LM 3,13,22, pairs 1813

ADD 63 from 34,61 terms 4178 degree 38 LM 14,7,17, pairs 1874

ADD 64 from 45,61 terms 3985 degree 38 LM 4,11,23, pairs 1936
processed 80 size 65

ADD 65 from 8,30 terms 3576 degree 37 LM 12,6,19, pairs 1996

ADD 66 from 35,65 terms 3575 degree 37 LM 11,7,19, pairs 2060

ADD 67 from 0,66 terms 3938 degree 37 LM 13,7,17, pairs 2125

ADD 68 from 0,67 terms 4084 degree 38 LM 2,19,17, pairs 2191

ADD 69 from 17,66 terms 3574 degree 37 LM 4,14,19, pairs 2258

ADD 70 from 0,69 terms 3936 degree 37 LM 2,18,17, pairs 2326

ADD 71 from 9,69 terms 3934 degree 37 LM 13,6,18, pairs 2395

ADD 72 from 15,69 terms 3951 degree 38 LM 10,4,24, pairs 2465

ADD 73 from 35,66 terms 3935 degree 37 LM 1,18,18, pairs 2536

ADD 74 from 37,65 terms 3574 degree 37 LM 3,15,19, pairs 2608

ADD 75 from 9,74 terms 3788 degree 37 LM 13,5,19, pairs 2681

ADD 76 from 26,74 terms 3923 degree 37 LM 2,16,19, pairs 2755

ADD 77 from 28,74 terms 3925 degree 37 LM 1,17,19, pairs 2830

ADD 78 from 26,76 terms 4161 degree 38 LM 11,4,23, pairs 2906

ADD 79 from 36,76 terms 4067 degree 37 LM 4,19,14, pairs 2983

ADD 80 from 0,79 terms 4301 degree 37 LM 3,19,15, pairs 3061
processed 100 size 81

ADD 81 from 36,77 terms 3944 degree 37 LM 12,5,20, pairs 3139

ADD 82 from 45,70 terms 3943 degree 37 LM 11,6,20, pairs 3218

ADD 83 from 17,82 terms 4301 degree 37 LM 14,7,16, pairs 3299

ADD 84 from 0,83 terms 4452 degree 38 LM 2,20,16, pairs 3381

ADD 85 from 18,82 terms 4400 degree 38 LM 2,14,22, pairs 3464

ADD 86 from 48,67 terms 3942 degree 37 LM 10,7,20, pairs 3547

ADD 87 from 0,86 terms 4077 degree 37 LM 2,19,16, pairs 3632

ADD 88 from 12,86 terms 4397 degree 38 LM 3,12,23, pairs 3718

ADD 89 from 17,86 terms 4320 degree 38 LM 12,4,22, pairs 3805

ADD 90 from 41,76 terms 3943 degree 37 LM 4,13,20, pairs 3892

ADD 91 from 0,90 terms 4318 degree 38 LM 10,3,25, pairs 3981

ADD 92 from 15,90 terms 4077 degree 37 LM 1,19,17, pairs 4071

ADD 93 from 52,65 terms 3942 degree 37 LM 3,14,20, pairs 4162

ADD 94 from 15,93 terms 4298 degree 37 LM 14,6,17, pairs 4254

ADD 95 from 37,81 terms 4075 degree 37 LM 2,15,20, pairs 4347

ADD 96 from 29,90 terms 4394 degree 38 LM 4,10,24, pairs 4440
processed 120 size 97

ADD 97 from 38,81 terms 4337 degree 38 LM 6,7,25, pairs 4535

ADD 98 from 37,82 terms 4296 degree 37 LM 14,5,18, pairs 4631

ADD 99 from 48,71 terms 4074 degree 37 LM 1,16,20, pairs 4728

ADD 100 from 50,70 terms 4073 degree 37 LM 11,5,21, pairs 4825

ADD 101 from 18,100 terms 4218 degree 37 LM 3,20,14, pairs 4924

ADD 102 from 20,100 terms 4339 degree 38 LM 9,3,26, pairs 5024

ADD 103 from 28,93 terms 4072 degree 37 LM 10,6,21, pairs 5125

ADD 104 from 12,103 terms 4208 degree 37 LM 2,20,15, pairs 5227

ADD 105 from 13,103 terms 4337 degree 38 LM 7,5,26, pairs 5330

ADD 106 from 18,103 terms 4294 degree 37 LM 12,4,21, pairs 5434

ADD 107 from 50,73 terms 4071 degree 37 LM 9,7,21, pairs 5539

ADD 108 from 0,107 terms 4070 degree 37 LM 4,12,21, pairs 5645

ADD 109 from 0,108 terms 4291 degree 37 LM 3,13,21, pairs 5752

ADD 110 from 12,107 terms 4290 degree 37 LM 2,14,21, pairs 5860

ADD 111 from 14,107 terms 4331 degree 37 LM 0,19,18, pairs 5969

ADD 112 from 52,71 terms 4289 degree 37 LM 11,4,22, pairs 6079

ADD 113 from 28,95 terms 4288 degree 37 LM 10,5,22, pairs 6190

ADD 114 from 31,93 terms 4287 degree 37 LM 9,6,22, pairs 6302

ADD 115 from 13,113 terms 4429 degree 37 LM 1,20,16, pairs 6415
processed 140 size 116

ADD 116 from 13,114 terms 4525 degree 38 LM 11,3,24, pairs 6529

ADD 117 from 52,75 terms 4286 degree 37 LM 8,7,22, pairs 6644

ADD 118 from 0,117 terms 4427 degree 37 LM 0,20,17, pairs 6760

ADD 119 from 14,114 terms 4422 degree 37 LM 4,11,22, pairs 6875

ADD 120 from 0,119 terms 4667 degree 37 LM 15,15,7, pairs 6993

ADD 121 from 0,120 terms 4722 degree 38 LM 14,4,20, pairs 7112

ADD 122 from 51,77 terms 4421 degree 37 LM 3,12,22, pairs 7232

ADD 123 from 55,73 terms 4420 degree 37 LM 10,4,23, pairs 7353

ADD 124 from 54,75 terms 4419 degree 37 LM 9,5,23, pairs 7474

ADD 125 from 16,114 terms 4473 degree 37 LM 13,4,20, pairs 7597

ADD 126 from 63,67 terms 4418 degree 37 LM 8,6,23, pairs 7720

ADD 127 from 14,117 terms 4684 degree 37 LM 15,7,15, pairs 7845

ADD 128 from 0,127 terms 4831 degree 37 LM 14,16,7, pairs 7971

ADD 129 from 0,128 terms 4940 degree 38 LM 1,15,22, pairs 8098
processed 160 size 130

ADD 130 from 20,112 terms 4417 degree 37 LM 7,7,23, pairs 8224

ADD 131 from 0,130 terms 4824 degree 37 LM 4,20,13, pairs 8353

ADD 132 from 0,131 terms 5062 degree 38 LM 16,6,16, pairs 8483

ADD 133 from 55,77 terms 4416 degree 37 LM 4,10,23, pairs 8614

ADD 134 from 20,113 terms 4680 degree 37 LM 15,6,16, pairs 8746

ADD 135 from 0,133 terms 4688 degree 37 LM 15,5,17, pairs 8878

ADD 136 from 54,81 terms 4361 degree 37 LM 10,3,24, pairs 9011

ADD 137 from 22,113 terms 4467 degree 37 LM 1,15,21, pairs 9146

ADD 138 from 41,95 terms 4361 degree 37 LM 9,4,24, pairs 9281

ADD 139 from 29,108 terms 4360 degree 37 LM 8,5,24, pairs 9418

ADD 140 from 29,109 terms 4358 degree 37 LM 7,6,24, pairs 9556

ADD 141 from 38,100 terms 4358 degree 37 LM 6,7,24, pairs 9694

ADD 142 from 68,70 terms 4357 degree 37 LM 9,3,25, pairs 9834

ADD 143 from 60,79 terms 4356 degree 37 LM 8,4,25, pairs 9975

ADD 144 from 16,124 terms 4659 degree 37 LM 14,4,19, pairs 10117

ADD 145 from 60,80 terms 4355 degree 37 LM 7,5,25, pairs 10260
processed 180 size 146

ADD 146 from 31,109 terms 4354 degree 36 LM 14,15,7, pairs 10404

ADD 147 from 0,146 terms 4437 degree 37 LM 11,3,23, pairs 10549

ADD 148 from 120,146 terms 4643 degree 37 LM 12,3,22, pairs 10695

ADD 149 from 128,146 terms 4346 degree 36 LM 4,19,13, pairs 10842

ADD 150 from 0,149 terms 4642 degree 37 LM 10,2,25, pairs 10990

ADD 151 from 79,149 terms 4435 degree 37 LM 6,6,25, pairs 11139

ADD 152 from 131,149 terms 4486 degree 37 LM 2,21,14, pairs 11289

ADD 153 from 41,99 terms 4344 degree 36 LM 4,18,14, pairs 11439

ADD 154 from 0,153 terms 4632 degree 37 LM 9,2,26, pairs 11591

ADD 155 from 60,153 terms 4631 degree 37 LM 8,3,26, pairs 11744

ADD 156 from 79,153 terms 4344 degree 36 LM 3,19,14, pairs 11898

ADD 157 from 79,156 terms 4629 degree 37 LM 7,4,26, pairs 12053

ADD 158 from 80,156 terms 4628 degree 36 LM 15,14,7, pairs 12209

ADD 159 from 0,158 terms 4548 degree 37 LM 0,18,19, pairs 12366

ADD 160 from 101,156 terms 4475 degree 37 LM 1,21,15, pairs 12524

ADD 161 from 120,158 terms 4851 degree 37 LM 0,21,16, pairs 12683
processed 200 size 162

ADD 162 from 61,80 terms 4449 degree 36 LM 2,20,14, pairs 12839

ADD 163 from 101,162 terms 4664 degree 37 LM 15,4,18, pairs 13000

ADD 164 from 104,162 terms 4537 degree 37 LM 0,17,20, pairs 13162

ADD 165 from 152,162 terms 4844 degree 37 LM 2,13,22, pairs 13325

ADD 166 from 31,110 terms 4440 degree 36 LM 14,7,15, pairs 13488

ADD 167 from 0,166 terms 4439 degree 36 LM 4,17,15, pairs 13653

ADD 168 from 0,167 terms 4437 degree 36 LM 3,18,15, pairs 13819

ADD 169 from 34,167 terms 4437 degree 36 LM 2,19,15, pairs 13986

ADD 170 from 60,167 terms 4747 degree 36 LM 13,16,7, pairs 14154

ADD 171 from 0,170 terms 4810 degree 37 LM 1,14,22, pairs 14323

ADD 172 from 60,168 terms 4650 degree 37 LM 13,3,21, pairs 14493

ADD 173 from 61,168 terms 4766 degree 37 LM 3,11,23, pairs 14664

ADD 174 from 80,168 terms 4718 degree 36 LM 11,18,7, pairs 14836

ADD 175 from 0,174 terms 4757 degree 37 LM 4,9,24, pairs 15009

ADD 176 from 83,166 terms 4436 degree 36 LM 1,20,15, pairs 15183

ADD 177 from 80,169 terms 4648 degree 37 LM 11,2,24, pairs 15358

ADD 178 from 87,169 terms 4755 degree 37 LM 5,7,25, pairs 15534

ADD 179 from 104,169 terms 4709 degree 36 LM 3,20,13, pairs 15711
processed 220 size 180

ADD 180 from 104,176 terms 4443 degree 36 LM 14,6,16, pairs 15889

ADD 181 from 83,180 terms 4707 degree 36 LM 15,7,14, pairs 16068

ADD 182 from 0,181 terms 4836 degree 37 LM 0,22,15, pairs 16248

ADD 183 from 94,180 terms 4759 degree 37 LM 9,1,27, pairs 16429

ADD 184 from 101,179 terms 4548 degree 37 LM 8,2,27, pairs 16611

ADD 185 from 115,176 terms 4547 degree 36 LM 0,21,15, pairs 16794

ADD 186 from 127,166 terms 4441 degree 36 LM 13,7,16, pairs 16978

ADD 187 from 0,186 terms 4536 degree 36 LM 4,16,16, pairs 17163

ADD 188 from 0,187 terms 4753 degree 37 LM 12,2,23, pairs 17349

ADD 189 from 34,187 terms 4656 degree 36 LM 10,19,7, pairs 17536

ADD 190 from 0,189 terms 4869 degree 37 LM 0,16,21, pairs 17724

ADD 191 from 39,187 terms 4864 degree 37 LM 2,12,23, pairs 17913

ADD 192 from 67,186 terms 4535 degree 36 LM 3,17,16, pairs 18103

ADD 193 from 34,192 terms 4752 degree 37 LM 10,1,26, pairs 18294

ADD 194 from 45,192 terms 4534 degree 36 LM 2,18,16, pairs 18486

ADD 195 from 61,192 terms 4533 degree 36 LM 1,19,16, pairs 18679

ADD 196 from 61,194 terms 4742 degree 36 LM 12,17,7, pairs 18873

ADD 197 from 0,196 terms 4852 degree 37 LM 3,10,24, pairs 19068

ADD 198 from 70,194 terms 4851 degree 37 LM 4,8,25, pairs 19264

ADD 199 from 83,186 terms 4734 degree 36 LM 15,6,15, pairs 19461
processed 240 size 200

ADD 200 from 87,194 terms 4646 degree 36 LM 4,20,12, pairs 19659

ADD 201 from 0,200 terms 4854 degree 36 LM 15,15,6, pairs 19858

ADD 202 from 87,195 terms 4733 degree 36 LM 15,5,16, pairs 20058

ADD 203 from 92,195 terms 4531 degree 36 LM 0,20,16, pairs 20259

ADD 204 from 128,170 terms 4726 degree 36 LM 14,5,17, pairs 20461

ADD 205 from 94,204 terms 4839 degree 36 LM 2,21,13, pairs 20664

ADD 206 from 98,204 terms 4906 degree 37 LM 6,5,26, pairs 20868

ADD 207 from 127,181 terms 4725 degree 36 LM 13,6,17, pairs 21073

ADD 208 from 67,207 terms 4830 degree 36 LM 1,21,14, pairs 21279

ADD 209 from 71,207 terms 4903 degree 37 LM 5,6,26, pairs 21486

ADD 210 from 94,207 terms 5047 degree 37 LM 14,3,20, pairs 21694

ADD 211 from 131,179 terms 4724 degree 36 LM 12,7,17, pairs 21903

ADD 212 from 0,211 terms 4828 degree 36 LM 4,15,17, pairs 22113

ADD 213 from 0,212 terms 5049 degree 37 LM 13,2,22, pairs 22324

ADD 214 from 39,212 terms 4950 degree 36 LM 14,16,6, pairs 22536

ADD 215 from 44,212 terms 4871 degree 37 LM 7,3,27, pairs 22749

ADD 216 from 49,211 terms 4827 degree 36 LM 3,16,17, pairs 22963

ADD 217 from 39,216 terms 5048 degree 37 LM 11,1,25, pairs 23178

ADD 218 from 45,216 terms 4826 degree 36 LM 2,17,17, pairs 23394

ADD 219 from 45,218 terms 5039 degree 36 LM 16,14,6, pairs 23611
processed 260 size 220

ADD 220 from 53,216 terms 4869 degree 37 LM 8,1,28, pairs 23829

ADD 221 from 57,218 terms 4867 degree 36 LM 1,18,17, pairs 24048

ADD 222 from 67,211 terms 5074 degree 36 LM 16,13,7, pairs 24268

ADD 223 from 0,222 terms 5153 degree 37 LM 0,15,22, pairs 24489

ADD 224 from 70,218 terms 4983 degree 36 LM 9,20,7, pairs 24711

ADD 225 from 0,224 terms 5180 degree 37 LM 9,0,28, pairs 24934

ADD 226 from 70,221 terms 5175 degree 36 LM 4,21,11, pairs 25158

ADD 227 from 0,226 terms 5398 degree 37 LM 17,7,13, pairs 25383

ADD 228 from 73,221 terms 5071 degree 36 LM 16,7,13, pairs 25609

ADD 229 from 0,228 terms 5027 degree 36 LM 13,17,6, pairs 25836

ADD 230 from 115,195 terms 4867 degree 36 LM 0,19,17, pairs 26064

ADD 231 from 92,221 terms 4969 degree 36 LM 3,21,12, pairs 26293

ADD 232 from 134,180 terms 4866 degree 36 LM 14,4,18, pairs 26523

ADD 233 from 115,203 terms 4865 degree 36 LM 13,5,18, pairs 26753

ADD 234 from 71,233 terms 4965 degree 36 LM 1,22,13, pairs 26985

ADD 235 from 75,233 terms 4864 degree 36 LM 12,6,18, pairs 27218

ADD 236 from 49,235 terms 4893 degree 36 LM 0,22,14, pairs 27452

ADD 237 from 65,235 terms 4937 degree 37 LM 1,13,23, pairs 27687

ADD 238 from 71,235 terms 4907 degree 36 LM 15,4,17, pairs 27923
processed 280 size 239

ADD 239 from 120,201 terms 4863 degree 36 LM 11,7,18, pairs 28158

ADD 240 from 0,239 terms 4865 degree 36 LM 4,14,18, pairs 28396

ADD 241 from 0,240 terms 4911 degree 36 LM 3,15,18, pairs 28635

ADD 242 from 44,240 terms 5000 degree 36 LM 2,16,18, pairs 28875

ADD 243 from 44,241 terms 5217 degree 37 LM 15,3,19, pairs 29116

ADD 244 from 49,239 terms 4999 degree 36 LM 1,17,18, pairs 29358

ADD 245 from 53,241 terms 5005 degree 36 LM 11,19,6, pairs 29601

ADD 246 from 53,242 terms 4998 degree 36 LM 0,18,18, pairs 29845

ADD 247 from 57,242 terms 5112 degree 36 LM 12,18,6, pairs 30090

ADD 248 from 57,244 terms 5321 degree 37 LM 14,2,21, pairs 30336

ADD 249 from 66,239 terms 5066 degree 37 LM 2,11,24, pairs 30583

ADD 250 from 69,240 terms 5038 degree 37 LM 6,4,27, pairs 30831

ADD 251 from 74,241 terms 5037 degree 37 LM 7,2,28, pairs 31080

ADD 252 from 73,244 terms 4997 degree 36 LM 14,3,19, pairs 31330

ADD 253 from 76,242 terms 5035 degree 37 LM 8,0,29, pairs 31581

ADD 254 from 73,246 terms 5321 degree 37 LM 12,1,24, pairs 31833

ADD 255 from 77,244 terms 5000 degree 36 LM 13,4,19, pairs 32086

ADD 256 from 118,203 terms 4999 degree 36 LM 12,5,19, pairs 32340
processed 300 size 257

ADD 257 from 65,256 terms 5111 degree 36 LM 10,20,6, pairs 32595

ADD 258 from 92,230 terms 4998 degree 36 LM 11,6,19, pairs 32851

ADD 259 from 65,258 terms 5313 degree 37 LM 10,0,27, pairs 33108

ADD 260 from 66,258 terms 5105 degree 36 LM 8,21,7, pairs 33365

ADD 261 from 0,260 terms 5093 degree 37 LM 3,9,25, pairs 33624

ADD 262 from 127,199 terms 4997 degree 36 LM 10,7,19, pairs 33883

ADD 263 from 0,262 terms 5027 degree 36 LM 2,22,12, pairs 34144

ADD 264 from 66,262 terms 5222 degree 36 LM 16,6,14, pairs 34405

ADD 265 from 75,255 terms 4996 degree 36 LM 4,13,19, pairs 34668

ADD 266 from 0,265 terms 5220 degree 36 LM 16,5,15, pairs 34932

ADD 267 from 98,232 terms 4995 degree 36 LM 3,14,19, pairs 35197

ADD 268 from 75,256 terms 5217 degree 36 LM 15,3,18, pairs 35463

ADD 269 from 98,233 terms 4994 degree 36 LM 2,15,19, pairs 35729

ADD 270 from 131,200 terms 4992 degree 36 LM 1,16,19, pairs 35997

ADD 271 from 134,199 terms 4992 degree 36 LM 0,17,19, pairs 36266

ADD 272 from 69,265 terms 4993 degree 36 LM 13,3,20, pairs 36536
processed 320 size 273

ADD 273 from 160,176 terms 4991 degree 36 LM 12,4,20, pairs 36805

ADD 274 from 134,202 terms 4991 degree 36 LM 11,5,20, pairs 37077

ADD 275 from 69,267 terms 4990 degree 36 LM 10,6,20, pairs 37350

ADD 276 from 81,256 terms 4989 degree 36 LM 9,7,20, pairs 37624

ADD 277 from 0,276 terms 5090 degree 36 LM 3,22,11, pairs 37899

ADD 278 from 135,202 terms 4988 degree 36 LM 4,12,20, pairs 38174

ADD 279 from 0,278 terms 5208 degree 36 LM 14,2,20, pairs 38451

ADD 280 from 135,204 terms 4987 degree 36 LM 3,13,20, pairs 38728

ADD 281 from 82,258 terms 4986 degree 36 LM 2,14,20, pairs 39007

ADD 282 from 111,230 terms 4985 degree 36 LM 1,15,20, pairs 39286

ADD 283 from 74,267 terms 4984 degree 36 LM 0,16,20, pairs 39567

ADD 284 from 128,214 terms 4983 degree 36 LM 13,2,21, pairs 39849

ADD 285 from 74,269 terms 5203 degree 36 LM 12,3,21, pairs 40132

ADD 286 from 76,269 terms 5202 degree 36 LM 11,4,21, pairs 40415
processed 340 size 287

ADD 287 from 160,185 terms 5201 degree 36 LM 10,5,21, pairs 40700

ADD 288 from 76,270 terms 5200 degree 36 LM 9,6,21, pairs 40985

ADD 289 from 161,185 terms 5199 degree 36 LM 8,7,21, pairs 41272

ADD 290 from 0,289 terms 5312 degree 36 LM 14,17,5, pairs 41560

ADD 291 from 77,270 terms 5198 degree 36 LM 4,11,21, pairs 41847

ADD 292 from 0,291 terms 5519 degree 37 LM 13,1,23, pairs 42137

ADD 293 from 118,230 terms 5197 degree 36 LM 3,12,21, pairs 42428

ADD 294 from 77,271 terms 5196 degree 36 LM 2,13,21, pairs 42720

ADD 295 from 86,262 terms 5195 degree 36 LM 1,14,21, pairs 43013

ADD 296 from 81,273 terms 5267 degree 36 LM 0,23,13, pairs 43305

ADD 297 from 81,274 terms 5193 degree 36 LM 0,15,21, pairs 43599

ADD 298 from 90,265 terms 5189 degree 36 LM 12,2,22, pairs 43895

ADD 299 from 82,274 terms 5185 degree 36 LM 11,3,22, pairs 44192

ADD 300 from 111,246 terms 5187 degree 36 LM 10,4,22, pairs 44490
processed 360 size 301

ADD 301 from 152,205 terms 5186 degree 36 LM 9,5,22, pairs 44789

ADD 302 from 82,275 terms 5185 degree 36 LM 8,6,22, pairs 45089

ADD 303 from 152,208 terms 5184 degree 36 LM 7,7,22, pairs 45387

ADD 304 from 0,303 terms 5290 degree 36 LM 13,18,5, pairs 45689

ADD 305 from 93,267 terms 5183 degree 36 LM 4,10,22, pairs 45991

ADD 306 from 0,305 terms 5498 degree 37 LM 11,0,26, pairs 46295

ADD 307 from 86,275 terms 5182 degree 36 LM 3,11,22, pairs 46600

ADD 308 from 86,276 terms 5181 degree 36 LM 2,12,22, pairs 46905

ADD 309 from 174,189 terms 5180 degree 36 LM 1,13,22, pairs 47210

ADD 310 from 161,203 terms 5179 degree 36 LM 12,1,23, pairs 47518

ADD 311 from 95,269 terms 5175 degree 36 LM 11,2,23, pairs 47826
processed 380 size 312

ADD 312 from 170,196 terms 5174 degree 36 LM 10,3,23, pairs 48135

ADD 313 from 182,185 terms 5172 degree 36 LM 9,4,23, pairs 48444

ADD 314 from 160,208 terms 5172 degree 36 LM 8,5,23, pairs 48756

ADD 315 from 90,278 terms 5171 degree 36 LM 7,6,23, pairs 49069

ADD 316 from 99,270 terms 5170 degree 36 LM 6,7,23, pairs 49383

ADD 317 from 0,316 terms 5239 degree 36 LM 4,9,23, pairs 49698

ADD 318 from 0,317 terms 5482 degree 36 LM 15,16,5, pairs 50014

ADD 319 from 90,280 terms 5238 degree 36 LM 3,10,23, pairs 50330

ADD 320 from 174,196 terms 5237 degree 36 LM 2,11,23, pairs 50648

ADD 321 from 135,238 terms 5236 degree 36 LM 11,1,24, pairs 50966

ADD 322 from 93,280 terms 5235 degree 36 LM 10,2,24, pairs 51286

ADD 323 from 93,281 terms 5234 degree 36 LM 9,3,24, pairs 51607

ADD 324 from 100,274 terms 5233 degree 36 LM 8,4,24, pairs 51929

ADD 325 from 144,232 terms 5232 degree 36 LM 7,5,24, pairs 52252

ADD 326 from 95,281 terms 5231 degree 36 LM 6,6,24, pairs 52576

ADD 327 from 158,219 terms 5230 degree 36 LM 5,7,24, pairs 52901
processed 400 size 328

ADD 328 from 0,327 terms 5341 degree 36 LM 12,19,5, pairs 53227

ADD 329 from 95,282 terms 5229 degree 36 LM 4,8,24, pairs 53554

ADD 330 from 0,329 terms 5544 degree 36 LM 11,20,5, pairs 53882

ADD 331 from 103,275 terms 5228 degree 36 LM 3,9,24, pairs 54211

ADD 332 from 106,273 terms 5197 degree 36 LM 10,1,25, pairs 54538

ADD 333 from 125,255 terms 5196 degree 36 LM 9,2,25, pairs 54868

ADD 334 from 158,222 terms 5195 degree 36 LM 8,3,25, pairs 55200

ADD 335 from 99,282 terms 5193 degree 36 LM 7,4,25, pairs 55532

ADD 336 from 99,283 terms 5193 degree 36 LM 6,5,25, pairs 55865

ADD 337 from 107,276 terms 5191 degree 36 LM 5,6,25, pairs 56200

ADD 338 from 179,205 terms 5191 degree 36 LM 10,0,26, pairs 56534
processed 420 size 339

ADD 339 from 100,286 terms 5185 degree 36 LM 9,1,26, pairs 56870

ADD 340 from 108,278 terms 5184 degree 36 LM 8,2,26, pairs 57208

ADD 341 from 100,287 terms 5183 degree 36 LM 7,3,26, pairs 57545

ADD 342 from 109,280 terms 5181 degree 36 LM 6,4,26, pairs 57884

ADD 343 from 103,287 terms 5181 degree 36 LM 9,0,27, pairs 58224

ADD 344 from 103,288 terms 5180 degree 36 LM 8,1,27, pairs 58566

ADD 345 from 106,285 terms 5179 degree 36 LM 7,2,27, pairs 58909

ADD 346 from 110,281 terms 5178 degree 36 LM 8,0,28, pairs 59253

ADD 347 from 106,286 terms 5143 degree 35 LM 14,16,5, pairs 59598

ADD 348 from 214,347 terms 5137 degree 35 LM 13,17,5, pairs 59944

ADD 349 from 229,348 terms 5134 degree 35 LM 12,18,5, pairs 60291

ADD 350 from 247,349 terms 5130 degree 35 LM 11,19,5, pairs 60639

ADD 351 from 245,350 terms 5045 degree 35 LM 16,13,6, pairs 60988

ADD 352 from 219,351 terms 5117 degree 35 LM 15,14,6, pairs 61338

ADD 353 from 158,352 terms 5114 degree 35 LM 14,15,6, pairs 61689

ADD 354 from 146,353 terms 5113 degree 35 LM 13,16,6, pairs 62041
processed 440 size 355

ADD 355 from 170,354 terms 5112 degree 35 LM 12,17,6, pairs 62394

ADD 356 from 196,355 terms 5111 degree 35 LM 11,18,6, pairs 62748

ADD 357 from 174,356 terms 5110 degree 35 LM 10,19,6, pairs 63103

ADD 358 from 189,357 terms 5109 degree 35 LM 9,20,6, pairs 63459

ADD 359 from 201,352 terms 5144 degree 36 LM 4,22,10, pairs 63816

ADD 360 from 201,353 terms 5318 degree 36 LM 17,12,7, pairs 64174

ADD 361 from 214,353 terms 5104 degree 35 LM 16,12,7, pairs 64533

ADD 362 from 0,361 terms 5103 degree 35 LM 15,13,7, pairs 64893

ADD 363 from 0,362 terms 5102 degree 35 LM 14,14,7, pairs 65254

ADD 364 from 0,363 terms 5101 degree 35 LM 13,15,7, pairs 65616

ADD 365 from 0,364 terms 5098 degree 35 LM 12,16,7, pairs 65979

ADD 366 from 0,365 terms 5099 degree 35 LM 11,17,7, pairs 66343

ADD 367 from 0,366 terms 5098 degree 35 LM 10,18,7, pairs 66708

ADD 368 from 0,367 terms 5097 degree 35 LM 9,19,7, pairs 67074

ADD 369 from 0,368 terms 5096 degree 35 LM 8,20,7, pairs 67441

ADD 370 from 0,369 terms 5095 degree 35 LM 7,21,7, pairs 67809

ADD 371 from 0,370 terms 5028 degree 35 LM 4,21,10, pairs 68178

ADD 372 from 0,371 terms 5233 degree 36 LM 17,7,12, pairs 68548

ADD 373 from 146,363 terms 5122 degree 36 LM 1,23,12, pairs 68919

ADD 374 from 146,364 terms 5176 degree 36 LM 16,4,16, pairs 69291
processed 460 size 375

ADD 375 from 158,362 terms 5089 degree 35 LM 4,20,11, pairs 69664

ADD 376 from 0,375 terms 5175 degree 36 LM 16,3,17, pairs 70038

ADD 377 from 158,363 terms 5128 degree 35 LM 15,15,5, pairs 70413

ADD 378 from 170,364 terms 5087 degree 35 LM 3,21,11, pairs 70789

ADD 379 from 170,365 terms 5108 degree 35 LM 2,22,11, pairs 71166

ADD 380 from 174,366 terms 5100 degree 35 LM 16,7,12, pairs 71544

ADD 381 from 0,380 terms 5119 degree 35 LM 14,17,4, pairs 71923

ADD 382 from 174,367 terms 5007 degree 35 LM 4,19,12, pairs 72303

ADD 383 from 0,382 terms 5321 degree 36 LM 15,2,19, pairs 72684

ADD 384 from 149,382 terms 5006 degree 35 LM 3,20,12, pairs 73066

ADD 385 from 189,367 terms 5005 degree 35 LM 2,21,12, pairs 73449

ADD 386 from 189,368 terms 5004 degree 35 LM 1,22,12, pairs 73833

ADD 387 from 196,365 terms 5003 degree 35 LM 15,7,13, pairs 74218

ADD 388 from 0,387 terms 5110 degree 35 LM 13,18,4, pairs 74604

ADD 389 from 196,366 terms 5002 degree 35 LM 4,18,13, pairs 74991

ADD 390 from 0,389 terms 5314 degree 36 LM 13,1,22, pairs 75379

ADD 391 from 149,389 terms 5108 degree 35 LM 12,19,4, pairs 75768

ADD 392 from 153,389 terms 5001 degree 35 LM 3,19,13, pairs 76158

ADD 393 from 149,392 terms 5304 degree 36 LM 11,0,25, pairs 76549

ADD 394 from 156,392 terms 5000 degree 35 LM 2,20,13, pairs 76941
processed 480 size 395

ADD 395 from 162,394 terms 4999 degree 35 LM 1,21,13, pairs 77334

ADD 396 from 179,384 terms 4998 degree 35 LM 0,22,13, pairs 77728

ADD 397 from 214,354 terms 4997 degree 35 LM 15,6,14, pairs 78123

ADD 398 from 181,387 terms 4996 degree 35 LM 14,7,14, pairs 78519

ADD 399 from 0,398 terms 5097 degree 35 LM 10,20,5, pairs 78916

ADD 400 from 166,398 terms 4995 degree 35 LM 4,17,14, pairs 79314

ADD 401 from 0,400 terms 5285 degree 35 LM 15,16,4, pairs 79713

ADD 402 from 153,400 terms 5091 degree 35 LM 8,21,6, pairs 80113

ADD 403 from 167,400 terms 4994 degree 35 LM 3,18,14, pairs 80514

ADD 404 from 153,403 terms 5277 degree 35 LM 6,22,7, pairs 80916

ADD 405 from 0,404 terms 5272 degree 35 LM 4,22,9, pairs 81319

ADD 406 from 0,405 terms 5477 degree 36 LM 17,6,13, pairs 81723

ADD 407 from 156,403 terms 5270 degree 35 LM 3,22,10, pairs 82128

ADD 408 from 219,352 terms 4993 degree 35 LM 2,19,14, pairs 82534

ADD 409 from 156,408 terms 5268 degree 35 LM 1,23,11, pairs 82941

ADD 410 from 162,408 terms 5260 degree 35 LM 0,23,12, pairs 83349

ADD 411 from 179,392 terms 5259 degree 35 LM 16,6,13, pairs 83758

ADD 412 from 168,403 terms 4992 degree 35 LM 1,20,14, pairs 84168

ADD 413 from 222,351 terms 4991 degree 35 LM 0,21,14, pairs 84579

ADD 414 from 179,394 terms 5256 degree 35 LM 16,5,14, pairs 84991
processed 500 size 415

ADD 415 from 162,412 terms 5255 degree 35 LM 16,4,15, pairs 85404

ADD 416 from 200,375 terms 4990 degree 35 LM 15,5,15, pairs 85818

ADD 417 from 169,408 terms 4989 degree 35 LM 14,6,15, pairs 86233

ADD 418 from 181,397 terms 5252 degree 35 LM 13,7,15, pairs 86649

ADD 419 from 0,418 terms 5356 degree 35 LM 14,18,3, pairs 87066

ADD 420 from 201,377 terms 5251 degree 35 LM 4,16,15, pairs 87484

ADD 421 from 0,420 terms 5554 degree 36 LM 17,3,16, pairs 87903

ADD 422 from 181,398 terms 5250 degree 35 LM 3,17,15, pairs 88323

ADD 423 from 224,358 terms 5249 degree 35 LM 2,18,15, pairs 88744

ADD 424 from 200,382 terms 5248 degree 35 LM 1,19,15, pairs 89166

ADD 425 from 222,361 terms 5247 degree 35 LM 0,20,15, pairs 89589

ADD 426 from 229,354 terms 5246 degree 35 LM 16,3,16, pairs 90013

ADD 427 from 166,417 terms 5245 degree 35 LM 15,4,16, pairs 90438

ADD 428 from 222,362 terms 5244 degree 35 LM 14,5,16, pairs 90864

ADD 429 from 229,355 terms 5243 degree 35 LM 13,6,16, pairs 91291

ADD 430 from 166,418 terms 5242 degree 35 LM 12,7,16, pairs 91719

ADD 431 from 0,430 terms 5342 degree 35 LM 13,19,3, pairs 92148

ADD 432 from 200,384 terms 5241 degree 35 LM 4,15,16, pairs 92578

ADD 433 from 0,432 terms 5539 degree 36 LM 16,2,18, pairs 93009

ADD 434 from 167,420 terms 5240 degree 35 LM 3,16,16, pairs 93441
processed 520 size 435

ADD 435 from 176,412 terms 5239 degree 35 LM 2,17,16, pairs 93874

ADD 436 from 167,422 terms 5534 degree 36 LM 14,1,21, pairs 94308

ADD 437 from 168,422 terms 5336 degree 35 LM 11,20,4, pairs 94743

ADD 438 from 205,385 terms 5238 degree 35 LM 1,18,16, pairs 95179

ADD 439 from 168,423 terms 5237 degree 35 LM 0,19,16, pairs 95616

ADD 440 from 169,423 terms 5236 degree 35 LM 15,3,17, pairs 96054

ADD 441 from 224,368 terms 5235 degree 35 LM 14,4,17, pairs 96493

ADD 442 from 169,424 terms 5297 degree 35 LM 16,15,4, pairs 96933

ADD 443 from 224,369 terms 5234 degree 35 LM 13,5,17, pairs 97374

ADD 444 from 199,397 terms 5233 degree 35 LM 12,6,17, pairs 97816

ADD 445 from 180,417 terms 5231 degree 35 LM 11,7,17, pairs 98259

ADD 446 from 0,445 terms 5325 degree 35 LM 9,21,5, pairs 98703

ADD 447 from 226,371 terms 5230 degree 35 LM 4,14,17, pairs 99148

ADD 448 from 0,447 terms 5290 degree 35 LM 16,14,5, pairs 99594

ADD 449 from 185,413 terms 5230 degree 35 LM 3,15,17, pairs 100041

ADD 450 from 205,394 terms 5229 degree 35 LM 2,16,17, pairs 100489

ADD 451 from 176,424 terms 5252 degree 35 LM 2,23,10, pairs 100938

ADD 452 from 205,395 terms 5228 degree 35 LM 1,17,17, pairs 101388

ADD 453 from 245,356 terms 5226 degree 35 LM 0,18,17, pairs 101839

ADD 454 from 176,425 terms 5226 degree 35 LM 15,2,18, pairs 102291
processed 540 size 455

ADD 455 from 226,375 terms 5224 degree 35 LM 14,3,18, pairs 102744

ADD 456 from 245,357 terms 5224 degree 35 LM 13,4,18, pairs 103198

ADD 457 from 247,355 terms 5222 degree 35 LM 12,5,18, pairs 103653

ADD 458 from 247,356 terms 5222 degree 35 LM 11,6,18, pairs 104109

ADD 459 from 208,395 terms 5221 degree 35 LM 10,7,18, pairs 104566

ADD 460 from 0,459 terms 5237 degree 35 LM 4,13,18, pairs 105024

ADD 461 from 0,460 terms 5364 degree 35 LM 15,17,3, pairs 105483

ADD 462 from 186,418 terms 5236 degree 35 LM 3,14,18, pairs 105943

ADD 463 from 226,378 terms 5235 degree 35 LM 2,15,18, pairs 106404

ADD 464 from 187,420 terms 5234 degree 35 LM 1,16,18, pairs 106866

ADD 465 from 180,428 terms 5233 degree 35 LM 0,17,18, pairs 107329

ADD 466 from 228,380 terms 5232 degree 35 LM 14,2,19, pairs 107793

ADD 467 from 180,429 terms 5231 degree 35 LM 13,3,19, pairs 108258

ADD 468 from 231,378 terms 5230 degree 35 LM 12,4,19, pairs 108724

ADD 469 from 185,425 terms 5229 degree 35 LM 11,5,19, pairs 109191

ADD 470 from 257,357 terms 5228 degree 35 LM 10,6,19, pairs 109659

ADD 471 from 192,422 terms 5227 degree 35 LM 9,7,19, pairs 110128

ADD 472 from 0,471 terms 5325 degree 35 LM 12,20,3, pairs 110598

ADD 473 from 257,358 terms 5226 degree 35 LM 4,12,19, pairs 111069

ADD 474 from 0,473 terms 5286 degree 35 LM 3,13,19, pairs 111541
processed 560 size 475

ADD 475 from 186,429 terms 5285 degree 35 LM 2,14,19, pairs 112014

ADD 476 from 199,416 terms 5284 degree 35 LM 1,15,19, pairs 112488

ADD 477 from 228,387 terms 5283 degree 35 LM 0,16,19, pairs 112963

ADD 478 from 231,384 terms 5282 degree 35 LM 13,2,20, pairs 113439

ADD 479 from 186,430 terms 5281 degree 35 LM 12,3,20, pairs 113916

ADD 480 from 199,417 terms 5280 degree 35 LM 11,4,20, pairs 114394

ADD 481 from 231,385 terms 5279 degree 35 LM 10,5,20, pairs 114873

ADD 482 from 194,423 terms 5278 degree 35 LM 9,6,20, pairs 115353

ADD 483 from 202,416 terms 5277 degree 35 LM 8,7,20, pairs 115834

ADD 484 from 0,483 terms 5376 degree 35 LM 10,21,4, pairs 116316

ADD 485 from 187,432 terms 5275 degree 35 LM 4,11,20, pairs 116799

ADD 486 from 0,485 terms 5468 degree 36 LM 12,0,24, pairs 117283

ADD 487 from 195,424 terms 5274 degree 35 LM 3,12,20, pairs 117768

ADD 488 from 208,412 terms 5274 degree 35 LM 2,13,20, pairs 118254

ADD 489 from 234,386 terms 5273 degree 35 LM 1,14,20, pairs 118741

ADD 490 from 187,434 terms 5272 degree 35 LM 0,15,20, pairs 119229

ADD 491 from 208,413 terms 5267 degree 35 LM 13,1,21, pairs 119718

ADD 492 from 192,434 terms 5263 degree 35 LM 12,2,21, pairs 120208

ADD 493 from 192,435 terms 5262 degree 35 LM 11,3,21, pairs 120699

ADD 494 from 203,425 terms 5261 degree 35 LM 10,4,21, pairs 121191
processed 580 size 495

ADD 495 from 194,435 terms 5260 degree 35 LM 9,5,21, pairs 121684

ADD 496 from 202,427 terms 5259 degree 35 LM 8,6,21, pairs 122178

ADD 497 from 234,395 terms 5258 degree 35 LM 7,7,21, pairs 122673

ADD 498 from 0,497 terms 5353 degree 35 LM 7,22,6, pairs 123169

ADD 499 from 260,369 terms 5256 degree 35 LM 4,10,21, pairs 123666

ADD 500 from 0,499 terms 5447 degree 35 LM 17,14,4, pairs 124164

ADD 501 from 202,428 terms 5255 degree 35 LM 3,11,21, pairs 124663

ADD 502 from 234,396 terms 5255 degree 35 LM 2,12,21, pairs 125163

ADD 503 from 260,370 terms 5254 degree 35 LM 1,13,21, pairs 125664

ADD 504 from 194,438 terms 5253 degree 35 LM 12,1,22, pairs 126166

ADD 505 from 204,428 terms 5251 degree 35 LM 11,2,22, pairs 126669

ADD 506 from 236,396 terms 5251 degree 35 LM 10,3,22, pairs 127173

ADD 507 from 195,438 terms 5250 degree 35 LM 9,4,22, pairs 127678

ADD 508 from 195,439 terms 5249 degree 35 LM 8,5,22, pairs 128184

ADD 509 from 207,429 terms 5248 degree 35 LM 7,6,22, pairs 128691

ADD 510 from 290,347 terms 5247 degree 35 LM 6,7,22, pairs 129199

ADD 511 from 0,510 terms 5337 degree 35 LM 5,23,7, pairs 129708

ADD 512 from 0,511 terms 5332 degree 35 LM 4,23,8, pairs 130218

ADD 513 from 0,512 terms 5518 degree 35 LM 14,19,2, pairs 130729

ADD 514 from 290,348 terms 5246 degree 35 LM 4,9,22, pairs 131241
processed 600 size 515

ADD 515 from 0,514 terms 5245 degree 35 LM 3,10,22, pairs 131754

ADD 516 from 228,411 terms 5244 degree 35 LM 2,11,22, pairs 132268

ADD 517 from 211,430 terms 5243 degree 35 LM 11,1,23, pairs 132783

ADD 518 from 203,439 terms 5242 degree 35 LM 10,2,23, pairs 133299

ADD 519 from 263,379 terms 5241 degree 35 LM 9,3,23, pairs 133816

ADD 520 from 212,432 terms 5240 degree 35 LM 8,4,23, pairs 134334

ADD 521 from 204,441 terms 5239 degree 35 LM 7,5,23, pairs 134853

ADD 522 from 204,443 terms 5238 degree 35 LM 6,6,23, pairs 135373

ADD 523 from 263,385 terms 5237 degree 35 LM 5,7,23, pairs 135894

ADD 524 from 0,523 terms 5316 degree 35 LM 3,23,9, pairs 136416

ADD 525 from 236,413 terms 5235 degree 35 LM 4,8,23, pairs 136939

ADD 526 from 0,525 terms 5424 degree 35 LM 17,13,5, pairs 137463

ADD 527 from 263,386 terms 5235 degree 35 LM 3,9,23, pairs 137988

ADD 528 from 216,434 terms 5204 degree 35 LM 11,0,24, pairs 138514

ADD 529 from 207,443 terms 5199 degree 35 LM 10,1,24, pairs 139041

ADD 530 from 207,444 terms 5198 degree 35 LM 9,2,24, pairs 139569

ADD 531 from 304,348 terms 5197 degree 35 LM 8,3,24, pairs 140098

ADD 532 from 304,349 terms 5196 degree 35 LM 7,4,24, pairs 140628

ADD 533 from 218,435 terms 5195 degree 35 LM 6,5,24, pairs 141159

ADD 534 from 211,444 terms 5194 degree 35 LM 5,6,24, pairs 141691
processed 620 size 535

ADD 535 from 277,378 terms 5193 degree 35 LM 10,0,25, pairs 142224

ADD 536 from 211,445 terms 5192 degree 35 LM 9,1,25, pairs 142758

ADD 537 from 257,399 terms 5191 degree 35 LM 8,2,25, pairs 143293

ADD 538 from 277,379 terms 5190 degree 35 LM 7,3,25, pairs 143829

ADD 539 from 212,447 terms 5188 degree 35 LM 6,4,25, pairs 144366

ADD 540 from 221,438 terms 5188 degree 35 LM 9,0,26, pairs 144904

ADD 541 from 212,449 terms 5187 degree 35 LM 8,1,26, pairs 145443

ADD 542 from 264,397 terms 5186 degree 35 LM 7,2,26, pairs 145983

ADD 543 from 260,402 terms 5185 degree 35 LM 8,0,27, pairs 146524

ADD 544 from 318,347 terms 5150 degree 34 LM 14,17,3, pairs 147066

ADD 545 from 381,544 terms 5147 degree 34 LM 13,18,3, pairs 147609

ADD 546 from 388,545 terms 5147 degree 34 LM 12,19,3, pairs 148153

ADD 547 from 391,546 terms 5144 degree 34 LM 16,14,4, pairs 148698

ADD 548 from 419,544 terms 5224 degree 35 LM 1,24,10, pairs 149244

ADD 549 from 419,545 terms 5336 degree 35 LM 17,12,6, pairs 149791

ADD 550 from 431,545 terms 5198 degree 35 LM 0,24,11, pairs 150339

ADD 551 from 431,546 terms 5335 degree 35 LM 17,11,7, pairs 150888

ADD 552 from 442,547 terms 5190 degree 34 LM 15,16,3, pairs 151438

ADD 553 from 401,552 terms 5142 degree 34 LM 15,15,4, pairs 151989

ADD 554 from 377,553 terms 5140 degree 34 LM 14,16,4, pairs 152541
processed 640 size 555

ADD 555 from 347,554 terms 5140 degree 34 LM 13,17,4, pairs 153094

ADD 556 from 348,555 terms 5139 degree 34 LM 12,18,4, pairs 153648

ADD 557 from 349,556 terms 5138 degree 34 LM 11,19,4, pairs 154203

ADD 558 from 350,557 terms 5137 degree 34 LM 10,20,4, pairs 154759

ADD 559 from 381,554 terms 5206 degree 34 LM 13,19,2, pairs 155316

ADD 560 from 381,555 terms 5367 degree 35 LM 17,7,11, pairs 155874

ADD 561 from 388,555 terms 5177 degree 34 LM 16,13,5, pairs 156433

ADD 562 from 351,561 terms 5176 degree 34 LM 15,14,5, pairs 156993

ADD 563 from 352,562 terms 5175 degree 34 LM 14,15,5, pairs 157554

ADD 564 from 347,563 terms 5263 degree 35 LM 8,22,5, pairs 158116

ADD 565 from 353,563 terms 5173 degree 34 LM 13,16,5, pairs 158679

ADD 566 from 347,565 terms 5367 degree 35 LM 17,6,12, pairs 159243

ADD 567 from 348,565 terms 5199 degree 34 LM 11,20,3, pairs 159808

ADD 568 from 354,565 terms 5172 degree 34 LM 12,17,5, pairs 160374

ADD 569 from 348,568 terms 5365 degree 35 LM 17,5,13, pairs 160941

ADD 570 from 349,568 terms 5172 degree 34 LM 11,18,5, pairs 161509

ADD 571 from 349,570 terms 5362 degree 35 LM 17,4,14, pairs 162078

ADD 572 from 350,570 terms 5252 degree 35 LM 6,23,6, pairs 162648

ADD 573 from 355,568 terms 5171 degree 34 LM 10,19,5, pairs 163219

ADD 574 from 350,573 terms 5360 degree 35 LM 17,3,15, pairs 163791
processed 660 size 575

ADD 575 from 356,570 terms 5170 degree 34 LM 9,20,5, pairs 164364

ADD 576 from 357,573 terms 5169 degree 34 LM 8,21,5, pairs 164938

ADD 577 from 358,575 terms 5164 degree 34 LM 16,12,6, pairs 165513

ADD 578 from 351,577 terms 5190 degree 34 LM 9,21,4, pairs 166089

ADD 579 from 361,577 terms 5163 degree 34 LM 15,13,6, pairs 166666

ADD 580 from 351,579 terms 5216 degree 34 LM 14,18,2, pairs 167244

ADD 581 from 352,579 terms 5161 degree 34 LM 14,14,6, pairs 167823

ADD 582 from 352,581 terms 5212 degree 34 LM 16,15,3, pairs 168403

ADD 583 from 353,581 terms 5240 degree 35 LM 2,24,9, pairs 168984

ADD 584 from 377,562 terms 5161 degree 34 LM 13,15,6, pairs 169566

ADD 585 from 353,584 terms 5207 degree 34 LM 12,16,6, pairs 170149

ADD 586 from 354,584 terms 5273 degree 34 LM 7,22,5, pairs 170733

ADD 587 from 354,585 terms 5411 degree 35 LM 16,2,17, pairs 171318

ADD 588 from 377,563 terms 5206 degree 34 LM 11,17,6, pairs 171904

ADD 589 from 355,585 terms 5277 degree 34 LM 15,17,2, pairs 172491

ADD 590 from 362,579 terms 5205 degree 34 LM 10,18,6, pairs 173079

ADD 591 from 355,588 terms 5455 degree 35 LM 14,1,20, pairs 173668

ADD 592 from 363,581 terms 5204 degree 34 LM 9,19,6, pairs 174258

ADD 593 from 356,588 terms 5274 degree 34 LM 10,21,3, pairs 174849

ADD 594 from 388,556 terms 5203 degree 34 LM 8,20,6, pairs 175441
processed 680 size 595

ADD 595 from 356,590 terms 5202 degree 34 LM 7,21,6, pairs 176034

ADD 596 from 357,590 terms 5201 degree 34 LM 6,22,6, pairs 176628

ADD 597 from 391,556 terms 5196 degree 34 LM 16,11,7, pairs 177223

ADD 598 from 0,597 terms 5195 degree 34 LM 15,12,7, pairs 177819

ADD 599 from 0,598 terms 5194 degree 34 LM 14,13,7, pairs 178416

ADD 600 from 0,599 terms 5193 degree 34 LM 13,14,7, pairs 179014
BUDGET STOP
