PASS_ROOT_GATE 5 2065
PASS_ROOT_GATE 4 305
PASS_EXACT_QUINTIC_MINORS_AND_PENCILS
PASS_EXACT_QUARTIC_MINORS_AND_PENCILS
PASS_WEIGHTED_SOURCE_BUDGET_31
PASS_NEW_MU29_MU23_SOURCE_BUDGET31 14.557
	Command being timed: "python -B /mnt/data/B699-ProA-i9-mu29-20260918-84d2c9e1/code/reproduce.py --out /mnt/data/B699-ProA-i9-mu29-20260918-84d2c9e1/verification/acceptance-01"
	User time (seconds): 15.75
	System time (seconds): 0.12
	Percent of CPU this job got: 102%
	Elapsed (wall clock) time (h:mm:ss or m:ss): 0:15.44
	Average shared text size (kbytes): 0
	Average unshared data size (kbytes): 0
	Average stack size (kbytes): 0
	Average total size (kbytes): 0
	Maximum resident set size (kbytes): 107952
	Average resident set size (kbytes): 0
	Major (requiring I/O) page faults: 0
	Minor (reclaiming a frame) page faults: 28715
	Voluntary context switches: 16
	Involuntary context switches: 90
	Swaps: 0
	File system inputs: 0
	File system outputs: 408
	Socket messages sent: 0
	Socket messages received: 0
	Signals delivered: 0
	Page size (bytes): 4096
	Exit status: 0
