exact closure files: 18
research/tasks/B686-Four/runs/20260908-formalization-92c221/lean/canonical/vendor/sliced/Erdos686CanonicalPadicSlice.lean
research/tasks/B686-Four/runs/20260908-formalization-92c221/lean/canonical/vendor/sliced/Erdos686CanonicalOwnerCleaning.lean
research/tasks/B686-Four/runs/20260908-formalization-92c221/lean/canonical/vendor/sliced/Erdos686CanonicalOwnerMatrix.lean
research/tasks/B686-Four/runs/20260908-formalization-92c221/lean/canonical/vendor/sliced/CanonicalOwnerDensityInterface.lean
research/tasks/B686-Four/runs/20260908-formalization-92c221/lean/canonical/vendor/sliced/CanonicalOwnerMatrixAdapter.lean
research/tasks/B686-Four/runs/20260908-formalization-92c221/lean/canonical/Provider.lean
research/tasks/B686-Four/runs/20260908-formalization-92c221/lean/canonical/density/SystemBounds.lean
research/tasks/B686-Four/runs/20260908-formalization-92c221/lean/canonical/density/Growth.lean
research/tasks/B686-Four/runs/20260908-formalization-92c221/lean/centered/CatalanConstruction.lean
research/tasks/B686-Four/runs/20260908-formalization-92c221/lean/centered/RootPolynomial.lean
research/tasks/B686-Four/runs/20260908-formalization-92c221/lean/centered/ErrorPolynomial.lean
research/tasks/B686-Four/runs/20260908-formalization-92c221/lean/centered/CoefficientBounds.lean
research/tasks/B686-Four/lean/Round3TwoScaleGap.lean
research/tasks/B686-Four/runs/20260908-formalization-92c221/lean/centered/CenteredRunge.lean
research/tasks/B686-Four/runs/20260908-formalization-92c221/lean/centered/WeightedEstimates.lean
research/tasks/B686-Four/runs/20260908-formalization-92c221/lean/centered/NumericalControl.lean
research/tasks/B686-Four/runs/20260908-formalization-92c221/lean/centered/Consumer.lean
research/tasks/B686-Four/runs/20260908-formalization-92c221/lean/canonical/density/Consumer.lean

Source policy passed for exact closure.
