# command: LEAN -j1 -M2048 -DautoImplicit=false -DrelaxedAutoImplicit=false --root=PROJECT_ROOT -o .tools/20260911-low-index-lean-513dc7cc/20260911T024735560160Z/olean/research/tasks/B699-Binomial/runs/20260911-low-index-lean-513dc7cc/lean/rows/Row061B64/Original.olean research/tasks/B699-Binomial/runs/20260911-low-index-lean-513dc7cc/lean/rows/Row061B64/Original.lean
# cwd: PROJECT_ROOT
# started_utc: 2026-09-11T02:48:35.424763Z
# finished_utc: 2026-09-11T02:49:05.363357Z
# exit_code: 0
# timed_out: False
'B699LowIndex.LowIndexLean513dc7cc.row061_layer003_pairs000' does not depend on any axioms
'B699LowIndex.LowIndexLean513dc7cc.row061_layer003_pairs001' does not depend on any axioms
'B699LowIndex.LowIndexLean513dc7cc.row061_layer003_pairs002' does not depend on any axioms
'B699LowIndex.LowIndexLean513dc7cc.row061_layer003_pairs003' does not depend on any axioms
'B699LowIndex.LowIndexLean513dc7cc.row061_layer003_pairs004' does not depend on any axioms
'B699LowIndex.LowIndexLean513dc7cc.row061_layer003_pairs005' does not depend on any axioms
'B699LowIndex.LowIndexLean513dc7cc.row061_layer003_pairs006' does not depend on any axioms
'B699LowIndex.LowIndexLean513dc7cc.row061_layer003_chunks_eq' does not depend on any axioms
'B699LowIndex.LowIndexLean513dc7cc.row061_layer003_pairs' depends on axioms: [propext, Quot.sound]
'B699LowIndex.LowIndexLean513dc7cc.row061_layer003_checked' depends on axioms: [propext, Classical.choice, Quot.sound]
'B699LowIndex.LowIndexLean513dc7cc.row061_layer000_checked' depends on axioms: [propext, Classical.choice, Quot.sound]
'B699LowIndex.LowIndexLean513dc7cc.row061_layer001_checked' depends on axioms: [propext, Classical.choice, Quot.sound]
'B699LowIndex.LowIndexLean513dc7cc.row061_layer002_checked' depends on axioms: [propext, Classical.choice, Quot.sound]
'B699LowIndex.LowIndexLean513dc7cc.row061_layer003_checked' depends on axioms: [propext, Classical.choice, Quot.sound]
'B699LowIndex.LowIndexLean513dc7cc.row061_layer004_intervals' does not depend on any axioms
'B699LowIndex.LowIndexLean513dc7cc.row061_layer004_arithmetic' depends on axioms: [propext,
 Classical.choice,
 Quot.sound]
'B699LowIndex.LowIndexLean513dc7cc.row061_layer004_enumeration' depends on axioms: [propext,
 Classical.choice,
 Quot.sound]
'B699LowIndex.LowIndexLean513dc7cc.row061_layer004_pairs000' does not depend on any axioms
'B699LowIndex.LowIndexLean513dc7cc.row061_layer004_pairs001' does not depend on any axioms
'B699LowIndex.LowIndexLean513dc7cc.row061_layer004_pairs002' does not depend on any axioms
'B699LowIndex.LowIndexLean513dc7cc.row061_layer004_pairs003' does not depend on any axioms
'B699LowIndex.LowIndexLean513dc7cc.row061_layer004_pairs004' does not depend on any axioms
'B699LowIndex.LowIndexLean513dc7cc.row061_layer004_chunks_eq' does not depend on any axioms
'B699LowIndex.LowIndexLean513dc7cc.row061_layer004_pairs' depends on axioms: [propext, Quot.sound]
'B699LowIndex.LowIndexLean513dc7cc.row061_layer004_checked' depends on axioms: [propext, Classical.choice, Quot.sound]
'B699LowIndex.LowIndexLean513dc7cc.row061_layer005_intervals' does not depend on any axioms
'B699LowIndex.LowIndexLean513dc7cc.row061_layer005_arithmetic' depends on axioms: [propext,
 Classical.choice,
 Quot.sound]
'B699LowIndex.LowIndexLean513dc7cc.row061_layer005_enumeration' depends on axioms: [propext,
 Classical.choice,
 Quot.sound]
'B699LowIndex.LowIndexLean513dc7cc.row061_layer005_pairs000' does not depend on any axioms
'B699LowIndex.LowIndexLean513dc7cc.row061_layer005_pairs001' does not depend on any axioms
'B699LowIndex.LowIndexLean513dc7cc.row061_layer005_pairs002' does not depend on any axioms
'B699LowIndex.LowIndexLean513dc7cc.row061_layer005_pairs003' does not depend on any axioms
'B699LowIndex.LowIndexLean513dc7cc.row061_layer005_pairs004' does not depend on any axioms
'B699LowIndex.LowIndexLean513dc7cc.row061_layer005_chunks_eq' does not depend on any axioms
'B699LowIndex.LowIndexLean513dc7cc.row061_layer005_pairs' depends on axioms: [propext, Quot.sound]
'B699LowIndex.LowIndexLean513dc7cc.row061_layer005_checked' depends on axioms: [propext, Classical.choice, Quot.sound]
'B699LowIndex.LowIndexLean513dc7cc.row061_layer006_intervals' does not depend on any axioms
'B699LowIndex.LowIndexLean513dc7cc.row061_layer006_arithmetic' depends on axioms: [propext,
 Classical.choice,
 Quot.sound]
'B699LowIndex.LowIndexLean513dc7cc.row061_layer006_enumeration' depends on axioms: [propext,
 Classical.choice,
 Quot.sound]
'B699LowIndex.LowIndexLean513dc7cc.row061_layer006_pairs000' does not depend on any axioms
'B699LowIndex.LowIndexLean513dc7cc.row061_layer006_pairs001' does not depend on any axioms
'B699LowIndex.LowIndexLean513dc7cc.row061_layer006_pairs002' does not depend on any axioms
'B699LowIndex.LowIndexLean513dc7cc.row061_layer006_pairs003' does not depend on any axioms
'B699LowIndex.LowIndexLean513dc7cc.row061_layer006_pairs004' does not depend on any axioms
'B699LowIndex.LowIndexLean513dc7cc.row061_layer006_chunks_eq' does not depend on any axioms
'B699LowIndex.LowIndexLean513dc7cc.row061_layer006_pairs' depends on axioms: [propext, Quot.sound]
'B699LowIndex.LowIndexLean513dc7cc.row061_layer006_checked' depends on axioms: [propext, Classical.choice, Quot.sound]
'B699LowIndex.LowIndexLean513dc7cc.row061_layer007_intervals' does not depend on any axioms
'B699LowIndex.LowIndexLean513dc7cc.row061_layer007_arithmetic' depends on axioms: [propext,
 Classical.choice,
 Quot.sound]
'B699LowIndex.LowIndexLean513dc7cc.row061_layer007_enumeration' depends on axioms: [propext,
 Classical.choice,
 Quot.sound]
'B699LowIndex.LowIndexLean513dc7cc.row061_layer007_pairs000' does not depend on any axioms
'B699LowIndex.LowIndexLean513dc7cc.row061_layer007_pairs001' does not depend on any axioms
'B699LowIndex.LowIndexLean513dc7cc.row061_layer007_pairs002' does not depend on any axioms
'B699LowIndex.LowIndexLean513dc7cc.row061_layer007_pairs003' does not depend on any axioms
'B699LowIndex.LowIndexLean513dc7cc.row061_layer007_pairs004' does not depend on any axioms
'B699LowIndex.LowIndexLean513dc7cc.row061_layer007_chunks_eq' does not depend on any axioms
'B699LowIndex.LowIndexLean513dc7cc.row061_layer007_pairs' depends on axioms: [propext, Quot.sound]
'B699LowIndex.LowIndexLean513dc7cc.row061_layer007_checked' depends on axioms: [propext, Classical.choice, Quot.sound]
'B699LowIndex.LowIndexLean513dc7cc.row061_layer004_checked' depends on axioms: [propext, Classical.choice, Quot.sound]
'B699LowIndex.LowIndexLean513dc7cc.row061_layer005_checked' depends on axioms: [propext, Classical.choice, Quot.sound]
'B699LowIndex.LowIndexLean513dc7cc.row061_layer006_checked' depends on axioms: [propext, Classical.choice, Quot.sound]
'B699LowIndex.LowIndexLean513dc7cc.row061_layer007_checked' depends on axioms: [propext, Classical.choice, Quot.sound]
'B699LowIndex.LowIndexLean513dc7cc.row061_layer008_checked' depends on axioms: [propext, Classical.choice, Quot.sound]
'B699LowIndex.LowIndexLean513dc7cc.row061_layer009_checked' depends on axioms: [propext, Classical.choice, Quot.sound]
'B699LowIndex.LowIndexLean513dc7cc.row061_layer010_checked' depends on axioms: [propext, Classical.choice, Quot.sound]
'B699LowIndex.LowIndexLean513dc7cc.row061_layer011_checked' depends on axioms: [propext, Classical.choice, Quot.sound]
'B699LowIndex.LowIndexLean513dc7cc.row061_layer012_checked' depends on axioms: [propext, Classical.choice, Quot.sound]
'B699LowIndex.LowIndexLean513dc7cc.row061_layer013_checked' depends on axioms: [propext, Classical.choice, Quot.sound]
'B699LowIndex.LowIndexLean513dc7cc.row061_layer014_checked' depends on axioms: [propext, Classical.choice, Quot.sound]
'B699LowIndex.LowIndexLean513dc7cc.row061_layer015_checked' depends on axioms: [propext, Classical.choice, Quot.sound]
'B699LowIndex.LowIndexLean513dc7cc.row061_layer016_checked' depends on axioms: [propext, Classical.choice, Quot.sound]
'B699LowIndex.LowIndexLean513dc7cc.row061_layer017_checked' depends on axioms: [propext, Classical.choice, Quot.sound]
'B699LowIndex.LowIndexLean513dc7cc.row061_layer018_checked' depends on axioms: [propext, Classical.choice, Quot.sound]
'B699LowIndex.LowIndexLean513dc7cc.row061_layer019_checked' depends on axioms: [propext, Classical.choice, Quot.sound]
'B699LowIndex.LowIndexLean513dc7cc.row061_layer020_checked' depends on axioms: [propext, Classical.choice, Quot.sound]
'B699LowIndex.LowIndexLean513dc7cc.row061_layer021_checked' depends on axioms: [propext, Classical.choice, Quot.sound]
'B699LowIndex.LowIndexLean513dc7cc.row061_layer022_checked' depends on axioms: [propext, Classical.choice, Quot.sound]
'B699LowIndex.LowIndexLean513dc7cc.row061_layer023_checked' depends on axioms: [propext, Classical.choice, Quot.sound]
'B699LowIndex.LowIndexLean513dc7cc.row061_layer024_checked' depends on axioms: [propext, Classical.choice, Quot.sound]
'B699LowIndex.LowIndexLean513dc7cc.row061_layer025_checked' depends on axioms: [propext, Classical.choice, Quot.sound]
'B699LowIndex.LowIndexLean513dc7cc.row061_layer026_checked' depends on axioms: [propext, Classical.choice, Quot.sound]
'B699LowIndex.LowIndexLean513dc7cc.row061_layer027_checked' depends on axioms: [propext, Classical.choice, Quot.sound]
'B699LowIndex.LowIndexLean513dc7cc.row061_layer028_checked' depends on axioms: [propext, Classical.choice, Quot.sound]
'B699LowIndex.LowIndexLean513dc7cc.row061_layers_checked' depends on axioms: [propext, Classical.choice, Quot.sound]
'B699LowIndex.LowIndexLean513dc7cc.row061_checked' depends on axioms: [propext, Classical.choice, Quot.sound]
'B699LowIndex.LowIndexLean513dc7cc.common_i061' depends on axioms: [propext, Classical.choice, Quot.sound]
