# command: LEAN -j1 -M1536 -DautoImplicit=false -DrelaxedAutoImplicit=false --root=PROJECT_ROOT -o .tools/20260911-low-index-lean-513dc7cc/20260911T034632667502Z/olean/research/tasks/B699-Binomial/runs/20260911-low-index-lean-513dc7cc/lean/rows/Row073B32/Block003.olean research/tasks/B699-Binomial/runs/20260911-low-index-lean-513dc7cc/lean/rows/Row073B32/Block003.lean
# cwd: PROJECT_ROOT
# started_utc: 2026-09-11T03:48:04.838958Z
# finished_utc: 2026-09-11T03:48:27.739830Z
# exit_code: 0
# timed_out: False
'B699LowIndex.LowIndexLean513dc7cc.row073_layer005_arithmetic' depends on axioms: [propext,
 Classical.choice,
 Quot.sound]
'B699LowIndex.LowIndexLean513dc7cc.row073_layer005_enumeration' depends on axioms: [propext,
 Classical.choice,
 Quot.sound]
'B699LowIndex.LowIndexLean513dc7cc.row073_layer005_pairs000' does not depend on any axioms
'B699LowIndex.LowIndexLean513dc7cc.row073_layer005_pairs001' does not depend on any axioms
'B699LowIndex.LowIndexLean513dc7cc.row073_layer005_pairs002' does not depend on any axioms
'B699LowIndex.LowIndexLean513dc7cc.row073_layer005_pairs003' does not depend on any axioms
'B699LowIndex.LowIndexLean513dc7cc.row073_layer005_pairs004' does not depend on any axioms
'B699LowIndex.LowIndexLean513dc7cc.row073_layer005_chunks_eq' does not depend on any axioms
'B699LowIndex.LowIndexLean513dc7cc.row073_layer005_pairs' depends on axioms: [propext, Quot.sound]
'B699LowIndex.LowIndexLean513dc7cc.row073_layer005_checked' depends on axioms: [propext, Classical.choice, Quot.sound]
'B699LowIndex.LowIndexLean513dc7cc.row073_layer006_intervals' does not depend on any axioms
'B699LowIndex.LowIndexLean513dc7cc.row073_layer006_arithmetic' depends on axioms: [propext,
 Classical.choice,
 Quot.sound]
'B699LowIndex.LowIndexLean513dc7cc.row073_layer006_enumeration' depends on axioms: [propext,
 Classical.choice,
 Quot.sound]
'B699LowIndex.LowIndexLean513dc7cc.row073_layer006_pairs000' does not depend on any axioms
'B699LowIndex.LowIndexLean513dc7cc.row073_layer006_pairs001' does not depend on any axioms
'B699LowIndex.LowIndexLean513dc7cc.row073_layer006_pairs002' does not depend on any axioms
'B699LowIndex.LowIndexLean513dc7cc.row073_layer006_pairs003' does not depend on any axioms
'B699LowIndex.LowIndexLean513dc7cc.row073_layer006_pairs004' does not depend on any axioms
'B699LowIndex.LowIndexLean513dc7cc.row073_layer006_chunks_eq' does not depend on any axioms
'B699LowIndex.LowIndexLean513dc7cc.row073_layer006_pairs' depends on axioms: [propext, Quot.sound]
'B699LowIndex.LowIndexLean513dc7cc.row073_layer006_checked' depends on axioms: [propext, Classical.choice, Quot.sound]
'B699LowIndex.LowIndexLean513dc7cc.row073_layer007_intervals' does not depend on any axioms
'B699LowIndex.LowIndexLean513dc7cc.row073_layer007_arithmetic' depends on axioms: [propext,
 Classical.choice,
 Quot.sound]
'B699LowIndex.LowIndexLean513dc7cc.row073_layer007_enumeration' depends on axioms: [propext,
 Classical.choice,
 Quot.sound]
'B699LowIndex.LowIndexLean513dc7cc.row073_layer007_pairs000' does not depend on any axioms
'B699LowIndex.LowIndexLean513dc7cc.row073_layer007_pairs001' does not depend on any axioms
'B699LowIndex.LowIndexLean513dc7cc.row073_layer007_pairs002' does not depend on any axioms
'B699LowIndex.LowIndexLean513dc7cc.row073_layer007_pairs003' does not depend on any axioms
'B699LowIndex.LowIndexLean513dc7cc.row073_layer007_pairs004' does not depend on any axioms
'B699LowIndex.LowIndexLean513dc7cc.row073_layer007_chunks_eq' does not depend on any axioms
'B699LowIndex.LowIndexLean513dc7cc.row073_layer007_pairs' depends on axioms: [propext, Quot.sound]
'B699LowIndex.LowIndexLean513dc7cc.row073_layer007_checked' depends on axioms: [propext, Classical.choice, Quot.sound]
'B699LowIndex.LowIndexLean513dc7cc.row073_layer004_checked' depends on axioms: [propext, Classical.choice, Quot.sound]
'B699LowIndex.LowIndexLean513dc7cc.row073_layer005_checked' depends on axioms: [propext, Classical.choice, Quot.sound]
'B699LowIndex.LowIndexLean513dc7cc.row073_layer006_checked' depends on axioms: [propext, Classical.choice, Quot.sound]
'B699LowIndex.LowIndexLean513dc7cc.row073_layer007_checked' depends on axioms: [propext, Classical.choice, Quot.sound]
'B699LowIndex.LowIndexLean513dc7cc.row073_layer008_checked' depends on axioms: [propext, Classical.choice, Quot.sound]
'B699LowIndex.LowIndexLean513dc7cc.row073_layer009_checked' depends on axioms: [propext, Classical.choice, Quot.sound]
'B699LowIndex.LowIndexLean513dc7cc.row073_layer010_checked' depends on axioms: [propext, Classical.choice, Quot.sound]
'B699LowIndex.LowIndexLean513dc7cc.row073_layer011_checked' depends on axioms: [propext, Classical.choice, Quot.sound]
'B699LowIndex.LowIndexLean513dc7cc.row073_layer012_checked' depends on axioms: [propext, Classical.choice, Quot.sound]
'B699LowIndex.LowIndexLean513dc7cc.row073_layer013_checked' depends on axioms: [propext, Classical.choice, Quot.sound]
'B699LowIndex.LowIndexLean513dc7cc.row073_layer014_checked' depends on axioms: [propext, Classical.choice, Quot.sound]
'B699LowIndex.LowIndexLean513dc7cc.row073_layer015_checked' depends on axioms: [propext, Classical.choice, Quot.sound]
