research/tasks/B699-Binomial/runs/20260911-smooth-window-lean-894d6b50/lean/WindowPrimary.lean:45:47: warning: Unused tactic linter: `omega` does nothing

Note: This linter can be disabled with `set_option linter.unusedTactic false`
research/tasks/B699-Binomial/runs/20260911-smooth-window-lean-894d6b50/lean/WindowPrimary.lean:53:47: warning: Unused tactic linter: `omega` does nothing

Note: This linter can be disabled with `set_option linter.unusedTactic false`
research/tasks/B699-Binomial/runs/20260911-smooth-window-lean-894d6b50/lean/WindowPrimary.lean:63:47: warning: Unused tactic linter: `omega` does nothing

Note: This linter can be disabled with `set_option linter.unusedTactic false`
research/tasks/B699-Binomial/runs/20260911-smooth-window-lean-894d6b50/lean/WindowPrimary.lean:67:47: warning: Unused tactic linter: `omega` does nothing

Note: This linter can be disabled with `set_option linter.unusedTactic false`
research/tasks/B699-Binomial/runs/20260911-smooth-window-lean-894d6b50/lean/WindowPrimary.lean:85:47: warning: Unused tactic linter: `omega` does nothing

Note: This linter can be disabled with `set_option linter.unusedTactic false`
research/tasks/B699-Binomial/runs/20260911-smooth-window-lean-894d6b50/lean/WindowPrimary.lean:89:47: warning: Unused tactic linter: `omega` does nothing

Note: This linter can be disabled with `set_option linter.unusedTactic false`
research/tasks/B699-Binomial/runs/20260911-smooth-window-lean-894d6b50/lean/WindowPrimary.lean:99:47: warning: Unused tactic linter: `omega` does nothing

Note: This linter can be disabled with `set_option linter.unusedTactic false`
research/tasks/B699-Binomial/runs/20260911-smooth-window-lean-894d6b50/lean/WindowPrimary.lean:107:47: warning: Unused tactic linter: `omega` does nothing

Note: This linter can be disabled with `set_option linter.unusedTactic false`
research/tasks/B699-Binomial/runs/20260911-smooth-window-lean-894d6b50/lean/WindowPrimary.lean:45:47: warning: this tactic is never executed

Note: This linter can be disabled with `set_option linter.unreachableTactic false`
research/tasks/B699-Binomial/runs/20260911-smooth-window-lean-894d6b50/lean/WindowPrimary.lean:53:47: warning: this tactic is never executed

Note: This linter can be disabled with `set_option linter.unreachableTactic false`
research/tasks/B699-Binomial/runs/20260911-smooth-window-lean-894d6b50/lean/WindowPrimary.lean:63:47: warning: this tactic is never executed

Note: This linter can be disabled with `set_option linter.unreachableTactic false`
research/tasks/B699-Binomial/runs/20260911-smooth-window-lean-894d6b50/lean/WindowPrimary.lean:67:47: warning: this tactic is never executed

Note: This linter can be disabled with `set_option linter.unreachableTactic false`
research/tasks/B699-Binomial/runs/20260911-smooth-window-lean-894d6b50/lean/WindowPrimary.lean:85:47: warning: this tactic is never executed

Note: This linter can be disabled with `set_option linter.unreachableTactic false`
research/tasks/B699-Binomial/runs/20260911-smooth-window-lean-894d6b50/lean/WindowPrimary.lean:89:47: warning: this tactic is never executed

Note: This linter can be disabled with `set_option linter.unreachableTactic false`
research/tasks/B699-Binomial/runs/20260911-smooth-window-lean-894d6b50/lean/WindowPrimary.lean:99:47: warning: this tactic is never executed

Note: This linter can be disabled with `set_option linter.unreachableTactic false`
research/tasks/B699-Binomial/runs/20260911-smooth-window-lean-894d6b50/lean/WindowPrimary.lean:107:47: warning: this tactic is never executed

Note: This linter can be disabled with `set_option linter.unreachableTactic false`
research/tasks/B699-Binomial/runs/20260911-smooth-window-lean-894d6b50/lean/WindowPrimary.lean:46:43: warning: Used `tac1 <;> tac2` where `(tac1; tac2)` would suffice

Note: This linter can be disabled with `set_option linter.unnecessarySeqFocus false`
research/tasks/B699-Binomial/runs/20260911-smooth-window-lean-894d6b50/lean/WindowPrimary.lean:49:43: warning: Used `tac1 <;> tac2` where `(tac1; tac2)` would suffice

Note: This linter can be disabled with `set_option linter.unnecessarySeqFocus false`
research/tasks/B699-Binomial/runs/20260911-smooth-window-lean-894d6b50/lean/WindowPrimary.lean:50:43: warning: Used `tac1 <;> tac2` where `(tac1; tac2)` would suffice

Note: This linter can be disabled with `set_option linter.unnecessarySeqFocus false`
research/tasks/B699-Binomial/runs/20260911-smooth-window-lean-894d6b50/lean/WindowPrimary.lean:54:43: warning: Used `tac1 <;> tac2` where `(tac1; tac2)` would suffice

Note: This linter can be disabled with `set_option linter.unnecessarySeqFocus false`
research/tasks/B699-Binomial/runs/20260911-smooth-window-lean-894d6b50/lean/WindowPrimary.lean:64:43: warning: Used `tac1 <;> tac2` where `(tac1; tac2)` would suffice

Note: This linter can be disabled with `set_option linter.unnecessarySeqFocus false`
research/tasks/B699-Binomial/runs/20260911-smooth-window-lean-894d6b50/lean/WindowPrimary.lean:68:43: warning: Used `tac1 <;> tac2` where `(tac1; tac2)` would suffice

Note: This linter can be disabled with `set_option linter.unnecessarySeqFocus false`
research/tasks/B699-Binomial/runs/20260911-smooth-window-lean-894d6b50/lean/WindowPrimary.lean:71:43: warning: Used `tac1 <;> tac2` where `(tac1; tac2)` would suffice

Note: This linter can be disabled with `set_option linter.unnecessarySeqFocus false`
research/tasks/B699-Binomial/runs/20260911-smooth-window-lean-894d6b50/lean/WindowPrimary.lean:72:43: warning: Used `tac1 <;> tac2` where `(tac1; tac2)` would suffice

Note: This linter can be disabled with `set_option linter.unnecessarySeqFocus false`
research/tasks/B699-Binomial/runs/20260911-smooth-window-lean-894d6b50/lean/WindowPrimary.lean:81:43: warning: Used `tac1 <;> tac2` where `(tac1; tac2)` would suffice

Note: This linter can be disabled with `set_option linter.unnecessarySeqFocus false`
research/tasks/B699-Binomial/runs/20260911-smooth-window-lean-894d6b50/lean/WindowPrimary.lean:82:43: warning: Used `tac1 <;> tac2` where `(tac1; tac2)` would suffice

Note: This linter can be disabled with `set_option linter.unnecessarySeqFocus false`
research/tasks/B699-Binomial/runs/20260911-smooth-window-lean-894d6b50/lean/WindowPrimary.lean:86:43: warning: Used `tac1 <;> tac2` where `(tac1; tac2)` would suffice

Note: This linter can be disabled with `set_option linter.unnecessarySeqFocus false`
research/tasks/B699-Binomial/runs/20260911-smooth-window-lean-894d6b50/lean/WindowPrimary.lean:90:43: warning: Used `tac1 <;> tac2` where `(tac1; tac2)` would suffice

Note: This linter can be disabled with `set_option linter.unnecessarySeqFocus false`
research/tasks/B699-Binomial/runs/20260911-smooth-window-lean-894d6b50/lean/WindowPrimary.lean:100:43: warning: Used `tac1 <;> tac2` where `(tac1; tac2)` would suffice

Note: This linter can be disabled with `set_option linter.unnecessarySeqFocus false`
research/tasks/B699-Binomial/runs/20260911-smooth-window-lean-894d6b50/lean/WindowPrimary.lean:103:43: warning: Used `tac1 <;> tac2` where `(tac1; tac2)` would suffice

Note: This linter can be disabled with `set_option linter.unnecessarySeqFocus false`
research/tasks/B699-Binomial/runs/20260911-smooth-window-lean-894d6b50/lean/WindowPrimary.lean:104:43: warning: Used `tac1 <;> tac2` where `(tac1; tac2)` would suffice

Note: This linter can be disabled with `set_option linter.unnecessarySeqFocus false`
research/tasks/B699-Binomial/runs/20260911-smooth-window-lean-894d6b50/lean/WindowPrimary.lean:108:43: warning: Used `tac1 <;> tac2` where `(tac1; tac2)` would suffice

Note: This linter can be disabled with `set_option linter.unnecessarySeqFocus false`
research/tasks/B699-Binomial/runs/20260911-smooth-window-lean-894d6b50/lean/WindowPrimary.lean:127:47: warning: Unused tactic linter: `omega` does nothing

Note: This linter can be disabled with `set_option linter.unusedTactic false`
research/tasks/B699-Binomial/runs/20260911-smooth-window-lean-894d6b50/lean/WindowPrimary.lean:131:47: warning: Unused tactic linter: `omega` does nothing

Note: This linter can be disabled with `set_option linter.unusedTactic false`
research/tasks/B699-Binomial/runs/20260911-smooth-window-lean-894d6b50/lean/WindowPrimary.lean:143:47: warning: Unused tactic linter: `omega` does nothing

Note: This linter can be disabled with `set_option linter.unusedTactic false`
research/tasks/B699-Binomial/runs/20260911-smooth-window-lean-894d6b50/lean/WindowPrimary.lean:147:47: warning: Unused tactic linter: `omega` does nothing

Note: This linter can be disabled with `set_option linter.unusedTactic false`
research/tasks/B699-Binomial/runs/20260911-smooth-window-lean-894d6b50/lean/WindowPrimary.lean:151:47: warning: Unused tactic linter: `omega` does nothing

Note: This linter can be disabled with `set_option linter.unusedTactic false`
research/tasks/B699-Binomial/runs/20260911-smooth-window-lean-894d6b50/lean/WindowPrimary.lean:159:47: warning: Unused tactic linter: `omega` does nothing

Note: This linter can be disabled with `set_option linter.unusedTactic false`
research/tasks/B699-Binomial/runs/20260911-smooth-window-lean-894d6b50/lean/WindowPrimary.lean:163:47: warning: Unused tactic linter: `omega` does nothing

Note: This linter can be disabled with `set_option linter.unusedTactic false`
research/tasks/B699-Binomial/runs/20260911-smooth-window-lean-894d6b50/lean/WindowPrimary.lean:167:47: warning: Unused tactic linter: `omega` does nothing

Note: This linter can be disabled with `set_option linter.unusedTactic false`
research/tasks/B699-Binomial/runs/20260911-smooth-window-lean-894d6b50/lean/WindowPrimary.lean:179:47: warning: Unused tactic linter: `omega` does nothing

Note: This linter can be disabled with `set_option linter.unusedTactic false`
research/tasks/B699-Binomial/runs/20260911-smooth-window-lean-894d6b50/lean/WindowPrimary.lean:183:47: warning: Unused tactic linter: `omega` does nothing

Note: This linter can be disabled with `set_option linter.unusedTactic false`
research/tasks/B699-Binomial/runs/20260911-smooth-window-lean-894d6b50/lean/WindowPrimary.lean:191:47: warning: Unused tactic linter: `omega` does nothing

Note: This linter can be disabled with `set_option linter.unusedTactic false`
research/tasks/B699-Binomial/runs/20260911-smooth-window-lean-894d6b50/lean/WindowPrimary.lean:195:47: warning: Unused tactic linter: `omega` does nothing

Note: This linter can be disabled with `set_option linter.unusedTactic false`
research/tasks/B699-Binomial/runs/20260911-smooth-window-lean-894d6b50/lean/WindowPrimary.lean:199:47: warning: Unused tactic linter: `omega` does nothing

Note: This linter can be disabled with `set_option linter.unusedTactic false`
research/tasks/B699-Binomial/runs/20260911-smooth-window-lean-894d6b50/lean/WindowPrimary.lean:207:47: warning: Unused tactic linter: `omega` does nothing

Note: This linter can be disabled with `set_option linter.unusedTactic false`
research/tasks/B699-Binomial/runs/20260911-smooth-window-lean-894d6b50/lean/WindowPrimary.lean:211:47: warning: Unused tactic linter: `omega` does nothing

Note: This linter can be disabled with `set_option linter.unusedTactic false`
research/tasks/B699-Binomial/runs/20260911-smooth-window-lean-894d6b50/lean/WindowPrimary.lean:215:47: warning: Unused tactic linter: `omega` does nothing

Note: This linter can be disabled with `set_option linter.unusedTactic false`
research/tasks/B699-Binomial/runs/20260911-smooth-window-lean-894d6b50/lean/WindowPrimary.lean:223:47: warning: Unused tactic linter: `omega` does nothing

Note: This linter can be disabled with `set_option linter.unusedTactic false`
research/tasks/B699-Binomial/runs/20260911-smooth-window-lean-894d6b50/lean/WindowPrimary.lean:227:47: warning: Unused tactic linter: `omega` does nothing

Note: This linter can be disabled with `set_option linter.unusedTactic false`
research/tasks/B699-Binomial/runs/20260911-smooth-window-lean-894d6b50/lean/WindowPrimary.lean:239:47: warning: Unused tactic linter: `omega` does nothing

Note: This linter can be disabled with `set_option linter.unusedTactic false`
research/tasks/B699-Binomial/runs/20260911-smooth-window-lean-894d6b50/lean/WindowPrimary.lean:243:47: warning: Unused tactic linter: `omega` does nothing

Note: This linter can be disabled with `set_option linter.unusedTactic false`
research/tasks/B699-Binomial/runs/20260911-smooth-window-lean-894d6b50/lean/WindowPrimary.lean:247:47: warning: Unused tactic linter: `omega` does nothing

Note: This linter can be disabled with `set_option linter.unusedTactic false`
research/tasks/B699-Binomial/runs/20260911-smooth-window-lean-894d6b50/lean/WindowPrimary.lean:255:47: warning: Unused tactic linter: `omega` does nothing

Note: This linter can be disabled with `set_option linter.unusedTactic false`
research/tasks/B699-Binomial/runs/20260911-smooth-window-lean-894d6b50/lean/WindowPrimary.lean:259:47: warning: Unused tactic linter: `omega` does nothing

Note: This linter can be disabled with `set_option linter.unusedTactic false`
research/tasks/B699-Binomial/runs/20260911-smooth-window-lean-894d6b50/lean/WindowPrimary.lean:263:47: warning: Unused tactic linter: `omega` does nothing

Note: This linter can be disabled with `set_option linter.unusedTactic false`
research/tasks/B699-Binomial/runs/20260911-smooth-window-lean-894d6b50/lean/WindowPrimary.lean:127:47: warning: this tactic is never executed

Note: This linter can be disabled with `set_option linter.unreachableTactic false`
research/tasks/B699-Binomial/runs/20260911-smooth-window-lean-894d6b50/lean/WindowPrimary.lean:131:47: warning: this tactic is never executed

Note: This linter can be disabled with `set_option linter.unreachableTactic false`
research/tasks/B699-Binomial/runs/20260911-smooth-window-lean-894d6b50/lean/WindowPrimary.lean:143:47: warning: this tactic is never executed

Note: This linter can be disabled with `set_option linter.unreachableTactic false`
research/tasks/B699-Binomial/runs/20260911-smooth-window-lean-894d6b50/lean/WindowPrimary.lean:147:47: warning: this tactic is never executed

Note: This linter can be disabled with `set_option linter.unreachableTactic false`
research/tasks/B699-Binomial/runs/20260911-smooth-window-lean-894d6b50/lean/WindowPrimary.lean:151:47: warning: this tactic is never executed

Note: This linter can be disabled with `set_option linter.unreachableTactic false`
research/tasks/B699-Binomial/runs/20260911-smooth-window-lean-894d6b50/lean/WindowPrimary.lean:159:47: warning: this tactic is never executed

Note: This linter can be disabled with `set_option linter.unreachableTactic false`
research/tasks/B699-Binomial/runs/20260911-smooth-window-lean-894d6b50/lean/WindowPrimary.lean:163:47: warning: this tactic is never executed

Note: This linter can be disabled with `set_option linter.unreachableTactic false`
research/tasks/B699-Binomial/runs/20260911-smooth-window-lean-894d6b50/lean/WindowPrimary.lean:167:47: warning: this tactic is never executed

Note: This linter can be disabled with `set_option linter.unreachableTactic false`
research/tasks/B699-Binomial/runs/20260911-smooth-window-lean-894d6b50/lean/WindowPrimary.lean:179:47: warning: this tactic is never executed

Note: This linter can be disabled with `set_option linter.unreachableTactic false`
research/tasks/B699-Binomial/runs/20260911-smooth-window-lean-894d6b50/lean/WindowPrimary.lean:183:47: warning: this tactic is never executed

Note: This linter can be disabled with `set_option linter.unreachableTactic false`
research/tasks/B699-Binomial/runs/20260911-smooth-window-lean-894d6b50/lean/WindowPrimary.lean:191:47: warning: this tactic is never executed

Note: This linter can be disabled with `set_option linter.unreachableTactic false`
research/tasks/B699-Binomial/runs/20260911-smooth-window-lean-894d6b50/lean/WindowPrimary.lean:195:47: warning: this tactic is never executed

Note: This linter can be disabled with `set_option linter.unreachableTactic false`
research/tasks/B699-Binomial/runs/20260911-smooth-window-lean-894d6b50/lean/WindowPrimary.lean:199:47: warning: this tactic is never executed

Note: This linter can be disabled with `set_option linter.unreachableTactic false`
research/tasks/B699-Binomial/runs/20260911-smooth-window-lean-894d6b50/lean/WindowPrimary.lean:207:47: warning: this tactic is never executed

Note: This linter can be disabled with `set_option linter.unreachableTactic false`
research/tasks/B699-Binomial/runs/20260911-smooth-window-lean-894d6b50/lean/WindowPrimary.lean:211:47: warning: this tactic is never executed

Note: This linter can be disabled with `set_option linter.unreachableTactic false`
research/tasks/B699-Binomial/runs/20260911-smooth-window-lean-894d6b50/lean/WindowPrimary.lean:215:47: warning: this tactic is never executed

Note: This linter can be disabled with `set_option linter.unreachableTactic false`
research/tasks/B699-Binomial/runs/20260911-smooth-window-lean-894d6b50/lean/WindowPrimary.lean:223:47: warning: this tactic is never executed

Note: This linter can be disabled with `set_option linter.unreachableTactic false`
research/tasks/B699-Binomial/runs/20260911-smooth-window-lean-894d6b50/lean/WindowPrimary.lean:227:47: warning: this tactic is never executed

Note: This linter can be disabled with `set_option linter.unreachableTactic false`
research/tasks/B699-Binomial/runs/20260911-smooth-window-lean-894d6b50/lean/WindowPrimary.lean:239:47: warning: this tactic is never executed

Note: This linter can be disabled with `set_option linter.unreachableTactic false`
research/tasks/B699-Binomial/runs/20260911-smooth-window-lean-894d6b50/lean/WindowPrimary.lean:243:47: warning: this tactic is never executed

Note: This linter can be disabled with `set_option linter.unreachableTactic false`
research/tasks/B699-Binomial/runs/20260911-smooth-window-lean-894d6b50/lean/WindowPrimary.lean:247:47: warning: this tactic is never executed

Note: This linter can be disabled with `set_option linter.unreachableTactic false`
research/tasks/B699-Binomial/runs/20260911-smooth-window-lean-894d6b50/lean/WindowPrimary.lean:255:47: warning: this tactic is never executed

Note: This linter can be disabled with `set_option linter.unreachableTactic false`
research/tasks/B699-Binomial/runs/20260911-smooth-window-lean-894d6b50/lean/WindowPrimary.lean:259:47: warning: this tactic is never executed

Note: This linter can be disabled with `set_option linter.unreachableTactic false`
research/tasks/B699-Binomial/runs/20260911-smooth-window-lean-894d6b50/lean/WindowPrimary.lean:263:47: warning: this tactic is never executed

Note: This linter can be disabled with `set_option linter.unreachableTactic false`
research/tasks/B699-Binomial/runs/20260911-smooth-window-lean-894d6b50/lean/WindowPrimary.lean:128:43: warning: Used `tac1 <;> tac2` where `(tac1; tac2)` would suffice

Note: This linter can be disabled with `set_option linter.unnecessarySeqFocus false`
research/tasks/B699-Binomial/runs/20260911-smooth-window-lean-894d6b50/lean/WindowPrimary.lean:132:43: warning: Used `tac1 <;> tac2` where `(tac1; tac2)` would suffice

Note: This linter can be disabled with `set_option linter.unnecessarySeqFocus false`
research/tasks/B699-Binomial/runs/20260911-smooth-window-lean-894d6b50/lean/WindowPrimary.lean:135:43: warning: Used `tac1 <;> tac2` where `(tac1; tac2)` would suffice

Note: This linter can be disabled with `set_option linter.unnecessarySeqFocus false`
research/tasks/B699-Binomial/runs/20260911-smooth-window-lean-894d6b50/lean/WindowPrimary.lean:136:43: warning: Used `tac1 <;> tac2` where `(tac1; tac2)` would suffice

Note: This linter can be disabled with `set_option linter.unnecessarySeqFocus false`
research/tasks/B699-Binomial/runs/20260911-smooth-window-lean-894d6b50/lean/WindowPrimary.lean:144:43: warning: Used `tac1 <;> tac2` where `(tac1; tac2)` would suffice

Note: This linter can be disabled with `set_option linter.unnecessarySeqFocus false`
research/tasks/B699-Binomial/runs/20260911-smooth-window-lean-894d6b50/lean/WindowPrimary.lean:148:43: warning: Used `tac1 <;> tac2` where `(tac1; tac2)` would suffice

Note: This linter can be disabled with `set_option linter.unnecessarySeqFocus false`
research/tasks/B699-Binomial/runs/20260911-smooth-window-lean-894d6b50/lean/WindowPrimary.lean:152:43: warning: Used `tac1 <;> tac2` where `(tac1; tac2)` would suffice

Note: This linter can be disabled with `set_option linter.unnecessarySeqFocus false`
research/tasks/B699-Binomial/runs/20260911-smooth-window-lean-894d6b50/lean/WindowPrimary.lean:160:43: warning: Used `tac1 <;> tac2` where `(tac1; tac2)` would suffice

Note: This linter can be disabled with `set_option linter.unnecessarySeqFocus false`
research/tasks/B699-Binomial/runs/20260911-smooth-window-lean-894d6b50/lean/WindowPrimary.lean:164:43: warning: Used `tac1 <;> tac2` where `(tac1; tac2)` would suffice

Note: This linter can be disabled with `set_option linter.unnecessarySeqFocus false`
research/tasks/B699-Binomial/runs/20260911-smooth-window-lean-894d6b50/lean/WindowPrimary.lean:168:43: warning: Used `tac1 <;> tac2` where `(tac1; tac2)` would suffice

Note: This linter can be disabled with `set_option linter.unnecessarySeqFocus false`
research/tasks/B699-Binomial/runs/20260911-smooth-window-lean-894d6b50/lean/WindowPrimary.lean:175:43: warning: Used `tac1 <;> tac2` where `(tac1; tac2)` would suffice

Note: This linter can be disabled with `set_option linter.unnecessarySeqFocus false`
research/tasks/B699-Binomial/runs/20260911-smooth-window-lean-894d6b50/lean/WindowPrimary.lean:176:43: warning: Used `tac1 <;> tac2` where `(tac1; tac2)` would suffice

Note: This linter can be disabled with `set_option linter.unnecessarySeqFocus false`
research/tasks/B699-Binomial/runs/20260911-smooth-window-lean-894d6b50/lean/WindowPrimary.lean:180:43: warning: Used `tac1 <;> tac2` where `(tac1; tac2)` would suffice

Note: This linter can be disabled with `set_option linter.unnecessarySeqFocus false`
research/tasks/B699-Binomial/runs/20260911-smooth-window-lean-894d6b50/lean/WindowPrimary.lean:184:43: warning: Used `tac1 <;> tac2` where `(tac1; tac2)` would suffice

Note: This linter can be disabled with `set_option linter.unnecessarySeqFocus false`
research/tasks/B699-Binomial/runs/20260911-smooth-window-lean-894d6b50/lean/WindowPrimary.lean:192:43: warning: Used `tac1 <;> tac2` where `(tac1; tac2)` would suffice

Note: This linter can be disabled with `set_option linter.unnecessarySeqFocus false`
research/tasks/B699-Binomial/runs/20260911-smooth-window-lean-894d6b50/lean/WindowPrimary.lean:196:43: warning: Used `tac1 <;> tac2` where `(tac1; tac2)` would suffice

Note: This linter can be disabled with `set_option linter.unnecessarySeqFocus false`
research/tasks/B699-Binomial/runs/20260911-smooth-window-lean-894d6b50/lean/WindowPrimary.lean:200:43: warning: Used `tac1 <;> tac2` where `(tac1; tac2)` would suffice

Note: This linter can be disabled with `set_option linter.unnecessarySeqFocus false`
research/tasks/B699-Binomial/runs/20260911-smooth-window-lean-894d6b50/lean/WindowPrimary.lean:208:43: warning: Used `tac1 <;> tac2` where `(tac1; tac2)` would suffice

Note: This linter can be disabled with `set_option linter.unnecessarySeqFocus false`
research/tasks/B699-Binomial/runs/20260911-smooth-window-lean-894d6b50/lean/WindowPrimary.lean:212:43: warning: Used `tac1 <;> tac2` where `(tac1; tac2)` would suffice

Note: This linter can be disabled with `set_option linter.unnecessarySeqFocus false`
research/tasks/B699-Binomial/runs/20260911-smooth-window-lean-894d6b50/lean/WindowPrimary.lean:216:43: warning: Used `tac1 <;> tac2` where `(tac1; tac2)` would suffice

Note: This linter can be disabled with `set_option linter.unnecessarySeqFocus false`
research/tasks/B699-Binomial/runs/20260911-smooth-window-lean-894d6b50/lean/WindowPrimary.lean:224:43: warning: Used `tac1 <;> tac2` where `(tac1; tac2)` would suffice

Note: This linter can be disabled with `set_option linter.unnecessarySeqFocus false`
research/tasks/B699-Binomial/runs/20260911-smooth-window-lean-894d6b50/lean/WindowPrimary.lean:228:43: warning: Used `tac1 <;> tac2` where `(tac1; tac2)` would suffice

Note: This linter can be disabled with `set_option linter.unnecessarySeqFocus false`
research/tasks/B699-Binomial/runs/20260911-smooth-window-lean-894d6b50/lean/WindowPrimary.lean:231:43: warning: Used `tac1 <;> tac2` where `(tac1; tac2)` would suffice

Note: This linter can be disabled with `set_option linter.unnecessarySeqFocus false`
research/tasks/B699-Binomial/runs/20260911-smooth-window-lean-894d6b50/lean/WindowPrimary.lean:232:43: warning: Used `tac1 <;> tac2` where `(tac1; tac2)` would suffice

Note: This linter can be disabled with `set_option linter.unnecessarySeqFocus false`
research/tasks/B699-Binomial/runs/20260911-smooth-window-lean-894d6b50/lean/WindowPrimary.lean:240:43: warning: Used `tac1 <;> tac2` where `(tac1; tac2)` would suffice

Note: This linter can be disabled with `set_option linter.unnecessarySeqFocus false`
research/tasks/B699-Binomial/runs/20260911-smooth-window-lean-894d6b50/lean/WindowPrimary.lean:244:43: warning: Used `tac1 <;> tac2` where `(tac1; tac2)` would suffice

Note: This linter can be disabled with `set_option linter.unnecessarySeqFocus false`
research/tasks/B699-Binomial/runs/20260911-smooth-window-lean-894d6b50/lean/WindowPrimary.lean:248:43: warning: Used `tac1 <;> tac2` where `(tac1; tac2)` would suffice

Note: This linter can be disabled with `set_option linter.unnecessarySeqFocus false`
research/tasks/B699-Binomial/runs/20260911-smooth-window-lean-894d6b50/lean/WindowPrimary.lean:256:43: warning: Used `tac1 <;> tac2` where `(tac1; tac2)` would suffice

Note: This linter can be disabled with `set_option linter.unnecessarySeqFocus false`
research/tasks/B699-Binomial/runs/20260911-smooth-window-lean-894d6b50/lean/WindowPrimary.lean:260:43: warning: Used `tac1 <;> tac2` where `(tac1; tac2)` would suffice

Note: This linter can be disabled with `set_option linter.unnecessarySeqFocus false`
research/tasks/B699-Binomial/runs/20260911-smooth-window-lean-894d6b50/lean/WindowPrimary.lean:264:43: warning: Used `tac1 <;> tac2` where `(tac1; tac2)` would suffice

Note: This linter can be disabled with `set_option linter.unnecessarySeqFocus false`
