REBUILD_ALL_NF35_TAIL_ROOT_GATES
ROOT_GATES_PASS {6: 2770, 7: 1808, 8: 1552}
ACCEPT_JETS 1000 {'inconsistent': 947, 'soluble_mu35': 22, 'soluble_mu36': 31}
ACCEPT_JETS 2000 {'inconsistent': 1863, 'soluble_mu35': 61, 'soluble_mu36': 76}
ACCEPT_JETS 3000 {'inconsistent': 2838, 'soluble_mu35': 72, 'soluble_mu36': 90}
ACCEPT_JETS 4000 {'inconsistent': 3771, 'soluble_mu35': 72, 'soluble_mu36': 157}
ACCEPT_JETS 5000 {'inconsistent': 4734, 'soluble_mu35': 72, 'soluble_mu36': 194}
ACCEPT_JETS 6000 {'inconsistent': 5665, 'soluble_mu35': 72, 'soluble_mu36': 263}
{
  "status": "PASS_NEW_NF35_COVER19",
  "geometry": {
    "gate_systems": 6130,
    "counts": {
      "inconsistent": 5794,
      "soluble_mu35": 72,
      "soluble_mu36": 264
    },
    "by_row": [
      [
        [
          6,
          "inconsistent"
        ],
        2610
      ],
      [
        [
          6,
          "mu35"
        ],
        72
      ],
      [
        [
          6,
          "mu36"
        ],
        88
      ],
      [
        [
          7,
          "inconsistent"
        ],
        1720
      ],
      [
        [
          7,
          "mu36"
        ],
        88
      ],
      [
        [
          8,
          "inconsistent"
        ],
        1464
      ],
      [
        [
          8,
          "mu36"
        ],
        88
      ]
    ],
    "rational_equations_checked": 9771,
    "ordinary_jet_coefficients_checked": 41295,
    "distinct_soluble_polynomials": 122,
    "actual_mu35_polynomials": 72,
    "explicit_core_counts": {
      "L": 40,
      "Q": 32
    },
    "max_augmented_matrix": [
      55,
      17
    ]
  },
  "budget": {
    "status": "NO_20_COMPONENT_SUBSET",
    "results": [
      {
        "K": 20,
        "weights": [
          7,
          8,
          10,
          12,
          14,
          20
        ],
        "Gamma": [
          0,
          2,
          2,
          2,
          1,
          0
        ],
        "count_vectors": 53130,
        "queries": 3732703,
        "feasible_records": 0,
        "by_positive_excess": {}
      },
      {
        "K": 19,
        "weights": [
          7,
          8,
          10,
          12,
          14,
          20
        ],
        "Gamma": [
          0,
          2,
          2,
          2,
          1,
          0
        ],
        "count_vectors": 42504,
        "queries": 3465737,
        "feasible_records": 168,
        "by_positive_excess": {
          "0": 168
        }
      }
    ],
    "small_V_checks": 56
  },
  "nonvanishing": "all monic NF35 tail polynomials are nonzero at (n,j(n-j))",
  "negative_tests": {
    "rejected": [
      "zero-minor",
      "new-source-lambda",
      "replace-ordinary-by-specialization",
      "alter-core",
      "false-source-line",
      "budget-bounds"
    ],
    "ordinary_vs_specialization_toy": "u+t^2 has ordinary order1 and specialized root order2"
  },
  "python": "3.13.5",
  "seconds": 29.328,
  "evidence_grade": "author paper proof plus exact certificates; not Lean or external review"
}
	Command being timed: "python3 -u -B /mnt/data/B699-ProA-i9-nf35-20260918-6d24a8f0/code/reproduce.py --out /mnt/data/B699-ProA-i9-nf35-20260918-6d24a8f0/verification/acceptance"
	User time (seconds): 30.28
	System time (seconds): 0.08
	Percent of CPU this job got: 101%
	Elapsed (wall clock) time (h:mm:ss or m:ss): 0:29.96
	Average shared text size (kbytes): 0
	Average unshared data size (kbytes): 0
	Average stack size (kbytes): 0
	Average total size (kbytes): 0
	Maximum resident set size (kbytes): 121128
	Average resident set size (kbytes): 0
	Major (requiring I/O) page faults: 0
	Minor (reclaiming a frame) page faults: 31973
	Voluntary context switches: 12
	Involuntary context switches: 216
	Swaps: 0
	File system inputs: 0
	File system outputs: 1512
	Socket messages sent: 0
	Socket messages received: 0
	Signals delivered: 0
	Page size (bytes): 4096
	Exit status: 0
