{
  "status": "NO_20_COMPONENT_SUBSET",
  "results": [
    {
      "K": 20,
      "weights": [
        7,
        8,
        10,
        12,
        14,
        20
      ],
      "Gamma": [
        0,
        2,
        2,
        2,
        1,
        0
      ],
      "count_vectors": 53130,
      "queries": 3732703,
      "feasible_records": 0,
      "by_positive_excess": {}
    },
    {
      "K": 19,
      "weights": [
        7,
        8,
        10,
        12,
        14,
        20
      ],
      "Gamma": [
        0,
        2,
        2,
        2,
        1,
        0
      ],
      "count_vectors": 42504,
      "queries": 3465737,
      "feasible_records": 168,
      "by_positive_excess": {
        "0": 168
      }
    }
  ],
  "small_V_checks": 56
}
SECONDS 1.578
	Command being timed: "python3 -B /mnt/data/B699-ProA-i9-nf35-20260918-6d24a8f0/code/source_budget.py --out /mnt/data/B699-ProA-i9-nf35-20260918-6d24a8f0/verification/budget_probe"
	User time (seconds): 2.57
	System time (seconds): 0.03
	Percent of CPU this job got: 118%
	Elapsed (wall clock) time (h:mm:ss or m:ss): 0:02.20
	Average shared text size (kbytes): 0
	Average unshared data size (kbytes): 0
	Average stack size (kbytes): 0
	Average total size (kbytes): 0
	Maximum resident set size (kbytes): 94004
	Average resident set size (kbytes): 0
	Major (requiring I/O) page faults: 0
	Minor (reclaiming a frame) page faults: 25176
	Voluntary context switches: 12
	Involuntary context switches: 30
	Swaps: 0
	File system inputs: 0
	File system outputs: 224
	Socket messages sent: 0
	Socket messages received: 0
	Signals delivered: 0
	Page size (bytes): 4096
	Exit status: 0
