INTEGRITY PASS: 35 entries in PAYLOAD_SHA256SUMS.txt
PASS 01: exact source quotient modulo5/25; full finite periods; zero squares kept
PASS 02: A100 all positive rows excluded by exact mod25 -> period15 -> mod29
PASS 03: all 16 generalized A classes; 29|A correctly left untouched
PASS 04: SPLIT5 cap, fifth-angle/base exact identities, universal modular crosscheck
PASS 05: exact CRT product counts; no large-lift enumeration; minimum necessary A144
PASS 06: infinite low-five-adic weak family; entire family fails29; one exact diagnostic
PASS 07: frozen-source hashes and exact extracted members; no parent proof rerun
PASS 08: three original-input polynomial identities plus fifth-angle formal equality
{"Lean": false, "certificates": 8, "historical_NC3_reduction": "adopted author-level premise", "independent_external_review": false, "minimum_A_in_recorded_projection": 144, "newly_excluded_A_classes_relative_to_CRT_lift": 1896768, "status": "PASS"}
GENERATED 01_exact_quotient5.json 0e551f22175f81d00911a81173ca722c42bdd284e98502119e64f8939dabb171
GENERATED 02_A100_all_rows_mod29.json d6e32db216e16a2e405dc823688c7895bbfb9d2a6607f651087e53044166058a
GENERATED 03_general_25_mod29.json 6e673bc34285e55136693970f32169bc47249aa3553aaf1bc09b683faa9e9378
GENERATED 04_SPLIT5_CAP_and_valuation.json 30e57285508d0ce4048a03743cfd2b0c80953c0ef40132e4c6991459821074ce
GENERATED 05_frontier_CRT_product.json 9e5572c0b951c100142f722f1673eb3aea76037bc4ad04cf50003e1be8c27f42
GENERATED 06_boundary_local_family.json b2490fd68f2cdcdace96b52a0b250dfeb7f0913e7482a2e5feedab215153f277
GENERATED 07_source_adoption.json 90d07a352dc571163ce9ee24807928181f239ec8c1973f7fc2c941e06a360e6b
GENERATED 08_same_input_polynomial_interface.json 74f39b3a67076b9847c2ecd8700e9820ba93b387748c1df8db5ed1930734707d
GENERATION PASS: 8 deterministic certificates
REGENERATION PASS: 8 certificate files byte-identical
CLEAN REPLAY PASS (author-level exact arithmetic; no Lean/external review)
