# command: LEAN -j1 -M2048 -DautoImplicit=false -DrelaxedAutoImplicit=false --root=PROJECT_ROOT -o .tools/20260911-low-index-lean-513dc7cc/20260911T025725143499Z/olean/research/tasks/B699-Binomial/runs/20260911-low-index-lean-513dc7cc/lean/rows/Row068B64/Block000.olean research/tasks/B699-Binomial/runs/20260911-low-index-lean-513dc7cc/lean/rows/Row068B64/Block000.lean
# cwd: PROJECT_ROOT
# started_utc: 2026-09-11T02:57:40.454171Z
# finished_utc: 2026-09-11T02:58:17.147381Z
# exit_code: 0
# timed_out: False
'B699LowIndex.LowIndexLean513dc7cc.row068' does not depend on any axioms
'B699LowIndex.LowIndexLean513dc7cc.row068_good000_checked' depends on axioms: [propext, Classical.choice, Quot.sound]
'B699LowIndex.LowIndexLean513dc7cc.row068_good001_checked' depends on axioms: [propext, Classical.choice, Quot.sound]
'B699LowIndex.LowIndexLean513dc7cc.row068_good002_checked' depends on axioms: [propext, Classical.choice, Quot.sound]
'B699LowIndex.LowIndexLean513dc7cc.row068_good003_checked' depends on axioms: [propext, Classical.choice, Quot.sound]
'B699LowIndex.LowIndexLean513dc7cc.row068_good004_checked' depends on axioms: [propext, Classical.choice, Quot.sound]
'B699LowIndex.LowIndexLean513dc7cc.row068_good005_checked' depends on axioms: [propext, Classical.choice, Quot.sound]
'B699LowIndex.LowIndexLean513dc7cc.row068_good006_checked' depends on axioms: [propext, Classical.choice, Quot.sound]
'B699LowIndex.LowIndexLean513dc7cc.row068_good007_checked' depends on axioms: [propext, Classical.choice, Quot.sound]
'B699LowIndex.LowIndexLean513dc7cc.row068_good008_checked' depends on axioms: [propext, Classical.choice, Quot.sound]
'B699LowIndex.LowIndexLean513dc7cc.row068_good009_checked' depends on axioms: [propext, Classical.choice, Quot.sound]
'B699LowIndex.LowIndexLean513dc7cc.row068_good010_checked' depends on axioms: [propext, Classical.choice, Quot.sound]
'B699LowIndex.LowIndexLean513dc7cc.row068_good011_checked' depends on axioms: [propext, Classical.choice, Quot.sound]
'B699LowIndex.LowIndexLean513dc7cc.row068_good012_checked' depends on axioms: [propext, Classical.choice, Quot.sound]
'B699LowIndex.LowIndexLean513dc7cc.row068_good013_checked' depends on axioms: [propext, Classical.choice, Quot.sound]
'B699LowIndex.LowIndexLean513dc7cc.row068_good014_checked' depends on axioms: [propext, Classical.choice, Quot.sound]
'B699LowIndex.LowIndexLean513dc7cc.row068_good015_checked' depends on axioms: [propext, Classical.choice, Quot.sound]
'B699LowIndex.LowIndexLean513dc7cc.row068_good016_checked' depends on axioms: [propext, Classical.choice, Quot.sound]
'B699LowIndex.LowIndexLean513dc7cc.row068_good017_checked' depends on axioms: [propext, Classical.choice, Quot.sound]
'B699LowIndex.LowIndexLean513dc7cc.row068_good018_checked' depends on axioms: [propext, Classical.choice, Quot.sound]
'B699LowIndex.LowIndexLean513dc7cc.row068_good019_checked' depends on axioms: [propext, Classical.choice, Quot.sound]
'B699LowIndex.LowIndexLean513dc7cc.row068_good020_checked' depends on axioms: [propext, Classical.choice, Quot.sound]
'B699LowIndex.LowIndexLean513dc7cc.row068_good021_checked' depends on axioms: [propext, Classical.choice, Quot.sound]
'B699LowIndex.LowIndexLean513dc7cc.row068_good022_checked' depends on axioms: [propext, Classical.choice, Quot.sound]
'B699LowIndex.LowIndexLean513dc7cc.row068_good023_checked' depends on axioms: [propext, Classical.choice, Quot.sound]
'B699LowIndex.LowIndexLean513dc7cc.row068_good024_checked' depends on axioms: [propext, Classical.choice, Quot.sound]
'B699LowIndex.LowIndexLean513dc7cc.row068_good025_checked' depends on axioms: [propext, Classical.choice, Quot.sound]
'B699LowIndex.LowIndexLean513dc7cc.row068_good026_checked' depends on axioms: [propext, Classical.choice, Quot.sound]
'B699LowIndex.LowIndexLean513dc7cc.row068_good027_checked' depends on axioms: [propext, Classical.choice, Quot.sound]
'B699LowIndex.LowIndexLean513dc7cc.row068_good028_checked' depends on axioms: [propext, Classical.choice, Quot.sound]
'B699LowIndex.LowIndexLean513dc7cc.row068_good029_checked' depends on axioms: [propext, Classical.choice, Quot.sound]
'B699LowIndex.LowIndexLean513dc7cc.row068_good030_checked' depends on axioms: [propext, Classical.choice, Quot.sound]
'B699LowIndex.LowIndexLean513dc7cc.row068_good031_checked' depends on axioms: [propext, Classical.choice, Quot.sound]
'B699LowIndex.LowIndexLean513dc7cc.row068_good032_checked' depends on axioms: [propext, Classical.choice, Quot.sound]
'B699LowIndex.LowIndexLean513dc7cc.row068_good033_checked' depends on axioms: [propext, Classical.choice, Quot.sound]
'B699LowIndex.LowIndexLean513dc7cc.row068_good034_checked' depends on axioms: [propext, Classical.choice, Quot.sound]
'B699LowIndex.LowIndexLean513dc7cc.row068_good035_checked' depends on axioms: [propext, Classical.choice, Quot.sound]
'B699LowIndex.LowIndexLean513dc7cc.row068_good036_checked' depends on axioms: [propext, Classical.choice, Quot.sound]
'B699LowIndex.LowIndexLean513dc7cc.row068_good037_checked' depends on axioms: [propext, Classical.choice, Quot.sound]
'B699LowIndex.LowIndexLean513dc7cc.row068_good038_checked' depends on axioms: [propext, Classical.choice, Quot.sound]
'B699LowIndex.LowIndexLean513dc7cc.row068_good039_checked' depends on axioms: [propext, Classical.choice, Quot.sound]
'B699LowIndex.LowIndexLean513dc7cc.row068_good040_checked' depends on axioms: [propext, Classical.choice, Quot.sound]
'B699LowIndex.LowIndexLean513dc7cc.row068_good041_checked' depends on axioms: [propext, Classical.choice, Quot.sound]
'B699LowIndex.LowIndexLean513dc7cc.row068_good042_checked' depends on axioms: [propext, Classical.choice, Quot.sound]
'B699LowIndex.LowIndexLean513dc7cc.row068_good043_checked' depends on axioms: [propext, Classical.choice, Quot.sound]
'B699LowIndex.LowIndexLean513dc7cc.row068_good044_checked' depends on axioms: [propext, Classical.choice, Quot.sound]
'B699LowIndex.LowIndexLean513dc7cc.row068_good045_checked' depends on axioms: [propext, Classical.choice, Quot.sound]
'B699LowIndex.LowIndexLean513dc7cc.row068_good046_checked' depends on axioms: [propext, Classical.choice, Quot.sound]
'B699LowIndex.LowIndexLean513dc7cc.row068_good047_checked' depends on axioms: [propext, Classical.choice, Quot.sound]
'B699LowIndex.LowIndexLean513dc7cc.row068_good048_checked' depends on axioms: [propext, Classical.choice, Quot.sound]
'B699LowIndex.LowIndexLean513dc7cc.row068_good049_checked' depends on axioms: [propext, Classical.choice, Quot.sound]
'B699LowIndex.LowIndexLean513dc7cc.row068_good050_checked' depends on axioms: [propext, Classical.choice, Quot.sound]
'B699LowIndex.LowIndexLean513dc7cc.row068_good051_checked' depends on axioms: [propext, Classical.choice, Quot.sound]
'B699LowIndex.LowIndexLean513dc7cc.row068_good052_checked' depends on axioms: [propext, Classical.choice, Quot.sound]
'B699LowIndex.LowIndexLean513dc7cc.row068_good053_checked' depends on axioms: [propext, Classical.choice, Quot.sound]
'B699LowIndex.LowIndexLean513dc7cc.row068_good054_checked' depends on axioms: [propext, Classical.choice, Quot.sound]
'B699LowIndex.LowIndexLean513dc7cc.row068_good055_checked' depends on axioms: [propext, Classical.choice, Quot.sound]
'B699LowIndex.LowIndexLean513dc7cc.row068_good056_checked' depends on axioms: [propext, Classical.choice, Quot.sound]
'B699LowIndex.LowIndexLean513dc7cc.row068_good057_checked' depends on axioms: [propext, Classical.choice, Quot.sound]
'B699LowIndex.LowIndexLean513dc7cc.row068_good058_checked' depends on axioms: [propext, Classical.choice, Quot.sound]
'B699LowIndex.LowIndexLean513dc7cc.row068_good059_checked' depends on axioms: [propext, Classical.choice, Quot.sound]
'B699LowIndex.LowIndexLean513dc7cc.row068_good060_checked' depends on axioms: [propext, Classical.choice, Quot.sound]
'B699LowIndex.LowIndexLean513dc7cc.row068_good061_checked' depends on axioms: [propext, Classical.choice, Quot.sound]
'B699LowIndex.LowIndexLean513dc7cc.row068_good062_checked' depends on axioms: [propext, Classical.choice, Quot.sound]
'B699LowIndex.LowIndexLean513dc7cc.row068_good063_checked' depends on axioms: [propext, Classical.choice, Quot.sound]
'B699LowIndex.LowIndexLean513dc7cc.row068_good064_checked' depends on axioms: [propext, Classical.choice, Quot.sound]
'B699LowIndex.LowIndexLean513dc7cc.row068_good065_checked' depends on axioms: [propext, Classical.choice, Quot.sound]
'B699LowIndex.LowIndexLean513dc7cc.row068_good066_checked' depends on axioms: [propext, Classical.choice, Quot.sound]
'B699LowIndex.LowIndexLean513dc7cc.row068_good067_checked' depends on axioms: [propext, Classical.choice, Quot.sound]
'B699LowIndex.LowIndexLean513dc7cc.row068_good068_checked' depends on axioms: [propext, Classical.choice, Quot.sound]
'B699LowIndex.LowIndexLean513dc7cc.row068_good069_checked' depends on axioms: [propext, Classical.choice, Quot.sound]
'B699LowIndex.LowIndexLean513dc7cc.row068_good070_checked' depends on axioms: [propext, Classical.choice, Quot.sound]
'B699LowIndex.LowIndexLean513dc7cc.row068_good071_checked' depends on axioms: [propext, Classical.choice, Quot.sound]
'B699LowIndex.LowIndexLean513dc7cc.row068_good072_checked' depends on axioms: [propext, Classical.choice, Quot.sound]
'B699LowIndex.LowIndexLean513dc7cc.row068_good073_checked' depends on axioms: [propext, Classical.choice, Quot.sound]
'B699LowIndex.LowIndexLean513dc7cc.row068_good074_checked' depends on axioms: [propext, Classical.choice, Quot.sound]
'B699LowIndex.LowIndexLean513dc7cc.row068_good075_checked' depends on axioms: [propext, Classical.choice, Quot.sound]
'B699LowIndex.LowIndexLean513dc7cc.row068_good076_checked' depends on axioms: [propext, Classical.choice, Quot.sound]
'B699LowIndex.LowIndexLean513dc7cc.row068_good077_checked' depends on axioms: [propext, Classical.choice, Quot.sound]
'B699LowIndex.LowIndexLean513dc7cc.row068_good078_checked' depends on axioms: [propext, Classical.choice, Quot.sound]
'B699LowIndex.LowIndexLean513dc7cc.row068_good079_checked' depends on axioms: [propext, Classical.choice, Quot.sound]
'B699LowIndex.LowIndexLean513dc7cc.row068_good080_checked' depends on axioms: [propext, Classical.choice, Quot.sound]
'B699LowIndex.LowIndexLean513dc7cc.row068_good081_checked' depends on axioms: [propext, Classical.choice, Quot.sound]
'B699LowIndex.LowIndexLean513dc7cc.row068_good082_checked' depends on axioms: [propext, Classical.choice, Quot.sound]
'B699LowIndex.LowIndexLean513dc7cc.row068_good083_checked' depends on axioms: [propext, Classical.choice, Quot.sound]
'B699LowIndex.LowIndexLean513dc7cc.row068_good084_checked' depends on axioms: [propext, Classical.choice, Quot.sound]
'B699LowIndex.LowIndexLean513dc7cc.row068_good085_checked' depends on axioms: [propext, Classical.choice, Quot.sound]
'B699LowIndex.LowIndexLean513dc7cc.row068_good086_checked' depends on axioms: [propext, Classical.choice, Quot.sound]
'B699LowIndex.LowIndexLean513dc7cc.row068_good087_checked' depends on axioms: [propext, Classical.choice, Quot.sound]
'B699LowIndex.LowIndexLean513dc7cc.row068_good088_checked' depends on axioms: [propext, Classical.choice, Quot.sound]
'B699LowIndex.LowIndexLean513dc7cc.row068_good089_checked' depends on axioms: [propext, Classical.choice, Quot.sound]
'B699LowIndex.LowIndexLean513dc7cc.row068_good090_checked' depends on axioms: [propext, Classical.choice, Quot.sound]
'B699LowIndex.LowIndexLean513dc7cc.row068_good091_checked' depends on axioms: [propext, Classical.choice, Quot.sound]
'B699LowIndex.LowIndexLean513dc7cc.row068_good092_checked' depends on axioms: [propext, Classical.choice, Quot.sound]
'B699LowIndex.LowIndexLean513dc7cc.row068_good093_checked' depends on axioms: [propext, Classical.choice, Quot.sound]
'B699LowIndex.LowIndexLean513dc7cc.row068_good094_checked' depends on axioms: [propext, Classical.choice, Quot.sound]
'B699LowIndex.LowIndexLean513dc7cc.row068_good095_checked' depends on axioms: [propext, Classical.choice, Quot.sound]
'B699LowIndex.LowIndexLean513dc7cc.row068_good096_checked' depends on axioms: [propext, Classical.choice, Quot.sound]
'B699LowIndex.LowIndexLean513dc7cc.row068_good097_checked' depends on axioms: [propext, Classical.choice, Quot.sound]
'B699LowIndex.LowIndexLean513dc7cc.row068_good098_checked' depends on axioms: [propext, Classical.choice, Quot.sound]
'B699LowIndex.LowIndexLean513dc7cc.row068_good099_checked' depends on axioms: [propext, Classical.choice, Quot.sound]
'B699LowIndex.LowIndexLean513dc7cc.row068_good100_checked' depends on axioms: [propext, Classical.choice, Quot.sound]
'B699LowIndex.LowIndexLean513dc7cc.row068_good101_checked' depends on axioms: [propext, Classical.choice, Quot.sound]
'B699LowIndex.LowIndexLean513dc7cc.row068_good102_checked' depends on axioms: [propext, Classical.choice, Quot.sound]
'B699LowIndex.LowIndexLean513dc7cc.row068_good103_checked' depends on axioms: [propext, Classical.choice, Quot.sound]
'B699LowIndex.LowIndexLean513dc7cc.row068_good104_checked' depends on axioms: [propext, Classical.choice, Quot.sound]
'B699LowIndex.LowIndexLean513dc7cc.row068_good105_checked' depends on axioms: [propext, Classical.choice, Quot.sound]
'B699LowIndex.LowIndexLean513dc7cc.row068_good106_checked' depends on axioms: [propext, Classical.choice, Quot.sound]
'B699LowIndex.LowIndexLean513dc7cc.row068_good107_checked' depends on axioms: [propext, Classical.choice, Quot.sound]
'B699LowIndex.LowIndexLean513dc7cc.row068_good108_checked' depends on axioms: [propext, Classical.choice, Quot.sound]
'B699LowIndex.LowIndexLean513dc7cc.row068_good109_checked' depends on axioms: [propext, Classical.choice, Quot.sound]
'B699LowIndex.LowIndexLean513dc7cc.row068_good110_checked' depends on axioms: [propext, Classical.choice, Quot.sound]
'B699LowIndex.LowIndexLean513dc7cc.row068_good111_checked' depends on axioms: [propext, Classical.choice, Quot.sound]
'B699LowIndex.LowIndexLean513dc7cc.row068_good112_checked' depends on axioms: [propext, Classical.choice, Quot.sound]
'B699LowIndex.LowIndexLean513dc7cc.row068_good113_checked' depends on axioms: [propext, Classical.choice, Quot.sound]
'B699LowIndex.LowIndexLean513dc7cc.row068_good114_checked' depends on axioms: [propext, Classical.choice, Quot.sound]
'B699LowIndex.LowIndexLean513dc7cc.row068_good115_checked' depends on axioms: [propext, Classical.choice, Quot.sound]
'B699LowIndex.LowIndexLean513dc7cc.row068_good116_checked' depends on axioms: [propext, Classical.choice, Quot.sound]
'B699LowIndex.LowIndexLean513dc7cc.row068_good117_checked' depends on axioms: [propext, Classical.choice, Quot.sound]
'B699LowIndex.LowIndexLean513dc7cc.row068_good118_checked' depends on axioms: [propext, Classical.choice, Quot.sound]
'B699LowIndex.LowIndexLean513dc7cc.row068_good119_checked' depends on axioms: [propext, Classical.choice, Quot.sound]
'B699LowIndex.LowIndexLean513dc7cc.row068_good120_checked' depends on axioms: [propext, Classical.choice, Quot.sound]
'B699LowIndex.LowIndexLean513dc7cc.row068_good121_checked' depends on axioms: [propext, Classical.choice, Quot.sound]
'B699LowIndex.LowIndexLean513dc7cc.row068_good122_checked' depends on axioms: [propext, Classical.choice, Quot.sound]
'B699LowIndex.LowIndexLean513dc7cc.row068_good123_checked' depends on axioms: [propext, Classical.choice, Quot.sound]
'B699LowIndex.LowIndexLean513dc7cc.row068_good124_checked' depends on axioms: [propext, Classical.choice, Quot.sound]
'B699LowIndex.LowIndexLean513dc7cc.row068_good125_checked' depends on axioms: [propext, Classical.choice, Quot.sound]
'B699LowIndex.LowIndexLean513dc7cc.row068_good126_checked' depends on axioms: [propext, Classical.choice, Quot.sound]
'B699LowIndex.LowIndexLean513dc7cc.row068_good127_checked' depends on axioms: [propext, Classical.choice, Quot.sound]
'B699LowIndex.LowIndexLean513dc7cc.row068_good128_checked' depends on axioms: [propext, Classical.choice, Quot.sound]
'B699LowIndex.LowIndexLean513dc7cc.row068_good129_checked' depends on axioms: [propext, Classical.choice, Quot.sound]
'B699LowIndex.LowIndexLean513dc7cc.row068_good130_checked' depends on axioms: [propext, Classical.choice, Quot.sound]
'B699LowIndex.LowIndexLean513dc7cc.row068_good131_checked' depends on axioms: [propext, Classical.choice, Quot.sound]
'B699LowIndex.LowIndexLean513dc7cc.row068_good132_checked' depends on axioms: [propext, Classical.choice, Quot.sound]
'B699LowIndex.LowIndexLean513dc7cc.row068_good133_checked' depends on axioms: [propext, Classical.choice, Quot.sound]
'B699LowIndex.LowIndexLean513dc7cc.row068_good134_checked' depends on axioms: [propext, Classical.choice, Quot.sound]
'B699LowIndex.LowIndexLean513dc7cc.row068_good135_checked' depends on axioms: [propext, Classical.choice, Quot.sound]
'B699LowIndex.LowIndexLean513dc7cc.row068_good136_checked' depends on axioms: [propext, Classical.choice, Quot.sound]
'B699LowIndex.LowIndexLean513dc7cc.row068_good137_checked' depends on axioms: [propext, Classical.choice, Quot.sound]
'B699LowIndex.LowIndexLean513dc7cc.row068_good138_checked' depends on axioms: [propext, Classical.choice, Quot.sound]
'B699LowIndex.LowIndexLean513dc7cc.row068_good139_checked' depends on axioms: [propext, Classical.choice, Quot.sound]
'B699LowIndex.LowIndexLean513dc7cc.row068_good140_checked' depends on axioms: [propext, Classical.choice, Quot.sound]
'B699LowIndex.LowIndexLean513dc7cc.row068_good141_checked' depends on axioms: [propext, Classical.choice, Quot.sound]
'B699LowIndex.LowIndexLean513dc7cc.row068_good142_checked' depends on axioms: [propext, Classical.choice, Quot.sound]
'B699LowIndex.LowIndexLean513dc7cc.row068_good143_checked' depends on axioms: [propext, Classical.choice, Quot.sound]
'B699LowIndex.LowIndexLean513dc7cc.row068_good144_checked' depends on axioms: [propext, Classical.choice, Quot.sound]
'B699LowIndex.LowIndexLean513dc7cc.row068_good145_checked' depends on axioms: [propext, Classical.choice, Quot.sound]
'B699LowIndex.LowIndexLean513dc7cc.row068_good146_checked' depends on axioms: [propext, Classical.choice, Quot.sound]
'B699LowIndex.LowIndexLean513dc7cc.row068_good147_checked' depends on axioms: [propext, Classical.choice, Quot.sound]
'B699LowIndex.LowIndexLean513dc7cc.row068_good148_checked' depends on axioms: [propext, Classical.choice, Quot.sound]
'B699LowIndex.LowIndexLean513dc7cc.row068_good149_checked' depends on axioms: [propext, Classical.choice, Quot.sound]
'B699LowIndex.LowIndexLean513dc7cc.row068_good150_checked' depends on axioms: [propext, Classical.choice, Quot.sound]
'B699LowIndex.LowIndexLean513dc7cc.row068_good151_checked' depends on axioms: [propext, Classical.choice, Quot.sound]
'B699LowIndex.LowIndexLean513dc7cc.row068_good152_checked' depends on axioms: [propext, Classical.choice, Quot.sound]
'B699LowIndex.LowIndexLean513dc7cc.row068_good153_checked' depends on axioms: [propext, Classical.choice, Quot.sound]
'B699LowIndex.LowIndexLean513dc7cc.row068_good154_checked' depends on axioms: [propext, Classical.choice, Quot.sound]
'B699LowIndex.LowIndexLean513dc7cc.row068_good155_checked' depends on axioms: [propext, Classical.choice, Quot.sound]
'B699LowIndex.LowIndexLean513dc7cc.row068_good156_checked' depends on axioms: [propext, Classical.choice, Quot.sound]
'B699LowIndex.LowIndexLean513dc7cc.row068_good157_checked' depends on axioms: [propext, Classical.choice, Quot.sound]
'B699LowIndex.LowIndexLean513dc7cc.row068_good158_checked' depends on axioms: [propext, Classical.choice, Quot.sound]
'B699LowIndex.LowIndexLean513dc7cc.row068_good159_checked' depends on axioms: [propext, Classical.choice, Quot.sound]
'B699LowIndex.LowIndexLean513dc7cc.row068_good160_checked' depends on axioms: [propext, Classical.choice, Quot.sound]
'B699LowIndex.LowIndexLean513dc7cc.row068_good161_checked' depends on axioms: [propext, Classical.choice, Quot.sound]
'B699LowIndex.LowIndexLean513dc7cc.row068_good162_checked' depends on axioms: [propext, Classical.choice, Quot.sound]
'B699LowIndex.LowIndexLean513dc7cc.row068_good163_checked' depends on axioms: [propext, Classical.choice, Quot.sound]
'B699LowIndex.LowIndexLean513dc7cc.row068_good164_checked' depends on axioms: [propext, Classical.choice, Quot.sound]
'B699LowIndex.LowIndexLean513dc7cc.row068_good165_checked' depends on axioms: [propext, Classical.choice, Quot.sound]
'B699LowIndex.LowIndexLean513dc7cc.row068_good166_checked' depends on axioms: [propext, Classical.choice, Quot.sound]
'B699LowIndex.LowIndexLean513dc7cc.row068_good167_checked' depends on axioms: [propext, Classical.choice, Quot.sound]
'B699LowIndex.LowIndexLean513dc7cc.row068_good168_checked' depends on axioms: [propext, Classical.choice, Quot.sound]
'B699LowIndex.LowIndexLean513dc7cc.row068_good169_checked' depends on axioms: [propext, Classical.choice, Quot.sound]
'B699LowIndex.LowIndexLean513dc7cc.row068_good170_checked' depends on axioms: [propext, Classical.choice, Quot.sound]
'B699LowIndex.LowIndexLean513dc7cc.row068_good171_checked' depends on axioms: [propext, Classical.choice, Quot.sound]
'B699LowIndex.LowIndexLean513dc7cc.row068_good172_checked' depends on axioms: [propext, Classical.choice, Quot.sound]
'B699LowIndex.LowIndexLean513dc7cc.row068_good173_checked' depends on axioms: [propext, Classical.choice, Quot.sound]
'B699LowIndex.LowIndexLean513dc7cc.row068_good174_checked' depends on axioms: [propext, Classical.choice, Quot.sound]
'B699LowIndex.LowIndexLean513dc7cc.row068_good175_checked' depends on axioms: [propext, Classical.choice, Quot.sound]
'B699LowIndex.LowIndexLean513dc7cc.row068_good176_checked' depends on axioms: [propext, Classical.choice, Quot.sound]
'B699LowIndex.LowIndexLean513dc7cc.row068_good177_checked' depends on axioms: [propext, Classical.choice, Quot.sound]
'B699LowIndex.LowIndexLean513dc7cc.row068_good178_checked' depends on axioms: [propext, Classical.choice, Quot.sound]
'B699LowIndex.LowIndexLean513dc7cc.row068_good179_checked' depends on axioms: [propext, Classical.choice, Quot.sound]
'B699LowIndex.LowIndexLean513dc7cc.row068_good180_checked' depends on axioms: [propext, Classical.choice, Quot.sound]
'B699LowIndex.LowIndexLean513dc7cc.row068_good181_checked' depends on axioms: [propext, Classical.choice, Quot.sound]
'B699LowIndex.LowIndexLean513dc7cc.row068_good182_checked' depends on axioms: [propext, Classical.choice, Quot.sound]
'B699LowIndex.LowIndexLean513dc7cc.row068_good183_checked' depends on axioms: [propext, Classical.choice, Quot.sound]
'B699LowIndex.LowIndexLean513dc7cc.row068_good184_checked' depends on axioms: [propext, Classical.choice, Quot.sound]
'B699LowIndex.LowIndexLean513dc7cc.row068_good185_checked' depends on axioms: [propext, Classical.choice, Quot.sound]
'B699LowIndex.LowIndexLean513dc7cc.row068_good186_checked' depends on axioms: [propext, Classical.choice, Quot.sound]
'B699LowIndex.LowIndexLean513dc7cc.row068_good187_checked' depends on axioms: [propext, Classical.choice, Quot.sound]
'B699LowIndex.LowIndexLean513dc7cc.row068_good188_checked' depends on axioms: [propext, Classical.choice, Quot.sound]
'B699LowIndex.LowIndexLean513dc7cc.row068_good189_checked' depends on axioms: [propext, Classical.choice, Quot.sound]
'B699LowIndex.LowIndexLean513dc7cc.row068_good190_checked' depends on axioms: [propext, Classical.choice, Quot.sound]
'B699LowIndex.LowIndexLean513dc7cc.row068_good191_checked' depends on axioms: [propext, Classical.choice, Quot.sound]
'B699LowIndex.LowIndexLean513dc7cc.row068_good192_checked' depends on axioms: [propext, Classical.choice, Quot.sound]
'B699LowIndex.LowIndexLean513dc7cc.row068_good193_checked' depends on axioms: [propext, Classical.choice, Quot.sound]
'B699LowIndex.LowIndexLean513dc7cc.row068_good194_checked' depends on axioms: [propext, Classical.choice, Quot.sound]
'B699LowIndex.LowIndexLean513dc7cc.row068_good195_checked' depends on axioms: [propext, Classical.choice, Quot.sound]
'B699LowIndex.LowIndexLean513dc7cc.row068_good196_checked' depends on axioms: [propext, Classical.choice, Quot.sound]
'B699LowIndex.LowIndexLean513dc7cc.row068_good197_checked' depends on axioms: [propext, Classical.choice, Quot.sound]
'B699LowIndex.LowIndexLean513dc7cc.row068_good198_checked' depends on axioms: [propext, Classical.choice, Quot.sound]
'B699LowIndex.LowIndexLean513dc7cc.row068_good199_checked' depends on axioms: [propext, Classical.choice, Quot.sound]
'B699LowIndex.LowIndexLean513dc7cc.row068_good200_checked' depends on axioms: [propext, Classical.choice, Quot.sound]
'B699LowIndex.LowIndexLean513dc7cc.row068_good201_checked' depends on axioms: [propext, Classical.choice, Quot.sound]
'B699LowIndex.LowIndexLean513dc7cc.row068_good202_checked' depends on axioms: [propext, Classical.choice, Quot.sound]
'B699LowIndex.LowIndexLean513dc7cc.row068_good203_checked' depends on axioms: [propext, Classical.choice, Quot.sound]
'B699LowIndex.LowIndexLean513dc7cc.row068_good204_checked' depends on axioms: [propext, Classical.choice, Quot.sound]
'B699LowIndex.LowIndexLean513dc7cc.row068_good205_checked' depends on axioms: [propext, Classical.choice, Quot.sound]
'B699LowIndex.LowIndexLean513dc7cc.row068_good206_checked' depends on axioms: [propext, Classical.choice, Quot.sound]
'B699LowIndex.LowIndexLean513dc7cc.row068_good207_checked' depends on axioms: [propext, Classical.choice, Quot.sound]
'B699LowIndex.LowIndexLean513dc7cc.row068_good208_checked' depends on axioms: [propext, Classical.choice, Quot.sound]
'B699LowIndex.LowIndexLean513dc7cc.row068_good209_checked' depends on axioms: [propext, Classical.choice, Quot.sound]
'B699LowIndex.LowIndexLean513dc7cc.row068_good210_checked' depends on axioms: [propext, Classical.choice, Quot.sound]
'B699LowIndex.LowIndexLean513dc7cc.row068_good211_checked' depends on axioms: [propext, Classical.choice, Quot.sound]
'B699LowIndex.LowIndexLean513dc7cc.row068_good212_checked' depends on axioms: [propext, Classical.choice, Quot.sound]
'B699LowIndex.LowIndexLean513dc7cc.row068_good213_checked' depends on axioms: [propext, Classical.choice, Quot.sound]
'B699LowIndex.LowIndexLean513dc7cc.row068_good214_checked' depends on axioms: [propext, Classical.choice, Quot.sound]
'B699LowIndex.LowIndexLean513dc7cc.row068_good215_checked' depends on axioms: [propext, Classical.choice, Quot.sound]
'B699LowIndex.LowIndexLean513dc7cc.row068_good216_checked' depends on axioms: [propext, Classical.choice, Quot.sound]
'B699LowIndex.LowIndexLean513dc7cc.row068_good217_checked' depends on axioms: [propext, Classical.choice, Quot.sound]
'B699LowIndex.LowIndexLean513dc7cc.row068_good218_checked' depends on axioms: [propext, Classical.choice, Quot.sound]
'B699LowIndex.LowIndexLean513dc7cc.row068_good219_checked' depends on axioms: [propext, Classical.choice, Quot.sound]
'B699LowIndex.LowIndexLean513dc7cc.row068_good220_checked' depends on axioms: [propext, Classical.choice, Quot.sound]
'B699LowIndex.LowIndexLean513dc7cc.row068_good221_checked' depends on axioms: [propext, Classical.choice, Quot.sound]
'B699LowIndex.LowIndexLean513dc7cc.row068_good222_checked' depends on axioms: [propext, Classical.choice, Quot.sound]
'B699LowIndex.LowIndexLean513dc7cc.row068_good223_checked' depends on axioms: [propext, Classical.choice, Quot.sound]
'B699LowIndex.LowIndexLean513dc7cc.row068_good224_checked' depends on axioms: [propext, Classical.choice, Quot.sound]
'B699LowIndex.LowIndexLean513dc7cc.row068_good225_checked' depends on axioms: [propext, Classical.choice, Quot.sound]
'B699LowIndex.LowIndexLean513dc7cc.row068_good226_checked' depends on axioms: [propext, Classical.choice, Quot.sound]
'B699LowIndex.LowIndexLean513dc7cc.row068_good227_checked' depends on axioms: [propext, Classical.choice, Quot.sound]
'B699LowIndex.LowIndexLean513dc7cc.row068_good228_checked' depends on axioms: [propext, Classical.choice, Quot.sound]
'B699LowIndex.LowIndexLean513dc7cc.row068_good229_checked' depends on axioms: [propext, Classical.choice, Quot.sound]
'B699LowIndex.LowIndexLean513dc7cc.row068_good230_checked' depends on axioms: [propext, Classical.choice, Quot.sound]
'B699LowIndex.LowIndexLean513dc7cc.row068_good231_checked' depends on axioms: [propext, Classical.choice, Quot.sound]
'B699LowIndex.LowIndexLean513dc7cc.row068_good232_checked' depends on axioms: [propext, Classical.choice, Quot.sound]
'B699LowIndex.LowIndexLean513dc7cc.row068_good233_checked' depends on axioms: [propext, Classical.choice, Quot.sound]
'B699LowIndex.LowIndexLean513dc7cc.row068_good234_checked' depends on axioms: [propext, Classical.choice, Quot.sound]
'B699LowIndex.LowIndexLean513dc7cc.row068_good235_checked' depends on axioms: [propext, Classical.choice, Quot.sound]
'B699LowIndex.LowIndexLean513dc7cc.row068_good236_checked' depends on axioms: [propext, Classical.choice, Quot.sound]
'B699LowIndex.LowIndexLean513dc7cc.row068_good237_checked' depends on axioms: [propext, Classical.choice, Quot.sound]
'B699LowIndex.LowIndexLean513dc7cc.row068_good238_checked' depends on axioms: [propext, Classical.choice, Quot.sound]
'B699LowIndex.LowIndexLean513dc7cc.row068_good239_checked' depends on axioms: [propext, Classical.choice, Quot.sound]
'B699LowIndex.LowIndexLean513dc7cc.row068_good240_checked' depends on axioms: [propext, Classical.choice, Quot.sound]
'B699LowIndex.LowIndexLean513dc7cc.row068_good241_checked' depends on axioms: [propext, Classical.choice, Quot.sound]
'B699LowIndex.LowIndexLean513dc7cc.row068_good242_checked' depends on axioms: [propext, Classical.choice, Quot.sound]
'B699LowIndex.LowIndexLean513dc7cc.row068_good243_checked' depends on axioms: [propext, Classical.choice, Quot.sound]
'B699LowIndex.LowIndexLean513dc7cc.row068_good244_checked' depends on axioms: [propext, Classical.choice, Quot.sound]
'B699LowIndex.LowIndexLean513dc7cc.row068_good245_checked' depends on axioms: [propext, Classical.choice, Quot.sound]
'B699LowIndex.LowIndexLean513dc7cc.row068_good246_checked' depends on axioms: [propext, Classical.choice, Quot.sound]
'B699LowIndex.LowIndexLean513dc7cc.row068_good247_checked' depends on axioms: [propext, Classical.choice, Quot.sound]
'B699LowIndex.LowIndexLean513dc7cc.row068_good248_checked' depends on axioms: [propext, Classical.choice, Quot.sound]
'B699LowIndex.LowIndexLean513dc7cc.row068_good249_checked' depends on axioms: [propext, Classical.choice, Quot.sound]
'B699LowIndex.LowIndexLean513dc7cc.row068_goods_checked' depends on axioms: [propext, Classical.choice, Quot.sound]
'B699LowIndex.LowIndexLean513dc7cc.row068_registered' depends on axioms: [propext]
'B699LowIndex.LowIndexLean513dc7cc.row068_small_checked' does not depend on any axioms
'B699LowIndex.LowIndexLean513dc7cc.row068_layerCover_checked' does not depend on any axioms
'B699LowIndex.LowIndexLean513dc7cc.row068_bounds_eq' does not depend on any axioms
'B699LowIndex.LowIndexLean513dc7cc.row068_layer000_intervals' does not depend on any axioms
'B699LowIndex.LowIndexLean513dc7cc.row068_layer000_arithmetic' depends on axioms: [propext,
 Classical.choice,
 Quot.sound]
'B699LowIndex.LowIndexLean513dc7cc.row068_layer000_enumeration' depends on axioms: [propext,
 Classical.choice,
 Quot.sound]
'B699LowIndex.LowIndexLean513dc7cc.row068_layer000_pairs000' does not depend on any axioms
'B699LowIndex.LowIndexLean513dc7cc.row068_layer000_pairs001' does not depend on any axioms
'B699LowIndex.LowIndexLean513dc7cc.row068_layer000_pairs002' does not depend on any axioms
'B699LowIndex.LowIndexLean513dc7cc.row068_layer000_pairs003' does not depend on any axioms
'B699LowIndex.LowIndexLean513dc7cc.row068_layer000_pairs004' does not depend on any axioms
'B699LowIndex.LowIndexLean513dc7cc.row068_layer000_pairs005' does not depend on any axioms
'B699LowIndex.LowIndexLean513dc7cc.row068_layer000_pairs006' does not depend on any axioms
'B699LowIndex.LowIndexLean513dc7cc.row068_layer000_chunks_eq' does not depend on any axioms
'B699LowIndex.LowIndexLean513dc7cc.row068_layer000_pairs' depends on axioms: [propext, Quot.sound]
'B699LowIndex.LowIndexLean513dc7cc.row068_layer000_checked' depends on axioms: [propext, Classical.choice, Quot.sound]
'B699LowIndex.LowIndexLean513dc7cc.row068_layer001_intervals' does not depend on any axioms
'B699LowIndex.LowIndexLean513dc7cc.row068_layer001_arithmetic' depends on axioms: [propext,
 Classical.choice,
 Quot.sound]
'B699LowIndex.LowIndexLean513dc7cc.row068_layer001_enumeration' depends on axioms: [propext,
 Classical.choice,
 Quot.sound]
'B699LowIndex.LowIndexLean513dc7cc.row068_layer001_pairs000' does not depend on any axioms
'B699LowIndex.LowIndexLean513dc7cc.row068_layer001_pairs001' does not depend on any axioms
'B699LowIndex.LowIndexLean513dc7cc.row068_layer001_pairs002' does not depend on any axioms
'B699LowIndex.LowIndexLean513dc7cc.row068_layer001_pairs003' does not depend on any axioms
'B699LowIndex.LowIndexLean513dc7cc.row068_layer001_pairs004' does not depend on any axioms
'B699LowIndex.LowIndexLean513dc7cc.row068_layer001_pairs005' does not depend on any axioms
'B699LowIndex.LowIndexLean513dc7cc.row068_layer001_pairs006' does not depend on any axioms
'B699LowIndex.LowIndexLean513dc7cc.row068_layer001_pairs007' does not depend on any axioms
'B699LowIndex.LowIndexLean513dc7cc.row068_layer001_chunks_eq' does not depend on any axioms
'B699LowIndex.LowIndexLean513dc7cc.row068_layer001_pairs' depends on axioms: [propext, Quot.sound]
'B699LowIndex.LowIndexLean513dc7cc.row068_layer001_checked' depends on axioms: [propext, Classical.choice, Quot.sound]
'B699LowIndex.LowIndexLean513dc7cc.row068_layer002_intervals' does not depend on any axioms
'B699LowIndex.LowIndexLean513dc7cc.row068_layer002_arithmetic' depends on axioms: [propext,
 Classical.choice,
 Quot.sound]
'B699LowIndex.LowIndexLean513dc7cc.row068_layer002_enumeration' depends on axioms: [propext,
 Classical.choice,
 Quot.sound]
'B699LowIndex.LowIndexLean513dc7cc.row068_layer002_pairs000' does not depend on any axioms
'B699LowIndex.LowIndexLean513dc7cc.row068_layer002_pairs001' does not depend on any axioms
'B699LowIndex.LowIndexLean513dc7cc.row068_layer002_pairs002' does not depend on any axioms
'B699LowIndex.LowIndexLean513dc7cc.row068_layer002_pairs003' does not depend on any axioms
'B699LowIndex.LowIndexLean513dc7cc.row068_layer002_pairs004' does not depend on any axioms
'B699LowIndex.LowIndexLean513dc7cc.row068_layer002_pairs005' does not depend on any axioms
'B699LowIndex.LowIndexLean513dc7cc.row068_layer002_pairs006' does not depend on any axioms
'B699LowIndex.LowIndexLean513dc7cc.row068_layer002_pairs007' does not depend on any axioms
'B699LowIndex.LowIndexLean513dc7cc.row068_layer002_pairs008' does not depend on any axioms
'B699LowIndex.LowIndexLean513dc7cc.row068_layer002_chunks_eq' does not depend on any axioms
'B699LowIndex.LowIndexLean513dc7cc.row068_layer002_pairs' depends on axioms: [propext, Quot.sound]
'B699LowIndex.LowIndexLean513dc7cc.row068_layer002_checked' depends on axioms: [propext, Classical.choice, Quot.sound]
'B699LowIndex.LowIndexLean513dc7cc.row068_layer003_intervals' does not depend on any axioms
'B699LowIndex.LowIndexLean513dc7cc.row068_layer003_arithmetic' depends on axioms: [propext,
 Classical.choice,
 Quot.sound]
'B699LowIndex.LowIndexLean513dc7cc.row068_layer003_enumeration' depends on axioms: [propext,
 Classical.choice,
 Quot.sound]
'B699LowIndex.LowIndexLean513dc7cc.row068_layer003_pairs000' does not depend on any axioms
'B699LowIndex.LowIndexLean513dc7cc.row068_layer003_pairs001' does not depend on any axioms
