B699.SmoothWindow.certifiedNs_eq_map : B699.SmoothWindow.certifiedNs =
  List.map Subtype.val B699.SmoothWindow.certifiedRows
'B699.SmoothWindow.certifiedNs_eq_map' depends on axioms: [propext, Classical.choice, Quot.sound]
B699.SmoothWindow.certified_rows_count : B699.SmoothWindow.certifiedRows.length = 467
'B699.SmoothWindow.certified_rows_count' depends on axioms: [propext, Classical.choice, Quot.sound]
@B699.SmoothWindow.certified_row_sound : ∀ {n : ℕ}, n ∈ B699.SmoothWindow.certifiedNs → B699.SmoothWindow.CommonFour n
'B699.SmoothWindow.certified_row_sound' depends on axioms: [propext, Classical.choice, Quot.sound]
B699.SmoothWindow.coverage_at_0 : B699.SmoothWindow.coverageAt 0 = true
'B699.SmoothWindow.coverage_at_0' depends on axioms: [propext, Quot.sound]
B699.SmoothWindow.coverage_at_1 : B699.SmoothWindow.coverageAt 1 = true
'B699.SmoothWindow.coverage_at_1' depends on axioms: [propext, Quot.sound]
B699.SmoothWindow.coverage_at_2 : B699.SmoothWindow.coverageAt 2 = true
'B699.SmoothWindow.coverage_at_2' depends on axioms: [propext, Quot.sound]
B699.SmoothWindow.coverage_at_3 : B699.SmoothWindow.coverageAt 3 = true
'B699.SmoothWindow.coverage_at_3' depends on axioms: [propext, Quot.sound]
B699.SmoothWindow.coverage_at_4 : B699.SmoothWindow.coverageAt 4 = true
'B699.SmoothWindow.coverage_at_4' depends on axioms: [propext, Quot.sound]
B699.SmoothWindow.coverage_at_5 : B699.SmoothWindow.coverageAt 5 = true
'B699.SmoothWindow.coverage_at_5' depends on axioms: [propext, Quot.sound]
B699.SmoothWindow.coverage_at_6 : B699.SmoothWindow.coverageAt 6 = true
'B699.SmoothWindow.coverage_at_6' depends on axioms: [propext, Quot.sound]
B699.SmoothWindow.coverage_at_7 : B699.SmoothWindow.coverageAt 7 = true
'B699.SmoothWindow.coverage_at_7' depends on axioms: [propext, Quot.sound]
B699.SmoothWindow.coverage_at_8 : B699.SmoothWindow.coverageAt 8 = true
'B699.SmoothWindow.coverage_at_8' depends on axioms: [propext, Quot.sound]
B699.SmoothWindow.coverage_at_9 : B699.SmoothWindow.coverageAt 9 = true
'B699.SmoothWindow.coverage_at_9' depends on axioms: [propext, Quot.sound]
B699.SmoothWindow.coverage_at_10 : B699.SmoothWindow.coverageAt 10 = true
'B699.SmoothWindow.coverage_at_10' depends on axioms: [propext, Quot.sound]
B699.SmoothWindow.coverage_at_11 : B699.SmoothWindow.coverageAt 11 = true
'B699.SmoothWindow.coverage_at_11' depends on axioms: [propext, Quot.sound]
B699.SmoothWindow.coverage_at_12 : B699.SmoothWindow.coverageAt 12 = true
'B699.SmoothWindow.coverage_at_12' depends on axioms: [propext, Quot.sound]
B699.SmoothWindow.coverage_at_13 : B699.SmoothWindow.coverageAt 13 = true
'B699.SmoothWindow.coverage_at_13' depends on axioms: [propext, Quot.sound]
B699.SmoothWindow.coverage_at_14 : B699.SmoothWindow.coverageAt 14 = true
'B699.SmoothWindow.coverage_at_14' depends on axioms: [propext, Quot.sound]
B699.SmoothWindow.coverage_at_15 : B699.SmoothWindow.coverageAt 15 = true
'B699.SmoothWindow.coverage_at_15' depends on axioms: [propext, Quot.sound]
B699.SmoothWindow.coverage_at_16 : B699.SmoothWindow.coverageAt 16 = true
'B699.SmoothWindow.coverage_at_16' depends on axioms: [propext, Quot.sound]
B699.SmoothWindow.coverage_at_17 : B699.SmoothWindow.coverageAt 17 = true
'B699.SmoothWindow.coverage_at_17' depends on axioms: [propext, Quot.sound]
B699.SmoothWindow.coverage_at_18 : B699.SmoothWindow.coverageAt 18 = true
'B699.SmoothWindow.coverage_at_18' depends on axioms: [propext, Quot.sound]
B699.SmoothWindow.coverage_at_19 : B699.SmoothWindow.coverageAt 19 = true
'B699.SmoothWindow.coverage_at_19' depends on axioms: [propext, Quot.sound]
B699.SmoothWindow.coverage_at_20 : B699.SmoothWindow.coverageAt 20 = true
'B699.SmoothWindow.coverage_at_20' depends on axioms: [propext, Quot.sound]
B699.SmoothWindow.coverage_at_21 : B699.SmoothWindow.coverageAt 21 = true
'B699.SmoothWindow.coverage_at_21' depends on axioms: [propext, Quot.sound]
B699.SmoothWindow.coverage_at_22 : B699.SmoothWindow.coverageAt 22 = true
'B699.SmoothWindow.coverage_at_22' depends on axioms: [propext, Quot.sound]
B699.SmoothWindow.coverage_at_23 : B699.SmoothWindow.coverageAt 23 = true
'B699.SmoothWindow.coverage_at_23' depends on axioms: [propext, Quot.sound]
B699.SmoothWindow.coverage_at_24 : B699.SmoothWindow.coverageAt 24 = true
'B699.SmoothWindow.coverage_at_24' depends on axioms: [propext, Quot.sound]
B699.SmoothWindow.coverage_at_25 : B699.SmoothWindow.coverageAt 25 = true
'B699.SmoothWindow.coverage_at_25' depends on axioms: [propext, Quot.sound]
B699.SmoothWindow.coverage_at_26 : B699.SmoothWindow.coverageAt 26 = true
'B699.SmoothWindow.coverage_at_26' depends on axioms: [propext, Quot.sound]
B699.SmoothWindow.coverage_at_27 : B699.SmoothWindow.coverageAt 27 = true
'B699.SmoothWindow.coverage_at_27' depends on axioms: [propext, Quot.sound]
B699.SmoothWindow.coverage_at_28 : B699.SmoothWindow.coverageAt 28 = true
'B699.SmoothWindow.coverage_at_28' depends on axioms: [propext, Quot.sound]
B699.SmoothWindow.coverage_at_29 : B699.SmoothWindow.coverageAt 29 = true
'B699.SmoothWindow.coverage_at_29' depends on axioms: [propext, Quot.sound]
B699.SmoothWindow.coverage_at_30 : B699.SmoothWindow.coverageAt 30 = true
'B699.SmoothWindow.coverage_at_30' depends on axioms: [propext, Quot.sound]
B699.SmoothWindow.coverage_at_31 : B699.SmoothWindow.coverageAt 31 = true
'B699.SmoothWindow.coverage_at_31' depends on axioms: [propext, Quot.sound]
B699.SmoothWindow.coverage_at_32 : B699.SmoothWindow.coverageAt 32 = true
'B699.SmoothWindow.coverage_at_32' depends on axioms: [propext, Quot.sound]
B699.SmoothWindow.coverage_at_33 : B699.SmoothWindow.coverageAt 33 = true
'B699.SmoothWindow.coverage_at_33' depends on axioms: [propext, Quot.sound]
B699.SmoothWindow.coverage_at_34 : B699.SmoothWindow.coverageAt 34 = true
'B699.SmoothWindow.coverage_at_34' depends on axioms: [propext, Quot.sound]
B699.SmoothWindow.coverage_at_35 : B699.SmoothWindow.coverageAt 35 = true
'B699.SmoothWindow.coverage_at_35' depends on axioms: [propext, Quot.sound]
B699.SmoothWindow.coverage_at_36 : B699.SmoothWindow.coverageAt 36 = true
'B699.SmoothWindow.coverage_at_36' depends on axioms: [propext, Quot.sound]
B699.SmoothWindow.coverage_at_37 : B699.SmoothWindow.coverageAt 37 = true
'B699.SmoothWindow.coverage_at_37' depends on axioms: [propext, Quot.sound]
B699.SmoothWindow.coverage_at_38 : B699.SmoothWindow.coverageAt 38 = true
'B699.SmoothWindow.coverage_at_38' depends on axioms: [propext, Quot.sound]
B699.SmoothWindow.coverage_at_39 : B699.SmoothWindow.coverageAt 39 = true
'B699.SmoothWindow.coverage_at_39' depends on axioms: [propext, Quot.sound]
B699.SmoothWindow.boundedCoverage_checked : ∀ a < 40, B699.SmoothWindow.coverageAt a = true
'B699.SmoothWindow.boundedCoverage_checked' depends on axioms: [propext, Quot.sound]
@B699.SmoothWindow.bounded_window_mem : ∀ {a b r : ℕ},
  a < 40 → b < 24 → min a b ≤ 1 → r ≤ 3 → 10 ≤ 2 ^ a * 3 ^ b + r → 2 ^ a * 3 ^ b + r ∈ B699.SmoothWindow.certifiedNs
'B699.SmoothWindow.bounded_window_mem' depends on axioms: [propext, Quot.sound]
@B699.SmoothWindow.bounded_window_common : ∀ {a b r : ℕ},
  a < 40 → b < 24 → min a b ≤ 1 → r ≤ 3 → 10 ≤ 2 ^ a * 3 ^ b + r → B699.SmoothWindow.CommonFour (2 ^ a * 3 ^ b + r)
'B699.SmoothWindow.bounded_window_common' depends on axioms: [propext, Classical.choice, Quot.sound]
