exact project closure files: 33
Math/B699/CofactorCriterion.lean
research/tasks/B699-Binomial/runs/20260909-large-prime-structure-cb4764f0/lean/GapBridge.lean
research/tasks/B699-Binomial/runs/20260908-external-reductions-b3c1b7/lean/DivisorTransfer.lean
research/tasks/B699-Binomial/runs/20260909-large-prime-structure-cb4764f0/lean/PrimePowerTransfer.lean
research/tasks/B699-Binomial/runs/20260909-large-prime-structure-cb4764f0/lean/SmallPartBound.lean
research/tasks/B699-Binomial/runs/20260909-low-index-structure-b41a5a63/lean/ThreeWindowWeights.lean
research/tasks/B699-Binomial/runs/20260909-low-index-structure-b41a5a63/lean/ThreeWindowSize.lean
research/tasks/B699-Binomial/runs/20260909-low-index-structure-b41a5a63/lean/LargeDivisorWitness.lean
research/tasks/B699-Binomial/runs/20260909-low-index-structure-b41a5a63/lean/IntervalCover.lean
research/tasks/B699-Binomial/runs/20260911-low-index-lean-513dc7cc/lean/I11Terminal/Special330.lean
research/tasks/B699-Binomial/runs/20260911-low-index-lean-513dc7cc/lean/I11TerminalCover/Witness.lean
research/tasks/B699-Binomial/runs/20260911-low-index-lean-513dc7cc/lean/I11TerminalCover/Cover.lean
research/tasks/B699-Binomial/runs/20260911-low-index-lean-513dc7cc/lean/I11TerminalCover/Append.lean
research/tasks/B699-Binomial/runs/20260911-low-index-lean-513dc7cc/lean/I11TerminalCandidateCoverage/Generic.lean
research/tasks/B699-Binomial/runs/20260909-low-index-structure-b41a5a63/lean/TrialPrimeCheck.lean
research/tasks/B699-Binomial/runs/20260911-low-index-lean-513dc7cc/lean/WitnessBridge.lean
research/tasks/B699-Binomial/runs/20260911-low-index-lean-513dc7cc/lean/I11TerminalData/Chunk024.lean
research/tasks/B699-Binomial/runs/20260911-low-index-lean-513dc7cc/lean/I11TerminalCandidateCoverage/FirstParts/P024.lean
research/tasks/B699-Binomial/runs/20260911-low-index-lean-513dc7cc/lean/I11TerminalData/Chunk025.lean
research/tasks/B699-Binomial/runs/20260911-low-index-lean-513dc7cc/lean/I11TerminalCandidateCoverage/FirstParts/P025.lean
research/tasks/B699-Binomial/runs/20260911-low-index-lean-513dc7cc/lean/I11TerminalData/Chunk026.lean
research/tasks/B699-Binomial/runs/20260911-low-index-lean-513dc7cc/lean/I11TerminalCandidateCoverage/FirstParts/P026.lean
research/tasks/B699-Binomial/runs/20260911-low-index-lean-513dc7cc/lean/I11TerminalData/Chunk027.lean
research/tasks/B699-Binomial/runs/20260911-low-index-lean-513dc7cc/lean/I11TerminalCandidateCoverage/FirstParts/P027.lean
research/tasks/B699-Binomial/runs/20260911-low-index-lean-513dc7cc/lean/I11TerminalData/Chunk028.lean
research/tasks/B699-Binomial/runs/20260911-low-index-lean-513dc7cc/lean/I11TerminalCandidateCoverage/FirstParts/P028.lean
research/tasks/B699-Binomial/runs/20260911-low-index-lean-513dc7cc/lean/I11TerminalData/Chunk029.lean
research/tasks/B699-Binomial/runs/20260911-low-index-lean-513dc7cc/lean/I11TerminalCandidateCoverage/FirstParts/P029.lean
research/tasks/B699-Binomial/runs/20260911-low-index-lean-513dc7cc/lean/I11TerminalData/Chunk030.lean
research/tasks/B699-Binomial/runs/20260911-low-index-lean-513dc7cc/lean/I11TerminalCandidateCoverage/FirstParts/P030.lean
research/tasks/B699-Binomial/runs/20260911-low-index-lean-513dc7cc/lean/I11TerminalData/Chunk031.lean
research/tasks/B699-Binomial/runs/20260911-low-index-lean-513dc7cc/lean/I11TerminalCandidateCoverage/FirstParts/P031.lean
research/tasks/B699-Binomial/runs/20260911-low-index-lean-513dc7cc/lean/I11TCovBatch/First03.lean

Source policy passed for exact project closure.
