CACHE_MODULE_BEGIN Cache.Cli threads=1 Elab.async=false managed=1536MiB sandboxed=True
B699_RESOURCE_CONTRACT path=/sys/fs/cgroup memory.max=2147483648 memory.current=2015232 cpu.max=100000 100000 pids.max=256 pids.current=3
B699_DIAGNOSTIC_TIMER timeout (GNU coreutils) 9.1
B699_DIAGNOSTIC_LEASE seconds=13266 deadline.epoch=1791330025
built Cache.Cli
CACHE_MODULE_BEGIN Cache.Lean threads=1 Elab.async=false managed=1536MiB sandboxed=True
B699_RESOURCE_CONTRACT path=/sys/fs/cgroup memory.max=2147483648 memory.current=2084864 cpu.max=100000 100000 pids.max=256 pids.current=3
B699_DIAGNOSTIC_TIMER timeout (GNU coreutils) 9.1
B699_DIAGNOSTIC_LEASE seconds=13265 deadline.epoch=1791330025
built Cache.Lean
CACHE_MODULE_BEGIN Batteries.Tactic.OpenPrivate threads=1 Elab.async=false managed=1536MiB sandboxed=True
B699_RESOURCE_CONTRACT path=/sys/fs/cgroup memory.max=2147483648 memory.current=2109440 cpu.max=100000 100000 pids.max=256 pids.current=3
B699_DIAGNOSTIC_TIMER timeout (GNU coreutils) 9.1
B699_DIAGNOSTIC_LEASE seconds=13264 deadline.epoch=1791330025
built Batteries.Tactic.OpenPrivate
CACHE_MODULE_BEGIN Cache.IO threads=1 Elab.async=false managed=1536MiB sandboxed=True
B699_RESOURCE_CONTRACT path=/sys/fs/cgroup memory.max=2147483648 memory.current=1847296 cpu.max=100000 100000 pids.max=256 pids.current=3
B699_DIAGNOSTIC_TIMER timeout (GNU coreutils) 9.1
B699_DIAGNOSTIC_LEASE seconds=13263 deadline.epoch=1791330025
built Cache.IO
CACHE_MODULE_BEGIN Cache.Hashing threads=1 Elab.async=false managed=1536MiB sandboxed=True
B699_RESOURCE_CONTRACT path=/sys/fs/cgroup memory.max=2147483648 memory.current=1941504 cpu.max=100000 100000 pids.max=256 pids.current=3
B699_DIAGNOSTIC_TIMER timeout (GNU coreutils) 9.1
B699_DIAGNOSTIC_LEASE seconds=13262 deadline.epoch=1791330025
built Cache.Hashing
CACHE_MODULE_BEGIN Cache.Infra threads=1 Elab.async=false managed=1536MiB sandboxed=True
B699_RESOURCE_CONTRACT path=/sys/fs/cgroup memory.max=2147483648 memory.current=1839104 cpu.max=100000 100000 pids.max=256 pids.current=3
B699_DIAGNOSTIC_TIMER timeout (GNU coreutils) 9.1
B699_DIAGNOSTIC_LEASE seconds=13261 deadline.epoch=1791330025
built Cache.Infra
CACHE_MODULE_BEGIN Cache.Requests threads=1 Elab.async=false managed=1536MiB sandboxed=True
B699_RESOURCE_CONTRACT path=/sys/fs/cgroup memory.max=2147483648 memory.current=2236416 cpu.max=100000 100000 pids.max=256 pids.current=3
B699_DIAGNOSTIC_TIMER timeout (GNU coreutils) 9.1
B699_DIAGNOSTIC_LEASE seconds=13261 deadline.epoch=1791330025
built Cache.Requests
CACHE_MODULE_BEGIN Cache.Marker threads=1 Elab.async=false managed=1536MiB sandboxed=True
B699_RESOURCE_CONTRACT path=/sys/fs/cgroup memory.max=2147483648 memory.current=2056192 cpu.max=100000 100000 pids.max=256 pids.current=3
B699_DIAGNOSTIC_TIMER timeout (GNU coreutils) 9.1
B699_DIAGNOSTIC_LEASE seconds=13259 deadline.epoch=1791330025
built Cache.Marker
CACHE_MODULE_BEGIN Cache.Query threads=1 Elab.async=false managed=1536MiB sandboxed=True
B699_RESOURCE_CONTRACT path=/sys/fs/cgroup memory.max=2147483648 memory.current=1851392 cpu.max=100000 100000 pids.max=256 pids.current=3
B699_DIAGNOSTIC_TIMER timeout (GNU coreutils) 9.1
B699_DIAGNOSTIC_LEASE seconds=13258 deadline.epoch=1791330025
built Cache.Query
CACHE_MODULE_BEGIN Cache.Warning threads=1 Elab.async=false managed=1536MiB sandboxed=True
B699_RESOURCE_CONTRACT path=/sys/fs/cgroup memory.max=2147483648 memory.current=1769472 cpu.max=100000 100000 pids.max=256 pids.current=3
B699_DIAGNOSTIC_TIMER timeout (GNU coreutils) 9.1
B699_DIAGNOSTIC_LEASE seconds=13258 deadline.epoch=1791330025
built Cache.Warning
CACHE_MODULE_BEGIN Cache.Main threads=1 Elab.async=false managed=1536MiB sandboxed=True
B699_RESOURCE_CONTRACT path=/sys/fs/cgroup memory.max=2147483648 memory.current=1957888 cpu.max=100000 100000 pids.max=256 pids.current=3
B699_DIAGNOSTIC_TIMER timeout (GNU coreutils) 9.1
B699_DIAGNOSTIC_LEASE seconds=13257 deadline.epoch=1791330025
built Cache.Main
built 11 modules; no native executable link
