{"status": "failed_not_accepted", "root": "research/tasks/B699-Binomial/runs/20260911-low-index-lean-513dc7cc/lean/I11TerminalMembership/Pair25/Audit.lean", "name": "i11-terminal-membership-pair25", "new_original_indices": [], "source_sha256_before": "d544fd833152415233cd793c99d4041da7e2dbf4be535b93c4f686fd7d8973bd", "reuse": ["research/tasks/B699-Binomial/runs/20260911-low-index-lean-513dc7cc/verification/20260912T090419901356Z/evidence.json", "research/tasks/B699-Binomial/runs/20260911-low-index-lean-513dc7cc/verification/20260911T220426262862Z/evidence.json"], "exit_code": 1, "evidence": "research/tasks/B699-Binomial/runs/20260911-low-index-lean-513dc7cc/verification/20260912T090546421528Z/evidence.json", "finished_utc": "2026-09-12T09:08:04.144319+00:00", "failure": "Compile failed: research.tasks.B699-Binomial.runs.20260911-low-index-lean-513dc7cc.lean.I11TerminalMembership.Pair25.RowA005"}
FAILED_SOURCE research/tasks/B699-Binomial/runs/20260911-low-index-lean-513dc7cc/lean/I11TerminalMembership/Pair25/RowA005.lean
# command: LEAN -j1 -M1536 -DautoImplicit=false -DrelaxedAutoImplicit=false --root=PROJECT_ROOT -o .tools/20260911-low-index-lean-513dc7cc/20260912T090546421528Z/olean/research/tasks/B699-Binomial/runs/20260911-low-index-lean-513dc7cc/lean/I11TerminalMembership/Pair25/RowA005.olean research/tasks/B699-Binomial/runs/20260911-low-index-lean-513dc7cc/lean/I11TerminalMembership/Pair25/RowA005.lean
# cwd: PROJECT_ROOT
# started_utc: 2026-09-12T09:07:36.917406Z
# finished_utc: 2026-09-12T09:08:03.982618Z
# exit_code: 1
# timed_out: False
PROJECT_ROOT\research\tasks\B699-Binomial\runs\20260911-low-index-lean-513dc7cc\lean\I11TerminalMembership\Pair25\RowA005.lean:28:2: error: Tactic `decide` failed. The elaborator is able to reduce the `Decidable` instance, but the kernel fails with:

  (kernel) excessive memory consumption detected
'Math.B699.I11TerminalMembership.Pair25.cellA5B1_check' depends on axioms: [propext]
'Math.B699.I11TerminalMembership.Pair25.cellA5B2_check' depends on axioms: [propext, sorryAx]
'Math.B699.I11TerminalMembership.Pair25.cellA5B3_check' depends on axioms: [propext]
'Math.B699.I11TerminalMembership.Pair25.cellA5B4_check' depends on axioms: [propext]
'Math.B699.I11TerminalMembership.Pair25.cellA5B5_check' depends on axioms: [propext]
'Math.B699.I11TerminalMembership.Pair25.cellA5B6_check' depends on axioms: [propext]
'Math.B699.I11TerminalMembership.Pair25.cellA5B7_check' depends on axioms: [propext]
'Math.B699.I11TerminalMembership.Pair25.cellA5B8_check' depends on axioms: [propext]
'Math.B699.I11TerminalMembership.Pair25.cellA5B9_check' depends on axioms: [propext]
'Math.B699.I11TerminalMembership.Pair25.cellA5B10_check' depends on axioms: [propext]
'Math.B699.I11TerminalMembership.Pair25.rowA5_cell_check' depends on axioms: [propext, sorryAx]
'Math.B699.I11TerminalMembership.Pair25.rowA5_block_check' depends on axioms: [propext, sorryAx, Quot.sound]

