research/tasks/B686-Four/round4/worker/K5SmallPrimeData.lean:14:38: warning: This simp argument is unused:
  Int.mul_emod

Hint: Omit it from the simp argument list.
  [apply] simp [residueQuartic, Int.add_emod]

Note: This linter can be disabled with `set_option linter.unusedSimpArgs false`
research/tasks/B686-Four/round4/worker/K5SmallPrimeData.lean:23:10: error(lean.synthInstanceFailed): failed to synthesize instance of type class
  LocallyFiniteOrder ℤ

Hint: Type class instance resolution failures can be inspected with the `set_option trace.Meta.synthInstance true` command.
research/tasks/B686-Four/round4/worker/K5SmallPrimeData.lean:29:18: error: Expected type must not contain metavariables
  4 ∈ Finset.Icc 1 5
research/tasks/B686-Four/round4/worker/K5SmallPrimeData.lean:37:18: error: Expected type must not contain metavariables
  3 ∈ Finset.Icc 1 5
research/tasks/B686-Four/round4/worker/K5SmallPrimeData.lean:45:18: error: Expected type must not contain metavariables
  2 ∈ Finset.Icc 1 5
research/tasks/B686-Four/round4/worker/K5SmallPrimeData.lean:53:18: error: Expected type must not contain metavariables
  5 ∈ Finset.Icc 1 5
research/tasks/B686-Four/round4/worker/K5SmallPrimeData.lean:61:18: error: Expected type must not contain metavariables
  4 ∈ Finset.Icc 1 5
research/tasks/B686-Four/round4/worker/K5SmallPrimeData.lean:69:18: error: Expected type must not contain metavariables
  3 ∈ Finset.Icc 1 5
research/tasks/B686-Four/round4/worker/K5SmallPrimeData.lean:77:18: error: Expected type must not contain metavariables
  2 ∈ Finset.Icc 1 5
research/tasks/B686-Four/round4/worker/K5SmallPrimeData.lean:85:18: error: Expected type must not contain metavariables
  1 ∈ Finset.Icc 1 5
research/tasks/B686-Four/round4/worker/K5SmallPrimeData.lean:95:10: error(lean.synthInstanceFailed): failed to synthesize instance of type class
  LocallyFiniteOrder ℤ

Hint: Type class instance resolution failures can be inspected with the `set_option trace.Meta.synthInstance true` command.
research/tasks/B686-Four/round4/worker/K5SmallPrimeData.lean:103:12: error(lean.unknownIdentifier): Unknown identifier `two_cofactor_data_residue`
research/tasks/B686-Four/round4/worker/K5SmallPrimeData.lean:97:45: error: unsolved goals
n d D : ℤ
hD : d = 8 * D
r : ℕ := (n % 8).toNat
hr : r < 8
hr' : ↑r = n % 8
hn : 8 * (n / 8) + ↑r = n
⊢ ∃ i ∈ Finset.Icc 1 5,
    ∃ c u v,
      c ≠ 0 ∧ p5 n = c * ((n + i) * u) ∧ p5 (n + d) = c * ((n + d + i) * v) ∧ u % 2 ≠ 0 ∧ v % 2 ≠ 0 ∧ d ∣ 4 * (v - u)
research/tasks/B686-Four/round4/worker/K5SmallPrimeData.lean:109:14: error(lean.unknownIdentifier): Unknown constant `two_cofactor_data`
research/tasks/B686-Four/round4/worker/K5SmallPrimeData.lean:108:0: error: ❌️ Docstring on `#guard_msgs` does not match generated message:

- info: 'B686Round4SmallPrime.two_cofactor_data' depends on axioms: [propext, Classical.choice, Quot.sound]
+ error: Unknown constant `two_cofactor_data`
research/tasks/B686-Four/round4/worker/K5SmallPrimeData.lean:112:10: error(lean.synthInstanceFailed): failed to synthesize instance of type class
  LocallyFiniteOrder ℤ

Hint: Type class instance resolution failures can be inspected with the `set_option trace.Meta.synthInstance true` command.
research/tasks/B686-Four/round4/worker/K5SmallPrimeData.lean:118:18: error: Expected type must not contain metavariables
  3 ∈ Finset.Icc 1 5
research/tasks/B686-Four/round4/worker/K5SmallPrimeData.lean:126:18: error: Expected type must not contain metavariables
  2 ∈ Finset.Icc 1 5
research/tasks/B686-Four/round4/worker/K5SmallPrimeData.lean:134:18: error: Expected type must not contain metavariables
  1 ∈ Finset.Icc 1 5
research/tasks/B686-Four/round4/worker/K5SmallPrimeData.lean:142:18: error: Expected type must not contain metavariables
  3 ∈ Finset.Icc 1 5
research/tasks/B686-Four/round4/worker/K5SmallPrimeData.lean:150:18: error: Expected type must not contain metavariables
  5 ∈ Finset.Icc 1 5
research/tasks/B686-Four/round4/worker/K5SmallPrimeData.lean:158:18: error: Expected type must not contain metavariables
  4 ∈ Finset.Icc 1 5
research/tasks/B686-Four/round4/worker/K5SmallPrimeData.lean:166:18: error: Expected type must not contain metavariables
  3 ∈ Finset.Icc 1 5
research/tasks/B686-Four/round4/worker/K5SmallPrimeData.lean:174:18: error: Expected type must not contain metavariables
  2 ∈ Finset.Icc 1 5
research/tasks/B686-Four/round4/worker/K5SmallPrimeData.lean:182:18: error: Expected type must not contain metavariables
  1 ∈ Finset.Icc 1 5
research/tasks/B686-Four/round4/worker/K5SmallPrimeData.lean:192:10: error(lean.synthInstanceFailed): failed to synthesize instance of type class
  LocallyFiniteOrder ℤ

Hint: Type class instance resolution failures can be inspected with the `set_option trace.Meta.synthInstance true` command.
research/tasks/B686-Four/round4/worker/K5SmallPrimeData.lean:200:12: error(lean.unknownIdentifier): Unknown identifier `three_cofactor_data_residue`
research/tasks/B686-Four/round4/worker/K5SmallPrimeData.lean:194:45: error: unsolved goals
n d D : ℤ
hD : d = 9 * D
r : ℕ := (n % 9).toNat
hr : r < 9
hr' : ↑r = n % 9
hn : 9 * (n / 9) + ↑r = n
⊢ ∃ i ∈ Finset.Icc 1 5,
    ∃ c u v,
      c ≠ 0 ∧ p5 n = c * ((n + i) * u) ∧ p5 (n + d) = c * ((n + d + i) * v) ∧ u % 3 ≠ 0 ∧ v % 3 ≠ 0 ∧ d ∣ 3 * (v - u)
research/tasks/B686-Four/round4/worker/K5SmallPrimeData.lean:206:14: error(lean.unknownIdentifier): Unknown constant `three_cofactor_data`
research/tasks/B686-Four/round4/worker/K5SmallPrimeData.lean:205:0: error: ❌️ Docstring on `#guard_msgs` does not match generated message:

- info: 'B686Round4SmallPrime.three_cofactor_data' depends on axioms: [propext, Classical.choice, Quot.sound]
+ error: Unknown constant `three_cofactor_data`
