# command: LEAN -j1 -M1536 -DautoImplicit=false -DrelaxedAutoImplicit=false --root=PROJECT_ROOT -o .tools/20260911-low-index-lean-513dc7cc/20260912T000249992195Z/olean/research/tasks/B699-Binomial/runs/20260911-low-index-lean-513dc7cc/lean/CrtStage0Pair23/Chunk001RowA16.olean research/tasks/B699-Binomial/runs/20260911-low-index-lean-513dc7cc/lean/CrtStage0Pair23/Chunk001RowA16.lean
# cwd: PROJECT_ROOT
# started_utc: 2026-09-12T00:04:57.993757Z
# finished_utc: 2026-09-12T00:05:09.637667Z
# exit_code: 0
# timed_out: False
'Math.B699.CRTStage0Pair23.Chunk001.cellA16B1_check' depends on axioms: [propext]
'Math.B699.CRTStage0Pair23.Chunk001.cellA16B2_check' depends on axioms: [propext]
'Math.B699.CRTStage0Pair23.Chunk001.cellA16B3_check' depends on axioms: [propext]
'Math.B699.CRTStage0Pair23.Chunk001.cellA16B4_check' depends on axioms: [propext]
'Math.B699.CRTStage0Pair23.Chunk001.cellA16B5_check' depends on axioms: [propext]
'Math.B699.CRTStage0Pair23.Chunk001.cellA16B6_check' depends on axioms: [propext]
'Math.B699.CRTStage0Pair23.Chunk001.cellA16B7_check' depends on axioms: [propext]
'Math.B699.CRTStage0Pair23.Chunk001.cellA16B8_check' depends on axioms: [propext]
'Math.B699.CRTStage0Pair23.Chunk001.cellA16B9_check' depends on axioms: [propext]
'Math.B699.CRTStage0Pair23.Chunk001.cellA16B10_check' depends on axioms: [propext]
'Math.B699.CRTStage0Pair23.Chunk001.cellA16B11_check' depends on axioms: [propext]
'Math.B699.CRTStage0Pair23.Chunk001.cellA16B12_check' depends on axioms: [propext]
'Math.B699.CRTStage0Pair23.Chunk001.cellA16B13_check' depends on axioms: [propext]
'Math.B699.CRTStage0Pair23.Chunk001.cellA16B14_check' depends on axioms: [propext]
'Math.B699.CRTStage0Pair23.Chunk001.cellA16B15_check' depends on axioms: [propext]
'Math.B699.CRTStage0Pair23.Chunk001.cellA16B16_check' depends on axioms: [propext]
'Math.B699.CRTStage0Pair23.Chunk001.cellA16B17_check' depends on axioms: [propext]
'Math.B699.CRTStage0Pair23.Chunk001.cellA16B18_check' depends on axioms: [propext]
'Math.B699.CRTStage0Pair23.Chunk001.cellA16B19_check' depends on axioms: [propext]
'Math.B699.CRTStage0Pair23.Chunk001.cellA16B20_check' depends on axioms: [propext]
'Math.B699.CRTStage0Pair23.Chunk001.cellA16B21_check' depends on axioms: [propext]
'Math.B699.CRTStage0Pair23.Chunk001.cellA16B22_check' depends on axioms: [propext]
'Math.B699.CRTStage0Pair23.Chunk001.cellA16B23_check' depends on axioms: [propext]
'Math.B699.CRTStage0Pair23.Chunk001.cellA16B24_check' depends on axioms: [propext]
'Math.B699.CRTStage0Pair23.Chunk001.cellA16B25_check' depends on axioms: [propext]
'Math.B699.CRTStage0Pair23.Chunk001.cellA16B26_check' depends on axioms: [propext]
'Math.B699.CRTStage0Pair23.Chunk001.cellA16B27_check' depends on axioms: [propext]
'Math.B699.CRTStage0Pair23.Chunk001.cellA16B28_check' depends on axioms: [propext]
'Math.B699.CRTStage0Pair23.Chunk001.cellA16B29_check' depends on axioms: [propext]
'Math.B699.CRTStage0Pair23.Chunk001.cellA16B30_check' depends on axioms: [propext]
'Math.B699.CRTStage0Pair23.Chunk001.cellA16B31_check' depends on axioms: [propext]
'Math.B699.CRTStage0Pair23.Chunk001.cellA16B32_check' depends on axioms: [propext]
'Math.B699.CRTStage0Pair23.Chunk001.cellA16B33_check' depends on axioms: [propext]
'Math.B699.CRTStage0Pair23.Chunk001.cellA16B34_check' depends on axioms: [propext]
'Math.B699.CRTStage0Pair23.Chunk001.cellA16B35_check' depends on axioms: [propext]
'Math.B699.CRTStage0Pair23.Chunk001.cellA16B36_check' depends on axioms: [propext]
'Math.B699.CRTStage0Pair23.Chunk001.cellA16B37_check' depends on axioms: [propext]
'Math.B699.CRTStage0Pair23.Chunk001.cellA16B38_check' depends on axioms: [propext]
'Math.B699.CRTStage0Pair23.Chunk001.cellA16B39_check' depends on axioms: [propext]
'Math.B699.CRTStage0Pair23.Chunk001.cellA16B40_check' depends on axioms: [propext]
'Math.B699.CRTStage0Pair23.Chunk001.cellA16B41_check' depends on axioms: [propext]
'Math.B699.CRTStage0Pair23.Chunk001.cellA16B42_check' depends on axioms: [propext]
'Math.B699.CRTStage0Pair23.Chunk001.cellA16B43_check' depends on axioms: [propext]
'Math.B699.CRTStage0Pair23.Chunk001.cellA16B44_check' depends on axioms: [propext]
'Math.B699.CRTStage0Pair23.Chunk001.cellA16B45_check' depends on axioms: [propext]
'Math.B699.CRTStage0Pair23.Chunk001.cellA16B46_check' depends on axioms: [propext]
'Math.B699.CRTStage0Pair23.Chunk001.cellA16B47_check' depends on axioms: [propext]
'Math.B699.CRTStage0Pair23.Chunk001.cellA16B48_check' depends on axioms: [propext]
'Math.B699.CRTStage0Pair23.Chunk001.cellA16B49_check' depends on axioms: [propext]
'Math.B699.CRTStage0Pair23.Chunk001.cellA16B50_check' depends on axioms: [propext]
'Math.B699.CRTStage0Pair23.Chunk001.cellA16B51_check' depends on axioms: [propext]
'Math.B699.CRTStage0Pair23.Chunk001.cellA16B52_check' depends on axioms: [propext]
'Math.B699.CRTStage0Pair23.Chunk001.cellA16B53_check' depends on axioms: [propext]
'Math.B699.CRTStage0Pair23.Chunk001.cellA16B54_check' depends on axioms: [propext]
'Math.B699.CRTStage0Pair23.Chunk001.cellA16B55_check' depends on axioms: [propext]
'Math.B699.CRTStage0Pair23.Chunk001.cellA16B56_check' depends on axioms: [propext]
'Math.B699.CRTStage0Pair23.Chunk001.cellA16B57_check' depends on axioms: [propext]
'Math.B699.CRTStage0Pair23.Chunk001.cellA16B58_check' depends on axioms: [propext]
'Math.B699.CRTStage0Pair23.Chunk001.cellA16B59_check' depends on axioms: [propext]
'Math.B699.CRTStage0Pair23.Chunk001.cellA16B60_check' depends on axioms: [propext]
'Math.B699.CRTStage0Pair23.Chunk001.cellA16B61_check' depends on axioms: [propext]
'Math.B699.CRTStage0Pair23.Chunk001.cellA16B62_check' depends on axioms: [propext]
'Math.B699.CRTStage0Pair23.Chunk001.cellA16B63_check' depends on axioms: [propext]
'Math.B699.CRTStage0Pair23.Chunk001.cellA16B64_check' depends on axioms: [propext]
'Math.B699.CRTStage0Pair23.Chunk001.cellA16B65_check' depends on axioms: [propext]
'Math.B699.CRTStage0Pair23.Chunk001.cellA16B66_check' depends on axioms: [propext]
'Math.B699.CRTStage0Pair23.Chunk001.cellA16B67_check' depends on axioms: [propext]
'Math.B699.CRTStage0Pair23.Chunk001.cellA16B68_check' depends on axioms: [propext]
'Math.B699.CRTStage0Pair23.Chunk001.rowA16_cell_check' depends on axioms: [propext]
'Math.B699.CRTStage0Pair23.Chunk001.rowA16_block_check' depends on axioms: [propext, Quot.sound]
