# command: LEAN -j1 -M1536 -DautoImplicit=false -DrelaxedAutoImplicit=false --root=PROJECT_ROOT -o .tools/20260911-low-index-lean-513dc7cc/20260912T000249992195Z/olean/research/tasks/B699-Binomial/runs/20260911-low-index-lean-513dc7cc/lean/CrtStage0Pair23/Chunk001RowA13.olean research/tasks/B699-Binomial/runs/20260911-low-index-lean-513dc7cc/lean/CrtStage0Pair23/Chunk001RowA13.lean
# cwd: PROJECT_ROOT
# started_utc: 2026-09-12T00:04:22.866306Z
# finished_utc: 2026-09-12T00:04:34.700456Z
# exit_code: 0
# timed_out: False
'Math.B699.CRTStage0Pair23.Chunk001.cellA13B1_check' depends on axioms: [propext]
'Math.B699.CRTStage0Pair23.Chunk001.cellA13B2_check' depends on axioms: [propext]
'Math.B699.CRTStage0Pair23.Chunk001.cellA13B3_check' depends on axioms: [propext]
'Math.B699.CRTStage0Pair23.Chunk001.cellA13B4_check' depends on axioms: [propext]
'Math.B699.CRTStage0Pair23.Chunk001.cellA13B5_check' depends on axioms: [propext]
'Math.B699.CRTStage0Pair23.Chunk001.cellA13B6_check' depends on axioms: [propext]
'Math.B699.CRTStage0Pair23.Chunk001.cellA13B7_check' depends on axioms: [propext]
'Math.B699.CRTStage0Pair23.Chunk001.cellA13B8_check' depends on axioms: [propext]
'Math.B699.CRTStage0Pair23.Chunk001.cellA13B9_check' depends on axioms: [propext]
'Math.B699.CRTStage0Pair23.Chunk001.cellA13B10_check' depends on axioms: [propext]
'Math.B699.CRTStage0Pair23.Chunk001.cellA13B11_check' depends on axioms: [propext]
'Math.B699.CRTStage0Pair23.Chunk001.cellA13B12_check' depends on axioms: [propext]
'Math.B699.CRTStage0Pair23.Chunk001.cellA13B13_check' depends on axioms: [propext]
'Math.B699.CRTStage0Pair23.Chunk001.cellA13B14_check' depends on axioms: [propext]
'Math.B699.CRTStage0Pair23.Chunk001.cellA13B15_check' depends on axioms: [propext]
'Math.B699.CRTStage0Pair23.Chunk001.cellA13B16_check' depends on axioms: [propext]
'Math.B699.CRTStage0Pair23.Chunk001.cellA13B17_check' depends on axioms: [propext]
'Math.B699.CRTStage0Pair23.Chunk001.cellA13B18_check' depends on axioms: [propext]
'Math.B699.CRTStage0Pair23.Chunk001.cellA13B19_check' depends on axioms: [propext]
'Math.B699.CRTStage0Pair23.Chunk001.cellA13B20_check' depends on axioms: [propext]
'Math.B699.CRTStage0Pair23.Chunk001.cellA13B21_check' depends on axioms: [propext]
'Math.B699.CRTStage0Pair23.Chunk001.cellA13B22_check' depends on axioms: [propext]
'Math.B699.CRTStage0Pair23.Chunk001.cellA13B23_check' depends on axioms: [propext]
'Math.B699.CRTStage0Pair23.Chunk001.cellA13B24_check' depends on axioms: [propext]
'Math.B699.CRTStage0Pair23.Chunk001.cellA13B25_check' depends on axioms: [propext]
'Math.B699.CRTStage0Pair23.Chunk001.cellA13B26_check' depends on axioms: [propext]
'Math.B699.CRTStage0Pair23.Chunk001.cellA13B27_check' depends on axioms: [propext]
'Math.B699.CRTStage0Pair23.Chunk001.cellA13B28_check' depends on axioms: [propext]
'Math.B699.CRTStage0Pair23.Chunk001.cellA13B29_check' depends on axioms: [propext]
'Math.B699.CRTStage0Pair23.Chunk001.cellA13B30_check' depends on axioms: [propext]
'Math.B699.CRTStage0Pair23.Chunk001.cellA13B31_check' depends on axioms: [propext]
'Math.B699.CRTStage0Pair23.Chunk001.cellA13B32_check' depends on axioms: [propext]
'Math.B699.CRTStage0Pair23.Chunk001.cellA13B33_check' depends on axioms: [propext]
'Math.B699.CRTStage0Pair23.Chunk001.cellA13B34_check' depends on axioms: [propext]
'Math.B699.CRTStage0Pair23.Chunk001.cellA13B35_check' depends on axioms: [propext]
'Math.B699.CRTStage0Pair23.Chunk001.cellA13B36_check' depends on axioms: [propext]
'Math.B699.CRTStage0Pair23.Chunk001.cellA13B37_check' depends on axioms: [propext]
'Math.B699.CRTStage0Pair23.Chunk001.cellA13B38_check' depends on axioms: [propext]
'Math.B699.CRTStage0Pair23.Chunk001.cellA13B39_check' depends on axioms: [propext]
'Math.B699.CRTStage0Pair23.Chunk001.cellA13B40_check' depends on axioms: [propext]
'Math.B699.CRTStage0Pair23.Chunk001.cellA13B41_check' depends on axioms: [propext]
'Math.B699.CRTStage0Pair23.Chunk001.cellA13B42_check' depends on axioms: [propext]
'Math.B699.CRTStage0Pair23.Chunk001.cellA13B43_check' depends on axioms: [propext]
'Math.B699.CRTStage0Pair23.Chunk001.cellA13B44_check' depends on axioms: [propext]
'Math.B699.CRTStage0Pair23.Chunk001.cellA13B45_check' depends on axioms: [propext]
'Math.B699.CRTStage0Pair23.Chunk001.cellA13B46_check' depends on axioms: [propext]
'Math.B699.CRTStage0Pair23.Chunk001.cellA13B47_check' depends on axioms: [propext]
'Math.B699.CRTStage0Pair23.Chunk001.cellA13B48_check' depends on axioms: [propext]
'Math.B699.CRTStage0Pair23.Chunk001.cellA13B49_check' depends on axioms: [propext]
'Math.B699.CRTStage0Pair23.Chunk001.cellA13B50_check' depends on axioms: [propext]
'Math.B699.CRTStage0Pair23.Chunk001.cellA13B51_check' depends on axioms: [propext]
'Math.B699.CRTStage0Pair23.Chunk001.cellA13B52_check' depends on axioms: [propext]
'Math.B699.CRTStage0Pair23.Chunk001.cellA13B53_check' depends on axioms: [propext]
'Math.B699.CRTStage0Pair23.Chunk001.cellA13B54_check' depends on axioms: [propext]
'Math.B699.CRTStage0Pair23.Chunk001.cellA13B55_check' depends on axioms: [propext]
'Math.B699.CRTStage0Pair23.Chunk001.cellA13B56_check' depends on axioms: [propext]
'Math.B699.CRTStage0Pair23.Chunk001.cellA13B57_check' depends on axioms: [propext]
'Math.B699.CRTStage0Pair23.Chunk001.cellA13B58_check' depends on axioms: [propext]
'Math.B699.CRTStage0Pair23.Chunk001.cellA13B59_check' depends on axioms: [propext]
'Math.B699.CRTStage0Pair23.Chunk001.cellA13B60_check' depends on axioms: [propext]
'Math.B699.CRTStage0Pair23.Chunk001.cellA13B61_check' depends on axioms: [propext]
'Math.B699.CRTStage0Pair23.Chunk001.cellA13B62_check' depends on axioms: [propext]
'Math.B699.CRTStage0Pair23.Chunk001.cellA13B63_check' depends on axioms: [propext]
'Math.B699.CRTStage0Pair23.Chunk001.cellA13B64_check' depends on axioms: [propext]
'Math.B699.CRTStage0Pair23.Chunk001.cellA13B65_check' depends on axioms: [propext]
'Math.B699.CRTStage0Pair23.Chunk001.cellA13B66_check' depends on axioms: [propext]
'Math.B699.CRTStage0Pair23.Chunk001.cellA13B67_check' depends on axioms: [propext]
'Math.B699.CRTStage0Pair23.Chunk001.cellA13B68_check' depends on axioms: [propext]
'Math.B699.CRTStage0Pair23.Chunk001.rowA13_cell_check' depends on axioms: [propext]
'Math.B699.CRTStage0Pair23.Chunk001.rowA13_block_check' depends on axioms: [propext, Quot.sound]
