# command: LEAN -j1 -M1536 -DautoImplicit=false -DrelaxedAutoImplicit=false --root=PROJECT_ROOT -o .tools/20260911-low-index-lean-513dc7cc/20260912T000249992195Z/olean/research/tasks/B699-Binomial/runs/20260911-low-index-lean-513dc7cc/lean/CrtStage0Pair23/Chunk001RowA14.olean research/tasks/B699-Binomial/runs/20260911-low-index-lean-513dc7cc/lean/CrtStage0Pair23/Chunk001RowA14.lean
# cwd: PROJECT_ROOT
# started_utc: 2026-09-12T00:04:34.715123Z
# finished_utc: 2026-09-12T00:04:46.158520Z
# exit_code: 0
# timed_out: False
'Math.B699.CRTStage0Pair23.Chunk001.cellA14B1_check' depends on axioms: [propext]
'Math.B699.CRTStage0Pair23.Chunk001.cellA14B2_check' depends on axioms: [propext]
'Math.B699.CRTStage0Pair23.Chunk001.cellA14B3_check' depends on axioms: [propext]
'Math.B699.CRTStage0Pair23.Chunk001.cellA14B4_check' depends on axioms: [propext]
'Math.B699.CRTStage0Pair23.Chunk001.cellA14B5_check' depends on axioms: [propext]
'Math.B699.CRTStage0Pair23.Chunk001.cellA14B6_check' depends on axioms: [propext]
'Math.B699.CRTStage0Pair23.Chunk001.cellA14B7_check' depends on axioms: [propext]
'Math.B699.CRTStage0Pair23.Chunk001.cellA14B8_check' depends on axioms: [propext]
'Math.B699.CRTStage0Pair23.Chunk001.cellA14B9_check' depends on axioms: [propext]
'Math.B699.CRTStage0Pair23.Chunk001.cellA14B10_check' depends on axioms: [propext]
'Math.B699.CRTStage0Pair23.Chunk001.cellA14B11_check' depends on axioms: [propext]
'Math.B699.CRTStage0Pair23.Chunk001.cellA14B12_check' depends on axioms: [propext]
'Math.B699.CRTStage0Pair23.Chunk001.cellA14B13_check' depends on axioms: [propext]
'Math.B699.CRTStage0Pair23.Chunk001.cellA14B14_check' depends on axioms: [propext]
'Math.B699.CRTStage0Pair23.Chunk001.cellA14B15_check' depends on axioms: [propext]
'Math.B699.CRTStage0Pair23.Chunk001.cellA14B16_check' depends on axioms: [propext]
'Math.B699.CRTStage0Pair23.Chunk001.cellA14B17_check' depends on axioms: [propext]
'Math.B699.CRTStage0Pair23.Chunk001.cellA14B18_check' depends on axioms: [propext]
'Math.B699.CRTStage0Pair23.Chunk001.cellA14B19_check' depends on axioms: [propext]
'Math.B699.CRTStage0Pair23.Chunk001.cellA14B20_check' depends on axioms: [propext]
'Math.B699.CRTStage0Pair23.Chunk001.cellA14B21_check' depends on axioms: [propext]
'Math.B699.CRTStage0Pair23.Chunk001.cellA14B22_check' depends on axioms: [propext]
'Math.B699.CRTStage0Pair23.Chunk001.cellA14B23_check' depends on axioms: [propext]
'Math.B699.CRTStage0Pair23.Chunk001.cellA14B24_check' depends on axioms: [propext]
'Math.B699.CRTStage0Pair23.Chunk001.cellA14B25_check' depends on axioms: [propext]
'Math.B699.CRTStage0Pair23.Chunk001.cellA14B26_check' depends on axioms: [propext]
'Math.B699.CRTStage0Pair23.Chunk001.cellA14B27_check' depends on axioms: [propext]
'Math.B699.CRTStage0Pair23.Chunk001.cellA14B28_check' depends on axioms: [propext]
'Math.B699.CRTStage0Pair23.Chunk001.cellA14B29_check' depends on axioms: [propext]
'Math.B699.CRTStage0Pair23.Chunk001.cellA14B30_check' depends on axioms: [propext]
'Math.B699.CRTStage0Pair23.Chunk001.cellA14B31_check' depends on axioms: [propext]
'Math.B699.CRTStage0Pair23.Chunk001.cellA14B32_check' depends on axioms: [propext]
'Math.B699.CRTStage0Pair23.Chunk001.cellA14B33_check' depends on axioms: [propext]
'Math.B699.CRTStage0Pair23.Chunk001.cellA14B34_check' depends on axioms: [propext]
'Math.B699.CRTStage0Pair23.Chunk001.cellA14B35_check' depends on axioms: [propext]
'Math.B699.CRTStage0Pair23.Chunk001.cellA14B36_check' depends on axioms: [propext]
'Math.B699.CRTStage0Pair23.Chunk001.cellA14B37_check' depends on axioms: [propext]
'Math.B699.CRTStage0Pair23.Chunk001.cellA14B38_check' depends on axioms: [propext]
'Math.B699.CRTStage0Pair23.Chunk001.cellA14B39_check' depends on axioms: [propext]
'Math.B699.CRTStage0Pair23.Chunk001.cellA14B40_check' depends on axioms: [propext]
'Math.B699.CRTStage0Pair23.Chunk001.cellA14B41_check' depends on axioms: [propext]
'Math.B699.CRTStage0Pair23.Chunk001.cellA14B42_check' depends on axioms: [propext]
'Math.B699.CRTStage0Pair23.Chunk001.cellA14B43_check' depends on axioms: [propext]
'Math.B699.CRTStage0Pair23.Chunk001.cellA14B44_check' depends on axioms: [propext]
'Math.B699.CRTStage0Pair23.Chunk001.cellA14B45_check' depends on axioms: [propext]
'Math.B699.CRTStage0Pair23.Chunk001.cellA14B46_check' depends on axioms: [propext]
'Math.B699.CRTStage0Pair23.Chunk001.cellA14B47_check' depends on axioms: [propext]
'Math.B699.CRTStage0Pair23.Chunk001.cellA14B48_check' depends on axioms: [propext]
'Math.B699.CRTStage0Pair23.Chunk001.cellA14B49_check' depends on axioms: [propext]
'Math.B699.CRTStage0Pair23.Chunk001.cellA14B50_check' depends on axioms: [propext]
'Math.B699.CRTStage0Pair23.Chunk001.cellA14B51_check' depends on axioms: [propext]
'Math.B699.CRTStage0Pair23.Chunk001.cellA14B52_check' depends on axioms: [propext]
'Math.B699.CRTStage0Pair23.Chunk001.cellA14B53_check' depends on axioms: [propext]
'Math.B699.CRTStage0Pair23.Chunk001.cellA14B54_check' depends on axioms: [propext]
'Math.B699.CRTStage0Pair23.Chunk001.cellA14B55_check' depends on axioms: [propext]
'Math.B699.CRTStage0Pair23.Chunk001.cellA14B56_check' depends on axioms: [propext]
'Math.B699.CRTStage0Pair23.Chunk001.cellA14B57_check' depends on axioms: [propext]
'Math.B699.CRTStage0Pair23.Chunk001.cellA14B58_check' depends on axioms: [propext]
'Math.B699.CRTStage0Pair23.Chunk001.cellA14B59_check' depends on axioms: [propext]
'Math.B699.CRTStage0Pair23.Chunk001.cellA14B60_check' depends on axioms: [propext]
'Math.B699.CRTStage0Pair23.Chunk001.cellA14B61_check' depends on axioms: [propext]
'Math.B699.CRTStage0Pair23.Chunk001.cellA14B62_check' depends on axioms: [propext]
'Math.B699.CRTStage0Pair23.Chunk001.cellA14B63_check' depends on axioms: [propext]
'Math.B699.CRTStage0Pair23.Chunk001.cellA14B64_check' depends on axioms: [propext]
'Math.B699.CRTStage0Pair23.Chunk001.cellA14B65_check' depends on axioms: [propext]
'Math.B699.CRTStage0Pair23.Chunk001.cellA14B66_check' depends on axioms: [propext]
'Math.B699.CRTStage0Pair23.Chunk001.cellA14B67_check' depends on axioms: [propext]
'Math.B699.CRTStage0Pair23.Chunk001.cellA14B68_check' depends on axioms: [propext]
'Math.B699.CRTStage0Pair23.Chunk001.rowA14_cell_check' depends on axioms: [propext]
'Math.B699.CRTStage0Pair23.Chunk001.rowA14_block_check' depends on axioms: [propext, Quot.sound]
