# command: LEAN -j1 -M1536 -DautoImplicit=false -DrelaxedAutoImplicit=false --root=PROJECT_ROOT -o .tools/20260911-low-index-lean-513dc7cc/20260912T024236516661Z/olean/research/tasks/B699-Binomial/runs/20260911-low-index-lean-513dc7cc/lean/I11TCovBatch/First04.olean research/tasks/B699-Binomial/runs/20260911-low-index-lean-513dc7cc/lean/I11TCovBatch/First04.lean
# cwd: PROJECT_ROOT
# started_utc: 2026-09-12T02:45:27.632489Z
# finished_utc: 2026-09-12T02:45:36.164469Z
# exit_code: 0
# timed_out: False
@Math.B699.I11TerminalCandidateCoverage.FirstParts.P032.sound : Math.B699.I11TerminalCandidateCoverage.IntervalSound
  (2495, 2520)
'Math.B699.I11TerminalCandidateCoverage.FirstParts.P032.sound' depends on axioms: [propext,
 Classical.choice,
 Quot.sound]
@Math.B699.I11TerminalCandidateCoverage.FirstParts.P033.sound : Math.B699.I11TerminalCandidateCoverage.IntervalSound
  (2521, 2578)
'Math.B699.I11TerminalCandidateCoverage.FirstParts.P033.sound' depends on axioms: [propext,
 Classical.choice,
 Quot.sound]
@Math.B699.I11TerminalCandidateCoverage.FirstParts.P034.sound : Math.B699.I11TerminalCandidateCoverage.IntervalSound
  (2579, 2645)
'Math.B699.I11TerminalCandidateCoverage.FirstParts.P034.sound' depends on axioms: [propext,
 Classical.choice,
 Quot.sound]
@Math.B699.I11TerminalCandidateCoverage.FirstParts.P035.sound : Math.B699.I11TerminalCandidateCoverage.IntervalSound
  (2646, 2759)
'Math.B699.I11TerminalCandidateCoverage.FirstParts.P035.sound' depends on axioms: [propext,
 Classical.choice,
 Quot.sound]
@Math.B699.I11TerminalCandidateCoverage.FirstParts.P036.sound : Math.B699.I11TerminalCandidateCoverage.IntervalSound
  (2760, 2829)
'Math.B699.I11TerminalCandidateCoverage.FirstParts.P036.sound' depends on axioms: [propext,
 Classical.choice,
 Quot.sound]
@Math.B699.I11TerminalCandidateCoverage.FirstParts.P037.sound : Math.B699.I11TerminalCandidateCoverage.IntervalSound
  (2830, 2897)
'Math.B699.I11TerminalCandidateCoverage.FirstParts.P037.sound' depends on axioms: [propext,
 Classical.choice,
 Quot.sound]
@Math.B699.I11TerminalCandidateCoverage.FirstParts.P038.sound : Math.B699.I11TerminalCandidateCoverage.IntervalSound
  (2898, 2984)
'Math.B699.I11TerminalCandidateCoverage.FirstParts.P038.sound' depends on axioms: [propext,
 Classical.choice,
 Quot.sound]
@Math.B699.I11TerminalCandidateCoverage.FirstParts.P039.sound : Math.B699.I11TerminalCandidateCoverage.IntervalSound
  (2985, 3011)
'Math.B699.I11TerminalCandidateCoverage.FirstParts.P039.sound' depends on axioms: [propext,
 Classical.choice,
 Quot.sound]
