# command: LEAN -j1 -M1536 -DautoImplicit=false -DrelaxedAutoImplicit=false --root=PROJECT_ROOT -o .tools/20260911-low-index-lean-513dc7cc/20260911T075845744821Z/olean/research/tasks/B699-Binomial/runs/20260911-low-index-lean-513dc7cc/lean/Factorial/Factorial25D17.olean research/tasks/B699-Binomial/runs/20260911-low-index-lean-513dc7cc/lean/Factorial/Factorial25D17.lean
# cwd: PROJECT_ROOT
# started_utc: 2026-09-11T07:59:14.248264Z
# finished_utc: 2026-09-11T07:59:46.624490Z
# exit_code: 0
# timed_out: False
PROJECT_ROOT\research\tasks\B699-Binomial\runs\20260911-low-index-lean-513dc7cc\lean\Factorial\Factorial25D17.lean:82:2: warning: Used `tac1 <;> tac2` where `(tac1; tac2)` would suffice

Note: This linter can be disabled with `set_option linter.unnecessarySeqFocus false`
PROJECT_ROOT\research\tasks\B699-Binomial\runs\20260911-low-index-lean-513dc7cc\lean\Factorial\Factorial25D17.lean:104:50: warning: Used `tac1 <;> tac2` where `(tac1; tac2)` would suffice

Note: This linter can be disabled with `set_option linter.unnecessarySeqFocus false`
'Math.B699.ElementaryFactorialBound.certificate_25_17' depends on axioms: [propext, Classical.choice, Quot.sound]
'Math.B699.ElementaryFactorialBound.ratio_bound_25_17' depends on axioms: [propext, Classical.choice, Quot.sound]
'Math.B699.ElementaryFactorialBound.factorial_step_zero_25_17' depends on axioms: [propext,
 Classical.choice,
 Quot.sound]
'Math.B699.ElementaryFactorialBound.factorial_step_bound_zero_25_17' depends on axioms: [propext,
 Classical.choice,
 Quot.sound]
'Math.B699.ElementaryFactorialBound.factorial_step_bound_25_17' depends on axioms: [propext,
 Classical.choice,
 Quot.sound]
'Math.B699.ElementaryFactorialBound.factorial_telescoping_25_17' depends on axioms: [propext,
 Classical.choice,
 Quot.sound]
'Math.B699.ElementaryFactorialBound.factorial_uniform_25_17' depends on axioms: [propext, Classical.choice, Quot.sound]
'Math.B699.ElementaryFactorialBound.factorial_initial_constants_25_17' depends on axioms: [propext,
 Classical.choice,
 Quot.sound]
'Math.B699.ElementaryFactorialBound.factorial_strict_k_25_17' depends on axioms: [propext, Classical.choice, Quot.sound]
'Math.B699.ElementaryFactorialBound.factorial_envelope_lt_half_25_17' depends on axioms: [propext,
 Classical.choice,
 Quot.sound]
'Math.B699.ElementaryFactorialBound.factorial_full_bound_25_17' depends on axioms: [propext,
 Classical.choice,
 Quot.sound]
