{
  "utc": "2026-10-03T14:44:59.550281+00:00",
  "status": "PASS: byte/source-shape/integer checks ONLY; NOT a Lean compile or kernel check",
  "source_sha256": "4e4f649567aa6e82ce3153058a4c6fb4d2172440aaaa443239205c00cac588ea",
  "source_bytes": 875,
  "source_lines": 25,
  "original_consumer_sha256": "31ca5aaa79f1286caef8794e33cdf09da6528ff4b756aec9a2aeefc06175e747",
  "certificates": [
    {
      "declared_name": "B699NonprimeCertificates.not_prime_4884",
      "declared_type": "¬ Nat.Prime 4884",
      "a": 2,
      "b": 2442,
      "ka": 0,
      "kb": 2440,
      "integer_factor_equality": true,
      "successor_witness_values": true
    },
    {
      "declared_name": "B699NonprimeCertificates.not_prime_4885",
      "declared_type": "¬ Nat.Prime 4885",
      "a": 5,
      "b": 977,
      "ka": 3,
      "kb": 975,
      "integer_factor_equality": true,
      "successor_witness_values": true
    },
    {
      "declared_name": "B699NonprimeCertificates.not_prime_4886",
      "declared_type": "¬ Nat.Prime 4886",
      "a": 2,
      "b": 2443,
      "ka": 0,
      "kb": 2441,
      "integer_factor_equality": true,
      "successor_witness_values": true
    },
    {
      "declared_name": "B699NonprimeCertificates.not_prime_4887",
      "declared_type": "¬ Nat.Prime 4887",
      "a": 3,
      "b": 1629,
      "ka": 1,
      "kb": 1627,
      "integer_factor_equality": true,
      "successor_witness_values": true
    },
    {
      "declared_name": "B699NonprimeCertificates.not_prime_4888",
      "declared_type": "¬ Nat.Prime 4888",
      "a": 2,
      "b": 2444,
      "ka": 0,
      "kb": 2442,
      "integer_factor_equality": true,
      "successor_witness_values": true
    }
  ],
  "minimal_source_has_no_forbidden_tokens": true,
  "generic_core_body_byte_equal": true,
  "only_consumer_changes": "One import plus the eight nonprime arguments in four calls",
  "input_checksum_entries_verified": [
    {
      "path": "source/CompositeTransferLegacy.lean",
      "sha256": "31ca5aaa79f1286caef8794e33cdf09da6528ff4b756aec9a2aeefc06175e747"
    },
    {
      "path": "environment/lean-toolchain",
      "sha256": "3aac669c7a910ec2389f4e4f921b605adf6ebf2d1e0c9b9cd0be4d33f3f5db71"
    },
    {
      "path": "START-HERE.md",
      "sha256": "3cf4e9bc549e06b6d692627404ea4f23480dc5565bc5e9088d2db28ba4336df2"
    },
    {
      "path": "evidence/receipt.json",
      "sha256": "4afb7a32fd011dddd2ea4784f99fe520d3d1eb27742970f7eb3cefd594f07b30"
    },
    {
      "path": "reference/Prime-Basic.lean",
      "sha256": "6d3fbe9eafe2c8bef5f390528ba3bb7e7503be47607154d64f1add45cda17349"
    },
    {
      "path": "reference/Prime-Defs.lean",
      "sha256": "7b3910f1ef0e5d7800b69c466f3c3fad42f572095b4a697eab0341cbb9acb2c1"
    },
    {
      "path": "evidence/stdout.log",
      "sha256": "ac46f3fae20be5205d165b92d216a411abd60cdd24c6bf10e36fb77f3336ea1d"
    },
    {
      "path": "context/CI-OPTIMIZATION-NEXT.md",
      "sha256": "af14e58a6c7d6c31554567d08c9ea51c1269627c9d10e2e747e134fda905a361"
    },
    {
      "path": "PROVENANCE.json",
      "sha256": "c2e1e1df05fd1e0bf0ea3d715d58360ca1232752500898185c2c708c6ac46182"
    },
    {
      "path": "context/REPORT.md",
      "sha256": "ce9922ccbef3a5461b63b66ede70eff203aa8e704afbc9d11380bf9b6f8284ee"
    },
    {
      "path": "reference/mathlib-LICENSE",
      "sha256": "e03ba41d7fab20700769fe4118bab50d800cb74f990353a05d2f5fff1c228363"
    },
    {
      "path": "evidence/stderr.log",
      "sha256": "e3b0c44298fc1c149afbf4c8996fb92427ae41e4649b934ca495991b7852b855"
    },
    {
      "path": "environment/lake-manifest.json",
      "sha256": "fdbefe6c9b737713c8b9c602643afa154f49dda4f48bfc4d2f64183fdea728a0"
    }
  ],
  "lean_elaboration_run": false,
  "axiom_dependency_closure_checked": false,
  "project_checker_run": false
}
