Command exited with non-zero status 1
	Command being timed: "/usr/bin/python3 research/tasks/B699-Binomial/runs/20260911-low-index-lean-513dc7cc/verification/runner/verify_incremental.py --repo . --root research/tasks/B699-Binomial/runs/20260911-low-index-lean-513dc7cc/lean/rows/Row037/Original.lean --reuse research/tasks/B699-Binomial/runs/20260911-low-index-lean-513dc7cc/verification/20260910T191537427647Z/evidence.json --memory-mb 3072 --timeout 900"
	User time (seconds): 38.72
	System time (seconds): 18.35
	Percent of CPU this job got: 65%
	Elapsed (wall clock) time (h:mm:ss or m:ss): 1:27.61
	Average shared text size (kbytes): 0
	Average unshared data size (kbytes): 0
	Average stack size (kbytes): 0
	Average total size (kbytes): 0
	Maximum resident set size (kbytes): 3148524
	Average resident set size (kbytes): 0
	Major (requiring I/O) page faults: 0
	Minor (reclaiming a frame) page faults: 1001778
	Voluntary context switches: 85801
	Involuntary context switches: 13932
	Swaps: 0
	File system inputs: 40
	File system outputs: 28256
	Socket messages sent: 0
	Socket messages received: 0
	Signals delivered: 0
	Page size (bytes): 4096
	Exit status: 1
