{
  "Lean_run": false,
  "certificates": [
    {
      "bytes": 2691,
      "file": "certificates/scope.json",
      "sha256": "9c7e5da3d7a4dcefb5b48a3eb189251e5a6729e978660b8754519293318882ea"
    },
    {
      "bytes": 3739,
      "file": "certificates/kernels.json",
      "sha256": "f820a37f866d4310e03581d55444d7d298b1d10d6e0c382c4db95dbb25c35d94"
    },
    {
      "bytes": 3613,
      "file": "certificates/central_exclusions.json",
      "sha256": "88d46349b3cb9743b0b6fcff3ccf6cb0b98a15392997adb0cd9f5793945cfb25"
    },
    {
      "bytes": 2565,
      "file": "certificates/bounds.json",
      "sha256": "de1dfdb9e08967979aae41f614e3b68b84a1243c7a19723f1efce25df0a4dbc3"
    },
    {
      "bytes": 7932,
      "file": "certificates/bft014.json",
      "sha256": "f9f4953f6a5da3ccbf0be5f8b5d681b65e5626430cf3f2d032dfdaebff13b081"
    },
    {
      "bytes": 11523,
      "file": "certificates/growth_relaxation.json",
      "sha256": "070ede258f2235d7dc8a9cf079a62155a441a1ae201fae55ba8ba076e99f2068"
    }
  ],
  "combined_fixed_epsilon_height_classes": 36,
  "mode": "read-only replay",
  "new_certificate_count": 6,
  "new_fixed_epsilon_height_classes": 30,
  "old_terminal_rerun": false,
  "previous_zip_sha256": "afcf5462a6f825b65a92bb21d04bb23d7630bdaaef2ce94dc3678138712ec2ca",
  "status": "PASS",
  "uniform_epsilon_bound": false,
  "whole_classes_removed": 0
}
