{"status": "failed_not_accepted", "root": "research/tasks/B699-Binomial/runs/20260911-low-index-lean-513dc7cc/lean/Growth/Row00CandidateLeaves.lean", "name": "growth-tree-row00-leaves", "new_original_indices": [], "source_sha256_before": "5cdc095fe29328129c854a2fbfefd82eb2a16e6634a5ac29af16a3db7943695b", "reuse": ["research/tasks/B699-Binomial/runs/20260911-low-index-lean-513dc7cc/verification/20260911T090606278583Z/evidence.json", "research/tasks/B699-Binomial/runs/20260911-low-index-lean-513dc7cc/verification/20260911T082939134902Z/evidence.json"], "exit_code": 1, "evidence": "research/tasks/B699-Binomial/runs/20260911-low-index-lean-513dc7cc/verification/20260911T115950538892Z/evidence.json", "finished_utc": "2026-09-11T12:01:09.980481+00:00", "failure": "Compile failed: research.tasks.B699-Binomial.runs.20260911-low-index-lean-513dc7cc.lean.Growth.Row00CandidateLeaves"}
FAILED_SOURCE research/tasks/B699-Binomial/runs/20260911-low-index-lean-513dc7cc/lean/Growth/Row00CandidateLeaves.lean
     x ^ 2 * (4769075525 / 4398046511104) +
          x ^ 3 * (-397528685 / 4398046511104) +
        x ^ 4 * (24067797 / 8796093022208) +
      x ^ 5 * (-257049 / 8796093022208) =
    720725359375 / 8796093022208 + x * (-2885228743875 / 8796093022208) + x ^ 2 * (2524389156635 / 4398046511104) +
          x ^ 3 * (-2165627284819 / 4398046511104) +
        x ^ 4 * (10797344153623 / 43980465111040) +
      x ^ 5 * (-60836333923 / 43980465111040)
PROJECT_ROOT\research\tasks\B699-Binomial\runs\20260911-low-index-lean-513dc7cc\lean\Growth\Row00CandidateLeaves.lean:1245:63: warning: Used `tac1 <;> tac2` where `(tac1; tac2)` would suffice

Note: This linter can be disabled with `set_option linter.unnecessarySeqFocus false`
'Math.B699.GrowthTreeRow00Candidate.QLeaf010.actual_gap_eq' depends on axioms: [propext,
 sorryAx,
 Classical.choice,
 Quot.sound]
'Math.B699.GrowthTreeRow00Candidate.QLeaf010.leafMap_eq_path' depends on axioms: [propext, Classical.choice, Quot.sound]
'Math.B699.GrowthTreeRow00Candidate.QLeaf010.gapExpansion_cone' depends on axioms: [propext,
 Classical.choice,
 Quot.sound]
'Math.B699.GrowthTreeRow00Candidate.QLeaf010.local_gap_cone' depends on axioms: [propext,
 sorryAx,
 Classical.choice,
 Quot.sound]
'Math.B699.GrowthTreeRow00Candidate.QLeaf010.local_core_cone' depends on axioms: [propext, Classical.choice, Quot.sound]
'Math.B699.GrowthTreeRow00Candidate.QLeaf010.local_weight0_cone' depends on axioms: [propext,
 Classical.choice,
 Quot.sound]
'Math.B699.GrowthTreeRow00Candidate.QLeaf010.local_weight1_cone' depends on axioms: [propext,
 Classical.choice,
 Quot.sound]
'Math.B699.GrowthTreeRow00Candidate.QLeaf010.leaf_delta0' depends on axioms: [propext,
 sorryAx,
 Classical.choice,
 Quot.sound]
'Math.B699.GrowthTreeRow00Candidate.QLeaf010.leaf_delta1' depends on axioms: [propext,
 sorryAx,
 Classical.choice,
 Quot.sound]
Try this:
  [apply] ring_nf
  
  The `ring` tactic failed to close the goal. Use `ring_nf` to obtain a normal form.
    
  Note that `ring` works primarily in *commutative* rings. If you have a noncommutative ring, abelian group or module, consider using `noncomm_ring`, `abel` or `module` instead.
PROJECT_ROOT\research\tasks\B699-Binomial\runs\20260911-low-index-lean-513dc7cc\lean\Growth\Row00CandidateLeaves.lean:1347:71: error: unsolved goals
x : ℚ
⊢ 107129879914909026169883785 / 39614081257132168796771975168 + x * (6939123 / 268435456) +
            x ^ 2 * (7123843 / 134217728) +
          x ^ 3 * (-5479349 / 134217728) +
        x ^ 4 * (2847819 / 268435456) +
      x ^ 5 * (-257049 / 268435456) =
    21372129 / 268435456 + x * (-434381703 / 1342177280) + x ^ 2 * (377389459 / 671088640) +
          x ^ 3 * (-65650189 / 134217728) +
        x ^ 4 * (61464257 / 268435456) +
      x ^ 5 * (-7062203 / 268435456)
PROJECT_ROOT\research\tasks\B699-Binomial\runs\20260911-low-index-lean-513dc7cc\lean\Growth\Row00CandidateLeaves.lean:1362:63: warning: Used `tac1 <;> tac2` where `(tac1; tac2)` would suffice

Note: This linter can be disabled with `set_option linter.unnecessarySeqFocus false`
'Math.B699.GrowthTreeRow00Candidate.QLeaf011.actual_gap_eq' depends on axioms: [propext,
 sorryAx,
 Classical.choice,
 Quot.sound]
'Math.B699.GrowthTreeRow00Candidate.QLeaf011.leafMap_eq_path' depends on axioms: [propext, Classical.choice, Quot.sound]
'Math.B699.GrowthTreeRow00Candidate.QLeaf011.gapExpansion_cone' depends on axioms: [propext,
 Classical.choice,
 Quot.sound]
'Math.B699.GrowthTreeRow00Candidate.QLeaf011.local_gap_cone' depends on axioms: [propext,
 sorryAx,
 Classical.choice,
 Quot.sound]
'Math.B699.GrowthTreeRow00Candidate.QLeaf011.local_core_cone' depends on axioms: [propext, Classical.choice, Quot.sound]
'Math.B699.GrowthTreeRow00Candidate.QLeaf011.local_weight0_cone' depends on axioms: [propext,
 Classical.choice,
 Quot.sound]
'Math.B699.GrowthTreeRow00Candidate.QLeaf011.local_weight1_cone' depends on axioms: [propext,
 Classical.choice,
 Quot.sound]
'Math.B699.GrowthTreeRow00Candidate.QLeaf011.leaf_delta0' depends on axioms: [propext,
 sorryAx,
 Classical.choice,
 Quot.sound]
'Math.B699.GrowthTreeRow00Candidate.QLeaf011.leaf_delta1' depends on axioms: [propext,
 sorryAx,
 Classical.choice,
 Quot.sound]
Try this:
  [apply] ring_nf
  
  The `ring` tactic failed to close the goal. Use `ring_nf` to obtain a normal form.
    
  Note that `ring` works primarily in *commutative* rings. If you have a noncommutative ring, abelian group or module, consider using `noncomm_ring`, `abel` or `module` instead.
PROJECT_ROOT\research\tasks\B699-Binomial\runs\20260911-low-index-lean-513dc7cc\lean\Growth\Row00CandidateLeaves.lean:1464:71: error: unsolved goals
x : ℚ
⊢ 1998862816861612792000777353 / 39614081257132168796771975168 + x * (791527 / 8388608) + x ^ 2 * (-256999 / 4194304) +
          x ^ 3 * (-267239 / 4194304) +
        x ^ 4 * (781287 / 8388608) +
      x ^ 5 * (-257049 / 8388608) =
    267289 / 8388608 + x * (-6137307 / 41943040) + x ^ 2 * (349849 / 1310720) + x ^ 3 * (-2531503 / 10485760) +
        x ^ 4 * (4533523 / 41943040) +
      x ^ 5 * (-801817 / 41943040)
PROJECT_ROOT\research\tasks\B699-Binomial\runs\20260911-low-index-lean-513dc7cc\lean\Growth\Row00CandidateLeaves.lean:1479:63: warning: Used `tac1 <;> tac2` where `(tac1; tac2)` would suffice

Note: This linter can be disabled with `set_option linter.unnecessarySeqFocus false`
'Math.B699.GrowthTreeRow00Candidate.QLeaf012.actual_gap_eq' depends on axioms: [propext,
 sorryAx,
 Classical.choice,
 Quot.sound]
'Math.B699.GrowthTreeRow00Candidate.QLeaf012.leafMap_eq_path' depends on axioms: [propext, Classical.choice, Quot.sound]
'Math.B699.GrowthTreeRow00Candidate.QLeaf012.gapExpansion_cone' depends on axioms: [propext,
 Classical.choice,
 Quot.sound]
'Math.B699.GrowthTreeRow00Candidate.QLeaf012.local_gap_cone' depends on axioms: [propext,
 sorryAx,
 Classical.choice,
 Quot.sound]
'Math.B699.GrowthTreeRow00Candidate.QLeaf012.local_core_cone' depends on axioms: [propext, Classical.choice, Quot.sound]
'Math.B699.GrowthTreeRow00Candidate.QLeaf012.local_weight0_cone' depends on axioms: [propext,
 Classical.choice,
 Quot.sound]
'Math.B699.GrowthTreeRow00Candidate.QLeaf012.local_weight1_cone' depends on axioms: [propext,
 Classical.choice,
 Quot.sound]
'Math.B699.GrowthTreeRow00Candidate.QLeaf012.leaf_delta0' depends on axioms: [propext,
 sorryAx,
 Classical.choice,
 Quot.sound]
'Math.B699.GrowthTreeRow00Candidate.QLeaf012.leaf_delta1' depends on axioms: [propext,
 sorryAx,
 Classical.choice,
 Quot.sound]

