2026-10-02T14:16:13.8973449Z Current runner version: '2.337.0'
2026-10-02T14:16:13.9000421Z ##[group]Runner Image Provisioner
2026-10-02T14:16:13.9001811Z Hosted Compute Agent
2026-10-02T14:16:13.9002452Z Version: 20260901.588
2026-10-02T14:16:13.9003108Z Commit: f88ec8081b781fac6c440065ac7ff9e710ce3d0b
2026-10-02T14:16:13.9003995Z Build Date: 2026-09-01T19:56:44Z
2026-10-02T14:16:13.9004713Z Worker ID: {a6a7d856-b7a9-4cfc-8b0c-f0127181d9f2}
2026-10-02T14:16:13.9005789Z Azure Region: eastus
2026-10-02T14:16:13.9006400Z ##[endgroup]
2026-10-02T14:16:13.9008089Z ##[group]Operating System
2026-10-02T14:16:13.9008818Z Ubuntu
2026-10-02T14:16:13.9009393Z 24.04.5
2026-10-02T14:16:13.9010434Z LTS
2026-10-02T14:16:13.9011199Z ##[endgroup]
2026-10-02T14:16:13.9011804Z ##[group]Runner Image
2026-10-02T14:16:13.9012541Z Image: ubuntu-24.04
2026-10-02T14:16:13.9013165Z Version: 20260927.320.1
2026-10-02T14:16:13.9014515Z Included Software: https://github.com/actions/runner-images/blob/ubuntu24/20260927.320/images/ubuntu/Ubuntu2404-Readme.md
2026-10-02T14:16:13.9016155Z Image Release: https://github.com/actions/runner-images/releases/tag/ubuntu24%2F20260927.320
2026-10-02T14:16:13.9017210Z ##[endgroup]
2026-10-02T14:16:13.9018447Z ##[group]GITHUB_TOKEN Permissions
2026-10-02T14:16:13.9020730Z Contents: read
2026-10-02T14:16:13.9021879Z Metadata: read
2026-10-02T14:16:13.9022645Z ##[endgroup]
2026-10-02T14:16:13.9024962Z Secret source: Actions
2026-10-02T14:16:13.9026090Z Cache mode: write
2026-10-02T14:16:13.9027144Z Prepare workflow directory
2026-10-02T14:16:13.9442760Z Prepare all required actions
2026-10-02T14:16:13.9492982Z Getting action download info
2026-10-02T14:16:14.2418935Z Download action repository 'actions/checkout@3d3c42e5aac5ba805825da76410c181273ba90b1' (SHA:3d3c42e5aac5ba805825da76410c181273ba90b1)
2026-10-02T14:16:14.3631961Z Download action repository 'leanprover/lean-action@50fcf42d2e460296f1a34b402e990d1b24f8b596' (SHA:50fcf42d2e460296f1a34b402e990d1b24f8b596)
2026-10-02T14:16:14.4763178Z Download action repository 'actions/upload-artifact@ea165f8d65b6e75b540449e92b4886f43607fa02' (SHA:ea165f8d65b6e75b540449e92b4886f43607fa02)
2026-10-02T14:16:14.7098267Z Getting action download info
2026-10-02T14:16:14.7955696Z Download action repository 'actions/cache@v5' (SHA:caa296126883cff596d87d8935842f9db880ef25)
2026-10-02T14:16:14.9548264Z Complete job name: scoped
2026-10-02T14:16:15.0247522Z ##[group]Run echo "B699_JOB_START_EPOCH=$(date -u +%s)" >> "$GITHUB_ENV"
2026-10-02T14:16:15.0248642Z [36;1mecho "B699_JOB_START_EPOCH=$(date -u +%s)" >> "$GITHUB_ENV"[0m
2026-10-02T14:16:15.0249987Z [36;1mtest "$(date -u +%s)" -le "$(date -u -d '2026-10-02 14:34:10 UTC' +%s)" || { echo 'Late start: no checkout, install, or proof work permitted'; exit 124; }[0m
2026-10-02T14:16:15.0507062Z shell: /usr/bin/bash --noprofile --norc -e -o pipefail {0}
2026-10-02T14:16:15.0509087Z env:
2026-10-02T14:16:15.0510453Z   B699_RUNTIME: research/tasks/B699-Binomial/runs/20261001-lean-nonr7-01a0f779/continuations/20261002-terminal-gap-twohour/runtime
2026-10-02T14:16:15.0512195Z ##[endgroup]
2026-10-02T14:16:15.1038893Z ##[group]Run actions/checkout@3d3c42e5aac5ba805825da76410c181273ba90b1
2026-10-02T14:16:15.1039816Z with:
2026-10-02T14:16:15.1040340Z   repository: HuanHuanHuanFFF/lean-math-lab
2026-10-02T14:16:15.1044760Z   token: ***
2026-10-02T14:16:15.1045270Z   ssh-strict: true
2026-10-02T14:16:15.1045758Z   ssh-user: git
2026-10-02T14:16:15.1046277Z   persist-credentials: true
2026-10-02T14:16:15.1046837Z   clean: true
2026-10-02T14:16:15.1047329Z   sparse-checkout-cone-mode: true
2026-10-02T14:16:15.1047901Z   fetch-depth: 1
2026-10-02T14:16:15.1048381Z   fetch-tags: false
2026-10-02T14:16:15.1048880Z   show-progress: true
2026-10-02T14:16:15.1049401Z   lfs: false
2026-10-02T14:16:15.1049872Z   submodules: false
2026-10-02T14:16:15.1050381Z   set-safe-directory: true
2026-10-02T14:16:15.1050952Z   allow-unsafe-pr-checkout: false
2026-10-02T14:16:15.1051861Z env:
2026-10-02T14:16:15.1052973Z   B699_RUNTIME: research/tasks/B699-Binomial/runs/20261001-lean-nonr7-01a0f779/continuations/20261002-terminal-gap-twohour/runtime
2026-10-02T14:16:15.1054521Z   B699_JOB_START_EPOCH: 1790950575
2026-10-02T14:16:15.1055104Z ##[endgroup]
2026-10-02T14:16:15.2117296Z Syncing repository: HuanHuanHuanFFF/lean-math-lab
2026-10-02T14:16:15.2119694Z ##[group]Getting Git version info
2026-10-02T14:16:15.2120659Z Working directory is '/home/runner/work/lean-math-lab/lean-math-lab'
2026-10-02T14:16:15.2122425Z [command]/usr/bin/git version
2026-10-02T14:16:15.2167970Z git version 2.55.0
2026-10-02T14:16:15.2193260Z ##[endgroup]
2026-10-02T14:16:15.2207087Z Temporarily overriding HOME='/home/runner/work/_temp/9b46aa97-94bc-4772-a872-dc3d8b7810c8' before making global git config changes
2026-10-02T14:16:15.2210031Z Adding repository directory to the temporary git global config as a safe directory
2026-10-02T14:16:15.2225748Z [command]/usr/bin/git config --global --add safe.directory /home/runner/work/lean-math-lab/lean-math-lab
2026-10-02T14:16:15.2281619Z Deleting the contents of '/home/runner/work/lean-math-lab/lean-math-lab'
2026-10-02T14:16:15.2286314Z ##[group]Determining repository object format
2026-10-02T14:16:15.2289505Z ##[endgroup]
2026-10-02T14:16:15.2292322Z ##[group]Initializing the repository
2026-10-02T14:16:15.2294993Z [command]/usr/bin/git init /home/runner/work/lean-math-lab/lean-math-lab
2026-10-02T14:16:15.2411964Z hint: Using 'master' as the name for the initial branch. This default branch name
2026-10-02T14:16:15.2414433Z hint: will change to "main" in Git 3.0. To configure the initial branch name
2026-10-02T14:16:15.2416727Z hint: to use in all of your new repositories, which will suppress this warning,
2026-10-02T14:16:15.2418686Z hint: call:
2026-10-02T14:16:15.2420397Z hint:
2026-10-02T14:16:15.2422738Z hint: 	git config --global init.defaultBranch <name>
2026-10-02T14:16:15.2424886Z hint:
2026-10-02T14:16:15.2427224Z hint: Names commonly chosen instead of 'master' are 'main', 'trunk' and
2026-10-02T14:16:15.2430130Z hint: 'development'. The just-created branch can be renamed via this command:
2026-10-02T14:16:15.2432720Z hint:
2026-10-02T14:16:15.2434377Z hint: 	git branch -m <name>
2026-10-02T14:16:15.2435999Z hint:
2026-10-02T14:16:15.2437827Z hint: Disable this message with "git config set advice.defaultBranchName false"
2026-10-02T14:16:15.2440840Z Initialized empty Git repository in /home/runner/work/lean-math-lab/lean-math-lab/.git/
2026-10-02T14:16:15.2445864Z [command]/usr/bin/git remote add origin https://github.com/HuanHuanHuanFFF/lean-math-lab
2026-10-02T14:16:15.2493059Z ##[endgroup]
2026-10-02T14:16:15.2495237Z ##[group]Disabling automatic garbage collection
2026-10-02T14:16:15.2497224Z [command]/usr/bin/git config --local gc.auto 0
2026-10-02T14:16:15.2543122Z ##[endgroup]
2026-10-02T14:16:15.2545380Z ##[group]Setting up auth
2026-10-02T14:16:15.2546996Z Removing SSH command configuration
2026-10-02T14:16:15.2550182Z [command]/usr/bin/git config --local --name-only --get-regexp core\.sshCommand
2026-10-02T14:16:15.2593059Z [command]/usr/bin/git submodule foreach --recursive sh -c "git config --local --name-only --get-regexp 'core\.sshCommand' && git config --local --unset-all 'core.sshCommand' || :"
2026-10-02T14:16:15.2997125Z Removing HTTP extra header
2026-10-02T14:16:15.3004274Z [command]/usr/bin/git config --local --name-only --get-regexp http\.https\:\/\/github\.com\/\.extraheader
2026-10-02T14:16:15.3045380Z [command]/usr/bin/git submodule foreach --recursive sh -c "git config --local --name-only --get-regexp 'http\.https\:\/\/github\.com\/\.extraheader' && git config --local --unset-all 'http.https://github.com/.extraheader' || :"
2026-10-02T14:16:15.3277481Z Removing includeIf entries pointing to credentials config files
2026-10-02T14:16:15.3282416Z [command]/usr/bin/git config --local --name-only --get-regexp ^includeIf\.gitdir:
2026-10-02T14:16:15.3321837Z [command]/usr/bin/git submodule foreach --recursive git config --local --show-origin --name-only --get-regexp remote.origin.url
2026-10-02T14:16:15.3562518Z [command]/usr/bin/git config --file /home/runner/work/_temp/git-credentials-2bdc5053-8238-4f20-91f1-0a4b8d2e5b69.config http.https://github.com/.extraheader AUTHORIZATION: basic ***
2026-10-02T14:16:15.3606078Z [command]/usr/bin/git config --local includeIf.gitdir:/home/runner/work/lean-math-lab/lean-math-lab/.git.path /home/runner/work/_temp/git-credentials-2bdc5053-8238-4f20-91f1-0a4b8d2e5b69.config
2026-10-02T14:16:15.3644250Z [command]/usr/bin/git config --local includeIf.gitdir:/home/runner/work/lean-math-lab/lean-math-lab/.git/worktrees/*.path /home/runner/work/_temp/git-credentials-2bdc5053-8238-4f20-91f1-0a4b8d2e5b69.config
2026-10-02T14:16:15.3684817Z [command]/usr/bin/git config --local includeIf.gitdir:/github/workspace/.git.path /github/runner_temp/git-credentials-2bdc5053-8238-4f20-91f1-0a4b8d2e5b69.config
2026-10-02T14:16:15.3724676Z [command]/usr/bin/git config --local includeIf.gitdir:/github/workspace/.git/worktrees/*.path /github/runner_temp/git-credentials-2bdc5053-8238-4f20-91f1-0a4b8d2e5b69.config
2026-10-02T14:16:15.3757149Z ##[endgroup]
2026-10-02T14:16:15.3758062Z ##[group]Fetching the repository
2026-10-02T14:16:15.3765662Z [command]/usr/bin/git -c protocol.version=2 fetch --no-tags --prune --no-recurse-submodules --depth=1 origin +d768e95afc238d7a1143596cdc58b720e806b987:refs/remotes/origin/huan/b699-lean-next-20261002-01a0f779
2026-10-02T14:16:33.5122200Z From https://github.com/HuanHuanHuanFFF/lean-math-lab
2026-10-02T14:16:33.5123033Z  * [new ref]             d768e95afc238d7a1143596cdc58b720e806b987 -> origin/huan/b699-lean-next-20261002-01a0f779
2026-10-02T14:16:33.5127388Z [command]/usr/bin/git branch --list --remote origin/huan/b699-lean-next-20261002-01a0f779
2026-10-02T14:16:33.5159759Z   origin/huan/b699-lean-next-20261002-01a0f779
2026-10-02T14:16:33.5168653Z [command]/usr/bin/git rev-parse refs/remotes/origin/huan/b699-lean-next-20261002-01a0f779
2026-10-02T14:16:33.5196009Z d768e95afc238d7a1143596cdc58b720e806b987
2026-10-02T14:16:33.5201876Z ##[endgroup]
2026-10-02T14:16:33.5202405Z ##[group]Determining the checkout info
2026-10-02T14:16:33.5203032Z ##[endgroup]
2026-10-02T14:16:33.5205590Z [command]/usr/bin/git sparse-checkout disable
2026-10-02T14:16:33.5259996Z [command]/usr/bin/git config --local --unset-all extensions.worktreeConfig
2026-10-02T14:16:33.5293971Z ##[group]Checking out the ref
2026-10-02T14:16:33.5298537Z [command]/usr/bin/git checkout --progress --force -B huan/b699-lean-next-20261002-01a0f779 refs/remotes/origin/huan/b699-lean-next-20261002-01a0f779
2026-10-02T14:16:34.6262906Z Updating files:   3% (3553/89014)
2026-10-02T14:16:34.7408751Z Updating files:   4% (3561/89014)
2026-10-02T14:16:34.8000920Z Updating files:   5% (4451/89014)
2026-10-02T14:16:34.8704526Z Updating files:   6% (5341/89014)
2026-10-02T14:16:35.0233400Z Updating files:   7% (6231/89014)
2026-10-02T14:16:35.0780326Z Updating files:   8% (7122/89014)
2026-10-02T14:16:35.1446466Z Updating files:   9% (8012/89014)
2026-10-02T14:16:35.2049175Z Updating files:  10% (8902/89014)
2026-10-02T14:16:35.3082872Z Updating files:  11% (9792/89014)
2026-10-02T14:16:35.3693740Z Updating files:  12% (10682/89014)
2026-10-02T14:16:35.4112845Z Updating files:  13% (11572/89014)
2026-10-02T14:16:35.4791244Z Updating files:  14% (12462/89014)
2026-10-02T14:16:35.5680450Z Updating files:  15% (13353/89014)
2026-10-02T14:16:35.6219710Z Updating files:  16% (14243/89014)
2026-10-02T14:16:35.6277570Z Updating files:  16% (15082/89014)
2026-10-02T14:16:35.7267303Z Updating files:  17% (15133/89014)
2026-10-02T14:16:35.7714288Z Updating files:  18% (16023/89014)
2026-10-02T14:16:35.8245657Z Updating files:  19% (16913/89014)
2026-10-02T14:16:35.8629597Z Updating files:  20% (17803/89014)
2026-10-02T14:16:35.9001560Z Updating files:  21% (18693/89014)
2026-10-02T14:16:35.9523418Z Updating files:  22% (19584/89014)
2026-10-02T14:16:35.9875330Z Updating files:  23% (20474/89014)
2026-10-02T14:16:36.0267442Z Updating files:  24% (21364/89014)
2026-10-02T14:16:36.0687538Z Updating files:  25% (22254/89014)
2026-10-02T14:16:36.1050701Z Updating files:  26% (23144/89014)
2026-10-02T14:16:36.1407214Z Updating files:  27% (24034/89014)
2026-10-02T14:16:36.1805390Z Updating files:  28% (24924/89014)
2026-10-02T14:16:36.2167985Z Updating files:  29% (25815/89014)
2026-10-02T14:16:36.2575837Z Updating files:  30% (26705/89014)
2026-10-02T14:16:36.2956635Z Updating files:  31% (27595/89014)
2026-10-02T14:16:36.3334791Z Updating files:  32% (28485/89014)
2026-10-02T14:16:36.3752190Z Updating files:  33% (29375/89014)
2026-10-02T14:16:36.4189852Z Updating files:  34% (30265/89014)
2026-10-02T14:16:36.4610822Z Updating files:  35% (31155/89014)
2026-10-02T14:16:36.5009322Z Updating files:  36% (32046/89014)
2026-10-02T14:16:36.5390645Z Updating files:  37% (32936/89014)
2026-10-02T14:16:36.5796206Z Updating files:  38% (33826/89014)
2026-10-02T14:16:36.6193380Z Updating files:  39% (34716/89014)
2026-10-02T14:16:36.6216733Z Updating files:  40% (35606/89014)
2026-10-02T14:16:36.6599087Z Updating files:  40% (35652/89014)
2026-10-02T14:16:36.7003325Z Updating files:  41% (36496/89014)
2026-10-02T14:16:36.7482364Z Updating files:  42% (37386/89014)
2026-10-02T14:16:36.8327613Z Updating files:  43% (38277/89014)
2026-10-02T14:16:36.9196642Z Updating files:  44% (39167/89014)
2026-10-02T14:16:36.9529161Z Updating files:  45% (40057/89014)
2026-10-02T14:16:37.0057265Z Updating files:  46% (40947/89014)
2026-10-02T14:16:37.0527413Z Updating files:  47% (41837/89014)
2026-10-02T14:16:37.0865370Z Updating files:  48% (42727/89014)
2026-10-02T14:16:37.1378179Z Updating files:  49% (43617/89014)
2026-10-02T14:16:37.1793463Z Updating files:  50% (44507/89014)
2026-10-02T14:16:37.2225366Z Updating files:  51% (45398/89014)
2026-10-02T14:16:37.2642226Z Updating files:  52% (46288/89014)
2026-10-02T14:16:37.3046225Z Updating files:  53% (47178/89014)
2026-10-02T14:16:37.3395258Z Updating files:  54% (48068/89014)
2026-10-02T14:16:37.3752791Z Updating files:  55% (48958/89014)
2026-10-02T14:16:37.5067328Z Updating files:  56% (49848/89014)
2026-10-02T14:16:37.5409525Z Updating files:  57% (50738/89014)
2026-10-02T14:16:37.5790189Z Updating files:  58% (51629/89014)
2026-10-02T14:16:37.6187338Z Updating files:  59% (52519/89014)
2026-10-02T14:16:37.6219109Z Updating files:  60% (53409/89014)
2026-10-02T14:16:37.6549590Z Updating files:  60% (53471/89014)
2026-10-02T14:16:37.6900774Z Updating files:  61% (54299/89014)
2026-10-02T14:16:37.7271382Z Updating files:  62% (55189/89014)
2026-10-02T14:16:37.7664182Z Updating files:  63% (56079/89014)
2026-10-02T14:16:37.8078422Z Updating files:  64% (56969/89014)
2026-10-02T14:16:37.8547737Z Updating files:  65% (57860/89014)
2026-10-02T14:16:37.8981374Z Updating files:  66% (58750/89014)
2026-10-02T14:16:37.9633102Z Updating files:  67% (59640/89014)
2026-10-02T14:16:38.0218664Z Updating files:  68% (60530/89014)
2026-10-02T14:16:38.1699936Z Updating files:  69% (61420/89014)
2026-10-02T14:16:38.2224516Z Updating files:  70% (62310/89014)
2026-10-02T14:16:38.2749075Z Updating files:  71% (63200/89014)
2026-10-02T14:16:38.3451579Z Updating files:  72% (64091/89014)
2026-10-02T14:16:38.3987045Z Updating files:  73% (64981/89014)
2026-10-02T14:16:38.4545795Z Updating files:  74% (65871/89014)
2026-10-02T14:16:38.5558109Z Updating files:  75% (66761/89014)
2026-10-02T14:16:38.6178123Z Updating files:  76% (67651/89014)
2026-10-02T14:16:38.6216727Z Updating files:  77% (68541/89014)
2026-10-02T14:16:38.9715834Z Updating files:  77% (68607/89014)
2026-10-02T14:16:39.2223956Z Updating files:  78% (69431/89014)
2026-10-02T14:16:39.3256418Z Updating files:  79% (70322/89014)
2026-10-02T14:16:39.4276725Z Updating files:  80% (71212/89014)
2026-10-02T14:16:39.5595995Z Updating files:  81% (72102/89014)
2026-10-02T14:16:39.6219978Z Updating files:  82% (72992/89014)
2026-10-02T14:16:40.1119834Z Updating files:  82% (73135/89014)
2026-10-02T14:16:40.3244507Z Updating files:  83% (73882/89014)
2026-10-02T14:16:40.3993383Z Updating files:  84% (74772/89014)
2026-10-02T14:16:40.5085738Z Updating files:  85% (75662/89014)
2026-10-02T14:16:40.5668660Z Updating files:  86% (76553/89014)
2026-10-02T14:16:40.6319085Z Updating files:  87% (77443/89014)
2026-10-02T14:16:40.7587589Z Updating files:  87% (77838/89014)
2026-10-02T14:16:41.0271613Z Updating files:  88% (78333/89014)
2026-10-02T14:16:41.2037739Z Updating files:  89% (79223/89014)
2026-10-02T14:16:41.4311713Z Updating files:  90% (80113/89014)
2026-10-02T14:16:41.6509650Z Updating files:  91% (81003/89014)
2026-10-02T14:16:41.7227559Z Updating files:  91% (81668/89014)
2026-10-02T14:16:42.0211562Z Updating files:  92% (81893/89014)
2026-10-02T14:16:42.4111965Z Updating files:  93% (82784/89014)
2026-10-02T14:16:42.6341749Z Updating files:  94% (83674/89014)
2026-10-02T14:16:42.7564629Z Updating files:  94% (84375/89014)
2026-10-02T14:16:42.9118479Z Updating files:  95% (84564/89014)
2026-10-02T14:16:43.0240837Z Updating files:  96% (85454/89014)
2026-10-02T14:16:43.0769502Z Updating files:  97% (86344/89014)
2026-10-02T14:16:43.1312659Z Updating files:  98% (87234/89014)
2026-10-02T14:16:43.2016069Z Updating files:  99% (88124/89014)
2026-10-02T14:16:43.2016626Z Updating files: 100% (89014/89014)
2026-10-02T14:16:43.2016922Z Updating files: 100% (89014/89014), done.
2026-10-02T14:16:43.3657814Z Switched to a new branch 'huan/b699-lean-next-20261002-01a0f779'
2026-10-02T14:16:43.3660669Z branch 'huan/b699-lean-next-20261002-01a0f779' set up to track 'origin/huan/b699-lean-next-20261002-01a0f779'.
2026-10-02T14:16:43.3781942Z ##[endgroup]
2026-10-02T14:16:43.3835865Z [command]/usr/bin/git log -1 --format=%H
2026-10-02T14:16:43.3869239Z d768e95afc238d7a1143596cdc58b720e806b987
2026-10-02T14:16:43.4011346Z ##[group]Run python3 "$B699_RUNTIME/cold-stage.py" preflight
2026-10-02T14:16:43.4011834Z [36;1mpython3 "$B699_RUNTIME/cold-stage.py" preflight[0m
2026-10-02T14:16:43.4079538Z shell: /usr/bin/bash -e {0}
2026-10-02T14:16:43.4079806Z env:
2026-10-02T14:16:43.4080361Z   B699_RUNTIME: research/tasks/B699-Binomial/runs/20261001-lean-nonr7-01a0f779/continuations/20261002-terminal-gap-twohour/runtime
2026-10-02T14:16:43.4081400Z   B699_JOB_START_EPOCH: 1790950575
2026-10-02T14:16:43.4081699Z ##[endgroup]
2026-10-02T14:16:43.5610718Z ##[group]Run leanprover/lean-action@50fcf42d2e460296f1a34b402e990d1b24f8b596
2026-10-02T14:16:43.5611532Z with:
2026-10-02T14:16:43.5611762Z   auto-config: false
2026-10-02T14:16:43.5611992Z   build: false
2026-10-02T14:16:43.5612191Z   test: false
2026-10-02T14:16:43.5612389Z   lint: false
2026-10-02T14:16:43.5612597Z   use-mathlib-cache: false
2026-10-02T14:16:43.5612849Z   use-github-cache: false
2026-10-02T14:16:43.5613094Z   mk_all-check: false
2026-10-02T14:16:43.5613340Z   check-reservoir-eligibility: false
2026-10-02T14:16:43.5613621Z   leanchecker: false
2026-10-02T14:16:43.5613840Z   lean4checker: false
2026-10-02T14:16:43.5614057Z   nanoda: false
2026-10-02T14:16:43.5614272Z   nanoda-allow-sorry: true
2026-10-02T14:16:43.5614508Z   axiom-audit: false
2026-10-02T14:16:43.5614803Z   axiom-audit-allow: propext,Classical.choice,Quot.sound
2026-10-02T14:16:43.5615164Z   lake-package-directory: .
2026-10-02T14:16:43.5615454Z   reinstall-transient-toolchain: false
2026-10-02T14:16:43.5615780Z env:
2026-10-02T14:16:43.5616286Z   B699_RUNTIME: research/tasks/B699-Binomial/runs/20261001-lean-nonr7-01a0f779/continuations/20261002-terminal-gap-twohour/runtime
2026-10-02T14:16:43.5616875Z   B699_JOB_START_EPOCH: 1790950575
2026-10-02T14:16:43.5617131Z ##[endgroup]
2026-10-02T14:16:43.5681902Z ##[start-action display=install elan;id=__leanprover_lean-action.__run]
2026-10-02T14:16:43.5736927Z ##[group]Run : Install Elan
2026-10-02T14:16:43.5737203Z [36;1m: Install Elan[0m
2026-10-02T14:16:43.5737481Z [36;1m${GITHUB_ACTION_PATH}/scripts/install_elan.sh[0m
2026-10-02T14:16:43.5803781Z shell: /usr/bin/bash --noprofile --norc -e -o pipefail {0}
2026-10-02T14:16:43.5804158Z env:
2026-10-02T14:16:43.5804735Z   B699_RUNTIME: research/tasks/B699-Binomial/runs/20261001-lean-nonr7-01a0f779/continuations/20261002-terminal-gap-twohour/runtime
2026-10-02T14:16:43.5805419Z   B699_JOB_START_EPOCH: 1790950575
2026-10-02T14:16:43.5805857Z ##[endgroup]
2026-10-02T14:16:43.5916593Z ##[group]Elan Installation Output
2026-10-02T14:16:43.6413858Z info: downloading installer
2026-10-02T14:16:44.0997903Z info: downloading https://releases.lean-lang.org/lean4/v4.33.1/lean-4.33.1-linux.tar.zst
2026-10-02T14:16:48.2055847Z info: installing /home/runner/.elan/toolchains/leanprover--lean4---v4.33.1
2026-10-02T14:16:55.0842537Z Lean (version 4.33.1, x86_64-unknown-linux-gnu, commit 819816b2e0a3bf405af45ae5c7af2491d8f5bee6, Release)
2026-10-02T14:16:55.1320273Z Lake version 5.0.0-src+819816b (Lean version 4.33.1)
2026-10-02T14:16:55.1369779Z ##[endgroup]
2026-10-02T14:16:55.1369921Z 
2026-10-02T14:16:55.1391736Z ##[end-action id=__leanprover_lean-action.__run;outcome=success;conclusion=success;duration_ms=11570]
2026-10-02T14:16:55.1396214Z ##[start-action display=configure `lean-action`;id=__leanprover_lean-action.config]
2026-10-02T14:16:55.1450637Z ##[group]Run : Configure Lean Action
2026-10-02T14:16:55.1450962Z [36;1m: Configure Lean Action[0m
2026-10-02T14:16:55.1451593Z [36;1m${GITHUB_ACTION_PATH}/scripts/config.sh[0m
2026-10-02T14:16:55.1517322Z shell: /usr/bin/bash --noprofile --norc -e -o pipefail {0}
2026-10-02T14:16:55.1517663Z env:
2026-10-02T14:16:55.1518179Z   B699_RUNTIME: research/tasks/B699-Binomial/runs/20261001-lean-nonr7-01a0f779/continuations/20261002-terminal-gap-twohour/runtime
2026-10-02T14:16:55.1518788Z   B699_JOB_START_EPOCH: 1790950575
2026-10-02T14:16:55.1519042Z   AUTO_CONFIG: false
2026-10-02T14:16:55.1519253Z   BUILD: false
2026-10-02T14:16:55.1519444Z   TEST: false
2026-10-02T14:16:55.1519625Z   LINT: false
2026-10-02T14:16:55.1519809Z ##[endgroup]
2026-10-02T14:16:55.2062658Z ##[group]Configure lean-action
2026-10-02T14:16:55.2115768Z ##[end-action id=__leanprover_lean-action.config;outcome=success;conclusion=success;duration_ms=71]
2026-10-02T14:16:55.2120668Z ##[start-action display=reinstall transient toolchain;id=__leanprover_lean-action.__run_2]
2026-10-02T14:16:55.2139631Z ##[end-action id=__leanprover_lean-action.__run_2;outcome=skipped;conclusion=skipped;duration_ms=0]
2026-10-02T14:16:55.2143022Z ##[start-action display=ensure all files are imported;id=__leanprover_lean-action.mk_all]
2026-10-02T14:16:55.2146978Z ##[end-action id=__leanprover_lean-action.mk_all;outcome=skipped;conclusion=skipped;duration_ms=0]
2026-10-02T14:16:55.2148958Z ##[start-action display=Run actions/cache/restore@v5;id=__leanprover_lean-action.__actions_cache]
2026-10-02T14:16:55.2152835Z ##[end-action id=__leanprover_lean-action.__actions_cache;outcome=skipped;conclusion=skipped;duration_ms=0]
2026-10-02T14:16:55.2154706Z ##[start-action display=detect mathlib;id=__leanprover_lean-action.detect-mathlib]
2026-10-02T14:16:55.2157997Z ##[end-action id=__leanprover_lean-action.detect-mathlib;outcome=skipped;conclusion=skipped;duration_ms=0]
2026-10-02T14:16:55.2159766Z ##[start-action display=get mathlib cache;id=__leanprover_lean-action.__run_3]
2026-10-02T14:16:55.2180743Z ##[end-action id=__leanprover_lean-action.__run_3;outcome=skipped;conclusion=skipped;duration_ms=0]
2026-10-02T14:16:55.2208746Z ##[start-action display=build HuanHuanHuanFFF/lean-math-lab;id=__leanprover_lean-action.build]
2026-10-02T14:16:55.2213596Z ##[end-action id=__leanprover_lean-action.build;outcome=skipped;conclusion=skipped;duration_ms=0]
2026-10-02T14:16:55.2215547Z ##[start-action display=Run actions/cache/save@v5;id=__leanprover_lean-action.__actions_cache_2]
2026-10-02T14:16:55.2218896Z ##[end-action id=__leanprover_lean-action.__actions_cache_2;outcome=skipped;conclusion=skipped;duration_ms=0]
2026-10-02T14:16:55.2222682Z ##[start-action display=test HuanHuanHuanFFF/lean-math-lab;id=__leanprover_lean-action.test]
2026-10-02T14:16:55.2226858Z ##[end-action id=__leanprover_lean-action.test;outcome=skipped;conclusion=skipped;duration_ms=0]
2026-10-02T14:16:55.2229552Z ##[start-action display=lint HuanHuanHuanFFF/lean-math-lab;id=__leanprover_lean-action.lint]
2026-10-02T14:16:55.2234039Z ##[end-action id=__leanprover_lean-action.lint;outcome=skipped;conclusion=skipped;duration_ms=0]
2026-10-02T14:16:55.2236108Z ##[start-action display=check reservoir eligibility;id=__leanprover_lean-action.__run_4]
2026-10-02T14:16:55.2239402Z ##[end-action id=__leanprover_lean-action.__run_4;outcome=skipped;conclusion=skipped;duration_ms=0]
2026-10-02T14:16:55.2242419Z ##[start-action display=check environment with leanchecker;id=__leanprover_lean-action.__run_5]
2026-10-02T14:16:55.2246904Z ##[end-action id=__leanprover_lean-action.__run_5;outcome=skipped;conclusion=skipped;duration_ms=0]
2026-10-02T14:16:55.2249136Z ##[start-action display=check environment with nanoda;id=__leanprover_lean-action.nanoda]
2026-10-02T14:16:55.2252725Z ##[end-action id=__leanprover_lean-action.nanoda;outcome=skipped;conclusion=skipped;duration_ms=0]
2026-10-02T14:16:55.2255100Z ##[start-action display=audit axioms with axiom-audit;id=__leanprover_lean-action.axiom-audit]
2026-10-02T14:16:55.2258417Z ##[end-action id=__leanprover_lean-action.axiom-audit;outcome=skipped;conclusion=skipped;duration_ms=0]
2026-10-02T14:16:55.2313682Z ##[group]Run python3 "$B699_RUNTIME/cold-stage.py"
2026-10-02T14:16:55.2314095Z [36;1mpython3 "$B699_RUNTIME/cold-stage.py"[0m
2026-10-02T14:16:55.2376284Z shell: /usr/bin/bash -e {0}
2026-10-02T14:16:55.2376524Z env:
2026-10-02T14:16:55.2377035Z   B699_RUNTIME: research/tasks/B699-Binomial/runs/20261001-lean-nonr7-01a0f779/continuations/20261002-terminal-gap-twohour/runtime
2026-10-02T14:16:55.2377632Z   B699_JOB_START_EPOCH: 1790950575
2026-10-02T14:16:55.2377881Z ##[endgroup]
2026-10-02T14:16:55.5972594Z {"label": "toolchain-prefix", "status": "success", "exitCode": 0, "peakMiB": 0.0}
2026-10-02T14:16:55.8036842Z {"label": "toolchain-version", "status": "success", "exitCode": 0, "peakMiB": 40.43}
2026-10-02T14:18:34.1760185Z {"label": "focused-cache", "status": "success", "exitCode": 0, "peakMiB": 1752.65}
2026-10-02T14:18:34.1831510Z {"label": "pin-mathlib", "status": "success", "exitCode": 0, "peakMiB": 0.0}
2026-10-02T14:18:34.1899731Z {"label": "pin-plausible", "status": "success", "exitCode": 0, "peakMiB": 0.0}
2026-10-02T14:18:34.1967059Z {"label": "pin-LeanSearchClient", "status": "success", "exitCode": 0, "peakMiB": 0.0}
2026-10-02T14:18:34.2035913Z {"label": "pin-importGraph", "status": "success", "exitCode": 0, "peakMiB": 0.0}
2026-10-02T14:18:34.2103670Z {"label": "pin-proofwidgets", "status": "success", "exitCode": 0, "peakMiB": 0.0}
2026-10-02T14:18:34.2170218Z {"label": "pin-aesop", "status": "success", "exitCode": 0, "peakMiB": 0.0}
2026-10-02T14:18:34.2238978Z {"label": "pin-Qq", "status": "success", "exitCode": 0, "peakMiB": 0.0}
2026-10-02T14:18:34.2306808Z {"label": "pin-batteries", "status": "success", "exitCode": 0, "peakMiB": 0.0}
2026-10-02T14:18:34.2373699Z {"label": "pin-Cli", "status": "success", "exitCode": 0, "peakMiB": 0.0}
2026-10-02T14:18:34.2440472Z {"label": "normnum-prime-canonical-git-blob", "status": "success", "exitCode": 0, "peakMiB": 0.0}
2026-10-02T14:18:35.2926371Z {"label": "lean-path-1790950714244552187", "status": "success", "exitCode": 0, "peakMiB": 821.21}
2026-10-02T14:18:36.3114397Z {"label": "bootstrap-00-ChainCore", "status": "success", "exitCode": 0, "peakMiB": 774.14}
2026-10-02T14:18:36.8265081Z {"label": "bootstrap-01-IntegerInterval", "status": "success", "exitCode": 0, "peakMiB": 417.25}
2026-10-02T14:18:37.1741459Z {"label": "bootstrap-02-NatSplice", "status": "success", "exitCode": 0, "peakMiB": 268.76}
2026-10-02T14:18:37.6920886Z {"label": "bootstrap-03-CoreSplice", "status": "success", "exitCode": 0, "peakMiB": 415.8}
2026-10-02T14:18:38.5469345Z {"label": "bootstrap-04-GapDefinitions", "status": "success", "exitCode": 0, "peakMiB": 775.02}
2026-10-02T14:18:39.7407947Z {"label": "bootstrap-05-GapAdapter", "status": "success", "exitCode": 0, "peakMiB": 820.42}
2026-10-02T14:18:40.7661316Z {"label": "bootstrap-06-FiniteSupply", "status": "success", "exitCode": 0, "peakMiB": 820.96}
2026-10-02T14:18:43.9808158Z {"label": "accepted-full-00-NormNumBlock000", "status": "success", "exitCode": 0, "peakMiB": 933.77}
2026-10-02T14:18:45.0090107Z {"label": "accepted-full-00-NormNumBlock000-audit", "status": "success", "exitCode": 0, "peakMiB": 846.85}
2026-10-02T14:18:49.4035189Z {"label": "accepted-full-01-NormNumBlock001", "status": "success", "exitCode": 0, "peakMiB": 999.71}
2026-10-02T14:18:50.4318253Z {"label": "accepted-full-01-NormNumBlock001-audit", "status": "success", "exitCode": 0, "peakMiB": 846.79}
2026-10-02T14:18:55.8432689Z {"label": "accepted-full-02-NormNumBlock002", "status": "success", "exitCode": 0, "peakMiB": 1044.22}
2026-10-02T14:18:56.9185694Z {"label": "accepted-full-02-NormNumBlock002-audit", "status": "success", "exitCode": 0, "peakMiB": 846.79}
2026-10-02T14:19:03.5019576Z {"label": "accepted-full-03-NormNumBlock003", "status": "success", "exitCode": 0, "peakMiB": 1061.02}
2026-10-02T14:19:04.7452092Z {"label": "accepted-full-03-NormNumBlock003-audit", "status": "success", "exitCode": 0, "peakMiB": 846.79}
2026-10-02T14:19:11.5126118Z {"label": "accepted-full-04-NormNumBlock004", "status": "success", "exitCode": 0, "peakMiB": 1082.34}
2026-10-02T14:19:12.5512987Z {"label": "accepted-full-04-NormNumBlock004-audit", "status": "success", "exitCode": 0, "peakMiB": 846.89}
2026-10-02T14:19:19.9588994Z {"label": "accepted-full-05-NormNumBlock005", "status": "success", "exitCode": 0, "peakMiB": 1126.81}
2026-10-02T14:19:20.9914865Z {"label": "accepted-full-05-NormNumBlock005-audit", "status": "success", "exitCode": 0, "peakMiB": 846.83}
2026-10-02T14:19:28.7134103Z {"label": "accepted-full-06-NormNumBlock006", "status": "success", "exitCode": 0, "peakMiB": 1131.77}
2026-10-02T14:19:29.7473709Z {"label": "accepted-full-06-NormNumBlock006-audit", "status": "success", "exitCode": 0, "peakMiB": 846.8}
2026-10-02T14:19:38.1189948Z {"label": "accepted-full-07-NormNumBlock007", "status": "success", "exitCode": 0, "peakMiB": 1183.59}
2026-10-02T14:19:39.1531723Z {"label": "accepted-full-07-NormNumBlock007-audit", "status": "success", "exitCode": 0, "peakMiB": 848.23}
2026-10-02T14:19:48.3816955Z {"label": "accepted-full-08-NormNumBlock008", "status": "success", "exitCode": 0, "peakMiB": 1179.97}
2026-10-02T14:19:49.5827670Z {"label": "accepted-full-08-NormNumBlock008-audit", "status": "success", "exitCode": 0, "peakMiB": 846.86}
2026-10-02T14:19:59.1384648Z {"label": "accepted-full-09-NormNumBlock009", "status": "success", "exitCode": 0, "peakMiB": 1201.93}
2026-10-02T14:20:00.1722189Z {"label": "accepted-full-09-NormNumBlock009-audit", "status": "success", "exitCode": 0, "peakMiB": 848.25}
2026-10-02T14:20:09.8986622Z {"label": "accepted-full-10-NormNumBlock010", "status": "success", "exitCode": 0, "peakMiB": 1212.91}
2026-10-02T14:20:10.9314512Z {"label": "accepted-full-10-NormNumBlock010-audit", "status": "success", "exitCode": 0, "peakMiB": 846.76}
2026-10-02T14:20:20.9858178Z {"label": "accepted-full-11-NormNumBlock011", "status": "success", "exitCode": 0, "peakMiB": 1228.38}
2026-10-02T14:20:22.0227747Z {"label": "accepted-full-11-NormNumBlock011-audit", "status": "success", "exitCode": 0, "peakMiB": 846.86}
2026-10-02T14:20:32.4175363Z {"label": "accepted-full-12-NormNumBlock012", "status": "success", "exitCode": 0, "peakMiB": 1233.54}
2026-10-02T14:20:33.4582603Z {"label": "accepted-full-12-NormNumBlock012-audit", "status": "success", "exitCode": 0, "peakMiB": 846.79}
2026-10-02T14:20:44.3552440Z {"label": "accepted-full-13-NormNumBlock013", "status": "success", "exitCode": 0, "peakMiB": 1246.61}
2026-10-02T14:20:45.3974955Z {"label": "accepted-full-13-NormNumBlock013-audit", "status": "success", "exitCode": 0, "peakMiB": 846.83}
2026-10-02T14:20:56.4641296Z {"label": "accepted-full-14-NormNumBlock014", "status": "success", "exitCode": 0, "peakMiB": 1261.98}
2026-10-02T14:20:57.5019407Z {"label": "accepted-full-14-NormNumBlock014-audit", "status": "success", "exitCode": 0, "peakMiB": 848.28}
2026-10-02T14:21:08.7340096Z {"label": "accepted-full-15-NormNumBlock015", "status": "success", "exitCode": 0, "peakMiB": 1272.73}
2026-10-02T14:21:09.7763426Z {"label": "accepted-full-15-NormNumBlock015-audit", "status": "success", "exitCode": 0, "peakMiB": 848.28}
2026-10-02T14:21:21.5160127Z {"label": "accepted-full-16-NormNumBlock016", "status": "success", "exitCode": 0, "peakMiB": 1286.89}
2026-10-02T14:21:22.5552790Z {"label": "accepted-full-16-NormNumBlock016-audit", "status": "success", "exitCode": 0, "peakMiB": 846.81}
2026-10-02T14:21:34.6316480Z {"label": "accepted-full-17-NormNumBlock017", "status": "success", "exitCode": 0, "peakMiB": 1293.35}
2026-10-02T14:21:35.6742012Z {"label": "accepted-full-17-NormNumBlock017-audit", "status": "success", "exitCode": 0, "peakMiB": 846.78}
2026-10-02T14:21:48.0810462Z {"label": "accepted-full-18-NormNumBlock018", "status": "success", "exitCode": 0, "peakMiB": 1318.04}
2026-10-02T14:21:49.1255760Z {"label": "accepted-full-18-NormNumBlock018-audit", "status": "success", "exitCode": 0, "peakMiB": 846.87}
2026-10-02T14:22:01.7035525Z {"label": "accepted-full-19-NormNumBlock019", "status": "success", "exitCode": 0, "peakMiB": 1330.95}
2026-10-02T14:22:02.7496725Z {"label": "accepted-full-19-NormNumBlock019-audit", "status": "success", "exitCode": 0, "peakMiB": 846.84}
2026-10-02T14:22:15.8407849Z {"label": "accepted-full-20-NormNumBlock020", "status": "success", "exitCode": 0, "peakMiB": 1332.27}
2026-10-02T14:22:16.8829916Z {"label": "accepted-full-20-NormNumBlock020-audit", "status": "success", "exitCode": 0, "peakMiB": 846.98}
2026-10-02T14:22:30.4725910Z {"label": "accepted-full-21-NormNumBlock021", "status": "success", "exitCode": 0, "peakMiB": 1347.31}
2026-10-02T14:22:31.5182711Z {"label": "accepted-full-21-NormNumBlock021-audit", "status": "success", "exitCode": 0, "peakMiB": 846.81}
2026-10-02T14:22:45.1109210Z {"label": "accepted-full-22-NormNumBlock022", "status": "success", "exitCode": 0, "peakMiB": 1350.39}
2026-10-02T14:22:46.1602148Z {"label": "accepted-full-22-NormNumBlock022-audit", "status": "success", "exitCode": 0, "peakMiB": 846.81}
2026-10-02T14:23:00.0926691Z {"label": "accepted-full-23-NormNumBlock023", "status": "success", "exitCode": 0, "peakMiB": 1358.25}
2026-10-02T14:23:01.1442426Z {"label": "accepted-full-23-NormNumBlock023-audit", "status": "success", "exitCode": 0, "peakMiB": 846.76}
2026-10-02T14:23:15.4067550Z {"label": "accepted-full-24-NormNumBlock024", "status": "success", "exitCode": 0, "peakMiB": 1370.32}
2026-10-02T14:23:16.4501507Z {"label": "accepted-full-24-NormNumBlock024-audit", "status": "success", "exitCode": 0, "peakMiB": 846.84}
2026-10-02T14:23:30.8990447Z {"label": "accepted-full-25-NormNumBlock025", "status": "success", "exitCode": 0, "peakMiB": 1383.55}
2026-10-02T14:23:31.9487278Z {"label": "accepted-full-25-NormNumBlock025-audit", "status": "success", "exitCode": 0, "peakMiB": 846.77}
2026-10-02T14:23:46.7372716Z {"label": "accepted-full-26-NormNumBlock026", "status": "success", "exitCode": 0, "peakMiB": 1392.63}
2026-10-02T14:23:47.7866164Z {"label": "accepted-full-26-NormNumBlock026-audit", "status": "success", "exitCode": 0, "peakMiB": 846.82}
2026-10-02T14:24:03.0585510Z {"label": "accepted-full-27-NormNumBlock027", "status": "success", "exitCode": 0, "peakMiB": 1451.84}
2026-10-02T14:24:04.1084891Z {"label": "accepted-full-27-NormNumBlock027-audit", "status": "success", "exitCode": 0, "peakMiB": 848.28}
2026-10-02T14:24:19.9004662Z {"label": "accepted-full-28-NormNumBlock028", "status": "success", "exitCode": 0, "peakMiB": 1458.68}
2026-10-02T14:24:20.9532439Z {"label": "accepted-full-28-NormNumBlock028-audit", "status": "success", "exitCode": 0, "peakMiB": 846.84}
2026-10-02T14:24:37.2471429Z {"label": "accepted-full-29-NormNumBlock029", "status": "success", "exitCode": 0, "peakMiB": 1462.13}
2026-10-02T14:24:38.3009950Z {"label": "accepted-full-29-NormNumBlock029-audit", "status": "success", "exitCode": 0, "peakMiB": 846.75}
2026-10-02T14:24:55.0915818Z {"label": "accepted-full-30-NormNumBlock030", "status": "success", "exitCode": 0, "peakMiB": 1470.62}
2026-10-02T14:24:56.1463088Z {"label": "accepted-full-30-NormNumBlock030-audit", "status": "success", "exitCode": 0, "peakMiB": 846.83}
2026-10-02T14:25:12.7639047Z {"label": "accepted-full-31-NormNumBlock031", "status": "success", "exitCode": 0, "peakMiB": 1473.87}
2026-10-02T14:25:13.8175993Z {"label": "accepted-full-31-NormNumBlock031-audit", "status": "success", "exitCode": 0, "peakMiB": 846.83}
2026-10-02T14:25:27.7329022Z {"label": "accepted-full-32-NormNumBlock032", "status": "success", "exitCode": 0, "peakMiB": 1352.16}
2026-10-02T14:25:28.7792627Z {"label": "accepted-full-32-NormNumBlock032-audit", "status": "success", "exitCode": 0, "peakMiB": 848.26}
2026-10-02T14:25:29.7976982Z {"label": "accepted-full-33-CompleteChain", "status": "success", "exitCode": 0, "peakMiB": 858.14}
2026-10-02T14:25:30.8124549Z {"label": "accepted-full-33-CompleteChain-audit", "status": "success", "exitCode": 0, "peakMiB": 811.38}
2026-10-02T14:25:35.0210604Z {"label": "recompiled-fixed-full-normal-checker", "status": "success", "exitCode": 0, "peakMiB": 1552.04}
2026-10-02T14:25:36.0371925Z {"label": "representative-finite-supplier", "status": "success", "exitCode": 0, "peakMiB": 833.14}
2026-10-02T14:25:36.8875619Z {"label": "representative-accepted-finite-import", "status": "success", "exitCode": 0, "peakMiB": 835.61}
2026-10-02T14:25:37.7375740Z {"label": "terminal-008-ChainTerminal", "status": "success", "exitCode": 0, "peakMiB": 775.11}
2026-10-02T14:25:39.0872181Z {"label": "terminal-009-ModernSieveBound", "status": "success", "exitCode": 0, "peakMiB": 1070.7}
2026-10-02T14:25:40.7708010Z {"label": "terminal-010-ModernSieveInclusionExclusion", "status": "success", "exitCode": 0, "peakMiB": 1083.02}
2026-10-02T14:25:42.1209240Z {"label": "terminal-011-ModernSieveFloor", "status": "success", "exitCode": 0, "peakMiB": 1073.06}
2026-10-02T14:25:42.6335319Z {"label": "terminal-012-ModernPrunedCount", "status": "success", "exitCode": 0, "peakMiB": 239.76}
2026-10-02T14:25:43.8180509Z {"label": "terminal-013-ModernPrunedCorrectness", "status": "success", "exitCode": 0, "peakMiB": 868.09}
2026-10-02T14:25:44.6695495Z {"label": "terminal-013-ModernPrunedCorrectness-audit", "status": "success", "exitCode": 0, "peakMiB": 829.55}
2026-10-02T14:25:45.1852512Z {"label": "terminal-014-CorePrunedCount", "status": "success", "exitCode": 0, "peakMiB": 437.73}
2026-10-02T14:25:45.5330183Z {"label": "terminal-015-ModernCoreTransfer", "status": "success", "exitCode": 0, "peakMiB": 437.84}
2026-10-02T14:25:48.7239007Z {"label": "terminal-016-CoreDagBatch01", "status": "success", "exitCode": 0, "peakMiB": 524.02}
2026-10-02T14:25:49.0703358Z {"label": "terminal-016-CoreDagBatch01-audit", "status": "failed", "exitCode": 1, "peakMiB": 40.37}
2026-10-02T14:25:49.0705012Z Controlled child failed: terminal-016-CoreDagBatch01-audit
2026-10-02T14:25:49.0823572Z ##[error]Process completed with exit code 1.
2026-10-02T14:25:49.0890429Z ##[group]Run python3 "$B699_RUNTIME/cold-stage.py" manifest
2026-10-02T14:25:49.0890866Z [36;1mpython3 "$B699_RUNTIME/cold-stage.py" manifest[0m
2026-10-02T14:25:49.0953165Z shell: /usr/bin/bash -e {0}
2026-10-02T14:25:49.0953401Z env:
2026-10-02T14:25:49.0953903Z   B699_RUNTIME: research/tasks/B699-Binomial/runs/20261001-lean-nonr7-01a0f779/continuations/20261002-terminal-gap-twohour/runtime
2026-10-02T14:25:49.0954502Z   B699_JOB_START_EPOCH: 1790950575
2026-10-02T14:25:49.0954740Z ##[endgroup]
2026-10-02T14:25:50.0193932Z ##[group]Run actions/upload-artifact@ea165f8d65b6e75b540449e92b4886f43607fa02
2026-10-02T14:25:50.0194360Z with:
2026-10-02T14:25:50.0194743Z   name: b699-terminal-gap-twohour-d768e95afc238d7a1143596cdc58b720e806b987-37018676362
2026-10-02T14:25:50.0195410Z   path: .tools/b699-lean-20261001-01a0f779/20261002-terminal-gap-twohour/runtime/cold-terminal/evidence/
2026-10-02T14:25:50.0195892Z   if-no-files-found: warn
2026-10-02T14:25:50.0196118Z   retention-days: 30
2026-10-02T14:25:50.0196327Z   compression-level: 6
2026-10-02T14:25:50.0196537Z   overwrite: false
2026-10-02T14:25:50.0196742Z   include-hidden-files: false
2026-10-02T14:25:50.0196963Z env:
2026-10-02T14:25:50.0197445Z   B699_RUNTIME: research/tasks/B699-Binomial/runs/20261001-lean-nonr7-01a0f779/continuations/20261002-terminal-gap-twohour/runtime
2026-10-02T14:25:50.0198224Z   B699_JOB_START_EPOCH: 1790950575
2026-10-02T14:25:50.0198460Z ##[endgroup]
2026-10-02T14:25:50.1856505Z (node:3418) [DEP0040] DeprecationWarning: The `punycode` module is deprecated. Please use a userland alternative instead.
2026-10-02T14:25:50.1857826Z (Use `node --trace-deprecation ...` to show where the warning was created)
2026-10-02T14:25:50.3849754Z With the provided path, there will be 882 files uploaded
2026-10-02T14:25:50.3855899Z Artifact name is valid!
2026-10-02T14:25:50.3856466Z Root directory input is valid!
2026-10-02T14:25:50.5944398Z Beginning upload of artifact content to blob storage
2026-10-02T14:25:51.9418836Z (node:3418) [DEP0169] DeprecationWarning: `url.parse()` behavior is not standardized and prone to errors that have security implications. Use the WHATWG URL API instead. CVEs are not issued for `url.parse()` vulnerabilities.
2026-10-02T14:25:52.1765466Z Uploaded bytes 8388608
2026-10-02T14:25:53.2236266Z Uploaded bytes 16777216
2026-10-02T14:25:54.2950021Z Uploaded bytes 25165824
2026-10-02T14:25:55.2887631Z Uploaded bytes 33554432
2026-10-02T14:25:56.5152185Z Uploaded bytes 41943040
2026-10-02T14:25:57.4526825Z Uploaded bytes 50331648
2026-10-02T14:25:58.4701844Z Uploaded bytes 58720256
2026-10-02T14:25:59.6544793Z Uploaded bytes 67108864
2026-10-02T14:26:00.5786531Z Uploaded bytes 75497472
2026-10-02T14:26:01.6184414Z Uploaded bytes 83886080
2026-10-02T14:26:02.5812093Z Uploaded bytes 92274688
2026-10-02T14:26:03.6038795Z Uploaded bytes 100663296
2026-10-02T14:26:04.6457056Z Uploaded bytes 109051904
2026-10-02T14:26:05.7144098Z Uploaded bytes 117440512
2026-10-02T14:26:06.7122447Z Uploaded bytes 125829120
2026-10-02T14:26:07.7624973Z Uploaded bytes 134217728
2026-10-02T14:26:08.7885246Z Uploaded bytes 142606336
2026-10-02T14:26:09.8698653Z Uploaded bytes 150994944
2026-10-02T14:26:10.8765891Z Uploaded bytes 159383552
2026-10-02T14:26:11.8361346Z Uploaded bytes 167772160
2026-10-02T14:26:12.9395801Z Uploaded bytes 176160768
2026-10-02T14:26:13.8807978Z Uploaded bytes 184549376
2026-10-02T14:26:14.9071563Z Uploaded bytes 192937984
2026-10-02T14:26:15.9634116Z Uploaded bytes 201326592
2026-10-02T14:26:17.0347784Z Uploaded bytes 209715200
2026-10-02T14:26:18.1366480Z Uploaded bytes 218103808
2026-10-02T14:26:19.0752392Z Uploaded bytes 226492416
2026-10-02T14:26:20.1270880Z Uploaded bytes 234881024
2026-10-02T14:26:21.0948110Z Uploaded bytes 243269632
2026-10-02T14:26:22.1856827Z Uploaded bytes 251658240
2026-10-02T14:26:23.2591771Z Uploaded bytes 260046848
2026-10-02T14:26:24.2097735Z Uploaded bytes 268435456
2026-10-02T14:26:25.2270296Z Uploaded bytes 276824064
2026-10-02T14:26:26.2043810Z Uploaded bytes 285212672
2026-10-02T14:26:27.2385180Z Uploaded bytes 293601280
2026-10-02T14:26:28.2975097Z Uploaded bytes 301989888
2026-10-02T14:26:29.3598671Z Uploaded bytes 309583481
2026-10-02T14:26:29.3824527Z Finished uploading artifact content to blob storage!
2026-10-02T14:26:29.3827968Z SHA256 digest of uploaded artifact zip is b2b849df42781095555d5b2d8a0dfd9480e227b0850d43e414c3435c1759531e
2026-10-02T14:26:29.3831308Z Finalizing artifact upload
2026-10-02T14:26:29.6333383Z Artifact b699-terminal-gap-twohour-d768e95afc238d7a1143596cdc58b720e806b987-37018676362.zip successfully finalized. Artifact ID 11232068588
2026-10-02T14:26:29.6336302Z Artifact b699-terminal-gap-twohour-d768e95afc238d7a1143596cdc58b720e806b987-37018676362 has been successfully uploaded! Final size is 309583481 bytes. Artifact ID is 11232068588
2026-10-02T14:26:29.6343092Z Artifact download URL: https://github.com/HuanHuanHuanFFF/lean-math-lab/actions/runs/37018676362/artifacts/11232068588
2026-10-02T14:26:29.6597752Z Post job cleanup.
2026-10-02T14:26:29.7446398Z [command]/usr/bin/git version
2026-10-02T14:26:29.7495527Z git version 2.55.0
2026-10-02T14:26:29.7543430Z Temporarily overriding HOME='/home/runner/work/_temp/1815afd0-f4af-47a9-9fdb-2bec262aca1a' before making global git config changes
2026-10-02T14:26:29.7544769Z Adding repository directory to the temporary git global config as a safe directory
2026-10-02T14:26:29.7549061Z [command]/usr/bin/git config --global --add safe.directory /home/runner/work/lean-math-lab/lean-math-lab
2026-10-02T14:26:29.7587842Z Removing SSH command configuration
2026-10-02T14:26:29.7594699Z [command]/usr/bin/git config --local --name-only --get-regexp core\.sshCommand
2026-10-02T14:26:29.7636359Z [command]/usr/bin/git submodule foreach --recursive sh -c "git config --local --name-only --get-regexp 'core\.sshCommand' && git config --local --unset-all 'core.sshCommand' || :"
2026-10-02T14:26:29.7994144Z Removing HTTP extra header
2026-10-02T14:26:29.8000727Z [command]/usr/bin/git config --local --name-only --get-regexp http\.https\:\/\/github\.com\/\.extraheader
2026-10-02T14:26:29.8044106Z [command]/usr/bin/git submodule foreach --recursive sh -c "git config --local --name-only --get-regexp 'http\.https\:\/\/github\.com\/\.extraheader' && git config --local --unset-all 'http.https://github.com/.extraheader' || :"
2026-10-02T14:26:29.8430472Z Removing includeIf entries pointing to credentials config files
2026-10-02T14:26:29.8437729Z [command]/usr/bin/git config --local --name-only --get-regexp ^includeIf\.gitdir:
2026-10-02T14:26:29.8474757Z includeif.gitdir:/home/runner/work/lean-math-lab/lean-math-lab/.git.path
2026-10-02T14:26:29.8475948Z includeif.gitdir:/home/runner/work/lean-math-lab/lean-math-lab/.git/worktrees/*.path
2026-10-02T14:26:29.8476973Z includeif.gitdir:/github/workspace/.git.path
2026-10-02T14:26:29.8477975Z includeif.gitdir:/github/workspace/.git/worktrees/*.path
2026-10-02T14:26:29.8484877Z [command]/usr/bin/git config --local --get-all includeif.gitdir:/home/runner/work/lean-math-lab/lean-math-lab/.git.path
2026-10-02T14:26:29.8513757Z /home/runner/work/_temp/git-credentials-2bdc5053-8238-4f20-91f1-0a4b8d2e5b69.config
2026-10-02T14:26:29.8526984Z [command]/usr/bin/git config --local --unset includeif.gitdir:/home/runner/work/lean-math-lab/lean-math-lab/.git.path \/home\/runner\/work\/_temp\/git\-credentials\-2bdc5053\-8238\-4f20\-91f1\-0a4b8d2e5b69\.config
2026-10-02T14:26:29.8605504Z [command]/usr/bin/git config --local --get-all includeif.gitdir:/home/runner/work/lean-math-lab/lean-math-lab/.git/worktrees/*.path
2026-10-02T14:26:29.8644569Z /home/runner/work/_temp/git-credentials-2bdc5053-8238-4f20-91f1-0a4b8d2e5b69.config
2026-10-02T14:26:29.8654863Z [command]/usr/bin/git config --local --unset includeif.gitdir:/home/runner/work/lean-math-lab/lean-math-lab/.git/worktrees/*.path \/home\/runner\/work\/_temp\/git\-credentials\-2bdc5053\-8238\-4f20\-91f1\-0a4b8d2e5b69\.config
2026-10-02T14:26:29.8706277Z [command]/usr/bin/git config --local --get-all includeif.gitdir:/github/workspace/.git.path
2026-10-02T14:26:29.8738076Z /github/runner_temp/git-credentials-2bdc5053-8238-4f20-91f1-0a4b8d2e5b69.config
2026-10-02T14:26:29.8746952Z [command]/usr/bin/git config --local --unset includeif.gitdir:/github/workspace/.git.path \/github\/runner_temp\/git\-credentials\-2bdc5053\-8238\-4f20\-91f1\-0a4b8d2e5b69\.config
2026-10-02T14:26:29.8804360Z [command]/usr/bin/git config --local --get-all includeif.gitdir:/github/workspace/.git/worktrees/*.path
2026-10-02T14:26:29.8824738Z /github/runner_temp/git-credentials-2bdc5053-8238-4f20-91f1-0a4b8d2e5b69.config
2026-10-02T14:26:29.8835716Z [command]/usr/bin/git config --local --unset includeif.gitdir:/github/workspace/.git/worktrees/*.path \/github\/runner_temp\/git\-credentials\-2bdc5053\-8238\-4f20\-91f1\-0a4b8d2e5b69\.config
2026-10-02T14:26:29.8880056Z [command]/usr/bin/git submodule foreach --recursive git config --local --show-origin --name-only --get-regexp remote.origin.url
2026-10-02T14:26:29.9211599Z Removing credentials config '/home/runner/work/_temp/git-credentials-2bdc5053-8238-4f20-91f1-0a4b8d2e5b69.config'
2026-10-02T14:26:29.9362019Z Cleaning up orphan processes
2026-10-02T14:26:29.9604415Z ##[warning]Node.js 20 is deprecated. The following actions target Node.js 20 but are being forced to run on Node.js 24: actions/upload-artifact@ea165f8d65b6e75b540449e92b4886f43607fa02. For more information see: https://github.blog/changelog/2025-09-19-deprecation-of-node-20-on-github-actions-runners/

