# command: LEAN -j1 -M2048 -DautoImplicit=false -DrelaxedAutoImplicit=false --root=PROJECT_ROOT -o .tools/20260911-low-index-lean-513dc7cc/20260911T015745092845Z/olean/research/tasks/B699-Binomial/runs/20260911-low-index-lean-513dc7cc/lean/rows/Row049B64/Block002.olean research/tasks/B699-Binomial/runs/20260911-low-index-lean-513dc7cc/lean/rows/Row049B64/Block002.lean
# cwd: PROJECT_ROOT
# started_utc: 2026-09-11T01:59:17.314514Z
# finished_utc: 2026-09-11T01:59:44.119000Z
# exit_code: 0
# timed_out: False
'B699LowIndex.LowIndexLean513dc7cc.row049_layer005_pairs003' does not depend on any axioms
'B699LowIndex.LowIndexLean513dc7cc.row049_layer005_pairs004' does not depend on any axioms
'B699LowIndex.LowIndexLean513dc7cc.row049_layer005_pairs005' does not depend on any axioms
'B699LowIndex.LowIndexLean513dc7cc.row049_layer005_pairs006' does not depend on any axioms
'B699LowIndex.LowIndexLean513dc7cc.row049_layer005_chunks_eq' does not depend on any axioms
'B699LowIndex.LowIndexLean513dc7cc.row049_layer005_pairs' depends on axioms: [propext, Quot.sound]
'B699LowIndex.LowIndexLean513dc7cc.row049_layer005_checked' depends on axioms: [propext, Classical.choice, Quot.sound]
'B699LowIndex.LowIndexLean513dc7cc.row049_layer006_intervals' does not depend on any axioms
'B699LowIndex.LowIndexLean513dc7cc.row049_layer006_arithmetic' depends on axioms: [propext,
 Classical.choice,
 Quot.sound]
'B699LowIndex.LowIndexLean513dc7cc.row049_layer006_enumeration' depends on axioms: [propext,
 Classical.choice,
 Quot.sound]
'B699LowIndex.LowIndexLean513dc7cc.row049_layer006_pairs000' does not depend on any axioms
'B699LowIndex.LowIndexLean513dc7cc.row049_layer006_pairs001' does not depend on any axioms
'B699LowIndex.LowIndexLean513dc7cc.row049_layer006_pairs002' does not depend on any axioms
'B699LowIndex.LowIndexLean513dc7cc.row049_layer006_pairs003' does not depend on any axioms
'B699LowIndex.LowIndexLean513dc7cc.row049_layer006_pairs004' does not depend on any axioms
'B699LowIndex.LowIndexLean513dc7cc.row049_layer006_pairs005' does not depend on any axioms
'B699LowIndex.LowIndexLean513dc7cc.row049_layer006_pairs006' does not depend on any axioms
'B699LowIndex.LowIndexLean513dc7cc.row049_layer006_pairs007' does not depend on any axioms
'B699LowIndex.LowIndexLean513dc7cc.row049_layer006_chunks_eq' does not depend on any axioms
'B699LowIndex.LowIndexLean513dc7cc.row049_layer006_pairs' depends on axioms: [propext, Quot.sound]
'B699LowIndex.LowIndexLean513dc7cc.row049_layer006_checked' depends on axioms: [propext, Classical.choice, Quot.sound]
'B699LowIndex.LowIndexLean513dc7cc.row049_layer007_intervals' does not depend on any axioms
'B699LowIndex.LowIndexLean513dc7cc.row049_layer007_arithmetic' depends on axioms: [propext,
 Classical.choice,
 Quot.sound]
'B699LowIndex.LowIndexLean513dc7cc.row049_layer007_enumeration' depends on axioms: [propext,
 Classical.choice,
 Quot.sound]
'B699LowIndex.LowIndexLean513dc7cc.row049_layer007_pairs000' does not depend on any axioms
'B699LowIndex.LowIndexLean513dc7cc.row049_layer007_pairs001' does not depend on any axioms
'B699LowIndex.LowIndexLean513dc7cc.row049_layer007_pairs002' does not depend on any axioms
'B699LowIndex.LowIndexLean513dc7cc.row049_layer007_pairs003' does not depend on any axioms
'B699LowIndex.LowIndexLean513dc7cc.row049_layer007_pairs004' does not depend on any axioms
'B699LowIndex.LowIndexLean513dc7cc.row049_layer007_pairs005' does not depend on any axioms
'B699LowIndex.LowIndexLean513dc7cc.row049_layer007_pairs006' does not depend on any axioms
'B699LowIndex.LowIndexLean513dc7cc.row049_layer007_pairs007' does not depend on any axioms
'B699LowIndex.LowIndexLean513dc7cc.row049_layer007_pairs008' does not depend on any axioms
'B699LowIndex.LowIndexLean513dc7cc.row049_layer007_pairs009' does not depend on any axioms
'B699LowIndex.LowIndexLean513dc7cc.row049_layer007_chunks_eq' does not depend on any axioms
'B699LowIndex.LowIndexLean513dc7cc.row049_layer007_pairs' depends on axioms: [propext, Quot.sound]
'B699LowIndex.LowIndexLean513dc7cc.row049_layer007_checked' depends on axioms: [propext, Classical.choice, Quot.sound]
'B699LowIndex.LowIndexLean513dc7cc.row049_layer004_checked' depends on axioms: [propext, Classical.choice, Quot.sound]
'B699LowIndex.LowIndexLean513dc7cc.row049_layer005_checked' depends on axioms: [propext, Classical.choice, Quot.sound]
'B699LowIndex.LowIndexLean513dc7cc.row049_layer006_checked' depends on axioms: [propext, Classical.choice, Quot.sound]
'B699LowIndex.LowIndexLean513dc7cc.row049_layer007_checked' depends on axioms: [propext, Classical.choice, Quot.sound]
'B699LowIndex.LowIndexLean513dc7cc.row049_layer008_intervals' does not depend on any axioms
'B699LowIndex.LowIndexLean513dc7cc.row049_layer008_arithmetic' depends on axioms: [propext,
 Classical.choice,
 Quot.sound]
'B699LowIndex.LowIndexLean513dc7cc.row049_layer008_enumeration' depends on axioms: [propext,
 Classical.choice,
 Quot.sound]
'B699LowIndex.LowIndexLean513dc7cc.row049_layer008_pairs000' does not depend on any axioms
'B699LowIndex.LowIndexLean513dc7cc.row049_layer008_pairs001' does not depend on any axioms
'B699LowIndex.LowIndexLean513dc7cc.row049_layer008_pairs002' does not depend on any axioms
'B699LowIndex.LowIndexLean513dc7cc.row049_layer008_pairs003' does not depend on any axioms
'B699LowIndex.LowIndexLean513dc7cc.row049_layer008_pairs004' does not depend on any axioms
'B699LowIndex.LowIndexLean513dc7cc.row049_layer008_pairs005' does not depend on any axioms
'B699LowIndex.LowIndexLean513dc7cc.row049_layer008_pairs006' does not depend on any axioms
'B699LowIndex.LowIndexLean513dc7cc.row049_layer008_pairs007' does not depend on any axioms
'B699LowIndex.LowIndexLean513dc7cc.row049_layer008_chunks_eq' does not depend on any axioms
'B699LowIndex.LowIndexLean513dc7cc.row049_layer008_pairs' depends on axioms: [propext, Quot.sound]
'B699LowIndex.LowIndexLean513dc7cc.row049_layer008_checked' depends on axioms: [propext, Classical.choice, Quot.sound]
'B699LowIndex.LowIndexLean513dc7cc.row049_layer009_intervals' does not depend on any axioms
'B699LowIndex.LowIndexLean513dc7cc.row049_layer009_arithmetic' depends on axioms: [propext,
 Classical.choice,
 Quot.sound]
'B699LowIndex.LowIndexLean513dc7cc.row049_layer009_enumeration' depends on axioms: [propext,
 Classical.choice,
 Quot.sound]
'B699LowIndex.LowIndexLean513dc7cc.row049_layer009_pairs000' does not depend on any axioms
'B699LowIndex.LowIndexLean513dc7cc.row049_layer009_pairs001' does not depend on any axioms
'B699LowIndex.LowIndexLean513dc7cc.row049_layer009_pairs002' does not depend on any axioms
'B699LowIndex.LowIndexLean513dc7cc.row049_layer009_pairs003' does not depend on any axioms
'B699LowIndex.LowIndexLean513dc7cc.row049_layer009_pairs004' does not depend on any axioms
'B699LowIndex.LowIndexLean513dc7cc.row049_layer009_pairs005' does not depend on any axioms
'B699LowIndex.LowIndexLean513dc7cc.row049_layer009_pairs006' does not depend on any axioms
'B699LowIndex.LowIndexLean513dc7cc.row049_layer009_pairs007' does not depend on any axioms
'B699LowIndex.LowIndexLean513dc7cc.row049_layer009_pairs008' does not depend on any axioms
'B699LowIndex.LowIndexLean513dc7cc.row049_layer009_chunks_eq' does not depend on any axioms
'B699LowIndex.LowIndexLean513dc7cc.row049_layer009_pairs' depends on axioms: [propext, Quot.sound]
'B699LowIndex.LowIndexLean513dc7cc.row049_layer009_checked' depends on axioms: [propext, Classical.choice, Quot.sound]
'B699LowIndex.LowIndexLean513dc7cc.row049_layer010_intervals' does not depend on any axioms
'B699LowIndex.LowIndexLean513dc7cc.row049_layer010_arithmetic' depends on axioms: [propext,
 Classical.choice,
 Quot.sound]
