# command: LEAN -j1 -M2048 -DautoImplicit=false -DrelaxedAutoImplicit=false --root=PROJECT_ROOT -o .tools/20260911-low-index-lean-513dc7cc/20260911T015745092845Z/olean/research/tasks/B699-Binomial/runs/20260911-low-index-lean-513dc7cc/lean/rows/Row049B64/Block001.olean research/tasks/B699-Binomial/runs/20260911-low-index-lean-513dc7cc/lean/rows/Row049B64/Block001.lean
# cwd: PROJECT_ROOT
# started_utc: 2026-09-11T01:58:38.845322Z
# finished_utc: 2026-09-11T01:59:17.290996Z
# exit_code: 0
# timed_out: False
'B699LowIndex.LowIndexLean513dc7cc.row049_layer002_pairs000' does not depend on any axioms
'B699LowIndex.LowIndexLean513dc7cc.row049_layer002_pairs001' does not depend on any axioms
'B699LowIndex.LowIndexLean513dc7cc.row049_layer002_pairs002' does not depend on any axioms
'B699LowIndex.LowIndexLean513dc7cc.row049_layer002_pairs003' does not depend on any axioms
'B699LowIndex.LowIndexLean513dc7cc.row049_layer002_pairs004' does not depend on any axioms
'B699LowIndex.LowIndexLean513dc7cc.row049_layer002_pairs005' does not depend on any axioms
'B699LowIndex.LowIndexLean513dc7cc.row049_layer002_pairs006' does not depend on any axioms
'B699LowIndex.LowIndexLean513dc7cc.row049_layer002_pairs007' does not depend on any axioms
'B699LowIndex.LowIndexLean513dc7cc.row049_layer002_pairs008' does not depend on any axioms
'B699LowIndex.LowIndexLean513dc7cc.row049_layer002_pairs009' does not depend on any axioms
'B699LowIndex.LowIndexLean513dc7cc.row049_layer002_pairs010' does not depend on any axioms
'B699LowIndex.LowIndexLean513dc7cc.row049_layer002_pairs011' does not depend on any axioms
'B699LowIndex.LowIndexLean513dc7cc.row049_layer002_pairs012' does not depend on any axioms
'B699LowIndex.LowIndexLean513dc7cc.row049_layer002_pairs013' does not depend on any axioms
'B699LowIndex.LowIndexLean513dc7cc.row049_layer002_chunks_eq' does not depend on any axioms
'B699LowIndex.LowIndexLean513dc7cc.row049_layer002_pairs' depends on axioms: [propext, Quot.sound]
'B699LowIndex.LowIndexLean513dc7cc.row049_layer002_checked' depends on axioms: [propext, Classical.choice, Quot.sound]
'B699LowIndex.LowIndexLean513dc7cc.row049_layer003_intervals' does not depend on any axioms
'B699LowIndex.LowIndexLean513dc7cc.row049_layer003_arithmetic' depends on axioms: [propext,
 Classical.choice,
 Quot.sound]
'B699LowIndex.LowIndexLean513dc7cc.row049_layer003_enumeration' depends on axioms: [propext,
 Classical.choice,
 Quot.sound]
'B699LowIndex.LowIndexLean513dc7cc.row049_layer003_pairs000' does not depend on any axioms
'B699LowIndex.LowIndexLean513dc7cc.row049_layer003_pairs001' does not depend on any axioms
'B699LowIndex.LowIndexLean513dc7cc.row049_layer003_pairs002' does not depend on any axioms
'B699LowIndex.LowIndexLean513dc7cc.row049_layer003_pairs003' does not depend on any axioms
'B699LowIndex.LowIndexLean513dc7cc.row049_layer003_pairs004' does not depend on any axioms
'B699LowIndex.LowIndexLean513dc7cc.row049_layer003_pairs005' does not depend on any axioms
'B699LowIndex.LowIndexLean513dc7cc.row049_layer003_pairs006' does not depend on any axioms
'B699LowIndex.LowIndexLean513dc7cc.row049_layer003_pairs007' does not depend on any axioms
'B699LowIndex.LowIndexLean513dc7cc.row049_layer003_pairs008' does not depend on any axioms
'B699LowIndex.LowIndexLean513dc7cc.row049_layer003_pairs009' does not depend on any axioms
'B699LowIndex.LowIndexLean513dc7cc.row049_layer003_pairs010' does not depend on any axioms
'B699LowIndex.LowIndexLean513dc7cc.row049_layer003_pairs011' does not depend on any axioms
'B699LowIndex.LowIndexLean513dc7cc.row049_layer003_pairs012' does not depend on any axioms
'B699LowIndex.LowIndexLean513dc7cc.row049_layer003_pairs013' does not depend on any axioms
'B699LowIndex.LowIndexLean513dc7cc.row049_layer003_pairs014' does not depend on any axioms
'B699LowIndex.LowIndexLean513dc7cc.row049_layer003_pairs015' does not depend on any axioms
'B699LowIndex.LowIndexLean513dc7cc.row049_layer003_pairs016' does not depend on any axioms
'B699LowIndex.LowIndexLean513dc7cc.row049_layer003_chunks_eq' does not depend on any axioms
'B699LowIndex.LowIndexLean513dc7cc.row049_layer003_pairs' depends on axioms: [propext, Quot.sound]
'B699LowIndex.LowIndexLean513dc7cc.row049_layer003_checked' depends on axioms: [propext, Classical.choice, Quot.sound]
'B699LowIndex.LowIndexLean513dc7cc.row049_layer000_checked' depends on axioms: [propext, Classical.choice, Quot.sound]
'B699LowIndex.LowIndexLean513dc7cc.row049_layer001_checked' depends on axioms: [propext, Classical.choice, Quot.sound]
'B699LowIndex.LowIndexLean513dc7cc.row049_layer002_checked' depends on axioms: [propext, Classical.choice, Quot.sound]
'B699LowIndex.LowIndexLean513dc7cc.row049_layer003_checked' depends on axioms: [propext, Classical.choice, Quot.sound]
'B699LowIndex.LowIndexLean513dc7cc.row049_layer004_intervals' does not depend on any axioms
'B699LowIndex.LowIndexLean513dc7cc.row049_layer004_arithmetic' depends on axioms: [propext,
 Classical.choice,
 Quot.sound]
'B699LowIndex.LowIndexLean513dc7cc.row049_layer004_enumeration' depends on axioms: [propext,
 Classical.choice,
 Quot.sound]
'B699LowIndex.LowIndexLean513dc7cc.row049_layer004_pairs000' does not depend on any axioms
'B699LowIndex.LowIndexLean513dc7cc.row049_layer004_pairs001' does not depend on any axioms
'B699LowIndex.LowIndexLean513dc7cc.row049_layer004_pairs002' does not depend on any axioms
'B699LowIndex.LowIndexLean513dc7cc.row049_layer004_pairs003' does not depend on any axioms
'B699LowIndex.LowIndexLean513dc7cc.row049_layer004_pairs004' does not depend on any axioms
'B699LowIndex.LowIndexLean513dc7cc.row049_layer004_pairs005' does not depend on any axioms
'B699LowIndex.LowIndexLean513dc7cc.row049_layer004_pairs006' does not depend on any axioms
'B699LowIndex.LowIndexLean513dc7cc.row049_layer004_pairs007' does not depend on any axioms
'B699LowIndex.LowIndexLean513dc7cc.row049_layer004_pairs008' does not depend on any axioms
'B699LowIndex.LowIndexLean513dc7cc.row049_layer004_pairs009' does not depend on any axioms
'B699LowIndex.LowIndexLean513dc7cc.row049_layer004_pairs010' does not depend on any axioms
'B699LowIndex.LowIndexLean513dc7cc.row049_layer004_pairs011' does not depend on any axioms
'B699LowIndex.LowIndexLean513dc7cc.row049_layer004_pairs012' does not depend on any axioms
'B699LowIndex.LowIndexLean513dc7cc.row049_layer004_pairs013' does not depend on any axioms
'B699LowIndex.LowIndexLean513dc7cc.row049_layer004_chunks_eq' does not depend on any axioms
'B699LowIndex.LowIndexLean513dc7cc.row049_layer004_pairs' depends on axioms: [propext, Quot.sound]
'B699LowIndex.LowIndexLean513dc7cc.row049_layer004_checked' depends on axioms: [propext, Classical.choice, Quot.sound]
'B699LowIndex.LowIndexLean513dc7cc.row049_layer005_intervals' does not depend on any axioms
'B699LowIndex.LowIndexLean513dc7cc.row049_layer005_arithmetic' depends on axioms: [propext,
 Classical.choice,
 Quot.sound]
'B699LowIndex.LowIndexLean513dc7cc.row049_layer005_enumeration' depends on axioms: [propext,
 Classical.choice,
 Quot.sound]
'B699LowIndex.LowIndexLean513dc7cc.row049_layer005_pairs000' does not depend on any axioms
'B699LowIndex.LowIndexLean513dc7cc.row049_layer005_pairs001' does not depend on any axioms
'B699LowIndex.LowIndexLean513dc7cc.row049_layer005_pairs002' does not depend on any axioms
