exact project closure files: 19
research/tasks/B699-Binomial/runs/20260911-low-index-lean-513dc7cc/lean/PadeInteger.lean
research/tasks/B699-Binomial/runs/20260911-low-index-lean-513dc7cc/lean/Pade/Content.lean
research/tasks/B699-Binomial/runs/20260911-low-index-lean-513dc7cc/lean/HomRemainder/RationalHom.lean
research/tasks/B699-Binomial/runs/20260911-low-index-lean-513dc7cc/lean/Moment/Kernel.lean
research/tasks/B699-Binomial/runs/20260911-low-index-lean-513dc7cc/lean/Moment/Moment.lean
research/tasks/B699-Binomial/runs/20260911-low-index-lean-513dc7cc/lean/Moment/Factors.lean
research/tasks/B699-Binomial/runs/20260911-low-index-lean-513dc7cc/lean/Moment/Subdivision.lean
research/tasks/B699-Binomial/runs/20260911-low-index-lean-513dc7cc/lean/Moment/KernelMoments.lean
research/tasks/B699-Binomial/runs/20260911-low-index-lean-513dc7cc/lean/Moment/Sources.lean
research/tasks/B699-Binomial/runs/20260911-low-index-lean-513dc7cc/lean/Moment/Identity.lean
research/tasks/B699-Binomial/runs/20260911-low-index-lean-513dc7cc/lean/HomRemainder/Remainder.lean
research/tasks/B699-Binomial/runs/20260911-low-index-lean-513dc7cc/lean/Pade/Coefficients.lean
research/tasks/B699-Binomial/runs/20260911-low-index-lean-513dc7cc/lean/Pade/Magnitude.lean
research/tasks/B699-Binomial/runs/20260911-low-index-lean-513dc7cc/lean/Pade/Recurrence.lean
research/tasks/B699-Binomial/runs/20260911-low-index-lean-513dc7cc/lean/Pade/RawDet.lean
research/tasks/B699-Binomial/runs/20260911-low-index-lean-513dc7cc/lean/Pade/RawHom.lean
research/tasks/B699-Binomial/runs/20260911-low-index-lean-513dc7cc/lean/IntegerBridge.lean
research/tasks/B699-Binomial/runs/20260911-low-index-lean-513dc7cc/lean/Pade/Rows.lean
research/tasks/B699-Binomial/runs/20260911-low-index-lean-513dc7cc/lean/HomRemainder/Audit.lean

Source policy passed for exact project closure.
