# command: LEAN -j1 -M1536 -DautoImplicit=false -DrelaxedAutoImplicit=false --root=PROJECT_ROOT -o .tools/20260911-low-index-lean-513dc7cc/20260912T001108801401Z/olean/research/tasks/B699-Binomial/runs/20260911-low-index-lean-513dc7cc/lean/CrtStage0Pair23/Chunk003RowA31.olean research/tasks/B699-Binomial/runs/20260911-low-index-lean-513dc7cc/lean/CrtStage0Pair23/Chunk003RowA31.lean
# cwd: PROJECT_ROOT
# started_utc: 2026-09-12T00:13:01.903239Z
# finished_utc: 2026-09-12T00:13:12.995374Z
# exit_code: 0
# timed_out: False
'Math.B699.CRTStage0Pair23.Chunk003.cellA31B1_check' depends on axioms: [propext]
'Math.B699.CRTStage0Pair23.Chunk003.cellA31B2_check' depends on axioms: [propext]
'Math.B699.CRTStage0Pair23.Chunk003.cellA31B3_check' depends on axioms: [propext]
'Math.B699.CRTStage0Pair23.Chunk003.cellA31B4_check' depends on axioms: [propext]
'Math.B699.CRTStage0Pair23.Chunk003.cellA31B5_check' depends on axioms: [propext]
'Math.B699.CRTStage0Pair23.Chunk003.cellA31B6_check' depends on axioms: [propext]
'Math.B699.CRTStage0Pair23.Chunk003.cellA31B7_check' depends on axioms: [propext]
'Math.B699.CRTStage0Pair23.Chunk003.cellA31B8_check' depends on axioms: [propext]
'Math.B699.CRTStage0Pair23.Chunk003.cellA31B9_check' depends on axioms: [propext]
'Math.B699.CRTStage0Pair23.Chunk003.cellA31B10_check' depends on axioms: [propext]
'Math.B699.CRTStage0Pair23.Chunk003.cellA31B11_check' depends on axioms: [propext]
'Math.B699.CRTStage0Pair23.Chunk003.cellA31B12_check' depends on axioms: [propext]
'Math.B699.CRTStage0Pair23.Chunk003.cellA31B13_check' depends on axioms: [propext]
'Math.B699.CRTStage0Pair23.Chunk003.cellA31B14_check' depends on axioms: [propext]
'Math.B699.CRTStage0Pair23.Chunk003.cellA31B15_check' depends on axioms: [propext]
'Math.B699.CRTStage0Pair23.Chunk003.cellA31B16_check' depends on axioms: [propext]
'Math.B699.CRTStage0Pair23.Chunk003.cellA31B17_check' depends on axioms: [propext]
'Math.B699.CRTStage0Pair23.Chunk003.cellA31B18_check' depends on axioms: [propext]
'Math.B699.CRTStage0Pair23.Chunk003.cellA31B19_check' depends on axioms: [propext]
'Math.B699.CRTStage0Pair23.Chunk003.cellA31B20_check' depends on axioms: [propext]
'Math.B699.CRTStage0Pair23.Chunk003.cellA31B21_check' depends on axioms: [propext]
'Math.B699.CRTStage0Pair23.Chunk003.cellA31B22_check' depends on axioms: [propext]
'Math.B699.CRTStage0Pair23.Chunk003.cellA31B23_check' depends on axioms: [propext]
'Math.B699.CRTStage0Pair23.Chunk003.cellA31B24_check' depends on axioms: [propext]
'Math.B699.CRTStage0Pair23.Chunk003.cellA31B25_check' depends on axioms: [propext]
'Math.B699.CRTStage0Pair23.Chunk003.cellA31B26_check' depends on axioms: [propext]
'Math.B699.CRTStage0Pair23.Chunk003.cellA31B27_check' depends on axioms: [propext]
'Math.B699.CRTStage0Pair23.Chunk003.cellA31B28_check' depends on axioms: [propext]
'Math.B699.CRTStage0Pair23.Chunk003.cellA31B29_check' depends on axioms: [propext]
'Math.B699.CRTStage0Pair23.Chunk003.cellA31B30_check' depends on axioms: [propext]
'Math.B699.CRTStage0Pair23.Chunk003.cellA31B31_check' depends on axioms: [propext]
'Math.B699.CRTStage0Pair23.Chunk003.cellA31B32_check' depends on axioms: [propext]
'Math.B699.CRTStage0Pair23.Chunk003.cellA31B33_check' depends on axioms: [propext]
'Math.B699.CRTStage0Pair23.Chunk003.cellA31B34_check' depends on axioms: [propext]
'Math.B699.CRTStage0Pair23.Chunk003.cellA31B35_check' depends on axioms: [propext]
'Math.B699.CRTStage0Pair23.Chunk003.cellA31B36_check' depends on axioms: [propext]
'Math.B699.CRTStage0Pair23.Chunk003.cellA31B37_check' depends on axioms: [propext]
'Math.B699.CRTStage0Pair23.Chunk003.cellA31B38_check' depends on axioms: [propext]
'Math.B699.CRTStage0Pair23.Chunk003.cellA31B39_check' depends on axioms: [propext]
'Math.B699.CRTStage0Pair23.Chunk003.cellA31B40_check' depends on axioms: [propext]
'Math.B699.CRTStage0Pair23.Chunk003.cellA31B41_check' depends on axioms: [propext]
'Math.B699.CRTStage0Pair23.Chunk003.cellA31B42_check' depends on axioms: [propext]
'Math.B699.CRTStage0Pair23.Chunk003.cellA31B43_check' depends on axioms: [propext]
'Math.B699.CRTStage0Pair23.Chunk003.cellA31B44_check' depends on axioms: [propext]
'Math.B699.CRTStage0Pair23.Chunk003.cellA31B45_check' depends on axioms: [propext]
'Math.B699.CRTStage0Pair23.Chunk003.cellA31B46_check' depends on axioms: [propext]
'Math.B699.CRTStage0Pair23.Chunk003.cellA31B47_check' depends on axioms: [propext]
'Math.B699.CRTStage0Pair23.Chunk003.cellA31B48_check' depends on axioms: [propext]
'Math.B699.CRTStage0Pair23.Chunk003.cellA31B49_check' depends on axioms: [propext]
'Math.B699.CRTStage0Pair23.Chunk003.cellA31B50_check' depends on axioms: [propext]
'Math.B699.CRTStage0Pair23.Chunk003.cellA31B51_check' depends on axioms: [propext]
'Math.B699.CRTStage0Pair23.Chunk003.cellA31B52_check' depends on axioms: [propext]
'Math.B699.CRTStage0Pair23.Chunk003.cellA31B53_check' depends on axioms: [propext]
'Math.B699.CRTStage0Pair23.Chunk003.cellA31B54_check' depends on axioms: [propext]
'Math.B699.CRTStage0Pair23.Chunk003.cellA31B55_check' depends on axioms: [propext]
'Math.B699.CRTStage0Pair23.Chunk003.cellA31B56_check' depends on axioms: [propext]
'Math.B699.CRTStage0Pair23.Chunk003.cellA31B57_check' depends on axioms: [propext]
'Math.B699.CRTStage0Pair23.Chunk003.cellA31B58_check' depends on axioms: [propext]
'Math.B699.CRTStage0Pair23.Chunk003.cellA31B59_check' depends on axioms: [propext]
'Math.B699.CRTStage0Pair23.Chunk003.cellA31B60_check' depends on axioms: [propext]
'Math.B699.CRTStage0Pair23.Chunk003.cellA31B61_check' depends on axioms: [propext]
'Math.B699.CRTStage0Pair23.Chunk003.cellA31B62_check' depends on axioms: [propext]
'Math.B699.CRTStage0Pair23.Chunk003.cellA31B63_check' depends on axioms: [propext]
'Math.B699.CRTStage0Pair23.Chunk003.cellA31B64_check' depends on axioms: [propext]
'Math.B699.CRTStage0Pair23.Chunk003.cellA31B65_check' depends on axioms: [propext]
'Math.B699.CRTStage0Pair23.Chunk003.cellA31B66_check' depends on axioms: [propext]
'Math.B699.CRTStage0Pair23.Chunk003.cellA31B67_check' depends on axioms: [propext]
'Math.B699.CRTStage0Pair23.Chunk003.cellA31B68_check' depends on axioms: [propext]
'Math.B699.CRTStage0Pair23.Chunk003.rowA31_cell_check' depends on axioms: [propext]
'Math.B699.CRTStage0Pair23.Chunk003.rowA31_block_check' depends on axioms: [propext, Quot.sound]
