# command: LEAN -j1 -M1536 -DautoImplicit=false -DrelaxedAutoImplicit=false --root=PROJECT_ROOT -o .tools/20260911-low-index-lean-513dc7cc/20260912T000840870409Z/olean/research/tasks/B699-Binomial/runs/20260911-low-index-lean-513dc7cc/lean/CrtStage0Pair23/Chunk002RowA22.olean research/tasks/B699-Binomial/runs/20260911-low-index-lean-513dc7cc/lean/CrtStage0Pair23/Chunk002RowA22.lean
# cwd: PROJECT_ROOT
# started_utc: 2026-09-12T00:10:25.581772Z
# finished_utc: 2026-09-12T00:10:36.849331Z
# exit_code: 0
# timed_out: False
'Math.B699.CRTStage0Pair23.Chunk002.cellA22B1_check' depends on axioms: [propext]
'Math.B699.CRTStage0Pair23.Chunk002.cellA22B2_check' depends on axioms: [propext]
'Math.B699.CRTStage0Pair23.Chunk002.cellA22B3_check' depends on axioms: [propext]
'Math.B699.CRTStage0Pair23.Chunk002.cellA22B4_check' depends on axioms: [propext]
'Math.B699.CRTStage0Pair23.Chunk002.cellA22B5_check' depends on axioms: [propext]
'Math.B699.CRTStage0Pair23.Chunk002.cellA22B6_check' depends on axioms: [propext]
'Math.B699.CRTStage0Pair23.Chunk002.cellA22B7_check' depends on axioms: [propext]
'Math.B699.CRTStage0Pair23.Chunk002.cellA22B8_check' depends on axioms: [propext]
'Math.B699.CRTStage0Pair23.Chunk002.cellA22B9_check' depends on axioms: [propext]
'Math.B699.CRTStage0Pair23.Chunk002.cellA22B10_check' depends on axioms: [propext]
'Math.B699.CRTStage0Pair23.Chunk002.cellA22B11_check' depends on axioms: [propext]
'Math.B699.CRTStage0Pair23.Chunk002.cellA22B12_check' depends on axioms: [propext]
'Math.B699.CRTStage0Pair23.Chunk002.cellA22B13_check' depends on axioms: [propext]
'Math.B699.CRTStage0Pair23.Chunk002.cellA22B14_check' depends on axioms: [propext]
'Math.B699.CRTStage0Pair23.Chunk002.cellA22B15_check' depends on axioms: [propext]
'Math.B699.CRTStage0Pair23.Chunk002.cellA22B16_check' depends on axioms: [propext]
'Math.B699.CRTStage0Pair23.Chunk002.cellA22B17_check' depends on axioms: [propext]
'Math.B699.CRTStage0Pair23.Chunk002.cellA22B18_check' depends on axioms: [propext]
'Math.B699.CRTStage0Pair23.Chunk002.cellA22B19_check' depends on axioms: [propext]
'Math.B699.CRTStage0Pair23.Chunk002.cellA22B20_check' depends on axioms: [propext]
'Math.B699.CRTStage0Pair23.Chunk002.cellA22B21_check' depends on axioms: [propext]
'Math.B699.CRTStage0Pair23.Chunk002.cellA22B22_check' depends on axioms: [propext]
'Math.B699.CRTStage0Pair23.Chunk002.cellA22B23_check' depends on axioms: [propext]
'Math.B699.CRTStage0Pair23.Chunk002.cellA22B24_check' depends on axioms: [propext]
'Math.B699.CRTStage0Pair23.Chunk002.cellA22B25_check' depends on axioms: [propext]
'Math.B699.CRTStage0Pair23.Chunk002.cellA22B26_check' depends on axioms: [propext]
'Math.B699.CRTStage0Pair23.Chunk002.cellA22B27_check' depends on axioms: [propext]
'Math.B699.CRTStage0Pair23.Chunk002.cellA22B28_check' depends on axioms: [propext]
'Math.B699.CRTStage0Pair23.Chunk002.cellA22B29_check' depends on axioms: [propext]
'Math.B699.CRTStage0Pair23.Chunk002.cellA22B30_check' depends on axioms: [propext]
'Math.B699.CRTStage0Pair23.Chunk002.cellA22B31_check' depends on axioms: [propext]
'Math.B699.CRTStage0Pair23.Chunk002.cellA22B32_check' depends on axioms: [propext]
'Math.B699.CRTStage0Pair23.Chunk002.cellA22B33_check' depends on axioms: [propext]
'Math.B699.CRTStage0Pair23.Chunk002.cellA22B34_check' depends on axioms: [propext]
'Math.B699.CRTStage0Pair23.Chunk002.cellA22B35_check' depends on axioms: [propext]
'Math.B699.CRTStage0Pair23.Chunk002.cellA22B36_check' depends on axioms: [propext]
'Math.B699.CRTStage0Pair23.Chunk002.cellA22B37_check' depends on axioms: [propext]
'Math.B699.CRTStage0Pair23.Chunk002.cellA22B38_check' depends on axioms: [propext]
'Math.B699.CRTStage0Pair23.Chunk002.cellA22B39_check' depends on axioms: [propext]
'Math.B699.CRTStage0Pair23.Chunk002.cellA22B40_check' depends on axioms: [propext]
'Math.B699.CRTStage0Pair23.Chunk002.cellA22B41_check' depends on axioms: [propext]
'Math.B699.CRTStage0Pair23.Chunk002.cellA22B42_check' depends on axioms: [propext]
'Math.B699.CRTStage0Pair23.Chunk002.cellA22B43_check' depends on axioms: [propext]
'Math.B699.CRTStage0Pair23.Chunk002.cellA22B44_check' depends on axioms: [propext]
'Math.B699.CRTStage0Pair23.Chunk002.cellA22B45_check' depends on axioms: [propext]
'Math.B699.CRTStage0Pair23.Chunk002.cellA22B46_check' depends on axioms: [propext]
'Math.B699.CRTStage0Pair23.Chunk002.cellA22B47_check' depends on axioms: [propext]
'Math.B699.CRTStage0Pair23.Chunk002.cellA22B48_check' depends on axioms: [propext]
'Math.B699.CRTStage0Pair23.Chunk002.cellA22B49_check' depends on axioms: [propext]
'Math.B699.CRTStage0Pair23.Chunk002.cellA22B50_check' depends on axioms: [propext]
'Math.B699.CRTStage0Pair23.Chunk002.cellA22B51_check' depends on axioms: [propext]
'Math.B699.CRTStage0Pair23.Chunk002.cellA22B52_check' depends on axioms: [propext]
'Math.B699.CRTStage0Pair23.Chunk002.cellA22B53_check' depends on axioms: [propext]
'Math.B699.CRTStage0Pair23.Chunk002.cellA22B54_check' depends on axioms: [propext]
'Math.B699.CRTStage0Pair23.Chunk002.cellA22B55_check' depends on axioms: [propext]
'Math.B699.CRTStage0Pair23.Chunk002.cellA22B56_check' depends on axioms: [propext]
'Math.B699.CRTStage0Pair23.Chunk002.cellA22B57_check' depends on axioms: [propext]
'Math.B699.CRTStage0Pair23.Chunk002.cellA22B58_check' depends on axioms: [propext]
'Math.B699.CRTStage0Pair23.Chunk002.cellA22B59_check' depends on axioms: [propext]
'Math.B699.CRTStage0Pair23.Chunk002.cellA22B60_check' depends on axioms: [propext]
'Math.B699.CRTStage0Pair23.Chunk002.cellA22B61_check' depends on axioms: [propext]
'Math.B699.CRTStage0Pair23.Chunk002.cellA22B62_check' depends on axioms: [propext]
'Math.B699.CRTStage0Pair23.Chunk002.cellA22B63_check' depends on axioms: [propext]
'Math.B699.CRTStage0Pair23.Chunk002.cellA22B64_check' depends on axioms: [propext]
'Math.B699.CRTStage0Pair23.Chunk002.cellA22B65_check' depends on axioms: [propext]
'Math.B699.CRTStage0Pair23.Chunk002.cellA22B66_check' depends on axioms: [propext]
'Math.B699.CRTStage0Pair23.Chunk002.cellA22B67_check' depends on axioms: [propext]
'Math.B699.CRTStage0Pair23.Chunk002.cellA22B68_check' depends on axioms: [propext]
'Math.B699.CRTStage0Pair23.Chunk002.rowA22_cell_check' depends on axioms: [propext]
'Math.B699.CRTStage0Pair23.Chunk002.rowA22_block_check' depends on axioms: [propext, Quot.sound]
