# command: LEAN -j1 -M1536 -DautoImplicit=false -DrelaxedAutoImplicit=false --root=PROJECT_ROOT -o .tools/20260911-low-index-lean-513dc7cc/20260912T000840870409Z/olean/research/tasks/B699-Binomial/runs/20260911-low-index-lean-513dc7cc/lean/CrtStage0Pair23/Chunk002RowA18.olean research/tasks/B699-Binomial/runs/20260911-low-index-lean-513dc7cc/lean/CrtStage0Pair23/Chunk002RowA18.lean
# cwd: PROJECT_ROOT
# started_utc: 2026-09-12T00:09:40.083518Z
# finished_utc: 2026-09-12T00:09:51.368313Z
# exit_code: 0
# timed_out: False
'Math.B699.CRTStage0Pair23.Chunk002.cellA18B1_check' depends on axioms: [propext]
'Math.B699.CRTStage0Pair23.Chunk002.cellA18B2_check' depends on axioms: [propext]
'Math.B699.CRTStage0Pair23.Chunk002.cellA18B3_check' depends on axioms: [propext]
'Math.B699.CRTStage0Pair23.Chunk002.cellA18B4_check' depends on axioms: [propext]
'Math.B699.CRTStage0Pair23.Chunk002.cellA18B5_check' depends on axioms: [propext]
'Math.B699.CRTStage0Pair23.Chunk002.cellA18B6_check' depends on axioms: [propext]
'Math.B699.CRTStage0Pair23.Chunk002.cellA18B7_check' depends on axioms: [propext]
'Math.B699.CRTStage0Pair23.Chunk002.cellA18B8_check' depends on axioms: [propext]
'Math.B699.CRTStage0Pair23.Chunk002.cellA18B9_check' depends on axioms: [propext]
'Math.B699.CRTStage0Pair23.Chunk002.cellA18B10_check' depends on axioms: [propext]
'Math.B699.CRTStage0Pair23.Chunk002.cellA18B11_check' depends on axioms: [propext]
'Math.B699.CRTStage0Pair23.Chunk002.cellA18B12_check' depends on axioms: [propext]
'Math.B699.CRTStage0Pair23.Chunk002.cellA18B13_check' depends on axioms: [propext]
'Math.B699.CRTStage0Pair23.Chunk002.cellA18B14_check' depends on axioms: [propext]
'Math.B699.CRTStage0Pair23.Chunk002.cellA18B15_check' depends on axioms: [propext]
'Math.B699.CRTStage0Pair23.Chunk002.cellA18B16_check' depends on axioms: [propext]
'Math.B699.CRTStage0Pair23.Chunk002.cellA18B17_check' depends on axioms: [propext]
'Math.B699.CRTStage0Pair23.Chunk002.cellA18B18_check' depends on axioms: [propext]
'Math.B699.CRTStage0Pair23.Chunk002.cellA18B19_check' depends on axioms: [propext]
'Math.B699.CRTStage0Pair23.Chunk002.cellA18B20_check' depends on axioms: [propext]
'Math.B699.CRTStage0Pair23.Chunk002.cellA18B21_check' depends on axioms: [propext]
'Math.B699.CRTStage0Pair23.Chunk002.cellA18B22_check' depends on axioms: [propext]
'Math.B699.CRTStage0Pair23.Chunk002.cellA18B23_check' depends on axioms: [propext]
'Math.B699.CRTStage0Pair23.Chunk002.cellA18B24_check' depends on axioms: [propext]
'Math.B699.CRTStage0Pair23.Chunk002.cellA18B25_check' depends on axioms: [propext]
'Math.B699.CRTStage0Pair23.Chunk002.cellA18B26_check' depends on axioms: [propext]
'Math.B699.CRTStage0Pair23.Chunk002.cellA18B27_check' depends on axioms: [propext]
'Math.B699.CRTStage0Pair23.Chunk002.cellA18B28_check' depends on axioms: [propext]
'Math.B699.CRTStage0Pair23.Chunk002.cellA18B29_check' depends on axioms: [propext]
'Math.B699.CRTStage0Pair23.Chunk002.cellA18B30_check' depends on axioms: [propext]
'Math.B699.CRTStage0Pair23.Chunk002.cellA18B31_check' depends on axioms: [propext]
'Math.B699.CRTStage0Pair23.Chunk002.cellA18B32_check' depends on axioms: [propext]
'Math.B699.CRTStage0Pair23.Chunk002.cellA18B33_check' depends on axioms: [propext]
'Math.B699.CRTStage0Pair23.Chunk002.cellA18B34_check' depends on axioms: [propext]
'Math.B699.CRTStage0Pair23.Chunk002.cellA18B35_check' depends on axioms: [propext]
'Math.B699.CRTStage0Pair23.Chunk002.cellA18B36_check' depends on axioms: [propext]
'Math.B699.CRTStage0Pair23.Chunk002.cellA18B37_check' depends on axioms: [propext]
'Math.B699.CRTStage0Pair23.Chunk002.cellA18B38_check' depends on axioms: [propext]
'Math.B699.CRTStage0Pair23.Chunk002.cellA18B39_check' depends on axioms: [propext]
'Math.B699.CRTStage0Pair23.Chunk002.cellA18B40_check' depends on axioms: [propext]
'Math.B699.CRTStage0Pair23.Chunk002.cellA18B41_check' depends on axioms: [propext]
'Math.B699.CRTStage0Pair23.Chunk002.cellA18B42_check' depends on axioms: [propext]
'Math.B699.CRTStage0Pair23.Chunk002.cellA18B43_check' depends on axioms: [propext]
'Math.B699.CRTStage0Pair23.Chunk002.cellA18B44_check' depends on axioms: [propext]
'Math.B699.CRTStage0Pair23.Chunk002.cellA18B45_check' depends on axioms: [propext]
'Math.B699.CRTStage0Pair23.Chunk002.cellA18B46_check' depends on axioms: [propext]
'Math.B699.CRTStage0Pair23.Chunk002.cellA18B47_check' depends on axioms: [propext]
'Math.B699.CRTStage0Pair23.Chunk002.cellA18B48_check' depends on axioms: [propext]
'Math.B699.CRTStage0Pair23.Chunk002.cellA18B49_check' depends on axioms: [propext]
'Math.B699.CRTStage0Pair23.Chunk002.cellA18B50_check' depends on axioms: [propext]
'Math.B699.CRTStage0Pair23.Chunk002.cellA18B51_check' depends on axioms: [propext]
'Math.B699.CRTStage0Pair23.Chunk002.cellA18B52_check' depends on axioms: [propext]
'Math.B699.CRTStage0Pair23.Chunk002.cellA18B53_check' depends on axioms: [propext]
'Math.B699.CRTStage0Pair23.Chunk002.cellA18B54_check' depends on axioms: [propext]
'Math.B699.CRTStage0Pair23.Chunk002.cellA18B55_check' depends on axioms: [propext]
'Math.B699.CRTStage0Pair23.Chunk002.cellA18B56_check' depends on axioms: [propext]
'Math.B699.CRTStage0Pair23.Chunk002.cellA18B57_check' depends on axioms: [propext]
'Math.B699.CRTStage0Pair23.Chunk002.cellA18B58_check' depends on axioms: [propext]
'Math.B699.CRTStage0Pair23.Chunk002.cellA18B59_check' depends on axioms: [propext]
'Math.B699.CRTStage0Pair23.Chunk002.cellA18B60_check' depends on axioms: [propext]
'Math.B699.CRTStage0Pair23.Chunk002.cellA18B61_check' depends on axioms: [propext]
'Math.B699.CRTStage0Pair23.Chunk002.cellA18B62_check' depends on axioms: [propext]
'Math.B699.CRTStage0Pair23.Chunk002.cellA18B63_check' depends on axioms: [propext]
'Math.B699.CRTStage0Pair23.Chunk002.cellA18B64_check' depends on axioms: [propext]
'Math.B699.CRTStage0Pair23.Chunk002.cellA18B65_check' depends on axioms: [propext]
'Math.B699.CRTStage0Pair23.Chunk002.cellA18B66_check' depends on axioms: [propext]
'Math.B699.CRTStage0Pair23.Chunk002.cellA18B67_check' depends on axioms: [propext]
'Math.B699.CRTStage0Pair23.Chunk002.cellA18B68_check' depends on axioms: [propext]
'Math.B699.CRTStage0Pair23.Chunk002.rowA18_cell_check' depends on axioms: [propext]
'Math.B699.CRTStage0Pair23.Chunk002.rowA18_block_check' depends on axioms: [propext, Quot.sound]
