# command: LEAN -j1 -M1536 -DautoImplicit=false -DrelaxedAutoImplicit=false --root=PROJECT_ROOT -o .tools/20260911-low-index-lean-513dc7cc/20260911T035019883526Z/olean/research/tasks/B699-Binomial/runs/20260911-low-index-lean-513dc7cc/lean/PadeInteger.olean research/tasks/B699-Binomial/runs/20260911-low-index-lean-513dc7cc/lean/PadeInteger.lean
# cwd: PROJECT_ROOT
# started_utc: 2026-09-11T03:50:38.296314Z
# finished_utc: 2026-09-11T03:50:51.252049Z
# exit_code: 1
# timed_out: False
PROJECT_ROOT\research\tasks\B699-Binomial\runs\20260911-low-index-lean-513dc7cc\lean\PadeInteger.lean:31:4: error(lean.dependsOnNoncomputable): failed to compile definition, consider marking it as 'noncomputable' because it depends on 'semiring', which is 'noncomputable'
PROJECT_ROOT\research\tasks\B699-Binomial\runs\20260911-low-index-lean-513dc7cc\lean\PadeInteger.lean:38:24: warning: This simp argument is unused:
  Nat.lt_succ_iff

Hint: Omit it from the simp argument list.
  [apply] simp [coefficientPolynomial, Polynomial.finsetSum_coeff, Polynomial.coeff_monomial, Finset.sum_ite_eq']

Note: This linter can be disabled with `set_option linter.unusedSimpArgs false`
PROJECT_ROOT\research\tasks\B699-Binomial\runs\20260911-low-index-lean-513dc7cc\lean\PadeInteger.lean:62:4: error(lean.dependsOnNoncomputable): failed to compile definition, consider marking it as 'noncomputable' because it depends on 'coefficientPolynomial', which is 'noncomputable'
PROJECT_ROOT\research\tasks\B699-Binomial\runs\20260911-low-index-lean-513dc7cc\lean\PadeInteger.lean:65:4: error(lean.dependsOnNoncomputable): failed to compile definition, consider marking it as 'noncomputable' because it depends on 'coefficientPolynomial', which is 'noncomputable'
PROJECT_ROOT\research\tasks\B699-Binomial\runs\20260911-low-index-lean-513dc7cc\lean\PadeInteger.lean:68:4: error(lean.dependsOnNoncomputable): failed to compile definition, consider marking it as 'noncomputable' because it depends on 'coefficientPolynomial', which is 'noncomputable'
PROJECT_ROOT\research\tasks\B699-Binomial\runs\20260911-low-index-lean-513dc7cc\lean\PadeInteger.lean:138:6: warning: Unused tactic linter: `ring` does nothing

Note: This linter can be disabled with `set_option linter.unusedTactic false`
PROJECT_ROOT\research\tasks\B699-Binomial\runs\20260911-low-index-lean-513dc7cc\lean\PadeInteger.lean:138:6: warning: this tactic is never executed

Note: This linter can be disabled with `set_option linter.unreachableTactic false`
PROJECT_ROOT\research\tasks\B699-Binomial\runs\20260911-low-index-lean-513dc7cc\lean\PadeInteger.lean:183:10: warning: Unused tactic linter: `ring` does nothing

Note: This linter can be disabled with `set_option linter.unusedTactic false`
PROJECT_ROOT\research\tasks\B699-Binomial\runs\20260911-low-index-lean-513dc7cc\lean\PadeInteger.lean:183:10: warning: this tactic is never executed

Note: This linter can be disabled with `set_option linter.unreachableTactic false`
'Math.B699.PadeConstruction.coefficientPolynomial_coeff' depends on axioms: [propext, Classical.choice, Quot.sound]
'Math.B699.PadeConstruction.coefficientPolynomial_natDegree_le' depends on axioms: [propext,
 Classical.choice,
 Quot.sound]
'Math.B699.PadeConstruction.qContent_pos' depends on axioms: [propext, Classical.choice, Quot.sound]
'Math.B699.PadeConstruction.qContent_dvd_qCoefficient' depends on axioms: [propext, Classical.choice, Quot.sound]
'Math.B699.PadeConstruction.homogeneousValue_cast_eq' depends on axioms: [propext, Classical.choice, Quot.sound]
'Math.B699.PadeConstruction.qContent_mul_normalizedValue' depends on axioms: [propext, Classical.choice, Quot.sound]
'Math.B699.PadeConstruction.qNormalizedValue_cast_eq' depends on axioms: [propext, Classical.choice, Quot.sound]
