COMPILE research/tasks/B686-Four/runs/20260908-formalization-92c221/lean/shortgap/DeletedSquareBridge.lean
research/tasks/B686-Four/runs/20260908-formalization-92c221/lean/shortgap/DeletedSquareBridge.lean:50:49: error: omega could not prove the goal:
a possible counterexample may satisfy the constraints
  c ≥ 0
  b ≥ 0
  b - c ≥ 1
  a ≥ 0
where
 a := ↑((fun i => k + h + i) j)
 b := ↑j
 c := ↑i
research/tasks/B686-Four/runs/20260908-formalization-92c221/lean/shortgap/DeletedSquareBridge.lean:71:40: error: omega could not prove the goal:
a possible counterexample may satisfy the constraints
  c ≥ 0
  b ≥ 0
  b - c ≥ 1
  a ≥ 0
where
 a := ↑((fun i => k + h + i) j)
 b := ↑j
 c := ↑i
research/tasks/B686-Four/runs/20260908-formalization-92c221/lean/shortgap/DeletedSquareBridge.lean:99:57: error: omega could not prove the goal:
a possible counterexample may satisfy the constraints
  e ≥ 1
  d ≥ 0
  c ≥ 0
  c - d ≤ -2
  2 ≤ b ≤ 7
  a ≥ 22
  2*a + b - c ≤ 0
where
 a := ↑k
 b := ↑h
 c := ↑n
 d := ↑((k + (k + h)) ^ 2)
 e := ↑(B686Round3SmallGap.product k n)
'B686ShortGap.keptOffsets_square' depends on axioms: [propext, sorryAx, Classical.choice, Quot.sound]
research/tasks/B686-Four/runs/20260908-formalization-92c221/lean/shortgap/DeletedSquareBridge.lean:121:0: error: ❌️ Docstring on `#guard_msgs` does not match generated message:

- info: 'B686ShortGap.keptOffsets_square' depends on axioms: [propext, Classical.choice, Quot.sound]
+ info: 'B686ShortGap.keptOffsets_square' depends on axioms: [propext, sorryAx, Classical.choice, Quot.sound]
'B686ShortGap.no_gap_two_seven_of_deleted_square' depends on axioms: [propext, sorryAx, Classical.choice, Quot.sound]
research/tasks/B686-Four/runs/20260908-formalization-92c221/lean/shortgap/DeletedSquareBridge.lean:124:0: error: ❌️ Docstring on `#guard_msgs` does not match generated message:

- info: 'B686ShortGap.no_gap_two_seven_of_deleted_square' depends on axioms: [propext, Classical.choice, Quot.sound]
+ info: 'B686ShortGap.no_gap_two_seven_of_deleted_square' depends on axioms: [propext, sorryAx, Classical.choice, Quot.sound]
'B686ShortGap.original_gap_ge_eight_of_external' depends on axioms: [propext, sorryAx, Classical.choice, Quot.sound]
research/tasks/B686-Four/runs/20260908-formalization-92c221/lean/shortgap/DeletedSquareBridge.lean:127:0: error: ❌️ Docstring on `#guard_msgs` does not match generated message:

- info: 'B686ShortGap.original_gap_ge_eight_of_external' depends on axioms: [propext, Classical.choice, Quot.sound]
+ info: 'B686ShortGap.original_gap_ge_eight_of_external' depends on axioms: [propext, sorryAx, Classical.choice, Quot.sound]

