COMPILE research/tasks/B686-Four/runs/20260908-formalization-92c221/lean/shortgap/FixedGap.lean
research/tasks/B686-Four/runs/20260908-formalization-92c221/lean/shortgap/FixedGap.lean:29:2: error: omega could not prove the goal:
a possible counterexample may satisfy the constraints
  f ≥ 0
  0 ≤ 2*f - 3*g ≤ 1
  e ≥ 0
  e - f ≤ -1
  0 ≤ 2*e - 3*h ≤ 1
  d ≥ 2
  d - e ≤ -1
  d - f ≥ -2
  0 ≤ 2*d - 3*i ≤ 1
where
 d := ↑a / 2
 e := ↑b / 2
 f := ↑c / 2
 g := ↑c / 3
 h := ↑b / 3
 i := ↑a / 3
research/tasks/B686-Four/runs/20260908-formalization-92c221/lean/shortgap/FixedGap.lean:96:52: error: Type mismatch: After simplification, term
  heq
 has type
  ∏ x ∈ Icc 1 k, (m + x) = 4 * ∏ x ∈ Icc 1 k, (n + x)
but is expected to have type
  ∏ i ∈ Icc 1 k, (n + k + h + i) = 4 * ∏ i ∈ Icc 1 k, (n + i)
research/tasks/B686-Four/runs/20260908-formalization-92c221/lean/shortgap/FixedGap.lean:99:2: error: omega could not prove the goal:
a possible counterexample may satisfy the constraints
  j ≥ 0
  i ≥ 0
  g ≥ 0
  f ≥ 0
  f - g ≥ 1
  -1 ≤ 2*e - i ≤ 0
  d ≥ 0
  d - i ≥ 0
  d + f - j ≤ -1
  c ≥ 0
  b ≥ 0
  a ≥ 0
  a - b - d - e + i ≤ 0
  a - b - d + i ≥ 2
  2*a - 2*b - 2*d + i ≤ 0
where
 a := ↑(k, n, m).2.2
 b := ↑(k, n, m).2.1
 c := ↑(∏ i ∈ Icc 1 (k, n, m).1, ((k, n, m).2.1 + i))
 d := ↑(fixedGapBound h)
 e := ↑(fixedGapBound h - h) / 2
 f := ↑(fixedGapBound h ^ 2)
 g := ↑n
 i := ↑(fixedGapBound h - h)
 j := ↑m
'B686FixedGap.three_mul_index_le_nth_prime' depends on axioms: [propext, sorryAx, Classical.choice, Quot.sound]
research/tasks/B686-Four/runs/20260908-formalization-92c221/lean/shortgap/FixedGap.lean:102:0: error: ❌️ Docstring on `#guard_msgs` does not match generated message:

- info: 'B686FixedGap.three_mul_index_le_nth_prime' depends on axioms: [propext, Classical.choice, Quot.sound]
+ info: 'B686FixedGap.three_mul_index_le_nth_prime' depends on axioms: [propext, sorryAx, Classical.choice, Quot.sound]
'B686FixedGap.original_fixed_gap_bounds' depends on axioms: [propext, sorryAx, Classical.choice, Quot.sound]
research/tasks/B686-Four/runs/20260908-formalization-92c221/lean/shortgap/FixedGap.lean:105:0: error: ❌️ Docstring on `#guard_msgs` does not match generated message:

- info: 'B686FixedGap.original_fixed_gap_bounds' depends on axioms: [propext, Classical.choice, Quot.sound]
+ info: 'B686FixedGap.original_fixed_gap_bounds' depends on axioms: [propext, sorryAx, Classical.choice, Quot.sound]
'B686FixedGap.fixed_gap_solutions_finite' depends on axioms: [propext, sorryAx, Classical.choice, Quot.sound]
research/tasks/B686-Four/runs/20260908-formalization-92c221/lean/shortgap/FixedGap.lean:108:0: error: ❌️ Docstring on `#guard_msgs` does not match generated message:

- info: 'B686FixedGap.fixed_gap_solutions_finite' depends on axioms: [propext, Classical.choice, Quot.sound]
+ info: 'B686FixedGap.fixed_gap_solutions_finite' depends on axioms: [propext, sorryAx, Classical.choice, Quot.sound]

