/workspace/scratch/75a17f226d3b/lean-math-lab/research/tasks/B686-Four/runs/20260908-formalization-92c221/lean/quarter/AnalyticRemainder.lean:22:4: error: `simp` made no progress
/workspace/scratch/75a17f226d3b/lean-math-lab/research/tasks/B686-Four/runs/20260908-formalization-92c221/lean/quarter/AnalyticRemainder.lean:30:2: warning: Try this: 
  letI̵

The goal is a proposition, so `let` is preferred over `letI`.
The difference between `let` and `letI` is that `letI` inlines the value.
But this is not relevant for proofs because of proof irrelevance.

Note: This linter can be disabled with `set_option linter.style.haveILetI false`
/workspace/scratch/75a17f226d3b/lean-math-lab/research/tasks/B686-Four/runs/20260908-formalization-92c221/lean/quarter/AnalyticRemainder.lean:45:5: error: invalid 'by' tactic, expected type has not been provided
/workspace/scratch/75a17f226d3b/lean-math-lab/research/tasks/B686-Four/runs/20260908-formalization-92c221/lean/quarter/AnalyticRemainder.lean:50:4: error: Type mismatch: After simplification, term
  Tendsto.mono_left (Tendsto.neg hh) hl
 has type
  Tendsto (fun x => -((eval x P ^ 2 - eval x B) / x ^ s)) l (𝓝 0)
but is expected to have type
  Tendsto (fun z => (eval z B - eval z P ^ 2) / z ^ s) l (𝓝 0)
/workspace/scratch/75a17f226d3b/lean-math-lab/research/tasks/B686-Four/runs/20260908-formalization-92c221/lean/quarter/AnalyticRemainder.lean:52:4: error: Type mismatch: After simplification, term
  Tendsto.add hf hP
 has type
  Tendsto (fun x => f x / x ^ s + eval x P / x ^ s) l (𝓝 (1 + 1))
but is expected to have type
  Tendsto (fun z => f z / z ^ s + eval z P / z ^ s) l (𝓝 2)
/workspace/scratch/75a17f226d3b/lean-math-lab/research/tasks/B686-Four/runs/20260908-formalization-92c221/lean/quarter/AnalyticRemainder.lean:55:4: error: Type mismatch: After simplification, term
  Tendsto.div hEt hden
    (Mathlib.Meta.NormNum.isNat_eq_false (Mathlib.Meta.NormNum.isNat_ofNat ℂ (Eq.refl 2))
      (Mathlib.Meta.NormNum.isNat_ofNat ℂ Nat.cast_zero) (Eq.refl false))
 has type
  @Tendsto ℂ ℂ ((fun z => (eval z B - eval z P ^ 2) / z ^ s) / fun z => (f z + eval z P) / z ^ s) l (𝓝 0)
but is expected to have type
  @Tendsto ℂ ℂ (fun z => (eval z B - eval z P ^ 2) / z ^ s / ((f z + eval z P) / z ^ s)) l (𝓝 0)
/workspace/scratch/75a17f226d3b/lean-math-lab/research/tasks/B686-Four/runs/20260908-formalization-92c221/lean/quarter/AnalyticRemainder.lean:58:9: error(lean.invalidField): Invalid field `eventually_ne_nhds`: The environment does not contain `Function.eventually_ne_nhds`, so it is not possible to project the field `eventually_ne_nhds` from an expression
  hden
of type
  ?m.383 ∈ 𝓝 2 → ?m.383 ∈ Filter.map (fun z => (f z + eval z P) / z ^ s) l
/workspace/scratch/75a17f226d3b/lean-math-lab/research/tasks/B686-Four/runs/20260908-formalization-92c221/lean/quarter/AnalyticRemainder.lean:100:85: error: unsolved goals
s : ℕ
z : ℂ
⊢ eval z (Polynomial.map (Int.castRingHom ℂ) (∏ x ∈ range (2 * s), (X - (2 * ↑x + 1) ^ 2))) =
    ∏ x ∈ range (2 * s), (z - (2 * ↑x + 1) ^ 2)
