B699_RESOURCE_CONTRACT path=/sys/fs/cgroup memory.max=14227079168 memory.current=1867776 cpu.max=max 100000 pids.max=1024 pids.current=3
B699_DIAGNOSTIC_TIMER timeout (GNU coreutils) 9.1
B699_DIAGNOSTIC_LEASE seconds=180 deadline.epoch=1791330025
{"caption":"","data":"Contribution.B699ProfilingA151CharControl001.codecExact :\n  Contribution.B699ProfilingA151CharControl001.decodeCharGoods\n        [10043284475396850876113164237332660150614874788659569251777115293107166683579801494461919968002247363569864717630636698195278591166228672827,\n          980565441030043368105691041937020667411134090054061833393523086816826989231751084175096347161492195681691986301169043963041885838639133409,\n          291154584830857301130969299739904714004132058864147777056268672404996357059634213612339300878148439929350488819117196624179944992014465037,\n          744618175904405185300547755628794620412444069229575745700590170005272153199424169449540151033951170452623494079227795275756528591774288613]\n        0 \"###%5$(#$\".toList =\n      Contribution.B699ProfilingA151CharControl001.sourceGoods ∧\n    Contribution.B699ProfilingA151CharControl001.decodeCharLayers\n        1000000000000000000000000000000000000000000000000000000000000000000 1892 \"$,\".toList =\n      Contribution.B699ProfilingA151CharControl001.sourceLayers","endPos":{"column":6,"line":50},"fileName":"/contribution/Frozen/Diag_A151CharControl001.lean","isSilent":false,"keepFullRange":false,"kind":"[anonymous]","pos":{"column":0,"line":50},"severity":"information"}
{"caption":"","data":"'Contribution.B699ProfilingA151CharControl001.codecExact' depends on axioms: [propext, Classical.choice, Quot.sound]","endPos":{"column":6,"line":51},"fileName":"/contribution/Frozen/Diag_A151CharControl001.lean","isSilent":false,"keepFullRange":false,"kind":"[anonymous]","pos":{"column":0,"line":51},"severity":"information"}
cumulative profiling times:
	attribute application 0.544ms
	compilation (IR) 0.54ms
	compilation (LCNF base) 8.09ms
	compilation (LCNF impure) 3.21ms
	compilation (LCNF mono) 4.9ms
	congr simp thm 0.126ms
	elaboration 53.4ms
	fix level params 0.103ms
	instantiate metavars 0.269ms
	let-to-have transformation 0.656ms
	linting 1.8ms
	parsing 2.09ms
	process pre-definitions 21.8ms
	share common exprs 0.613ms
	simp 0.685ms
	tactic execution 7.35ms
	type checking 24.8ms
	typeclass inference 13.8ms
