B699_RESOURCE_CONTRACT path=/sys/fs/cgroup memory.max=14227079168 memory.current=2011136 cpu.max=max 100000 pids.max=1024 pids.current=3
B699_DIAGNOSTIC_TIMER timeout (GNU coreutils) 9.1
B699_DIAGNOSTIC_LEASE seconds=180 deadline.epoch=1791330025
cumulative profiling times:
	attribute application 0.554ms
	compilation (IR) 8.05ms
	compilation (LCNF base) 86.6ms
	compilation (LCNF impure) 44.7ms
	compilation (LCNF mono) 75.7ms
	congr simp thm 0.125ms
	elaboration 507ms
	fix level params 0.832ms
	instantiate metavars 3.21ms
	let-to-have transformation 19.9ms
	linting 11.5ms
	parsing 14.8ms
	process pre-definitions 125ms
	share common exprs 4.39ms
	simp 0.613ms
	tactic execution 7.41ms
	type checking 214ms
	typeclass inference 178ms
{"caption":"","data":"code generator does not support recursor `List.rec` yet, consider using 'match ... with' and/or structural recursion","endPos":{"column":21,"line":24},"fileName":"/contribution/Frozen/Diag_A151PackedExact354.lean","isSilent":false,"keepFullRange":false,"kind":"[anonymous]","pos":{"column":4,"line":24},"severity":"error"}
{"caption":"","data":"code generator does not support recursor `List.rec` yet, consider using 'match ... with' and/or structural recursion","endPos":{"column":22,"line":35},"fileName":"/contribution/Frozen/Diag_A151PackedExact354.lean","isSilent":false,"keepFullRange":false,"kind":"[anonymous]","pos":{"column":4,"line":35},"severity":"error"}
{"caption":"","data":"elaboration took 207ms\n","endPos":null,"fileName":"/contribution/Frozen/Diag_A151PackedExact354.lean","isSilent":false,"keepFullRange":false,"kind":"[anonymous]","pos":{"column":0,"line":40},"severity":"information"}
{"caption":"","data":"elaboration took 115ms\n","endPos":null,"fileName":"/contribution/Frozen/Diag_A151PackedExact354.lean","isSilent":false,"keepFullRange":false,"kind":"[anonymous]","pos":{"column":0,"line":41},"severity":"information"}
{"caption":"","data":"type checking took 196ms\n","endPos":null,"fileName":"/contribution/Frozen/Diag_A151PackedExact354.lean","isSilent":false,"keepFullRange":false,"kind":"[anonymous]","pos":{"column":0,"line":44},"severity":"information"}
{"caption":"","data":"Contribution.B699ProfilingA151PackedExact354.codecExact :\n  Contribution.B699ProfilingA151PackedExact354.decodePackedGoods\n        [10043284475396850876113164237332660150614874788659569251777115293107166683579801494461919968002247363569864717630636698195278591166228672827,\n          980565441030043368105691041937020667411134090054061833393523086816826989231751084175096347161492195681691986301169043963041885838639133409,\n          291154584830857301130969299739904714004132058864147777056268672404996357059634213612339300878148439929350488819117196624179944992014465037,\n          744618175904405185300547755628794620412444069229575745700590170005272153199424169449540151033951170452623494079227795275756528591774288613]\n        0 Contribution.B699ProfilingA151PackedExact354.packedGoods =\n      Contribution.B699ProfilingA151PackedExact354.sourceGoods ∧\n    Contribution.B699ProfilingA151PackedExact354.decodePackedLayers\n        1000000000000000000000000000000000000000000000000000000000000000000 1892\n        Contribution.B699ProfilingA151PackedExact354.packedLayers =\n      Contribution.B699ProfilingA151PackedExact354.sourceLayers","endPos":{"column":6,"line":49},"fileName":"/contribution/Frozen/Diag_A151PackedExact354.lean","isSilent":false,"keepFullRange":false,"kind":"[anonymous]","pos":{"column":0,"line":49},"severity":"information"}
{"caption":"","data":"'Contribution.B699ProfilingA151PackedExact354.codecExact' depends on axioms: [propext]","endPos":{"column":6,"line":50},"fileName":"/contribution/Frozen/Diag_A151PackedExact354.lean","isSilent":false,"keepFullRange":false,"kind":"[anonymous]","pos":{"column":0,"line":50},"severity":"information"}
