# command: LEAN -j1 -M1536 -DautoImplicit=false -DrelaxedAutoImplicit=false --root=PROJECT_ROOT -o .tools/20260911-low-index-lean-513dc7cc/20260911T213814780768Z/olean/research/tasks/B699-Binomial/runs/20260911-low-index-lean-513dc7cc/lean/Growth/I11SevenTwoLeaves/Chunk06.olean research/tasks/B699-Binomial/runs/20260911-low-index-lean-513dc7cc/lean/Growth/I11SevenTwoLeaves/Chunk06.lean
# cwd: PROJECT_ROOT
# started_utc: 2026-09-11T21:38:42.450210Z
# finished_utc: 2026-09-11T21:38:56.856917Z
# exit_code: 0
# timed_out: False
PROJECT_ROOT\research\tasks\B699-Binomial\runs\20260911-low-index-lean-513dc7cc\lean\Growth\I11SevenTwoLeaves\Chunk06.lean:85:84: warning: Used `tac1 <;> tac2` where `(tac1; tac2)` would suffice

Note: This linter can be disabled with `set_option linter.unnecessarySeqFocus false`
PROJECT_ROOT\research\tasks\B699-Binomial\runs\20260911-low-index-lean-513dc7cc\lean\Growth\I11SevenTwoLeaves\Chunk06.lean:92:63: warning: Used `tac1 <;> tac2` where `(tac1; tac2)` would suffice

Note: This linter can be disabled with `set_option linter.unnecessarySeqFocus false`
'Math.B699.I11SevenTwoGrowth.ELeaf004.actual_gap_eq' depends on axioms: [propext, Classical.choice, Quot.sound]
'Math.B699.I11SevenTwoGrowth.ELeaf004.leafMap_eq_path' depends on axioms: [propext, Classical.choice, Quot.sound]
'Math.B699.I11SevenTwoGrowth.ELeaf004.gapExpansion_cone' depends on axioms: [propext, Classical.choice, Quot.sound]
'Math.B699.I11SevenTwoGrowth.ELeaf004.local_gap_cone' depends on axioms: [propext, Classical.choice, Quot.sound]
'Math.B699.I11SevenTwoGrowth.ELeaf004.local_core_cone' depends on axioms: [propext, Classical.choice, Quot.sound]
'Math.B699.I11SevenTwoGrowth.ELeaf004.local_weight0_cone' depends on axioms: [propext, Classical.choice, Quot.sound]
'Math.B699.I11SevenTwoGrowth.ELeaf004.local_weight1_cone' depends on axioms: [propext, Classical.choice, Quot.sound]
'Math.B699.I11SevenTwoGrowth.ELeaf004.leaf_delta0' depends on axioms: [propext, Classical.choice, Quot.sound]
'Math.B699.I11SevenTwoGrowth.ELeaf004.leaf_delta1' depends on axioms: [propext, Classical.choice, Quot.sound]
PROJECT_ROOT\research\tasks\B699-Binomial\runs\20260911-low-index-lean-513dc7cc\lean\Growth\I11SevenTwoLeaves\Chunk06.lean:236:84: warning: Used `tac1 <;> tac2` where `(tac1; tac2)` would suffice

Note: This linter can be disabled with `set_option linter.unnecessarySeqFocus false`
PROJECT_ROOT\research\tasks\B699-Binomial\runs\20260911-low-index-lean-513dc7cc\lean\Growth\I11SevenTwoLeaves\Chunk06.lean:243:63: warning: Used `tac1 <;> tac2` where `(tac1; tac2)` would suffice

Note: This linter can be disabled with `set_option linter.unnecessarySeqFocus false`
'Math.B699.I11SevenTwoGrowth.ELeaf005.actual_gap_eq' depends on axioms: [propext, Classical.choice, Quot.sound]
'Math.B699.I11SevenTwoGrowth.ELeaf005.leafMap_eq_path' depends on axioms: [propext, Classical.choice, Quot.sound]
'Math.B699.I11SevenTwoGrowth.ELeaf005.gapExpansion_cone' depends on axioms: [propext, Classical.choice, Quot.sound]
'Math.B699.I11SevenTwoGrowth.ELeaf005.local_gap_cone' depends on axioms: [propext, Classical.choice, Quot.sound]
'Math.B699.I11SevenTwoGrowth.ELeaf005.local_core_cone' depends on axioms: [propext, Classical.choice, Quot.sound]
'Math.B699.I11SevenTwoGrowth.ELeaf005.local_weight0_cone' depends on axioms: [propext, Classical.choice, Quot.sound]
'Math.B699.I11SevenTwoGrowth.ELeaf005.local_weight1_cone' depends on axioms: [propext, Classical.choice, Quot.sound]
'Math.B699.I11SevenTwoGrowth.ELeaf005.leaf_delta0' depends on axioms: [propext, Classical.choice, Quot.sound]
'Math.B699.I11SevenTwoGrowth.ELeaf005.leaf_delta1' depends on axioms: [propext, Classical.choice, Quot.sound]
