# command: LEAN -j1 -M2048 -DautoImplicit=false -DrelaxedAutoImplicit=false --root=PROJECT_ROOT -o .tools/20260911-low-index-lean-513dc7cc/20260911T050549566927Z/olean/research/tasks/B699-Binomial/runs/20260911-low-index-lean-513dc7cc/lean/rows/Row115B32/Block002.olean research/tasks/B699-Binomial/runs/20260911-low-index-lean-513dc7cc/lean/rows/Row115B32/Block002.lean
# cwd: PROJECT_ROOT
# started_utc: 2026-09-11T05:06:48.942230Z
# finished_utc: 2026-09-11T05:07:07.709422Z
# exit_code: 0
# timed_out: False
'B699LowIndex.LowIndexLean513dc7cc.row115_layer001_pairs016' does not depend on any axioms
'B699LowIndex.LowIndexLean513dc7cc.row115_layer001_chunks_eq' does not depend on any axioms
'B699LowIndex.LowIndexLean513dc7cc.row115_layer001_pairs' depends on axioms: [propext, Quot.sound]
'B699LowIndex.LowIndexLean513dc7cc.row115_layer001_checked' depends on axioms: [propext, Classical.choice, Quot.sound]
'B699LowIndex.LowIndexLean513dc7cc.row115_layer002_intervals' does not depend on any axioms
'B699LowIndex.LowIndexLean513dc7cc.row115_layer002_arithmetic' depends on axioms: [propext,
 Classical.choice,
 Quot.sound]
'B699LowIndex.LowIndexLean513dc7cc.row115_layer002_enumeration' depends on axioms: [propext,
 Classical.choice,
 Quot.sound]
'B699LowIndex.LowIndexLean513dc7cc.row115_layer002_pairs000' does not depend on any axioms
'B699LowIndex.LowIndexLean513dc7cc.row115_layer002_pairs001' does not depend on any axioms
'B699LowIndex.LowIndexLean513dc7cc.row115_layer002_pairs002' does not depend on any axioms
'B699LowIndex.LowIndexLean513dc7cc.row115_layer002_pairs003' does not depend on any axioms
'B699LowIndex.LowIndexLean513dc7cc.row115_layer002_pairs004' does not depend on any axioms
'B699LowIndex.LowIndexLean513dc7cc.row115_layer002_pairs005' does not depend on any axioms
'B699LowIndex.LowIndexLean513dc7cc.row115_layer002_pairs006' does not depend on any axioms
'B699LowIndex.LowIndexLean513dc7cc.row115_layer002_pairs007' does not depend on any axioms
'B699LowIndex.LowIndexLean513dc7cc.row115_layer002_pairs008' does not depend on any axioms
'B699LowIndex.LowIndexLean513dc7cc.row115_layer002_pairs009' does not depend on any axioms
'B699LowIndex.LowIndexLean513dc7cc.row115_layer002_pairs010' does not depend on any axioms
'B699LowIndex.LowIndexLean513dc7cc.row115_layer002_pairs011' does not depend on any axioms
'B699LowIndex.LowIndexLean513dc7cc.row115_layer002_pairs012' does not depend on any axioms
'B699LowIndex.LowIndexLean513dc7cc.row115_layer002_pairs013' does not depend on any axioms
'B699LowIndex.LowIndexLean513dc7cc.row115_layer002_chunks_eq' does not depend on any axioms
'B699LowIndex.LowIndexLean513dc7cc.row115_layer002_pairs' depends on axioms: [propext, Quot.sound]
'B699LowIndex.LowIndexLean513dc7cc.row115_layer002_checked' depends on axioms: [propext, Classical.choice, Quot.sound]
'B699LowIndex.LowIndexLean513dc7cc.row115_layer003_intervals' does not depend on any axioms
'B699LowIndex.LowIndexLean513dc7cc.row115_layer003_arithmetic' depends on axioms: [propext,
 Classical.choice,
 Quot.sound]
'B699LowIndex.LowIndexLean513dc7cc.row115_layer003_enumeration' depends on axioms: [propext,
 Classical.choice,
 Quot.sound]
'B699LowIndex.LowIndexLean513dc7cc.row115_layer003_pairs000' does not depend on any axioms
'B699LowIndex.LowIndexLean513dc7cc.row115_layer003_pairs001' does not depend on any axioms
'B699LowIndex.LowIndexLean513dc7cc.row115_layer003_pairs002' does not depend on any axioms
'B699LowIndex.LowIndexLean513dc7cc.row115_layer003_pairs003' does not depend on any axioms
'B699LowIndex.LowIndexLean513dc7cc.row115_layer003_pairs004' does not depend on any axioms
'B699LowIndex.LowIndexLean513dc7cc.row115_layer003_pairs005' does not depend on any axioms
'B699LowIndex.LowIndexLean513dc7cc.row115_layer003_pairs006' does not depend on any axioms
