# command: LEAN -j1 -M1536 -DautoImplicit=false -DrelaxedAutoImplicit=false --root=PROJECT_ROOT -o .tools/20260911-low-index-lean-513dc7cc/20260912T041912846008Z/olean/research/tasks/B699-Binomial/runs/20260911-low-index-lean-513dc7cc/lean/CrtStage1Pair37/Cells002P0.olean research/tasks/B699-Binomial/runs/20260911-low-index-lean-513dc7cc/lean/CrtStage1Pair37/Cells002P0.lean
# cwd: PROJECT_ROOT
# started_utc: 2026-09-12T04:21:20.824321Z
# finished_utc: 2026-09-12T04:21:34.160449Z
# exit_code: 0
# timed_out: False
'Math.B699.CRTStage1Pair37.Chunk002.cellA17B1_check' depends on axioms: [propext]
'Math.B699.CRTStage1Pair37.Chunk002.cellA17B2_check' depends on axioms: [propext]
'Math.B699.CRTStage1Pair37.Chunk002.cellA17B3_check' depends on axioms: [propext]
'Math.B699.CRTStage1Pair37.Chunk002.cellA17B4_check' depends on axioms: [propext]
'Math.B699.CRTStage1Pair37.Chunk002.cellA17B5_check' depends on axioms: [propext]
'Math.B699.CRTStage1Pair37.Chunk002.cellA17B6_check' depends on axioms: [propext]
'Math.B699.CRTStage1Pair37.Chunk002.cellA17B7_check' depends on axioms: [propext]
'Math.B699.CRTStage1Pair37.Chunk002.cellA17B8_check' depends on axioms: [propext]
'Math.B699.CRTStage1Pair37.Chunk002.cellA17B9_check' depends on axioms: [propext]
'Math.B699.CRTStage1Pair37.Chunk002.cellA17B10_check' depends on axioms: [propext]
'Math.B699.CRTStage1Pair37.Chunk002.cellA17B11_check' depends on axioms: [propext]
'Math.B699.CRTStage1Pair37.Chunk002.cellA17B12_check' depends on axioms: [propext]
'Math.B699.CRTStage1Pair37.Chunk002.cellA17B13_check' depends on axioms: [propext]
'Math.B699.CRTStage1Pair37.Chunk002.cellA17B14_check' depends on axioms: [propext]
'Math.B699.CRTStage1Pair37.Chunk002.cellA17B15_check' depends on axioms: [propext]
'Math.B699.CRTStage1Pair37.Chunk002.cellA17B16_check' depends on axioms: [propext]
'Math.B699.CRTStage1Pair37.Chunk002.cellA17B17_check' depends on axioms: [propext]
'Math.B699.CRTStage1Pair37.Chunk002.cellA17B18_check' depends on axioms: [propext]
'Math.B699.CRTStage1Pair37.Chunk002.cellA17B19_check' depends on axioms: [propext]
'Math.B699.CRTStage1Pair37.Chunk002.cellA17B20_check' depends on axioms: [propext]
'Math.B699.CRTStage1Pair37.Chunk002.cellA17B21_check' depends on axioms: [propext]
'Math.B699.CRTStage1Pair37.Chunk002.rowA17_cell_check' depends on axioms: [propext]
'Math.B699.CRTStage1Pair37.Chunk002.rowA17_block_check' depends on axioms: [propext, Quot.sound]
'Math.B699.CRTStage1Pair37.Chunk002.cellA18B1_check' depends on axioms: [propext]
'Math.B699.CRTStage1Pair37.Chunk002.cellA18B2_check' depends on axioms: [propext]
'Math.B699.CRTStage1Pair37.Chunk002.cellA18B3_check' depends on axioms: [propext]
'Math.B699.CRTStage1Pair37.Chunk002.cellA18B4_check' depends on axioms: [propext]
'Math.B699.CRTStage1Pair37.Chunk002.cellA18B5_check' depends on axioms: [propext]
'Math.B699.CRTStage1Pair37.Chunk002.cellA18B6_check' depends on axioms: [propext]
'Math.B699.CRTStage1Pair37.Chunk002.cellA18B7_check' depends on axioms: [propext]
'Math.B699.CRTStage1Pair37.Chunk002.cellA18B8_check' depends on axioms: [propext]
'Math.B699.CRTStage1Pair37.Chunk002.cellA18B9_check' depends on axioms: [propext]
'Math.B699.CRTStage1Pair37.Chunk002.cellA18B10_check' depends on axioms: [propext]
'Math.B699.CRTStage1Pair37.Chunk002.cellA18B11_check' depends on axioms: [propext]
'Math.B699.CRTStage1Pair37.Chunk002.cellA18B12_check' depends on axioms: [propext]
'Math.B699.CRTStage1Pair37.Chunk002.cellA18B13_check' depends on axioms: [propext]
'Math.B699.CRTStage1Pair37.Chunk002.cellA18B14_check' depends on axioms: [propext]
'Math.B699.CRTStage1Pair37.Chunk002.cellA18B15_check' depends on axioms: [propext]
'Math.B699.CRTStage1Pair37.Chunk002.cellA18B16_check' depends on axioms: [propext]
'Math.B699.CRTStage1Pair37.Chunk002.cellA18B17_check' depends on axioms: [propext]
'Math.B699.CRTStage1Pair37.Chunk002.cellA18B18_check' depends on axioms: [propext]
'Math.B699.CRTStage1Pair37.Chunk002.cellA18B19_check' depends on axioms: [propext]
'Math.B699.CRTStage1Pair37.Chunk002.cellA18B20_check' depends on axioms: [propext]
'Math.B699.CRTStage1Pair37.Chunk002.cellA18B21_check' depends on axioms: [propext]
'Math.B699.CRTStage1Pair37.Chunk002.rowA18_cell_check' depends on axioms: [propext]
'Math.B699.CRTStage1Pair37.Chunk002.rowA18_block_check' depends on axioms: [propext, Quot.sound]
'Math.B699.CRTStage1Pair37.Chunk002.cellA19B1_check' depends on axioms: [propext]
'Math.B699.CRTStage1Pair37.Chunk002.cellA19B2_check' depends on axioms: [propext]
'Math.B699.CRTStage1Pair37.Chunk002.cellA19B3_check' depends on axioms: [propext]
'Math.B699.CRTStage1Pair37.Chunk002.cellA19B4_check' depends on axioms: [propext]
'Math.B699.CRTStage1Pair37.Chunk002.cellA19B5_check' depends on axioms: [propext]
'Math.B699.CRTStage1Pair37.Chunk002.cellA19B6_check' depends on axioms: [propext]
'Math.B699.CRTStage1Pair37.Chunk002.cellA19B7_check' depends on axioms: [propext]
'Math.B699.CRTStage1Pair37.Chunk002.cellA19B8_check' depends on axioms: [propext]
'Math.B699.CRTStage1Pair37.Chunk002.cellA19B9_check' depends on axioms: [propext]
'Math.B699.CRTStage1Pair37.Chunk002.cellA19B10_check' depends on axioms: [propext]
'Math.B699.CRTStage1Pair37.Chunk002.cellA19B11_check' depends on axioms: [propext]
'Math.B699.CRTStage1Pair37.Chunk002.cellA19B12_check' depends on axioms: [propext]
'Math.B699.CRTStage1Pair37.Chunk002.cellA19B13_check' depends on axioms: [propext]
'Math.B699.CRTStage1Pair37.Chunk002.cellA19B14_check' depends on axioms: [propext]
'Math.B699.CRTStage1Pair37.Chunk002.cellA19B15_check' depends on axioms: [propext]
'Math.B699.CRTStage1Pair37.Chunk002.cellA19B16_check' depends on axioms: [propext]
'Math.B699.CRTStage1Pair37.Chunk002.cellA19B17_check' depends on axioms: [propext]
'Math.B699.CRTStage1Pair37.Chunk002.cellA19B18_check' depends on axioms: [propext]
'Math.B699.CRTStage1Pair37.Chunk002.cellA19B19_check' depends on axioms: [propext]
'Math.B699.CRTStage1Pair37.Chunk002.cellA19B20_check' depends on axioms: [propext]
'Math.B699.CRTStage1Pair37.Chunk002.cellA19B21_check' depends on axioms: [propext]
'Math.B699.CRTStage1Pair37.Chunk002.rowA19_cell_check' depends on axioms: [propext]
'Math.B699.CRTStage1Pair37.Chunk002.rowA19_block_check' depends on axioms: [propext, Quot.sound]
'Math.B699.CRTStage1Pair37.Chunk002.cellA20B1_check' depends on axioms: [propext]
'Math.B699.CRTStage1Pair37.Chunk002.cellA20B2_check' depends on axioms: [propext]
'Math.B699.CRTStage1Pair37.Chunk002.cellA20B3_check' depends on axioms: [propext]
'Math.B699.CRTStage1Pair37.Chunk002.cellA20B4_check' depends on axioms: [propext]
'Math.B699.CRTStage1Pair37.Chunk002.cellA20B5_check' depends on axioms: [propext]
'Math.B699.CRTStage1Pair37.Chunk002.cellA20B6_check' depends on axioms: [propext]
'Math.B699.CRTStage1Pair37.Chunk002.cellA20B7_check' depends on axioms: [propext]
'Math.B699.CRTStage1Pair37.Chunk002.cellA20B8_check' depends on axioms: [propext]
'Math.B699.CRTStage1Pair37.Chunk002.cellA20B9_check' depends on axioms: [propext]
'Math.B699.CRTStage1Pair37.Chunk002.cellA20B10_check' depends on axioms: [propext]
'Math.B699.CRTStage1Pair37.Chunk002.cellA20B11_check' depends on axioms: [propext]
'Math.B699.CRTStage1Pair37.Chunk002.cellA20B12_check' depends on axioms: [propext]
'Math.B699.CRTStage1Pair37.Chunk002.cellA20B13_check' depends on axioms: [propext]
'Math.B699.CRTStage1Pair37.Chunk002.cellA20B14_check' depends on axioms: [propext]
'Math.B699.CRTStage1Pair37.Chunk002.cellA20B15_check' depends on axioms: [propext]
'Math.B699.CRTStage1Pair37.Chunk002.cellA20B16_check' depends on axioms: [propext]
'Math.B699.CRTStage1Pair37.Chunk002.cellA20B17_check' depends on axioms: [propext]
'Math.B699.CRTStage1Pair37.Chunk002.cellA20B18_check' depends on axioms: [propext]
'Math.B699.CRTStage1Pair37.Chunk002.cellA20B19_check' depends on axioms: [propext]
'Math.B699.CRTStage1Pair37.Chunk002.cellA20B20_check' depends on axioms: [propext]
'Math.B699.CRTStage1Pair37.Chunk002.cellA20B21_check' depends on axioms: [propext]
'Math.B699.CRTStage1Pair37.Chunk002.rowA20_cell_check' depends on axioms: [propext]
'Math.B699.CRTStage1Pair37.Chunk002.rowA20_block_check' depends on axioms: [propext, Quot.sound]
'Math.B699.CRTStage1Pair37.Chunk002.cellA21B1_check' depends on axioms: [propext]
'Math.B699.CRTStage1Pair37.Chunk002.cellA21B2_check' depends on axioms: [propext]
'Math.B699.CRTStage1Pair37.Chunk002.cellA21B3_check' depends on axioms: [propext]
'Math.B699.CRTStage1Pair37.Chunk002.cellA21B4_check' depends on axioms: [propext]
'Math.B699.CRTStage1Pair37.Chunk002.cellA21B5_check' depends on axioms: [propext]
'Math.B699.CRTStage1Pair37.Chunk002.cellA21B6_check' depends on axioms: [propext]
'Math.B699.CRTStage1Pair37.Chunk002.cellA21B7_check' depends on axioms: [propext]
'Math.B699.CRTStage1Pair37.Chunk002.cellA21B8_check' depends on axioms: [propext]
'Math.B699.CRTStage1Pair37.Chunk002.cellA21B9_check' depends on axioms: [propext]
'Math.B699.CRTStage1Pair37.Chunk002.cellA21B10_check' depends on axioms: [propext]
'Math.B699.CRTStage1Pair37.Chunk002.cellA21B11_check' depends on axioms: [propext]
'Math.B699.CRTStage1Pair37.Chunk002.cellA21B12_check' depends on axioms: [propext]
'Math.B699.CRTStage1Pair37.Chunk002.cellA21B13_check' depends on axioms: [propext]
'Math.B699.CRTStage1Pair37.Chunk002.cellA21B14_check' depends on axioms: [propext]
'Math.B699.CRTStage1Pair37.Chunk002.cellA21B15_check' depends on axioms: [propext]
'Math.B699.CRTStage1Pair37.Chunk002.cellA21B16_check' depends on axioms: [propext]
'Math.B699.CRTStage1Pair37.Chunk002.cellA21B17_check' depends on axioms: [propext]
'Math.B699.CRTStage1Pair37.Chunk002.cellA21B18_check' depends on axioms: [propext]
'Math.B699.CRTStage1Pair37.Chunk002.cellA21B19_check' depends on axioms: [propext]
'Math.B699.CRTStage1Pair37.Chunk002.cellA21B20_check' depends on axioms: [propext]
'Math.B699.CRTStage1Pair37.Chunk002.cellA21B21_check' depends on axioms: [propext]
'Math.B699.CRTStage1Pair37.Chunk002.rowA21_cell_check' depends on axioms: [propext]
'Math.B699.CRTStage1Pair37.Chunk002.rowA21_block_check' depends on axioms: [propext, Quot.sound]
'Math.B699.CRTStage1Pair37.Chunk002.cellA22B1_check' depends on axioms: [propext]
'Math.B699.CRTStage1Pair37.Chunk002.cellA22B2_check' depends on axioms: [propext]
'Math.B699.CRTStage1Pair37.Chunk002.cellA22B3_check' depends on axioms: [propext]
'Math.B699.CRTStage1Pair37.Chunk002.cellA22B4_check' depends on axioms: [propext]
'Math.B699.CRTStage1Pair37.Chunk002.cellA22B5_check' depends on axioms: [propext]
'Math.B699.CRTStage1Pair37.Chunk002.cellA22B6_check' depends on axioms: [propext]
'Math.B699.CRTStage1Pair37.Chunk002.cellA22B7_check' depends on axioms: [propext]
'Math.B699.CRTStage1Pair37.Chunk002.cellA22B8_check' depends on axioms: [propext]
'Math.B699.CRTStage1Pair37.Chunk002.cellA22B9_check' depends on axioms: [propext]
'Math.B699.CRTStage1Pair37.Chunk002.cellA22B10_check' depends on axioms: [propext]
'Math.B699.CRTStage1Pair37.Chunk002.cellA22B11_check' depends on axioms: [propext]
'Math.B699.CRTStage1Pair37.Chunk002.cellA22B12_check' depends on axioms: [propext]
'Math.B699.CRTStage1Pair37.Chunk002.cellA22B13_check' depends on axioms: [propext]
'Math.B699.CRTStage1Pair37.Chunk002.cellA22B14_check' depends on axioms: [propext]
'Math.B699.CRTStage1Pair37.Chunk002.cellA22B15_check' depends on axioms: [propext]
'Math.B699.CRTStage1Pair37.Chunk002.cellA22B16_check' depends on axioms: [propext]
'Math.B699.CRTStage1Pair37.Chunk002.cellA22B17_check' depends on axioms: [propext]
'Math.B699.CRTStage1Pair37.Chunk002.cellA22B18_check' depends on axioms: [propext]
'Math.B699.CRTStage1Pair37.Chunk002.cellA22B19_check' depends on axioms: [propext]
'Math.B699.CRTStage1Pair37.Chunk002.cellA22B20_check' depends on axioms: [propext]
'Math.B699.CRTStage1Pair37.Chunk002.cellA22B21_check' depends on axioms: [propext]
'Math.B699.CRTStage1Pair37.Chunk002.rowA22_cell_check' depends on axioms: [propext]
'Math.B699.CRTStage1Pair37.Chunk002.rowA22_block_check' depends on axioms: [propext, Quot.sound]
