# command: LEAN -j1 -M4096 -DautoImplicit=false -DrelaxedAutoImplicit=false --root=PROJECT_ROOT -o .tools/verification/20260909T070200Z/olean/research/tasks/B699-Binomial/runs/20260909-discriminant-height-9d40056a/lean/JacobiIdentity.olean research/tasks/B699-Binomial/runs/20260909-discriminant-height-9d40056a/lean/JacobiIdentity.lean
# cwd: PROJECT_ROOT
# started_utc: 2026-09-09T07:02:23.200668Z
# finished_utc: 2026-09-09T07:02:28.922546Z
# exit_code: 0
# timed_out: False
PROJECT_ROOT/research/tasks/B699-Binomial/runs/20260909-discriminant-height-9d40056a/lean/JacobiIdentity.lean:32:24: warning: This simp argument is unused:
  Nat.cast_add

Hint: Omit it from the simp argument list.
  [apply] simp only [coeff_add, coeff_sub, coeff_X_mul, coeff_C_mul, coeff_derivative, coeff_X_derivative, Nat.cast_one]

Note: This linter can be disabled with `set_option linter.unusedSimpArgs false`
PROJECT_ROOT/research/tasks/B699-Binomial/runs/20260909-discriminant-height-9d40056a/lean/JacobiIdentity.lean:32:38: warning: This simp argument is unused:
  Nat.cast_one

Hint: Omit it from the simp argument list.
  [apply] simp only [coeff_add, coeff_sub, coeff_X_mul, coeff_C_mul, coeff_derivative, coeff_X_derivative, Nat.cast_add]

Note: This linter can be disabled with `set_option linter.unusedSimpArgs false`
PROJECT_ROOT/research/tasks/B699-Binomial/runs/20260909-discriminant-height-9d40056a/lean/JacobiIdentity.lean:111:26: warning: Used `tac1 <;> tac2` where `(tac1; tac2)` would suffice

Note: This linter can be disabled with `set_option linter.unnecessarySeqFocus false`
'B699Height.coefficientPolynomial_lowering' depends on axioms: [propext, Classical.choice, Quot.sound]
'B699Height.coefficientPolynomial_discr_one' depends on axioms: [propext, Classical.choice, Quot.sound]
'B699Height.coefficientPolynomial_discr_step' depends on axioms: [propext, Classical.choice, Quot.sound]
'B699Height.coefficientPolynomial_discr_pos' depends on axioms: [propext, Classical.choice, Quot.sound]
'B699Height.coefficientPolynomial_discr_ne_zero' depends on axioms: [propext, Classical.choice, Quot.sound]
