=== Erdos686 ===
/workspace/scratch/75a17f226d3b/lean-math-lab/research/tasks/B686-Four/runs/20260908-formalization-92c221/lean/canonical/vendor/remapped/B686CanonicalVendor/ErdosProblems/Erdos686.lean:789:32: error(lean.synthInstanceFailed): failed to synthesize instance of type class
  OfNat ℝ 4
numerals are polymorphic in Lean, but the numeral `4` cannot be used in a context where the expected type is
  ℝ
due to the absence of the instance above

Hint: Type class instance resolution failures can be inspected with the `set_option trace.Meta.synthInstance true` command.
/workspace/scratch/75a17f226d3b/lean-math-lab/research/tasks/B686-Four/runs/20260908-formalization-92c221/lean/canonical/vendor/remapped/B686CanonicalVendor/ErdosProblems/Erdos686.lean:789:43: error(lean.synthInstanceFailed): failed to synthesize instance of type class
  OfNat ℝ 3
numerals are polymorphic in Lean, but the numeral `3` cannot be used in a context where the expected type is
  ℝ
due to the absence of the instance above

Hint: Type class instance resolution failures can be inspected with the `set_option trace.Meta.synthInstance true` command.
/workspace/scratch/75a17f226d3b/lean-math-lab/research/tasks/B686-Four/runs/20260908-formalization-92c221/lean/canonical/vendor/remapped/B686CanonicalVendor/ErdosProblems/Erdos686.lean:789:42: error(lean.synthInstanceFailed): failed to synthesize instance of type class
  Inv ℝ

Hint: Type class instance resolution failures can be inspected with the `set_option trace.Meta.synthInstance true` command.
/workspace/scratch/75a17f226d3b/lean-math-lab/research/tasks/B686-Four/runs/20260908-formalization-92c221/lean/canonical/vendor/remapped/B686CanonicalVendor/ErdosProblems/Erdos686.lean:792:2: error: Type mismatch
  x.a
has type
  ℤ
but is expected to have type
  ℝ
/workspace/scratch/75a17f226d3b/lean-math-lab/research/tasks/B686-Four/runs/20260908-formalization-92c221/lean/canonical/vendor/remapped/B686CanonicalVendor/ErdosProblems/Erdos686.lean:792:14: error: Type mismatch
  x.b
has type
  ℤ
but is expected to have type
  ℝ
/workspace/scratch/75a17f226d3b/lean-math-lab/research/tasks/B686-Four/runs/20260908-formalization-92c221/lean/canonical/vendor/remapped/B686CanonicalVendor/ErdosProblems/Erdos686.lean:792:34: error: Type mismatch
  x.c
has type
  ℤ
but is expected to have type
  ℝ
/workspace/scratch/75a17f226d3b/lean-math-lab/research/tasks/B686-Four/runs/20260908-formalization-92c221/lean/canonical/vendor/remapped/B686CanonicalVendor/ErdosProblems/Erdos686.lean:795:15: error: Type mismatch
  x.a
has type
  ℤ
but is expected to have type
  ℝ
/workspace/scratch/75a17f226d3b/lean-math-lab/research/tasks/B686-Four/runs/20260908-formalization-92c221/lean/canonical/vendor/remapped/B686CanonicalVendor/ErdosProblems/Erdos686.lean:796:15: error: Type mismatch
  x.b
has type
  ℤ
but is expected to have type
  ℝ
/workspace/scratch/75a17f226d3b/lean-math-lab/research/tasks/B686-Four/runs/20260908-formalization-92c221/lean/canonical/vendor/remapped/B686CanonicalVendor/ErdosProblems/Erdos686.lean:797:15: error: Type mismatch
  x.c
has type
  ℤ
but is expected to have type
  ℝ
/workspace/scratch/75a17f226d3b/lean-math-lab/research/tasks/B686-Four/runs/20260908-formalization-92c221/lean/canonical/vendor/remapped/B686CanonicalVendor/ErdosProblems/Erdos686.lean:798:11: error(lean.synthInstanceFailed): failed to synthesize instance of type class
  HMul ℕ ℝ ?m.206

Hint: Type class instance resolution failures can be inspected with the `set_option trace.Meta.synthInstance true` command.
/workspace/scratch/75a17f226d3b/lean-math-lab/research/tasks/B686-Four/runs/20260908-formalization-92c221/lean/canonical/vendor/remapped/B686CanonicalVendor/ErdosProblems/Erdos686.lean:860:5: error(lean.unknownIdentifier): Unknown identifier `Real.rpow_inv_natCast_pow`
/workspace/scratch/75a17f226d3b/lean-math-lab/research/tasks/B686-Four/runs/20260908-formalization-92c221/lean/canonical/vendor/remapped/B686CanonicalVendor/ErdosProblems/Erdos686.lean:859:9: warning: declaration uses `sorry`
/workspace/scratch/75a17f226d3b/lean-math-lab/research/tasks/B686-Four/runs/20260908-formalization-92c221/lean/canonical/vendor/remapped/B686CanonicalVendor/ErdosProblems/Erdos686.lean:862:6: warning: declaration uses `sorry`
/workspace/scratch/75a17f226d3b/lean-math-lab/research/tasks/B686-Four/runs/20260908-formalization-92c221/lean/canonical/vendor/remapped/B686CanonicalVendor/ErdosProblems/Erdos686.lean:873:31: error(lean.synthInstanceFailed): failed to synthesize instance of type class
  OfNat ℝ 3
numerals are polymorphic in Lean, but the numeral `3` cannot be used in a context where the expected type is
  ℝ
due to the absence of the instance above

Hint: Type class instance resolution failures can be inspected with the `set_option trace.Meta.synthInstance true` command.
/workspace/scratch/75a17f226d3b/lean-math-lab/research/tasks/B686-Four/runs/20260908-formalization-92c221/lean/canonical/vendor/remapped/B686CanonicalVendor/ErdosProblems/Erdos686.lean:873:30: error(lean.synthInstanceFailed): failed to synthesize instance of type class
  LT ℝ

Hint: Type class instance resolution failures can be inspected with the `set_option trace.Meta.synthInstance true` command.
/workspace/scratch/75a17f226d3b/lean-math-lab/research/tasks/B686-Four/runs/20260908-formalization-92c221/lean/canonical/vendor/remapped/B686CanonicalVendor/ErdosProblems/Erdos686.lean:873:30: error(lean.synthInstanceFailed): failed to synthesize instance of type class
  HDiv ℝ ℕ ℝ

Hint: Type class instance resolution failures can be inspected with the `set_option trace.Meta.synthInstance true` command.
/workspace/scratch/75a17f226d3b/lean-math-lab/research/tasks/B686-Four/runs/20260908-formalization-92c221/lean/canonical/vendor/remapped/B686CanonicalVendor/ErdosProblems/Erdos686.lean:881:39: error(lean.synthInstanceFailed): failed to synthesize instance of type class
  OfNat ℝ 8
numerals are polymorphic in Lean, but the numeral `8` cannot be used in a context where the expected type is
  ℝ
due to the absence of the instance above

Hint: Type class instance resolution failures can be inspected with the `set_option trace.Meta.synthInstance true` command.
/workspace/scratch/75a17f226d3b/lean-math-lab/research/tasks/B686-Four/runs/20260908-formalization-92c221/lean/canonical/vendor/remapped/B686CanonicalVendor/ErdosProblems/Erdos686.lean:881:30: error(lean.synthInstanceFailed): failed to synthesize instance of type class
  LT ℝ

Hint: Type class instance resolution failures can be inspected with the `set_option trace.Meta.synthInstance true` command.
/workspace/scratch/75a17f226d3b/lean-math-lab/research/tasks/B686-Four/runs/20260908-formalization-92c221/lean/canonical/vendor/remapped/B686CanonicalVendor/ErdosProblems/Erdos686.lean:881:38: error(lean.synthInstanceFailed): failed to synthesize instance of type class
  HDiv ℝ ℕ ℝ

Hint: Type class instance resolution failures can be inspected with the `set_option trace.Meta.synthInstance true` command.
/workspace/scratch/75a17f226d3b/lean-math-lab/research/tasks/B686-Four/runs/20260908-formalization-92c221/lean/canonical/vendor/remapped/B686CanonicalVendor/ErdosProblems/Erdos686.lean:891:18: error(lean.unknownIdentifier): Unknown identifier `ℝ`
/workspace/scratch/75a17f226d3b/lean-math-lab/research/tasks/B686-Four/runs/20260908-formalization-92c221/lean/canonical/vendor/remapped/B686CanonicalVendor/ErdosProblems/Erdos686.lean:892:19: error(lean.unknownIdentifier): Unknown identifier `ℝ`
/workspace/scratch/75a17f226d3b/lean-math-lab/research/tasks/B686-Four/runs/20260908-formalization-92c221/lean/canonical/vendor/remapped/B686CanonicalVendor/ErdosProblems/Erdos686.lean:893:22: error: unsolved goals
hnot : ¬theta ^ 2 < 3
hle : sorry
⊢ 0 ≤ sorry ()
/workspace/scratch/75a17f226d3b/lean-math-lab/research/tasks/B686-Four/runs/20260908-formalization-92c221/lean/canonical/vendor/remapped/B686CanonicalVendor/ErdosProblems/Erdos686.lean:901:31: error(lean.synthInstanceFailed): failed to synthesize instance of type class
  OfNat ℝ 9
numerals are polymorphic in Lean, but the numeral `9` cannot be used in a context where the expected type is
  ℝ
due to the absence of the instance above

Hint: Type class instance resolution failures can be inspected with the `set_option trace.Meta.synthInstance true` command.
/workspace/scratch/75a17f226d3b/lean-math-lab/research/tasks/B686-Four/runs/20260908-formalization-92c221/lean/canonical/vendor/remapped/B686CanonicalVendor/ErdosProblems/Erdos686.lean:901:30: error(lean.synthInstanceFailed): failed to synthesize instance of type class
  HDiv ℝ ℕ ?m.17

Hint: Type class instance resolution failures can be inspected with the `set_option trace.Meta.synthInstance true` command.
/workspace/scratch/75a17f226d3b/lean-math-lab/research/tasks/B686-Four/runs/20260908-formalization-92c221/lean/canonical/vendor/remapped/B686CanonicalVendor/ErdosProblems/Erdos686.lean:901:44: error(lean.synthInstanceFailed): failed to synthesize instance of type class
  HPow ℝ ℕ ?m.17

Hint: Type class instance resolution failures can be inspected with the `set_option trace.Meta.synthInstance true` command.
/workspace/scratch/75a17f226d3b/lean-math-lab/research/tasks/B686-Four/runs/20260908-formalization-92c221/lean/canonical/vendor/remapped/B686CanonicalVendor/ErdosProblems/Erdos686.lean:901:57: error: unsolved goals
ℝ : Type u_1
⊢ sorry / 4 < theta ^ 2
/workspace/scratch/75a17f226d3b/lean-math-lab/research/tasks/B686-Four/runs/20260908-formalization-92c221/lean/canonical/vendor/remapped/B686CanonicalVendor/ErdosProblems/Erdos686.lean:904:54: error(lean.synthInstanceFailed): failed to synthesize instance of type class
  OfNat ℝ 64
numerals are polymorphic in Lean, but the numeral `64` cannot be used in a context where the expected type is
  ℝ
due to the absence of the instance above

Hint: Type class instance resolution failures can be inspected with the `set_option trace.Meta.synthInstance true` command.
/workspace/scratch/75a17f226d3b/lean-math-lab/research/tasks/B686-Four/runs/20260908-formalization-92c221/lean/canonical/vendor/remapped/B686CanonicalVendor/ErdosProblems/Erdos686.lean:904:41: error(lean.synthInstanceFailed): failed to synthesize instance of type class
  HPow ℝ ℕ ?m.17

Hint: Type class instance resolution failures can be inspected with the `set_option trace.Meta.synthInstance true` command.
/workspace/scratch/75a17f226d3b/lean-math-lab/research/tasks/B686-Four/runs/20260908-formalization-92c221/lean/canonical/vendor/remapped/B686CanonicalVendor/ErdosProblems/Erdos686.lean:904:53: error(lean.synthInstanceFailed): failed to synthesize instance of type class
  HDiv ℝ ℕ ?m.17

Hint: Type class instance resolution failures can be inspected with the `set_option trace.Meta.synthInstance true` command.
/workspace/scratch/75a17f226d3b/lean-math-lab/research/tasks/B686-Four/runs/20260908-formalization-92c221/lean/canonical/vendor/remapped/B686CanonicalVendor/ErdosProblems/Erdos686.lean:905:32: error(lean.synthInstanceFailed): failed to synthesize instance of type class
  OfNat ℝ 8
numerals are polymorphic in Lean, but the numeral `8` cannot be used in a context where the expected type is
  ℝ
due to the absence of the instance above

Hint: Type class instance resolution failures can be inspected with the `set_option trace.Meta.synthInstance true` command.
/workspace/scratch/75a17f226d3b/lean-math-lab/research/tasks/B686-Four/runs/20260908-formalization-92c221/lean/canonical/vendor/remapped/B686CanonicalVendor/ErdosProblems/Erdos686.lean:905:48: error(lean.synthInstanceFailed): failed to synthesize instance of type class
  OfNat ℝ 8
numerals are polymorphic in Lean, but the numeral `8` cannot be used in a context where the expected type is
  ℝ
due to the absence of the instance above

Hint: Type class instance resolution failures can be inspected with the `set_option trace.Meta.synthInstance true` command.
/workspace/scratch/75a17f226d3b/lean-math-lab/research/tasks/B686-Four/runs/20260908-formalization-92c221/lean/canonical/vendor/remapped/B686CanonicalVendor/ErdosProblems/Erdos686.lean:905:31: error(lean.synthInstanceFailed): failed to synthesize instance of type class
  HDiv ℝ ℕ ?m.48

Hint: Type class instance resolution failures can be inspected with the `set_option trace.Meta.synthInstance true` command.
/workspace/scratch/75a17f226d3b/lean-math-lab/research/tasks/B686-Four/runs/20260908-formalization-92c221/lean/canonical/vendor/remapped/B686CanonicalVendor/ErdosProblems/Erdos686.lean:905:47: error(lean.synthInstanceFailed): failed to synthesize instance of type class
  HDiv ℝ ℕ ?m.49

Hint: Type class instance resolution failures can be inspected with the `set_option trace.Meta.synthInstance true` command.
/workspace/scratch/75a17f226d3b/lean-math-lab/research/tasks/B686-Four/runs/20260908-formalization-92c221/lean/canonical/vendor/remapped/B686CanonicalVendor/ErdosProblems/Erdos686.lean:910:47: error: typeclass instance problem is stuck
  HMul ?m.4 ?m.5 ?m.8

Note: Lean will not try to resolve this typeclass instance problem because the first and second type arguments to `HMul` are metavariables. These arguments must be fully determined before Lean will try to resolve the typeclass.

Hint: Adding type annotations and supplying implicit arguments to functions can give Lean more information for typeclass resolution. For example, if you have a variable `x` that you intend to be a `Nat`, but Lean reports it as having an unresolved type like `?m`, replacing `x` with `(x : Nat)` can get typeclass resolution un-stuck.
/workspace/scratch/75a17f226d3b/lean-math-lab/research/tasks/B686-Four/runs/20260908-formalization-92c221/lean/canonical/vendor/remapped/B686CanonicalVendor/ErdosProblems/Erdos686.lean:925:6: warning: declaration uses `sorry`
/workspace/scratch/75a17f226d3b/lean-math-lab/research/tasks/B686-Four/runs/20260908-formalization-92c221/lean/canonical/vendor/remapped/B686CanonicalVendor/ErdosProblems/Erdos686.lean:930:23: error: Type mismatch
  x.cubNorm
has type
  ℤ
but is expected to have type
  ℝ
/workspace/scratch/75a17f226d3b/lean-math-lab/research/tasks/B686-Four/runs/20260908-formalization-92c221/lean/canonical/vendor/remapped/B686CanonicalVendor/ErdosProblems/Erdos686.lean:949:16: error: don't know how to synthesize implicit argument `ℝ`
  @rho_mul_Q4_eq_four_norm ?m.12 x
context:
x : Cub
hN : x.cubNorm = 1
⊢ Sort ?u.12
/workspace/scratch/75a17f226d3b/lean-math-lab/research/tasks/B686-Four/runs/20260908-formalization-92c221/lean/canonical/vendor/remapped/B686CanonicalVendor/ErdosProblems/Erdos686.lean:948:17: error: unsolved goals
x : Cub
hN : x.cubNorm = 1
⊢ 0 < x.rho
/workspace/scratch/75a17f226d3b/lean-math-lab/research/tasks/B686-Four/runs/20260908-formalization-92c221/lean/canonical/vendor/remapped/B686CanonicalVendor/ErdosProblems/Erdos686.lean:961:16: error: don't know how to synthesize implicit argument `ℝ`
  @rho_mul_Q4_eq_four_norm ?m.18 x
context:
x : Cub
hN : x.cubNorm = 1
hrho_low : 1 ≤ x.rho
⊢ Sort ?u.17
/workspace/scratch/75a17f226d3b/lean-math-lab/research/tasks/B686-Four/runs/20260908-formalization-92c221/lean/canonical/vendor/remapped/B686CanonicalVendor/ErdosProblems/Erdos686.lean:960:16: error: unsolved goals
x : Cub
hN : x.cubNorm = 1
hrho_low : 1 ≤ x.rho
⊢ x.Q4 ≤ 4
/workspace/scratch/75a17f226d3b/lean-math-lab/research/tasks/B686-Four/runs/20260908-formalization-92c221/lean/canonical/vendor/remapped/B686CanonicalVendor/ErdosProblems/Erdos686.lean:975:26: error: typeclass instance problem is stuck
  AddLeftMono ?m.25

Note: Lean will not try to resolve this typeclass instance problem because the first, second, and third type arguments to `AddLeftMono` contain metavariables. These arguments must be fully determined before Lean will try to resolve the typeclass.

Hint: Adding type annotations and supplying implicit arguments to functions can give Lean more information for typeclass resolution. For example, if you have a variable `x` that you intend to be a `Nat`, but Lean reports it as having an unresolved type like `?m`, replacing `x` with `(x : Nat)` can get typeclass resolution un-stuck.
/workspace/scratch/75a17f226d3b/lean-math-lab/research/tasks/B686-Four/runs/20260908-formalization-92c221/lean/canonical/vendor/remapped/B686CanonicalVendor/ErdosProblems/Erdos686.lean:984:17: error: typeclass instance problem is stuck
  LT ?m.11

Note: Lean will not try to resolve this typeclass instance problem because the type argument to `LT` is a metavariable. This argument must be fully determined before Lean will try to resolve the typeclass.

Hint: Adding type annotations and supplying implicit arguments to functions can give Lean more information for typeclass resolution. For example, if you have a variable `x` that you intend to be a `Nat`, but Lean reports it as having an unresolved type like `?m`, replacing `x` with `(x : Nat)` can get typeclass resolution un-stuck.
/workspace/scratch/75a17f226d3b/lean-math-lab/research/tasks/B686-Four/runs/20260908-formalization-92c221/lean/canonical/vendor/remapped/B686CanonicalVendor/ErdosProblems/Erdos686.lean:1110:43: error(lean.synthInstanceFailed): failed to synthesize instance of type class
  LT ℝ

Hint: Type class instance resolution failures can be inspected with the `set_option trace.Meta.synthInstance true` command.
/workspace/scratch/75a17f226d3b/lean-math-lab/research/tasks/B686-Four/runs/20260908-formalization-92c221/lean/canonical/vendor/remapped/B686CanonicalVendor/ErdosProblems/Erdos686.lean:1110:56: error(lean.synthInstanceFailed): failed to synthesize instance of type class
  LT ℝ

Hint: Type class instance resolution failures can be inspected with the `set_option trace.Meta.synthInstance true` command.
/workspace/scratch/75a17f226d3b/lean-math-lab/research/tasks/B686-Four/runs/20260908-formalization-92c221/lean/canonical/vendor/remapped/B686CanonicalVendor/ErdosProblems/Erdos686.lean:1111:21: error(lean.synthInstanceFailed): failed to synthesize instance of type class
  HPow ℝ ℤ ?m.15

Hint: Type class instance resolution failures can be inspected with the `set_option trace.Meta.synthInstance true` command.
/workspace/scratch/75a17f226d3b/lean-math-lab/research/tasks/B686-Four/runs/20260908-formalization-92c221/lean/canonical/vendor/remapped/B686CanonicalVendor/ErdosProblems/Erdos686.lean:1111:33: error(lean.synthInstanceFailed): failed to synthesize instance of type class
  HPow ℝ ℤ ?m.19

Hint: Type class instance resolution failures can be inspected with the `set_option trace.Meta.synthInstance true` command.
/workspace/scratch/75a17f226d3b/lean-math-lab/research/tasks/B686-Four/runs/20260908-formalization-92c221/lean/canonical/vendor/remapped/B686CanonicalVendor/ErdosProblems/Erdos686.lean:1110:43: error(lean.synthInstanceFailed): failed to synthesize instance of type class
  OfNat ℝ 1
numerals are polymorphic in Lean, but the numeral `1` cannot be used in a context where the expected type is
  ℝ
due to the absence of the instance above

Hint: Type class instance resolution failures can be inspected with the `set_option trace.Meta.synthInstance true` command.
/workspace/scratch/75a17f226d3b/lean-math-lab/research/tasks/B686-Four/runs/20260908-formalization-92c221/lean/canonical/vendor/remapped/B686CanonicalVendor/ErdosProblems/Erdos686.lean:1110:56: error(lean.synthInstanceFailed): failed to synthesize instance of type class
  OfNat ℝ 0
numerals are polymorphic in Lean, but the numeral `0` cannot be used in a context where the expected type is
  ℝ
due to the absence of the instance above

Hint: Type class instance resolution failures can be inspected with the `set_option trace.Meta.synthInstance true` command.
/workspace/scratch/75a17f226d3b/lean-math-lab/research/tasks/B686-Four/runs/20260908-formalization-92c221/lean/canonical/vendor/remapped/B686CanonicalVendor/ErdosProblems/Erdos686.lean:1111:13: error(lean.synthInstanceFailed): failed to synthesize instance of type class
  OfNat ℝ 1
numerals are polymorphic in Lean, but the numeral `1` cannot be used in a context where the expected type is
  ℝ
due to the absence of the instance above

Hint: Type class instance resolution failures can be inspected with the `set_option trace.Meta.synthInstance true` command.
/workspace/scratch/75a17f226d3b/lean-math-lab/research/tasks/B686-Four/runs/20260908-formalization-92c221/lean/canonical/vendor/remapped/B686CanonicalVendor/ErdosProblems/Erdos686.lean:1112:28: error(lean.unknownIdentifier): Unknown identifier `exists_mem_Ico_zpow`
/workspace/scratch/75a17f226d3b/lean-math-lab/research/tasks/B686-Four/runs/20260908-formalization-92c221/lean/canonical/vendor/remapped/B686CanonicalVendor/ErdosProblems/Erdos686.lean:1112:9: error: Tactic `rcases` failed: `x✝ : Prop` is not an inductive datatype
/workspace/scratch/75a17f226d3b/lean-math-lab/research/tasks/B686-Four/runs/20260908-formalization-92c221/lean/canonical/vendor/remapped/B686CanonicalVendor/ErdosProblems/Erdos686.lean:1200:16: error: unsolved goals
case mk
a✝ b✝ c✝ : ℤ
⊢ 0 • { a := a✝, b := b✝, c := c✝ } = { a := 0, b := 0, c := 0 }
/workspace/scratch/75a17f226d3b/lean-math-lab/research/tasks/B686-Four/runs/20260908-formalization-92c221/lean/canonical/vendor/remapped/B686CanonicalVendor/ErdosProblems/Erdos686.lean:1209:4: error: `simp` made no progress
/workspace/scratch/75a17f226d3b/lean-math-lab/research/tasks/B686-Four/runs/20260908-formalization-92c221/lean/canonical/vendor/remapped/B686CanonicalVendor/ErdosProblems/Erdos686.lean:1267:17: error: unsolved goals
case mk
a✝ b✝ c✝ : ℤ
⊢ 0 • { a := a✝, b := b✝, c := c✝ } = { a := 0, b := 0, c := 0 }
/workspace/scratch/75a17f226d3b/lean-math-lab/research/tasks/B686-Four/runs/20260908-formalization-92c221/lean/canonical/vendor/remapped/B686CanonicalVendor/ErdosProblems/Erdos686.lean:1276:4: error: `simp` made no progress
/workspace/scratch/75a17f226d3b/lean-math-lab/research/tasks/B686-Four/runs/20260908-formalization-92c221/lean/canonical/vendor/remapped/B686CanonicalVendor/ErdosProblems/Erdos686.lean:1282:4: error: `simp` made no progress
/workspace/scratch/75a17f226d3b/lean-math-lab/research/tasks/B686-Four/runs/20260908-formalization-92c221/lean/canonical/vendor/remapped/B686CanonicalVendor/ErdosProblems/Erdos686.lean:1203:10: warning: This simp argument is unused:
  cubZSMul

Hint: Omit it from the simp argument list.
  [apply] simp

Note: This linter can be disabled with `set_option linter.unusedSimpArgs false`
/workspace/scratch/75a17f226d3b/lean-math-lab/research/tasks/B686-Four/runs/20260908-formalization-92c221/lean/canonical/vendor/remapped/B686CanonicalVendor/ErdosProblems/Erdos686.lean:1207:10: warning: This simp argument is unused:
  cubZSMul

Hint: Omit it from the simp argument list.
  [apply] simp [cubAdd]

Note: This linter can be disabled with `set_option linter.unusedSimpArgs false`
/workspace/scratch/75a17f226d3b/lean-math-lab/research/tasks/B686-Four/runs/20260908-formalization-92c221/lean/canonical/vendor/remapped/B686CanonicalVendor/ErdosProblems/Erdos686.lean:1270:10: warning: This simp argument is unused:
  cubZSMul

Hint: Omit it from the simp argument list.
  [apply] simp

Note: This linter can be disabled with `set_option linter.unusedSimpArgs false`
/workspace/scratch/75a17f226d3b/lean-math-lab/research/tasks/B686-Four/runs/20260908-formalization-92c221/lean/canonical/vendor/remapped/B686CanonicalVendor/ErdosProblems/Erdos686.lean:1274:10: warning: This simp argument is unused:
  cubZSMul

Hint: Omit it from the simp argument list.
  [apply] simp [cubAdd]

Note: This linter can be disabled with `set_option linter.unusedSimpArgs false`
/workspace/scratch/75a17f226d3b/lean-math-lab/research/tasks/B686-Four/runs/20260908-formalization-92c221/lean/canonical/vendor/remapped/B686CanonicalVendor/ErdosProblems/Erdos686.lean:1280:10: warning: This simp argument is unused:
  cubZSMul

Hint: Omit it from the simp argument list.
  [apply] simp [cubNeg, Int.negSucc_eq]

Note: This linter can be disabled with `set_option linter.unusedSimpArgs false`
/workspace/scratch/75a17f226d3b/lean-math-lab/research/tasks/B686-Four/runs/20260908-formalization-92c221/lean/canonical/vendor/remapped/B686CanonicalVendor/ErdosProblems/Erdos686.lean:1398:19: error(lean.unknownIdentifier): Unknown constant `Int.ModEq.sum`
/workspace/scratch/75a17f226d3b/lean-math-lab/research/tasks/B686-Four/runs/20260908-formalization-92c221/lean/canonical/vendor/remapped/B686CanonicalVendor/ErdosProblems/Erdos686.lean:1343:64: error: unsolved goals
p q r : ℕ
inst✝ : Fact (Nat.Prime p)
hp3 : 3 ≤ p
hqpos : 0 < q
hr : r = padicValNat p q
B L : Cub
hB : B.c = 0
f : ℕ → ℤ := fun m => ↑(q.choose m) * ↑p ^ m * (B * L ^ m).c
g : ℕ → ℤ := fun m => if m = 1 then ↑q * ↑p * (B * L).c else 0
hsum : (B * (1 + ↑p * L) ^ q).c = ∑ m ∈ Finset.range (q + 1), f m
hterm : ∀ m ∈ Finset.range (q + 1), f m ≡ g m [ZMOD ↑p ^ (r + 2)]
⊢ (B * (1 + ↑p * L) ^ q).c ≡ ↑q * ↑p * (B * L).c [ZMOD ↑p ^ (r + 2)]
/workspace/scratch/75a17f226d3b/lean-math-lab/research/tasks/B686-Four/runs/20260908-formalization-92c221/lean/canonical/vendor/remapped/B686CanonicalVendor/ErdosProblems/Erdos686.lean:1653:36: error: typeclass instance problem is stuck
  Inv ?m.5

Note: Lean will not try to resolve this typeclass instance problem because the type argument to `Inv` is a metavariable. This argument must be fully determined before Lean will try to resolve the typeclass.

Hint: Adding type annotations and supplying implicit arguments to functions can give Lean more information for typeclass resolution. For example, if you have a variable `x` that you intend to be a `Nat`, but Lean reports it as having an unresolved type like `?m`, replacing `x` with `(x : Nat)` can get typeclass resolution un-stuck.
/workspace/scratch/75a17f226d3b/lean-math-lab/research/tasks/B686-Four/runs/20260908-formalization-92c221/lean/canonical/vendor/remapped/B686CanonicalVendor/ErdosProblems/Erdos686.lean:1663:48: error: typeclass instance problem is stuck
  HPow ?m.3 ℕ ?m.7

Note: Lean will not try to resolve this typeclass instance problem because the first type argument to `HPow` is a metavariable. This argument must be fully determined before Lean will try to resolve the typeclass.

Hint: Adding type annotations and supplying implicit arguments to functions can give Lean more information for typeclass resolution. For example, if you have a variable `x` that you intend to be a `Nat`, but Lean reports it as having an unresolved type like `?m`, replacing `x` with `(x : Nat)` can get typeclass resolution un-stuck.
/workspace/scratch/75a17f226d3b/lean-math-lab/research/tasks/B686-Four/runs/20260908-formalization-92c221/lean/canonical/vendor/remapped/B686CanonicalVendor/ErdosProblems/Erdos686.lean:1671:54: error: typeclass instance problem is stuck
  HPow ?m.5 ℤ ?m.9

Note: Lean will not try to resolve this typeclass instance problem because the first type argument to `HPow` is a metavariable. This argument must be fully determined before Lean will try to resolve the typeclass.

Hint: Adding type annotations and supplying implicit arguments to functions can give Lean more information for typeclass resolution. For example, if you have a variable `x` that you intend to be a `Nat`, but Lean reports it as having an unresolved type like `?m`, replacing `x` with `(x : Nat)` can get typeclass resolution un-stuck.
/workspace/scratch/75a17f226d3b/lean-math-lab/research/tasks/B686-Four/runs/20260908-formalization-92c221/lean/canonical/vendor/remapped/B686CanonicalVendor/ErdosProblems/Erdos686.lean:1683:50: error: typeclass instance problem is stuck
  HPow ?m.3 ℤ ?m.7

Note: Lean will not try to resolve this typeclass instance problem because the first type argument to `HPow` is a metavariable. This argument must be fully determined before Lean will try to resolve the typeclass.

Hint: Adding type annotations and supplying implicit arguments to functions can give Lean more information for typeclass resolution. For example, if you have a variable `x` that you intend to be a `Nat`, but Lean reports it as having an unresolved type like `?m`, replacing `x` with `(x : Nat)` can get typeclass resolution un-stuck.
/workspace/scratch/75a17f226d3b/lean-math-lab/research/tasks/B686-Four/runs/20260908-formalization-92c221/lean/canonical/vendor/remapped/B686CanonicalVendor/ErdosProblems/Erdos686.lean:1728:2: error: linarith failed to find a contradiction
n : ℕ
hn : 0 < n
_ha : 0 < (unitEPow n).a
_hb : 0 < (unitEPow n).b
hc : 0 < (unitEPow n).c
_hcb : (unitEPow n).c < (unitEPow n).b
_hb4c : (unitEPow n).b < 4 * (unitEPow n).c
a✝ :
  (match 1 with
            | 1 => { a := 1, b := 0, c := 0 }
            | 3 => { a := -1, b := 1, c := 0 }
            | 4 => { a := 0, b := 1, c := 0 }
            | 5 => { a := 1, b := 1, c := 0 }
            | 60 => eta
            | x => { a := 0, b := 0, c := 0 }).a *
          (unitEPow n).c +
        (match 1 with
            | 1 => { a := 1, b := 0, c := 0 }
            | 3 => { a := -1, b := 1, c := 0 }
            | 4 => { a := 0, b := 1, c := 0 }
            | 5 => { a := 1, b := 1, c := 0 }
            | 60 => eta
            | x => { a := 0, b := 0, c := 0 }).b *
          (unitEPow n).b +
      (match 1 with
          | 1 => { a := 1, b := 0, c := 0 }
          | 3 => { a := -1, b := 1, c := 0 }
          | 4 => { a := 0, b := 1, c := 0 }
          | 5 => { a := 1, b := 1, c := 0 }
          | 60 => eta
          | x => { a := 0, b := 0, c := 0 }).c *
        (unitEPow n).a ≤
    0
⊢ False
failed
/workspace/scratch/75a17f226d3b/lean-math-lab/research/tasks/B686-Four/runs/20260908-formalization-92c221/lean/canonical/vendor/remapped/B686CanonicalVendor/ErdosProblems/Erdos686.lean:1734:2: error: linarith failed to find a contradiction
n : ℕ
hn : 0 < n
_ha : 0 < (unitEPow n).a
hb : 0 < (unitEPow n).b
hc : 0 < (unitEPow n).c
hcb : (unitEPow n).c < (unitEPow n).b
_hb4c : (unitEPow n).b < 4 * (unitEPow n).c
a✝ :
  (match 3 with
            | 1 => { a := 1, b := 0, c := 0 }
            | 3 => { a := -1, b := 1, c := 0 }
            | 4 => { a := 0, b := 1, c := 0 }
            | 5 => { a := 1, b := 1, c := 0 }
            | 60 => eta
            | x => { a := 0, b := 0, c := 0 }).a *
          (unitEPow n).c +
        (match 3 with
            | 1 => { a := 1, b := 0, c := 0 }
            | 3 => { a := -1, b := 1, c := 0 }
            | 4 => { a := 0, b := 1, c := 0 }
            | 5 => { a := 1, b := 1, c := 0 }
            | 60 => eta
            | x => { a := 0, b := 0, c := 0 }).b *
          (unitEPow n).b +
      (match 3 with
          | 1 => { a := 1, b := 0, c := 0 }
          | 3 => { a := -1, b := 1, c := 0 }
          | 4 => { a := 0, b := 1, c := 0 }
          | 5 => { a := 1, b := 1, c := 0 }
          | 60 => eta
          | x => { a := 0, b := 0, c := 0 }).c *
        (unitEPow n).a ≤
    0
⊢ False
failed
/workspace/scratch/75a17f226d3b/lean-math-lab/research/tasks/B686-Four/runs/20260908-formalization-92c221/lean/canonical/vendor/remapped/B686CanonicalVendor/ErdosProblems/Erdos686.lean:1740:2: error: linarith failed to find a contradiction
n : ℕ
hn : 0 < n
_ha : 0 < (unitEPow n).a
hb : 0 < (unitEPow n).b
_hc : 0 < (unitEPow n).c
_hcb : (unitEPow n).c < (unitEPow n).b
_hb4c : (unitEPow n).b < 4 * (unitEPow n).c
a✝ :
  (match 4 with
            | 1 => { a := 1, b := 0, c := 0 }
            | 3 => { a := -1, b := 1, c := 0 }
            | 4 => { a := 0, b := 1, c := 0 }
            | 5 => { a := 1, b := 1, c := 0 }
            | 60 => eta
            | x => { a := 0, b := 0, c := 0 }).a *
          (unitEPow n).c +
        (match 4 with
            | 1 => { a := 1, b := 0, c := 0 }
            | 3 => { a := -1, b := 1, c := 0 }
            | 4 => { a := 0, b := 1, c := 0 }
            | 5 => { a := 1, b := 1, c := 0 }
            | 60 => eta
            | x => { a := 0, b := 0, c := 0 }).b *
          (unitEPow n).b +
      (match 4 with
          | 1 => { a := 1, b := 0, c := 0 }
          | 3 => { a := -1, b := 1, c := 0 }
          | 4 => { a := 0, b := 1, c := 0 }
          | 5 => { a := 1, b := 1, c := 0 }
          | 60 => eta
          | x => { a := 0, b := 0, c := 0 }).c *
        (unitEPow n).a ≤
    0
⊢ False
failed
/workspace/scratch/75a17f226d3b/lean-math-lab/research/tasks/B686-Four/runs/20260908-formalization-92c221/lean/canonical/vendor/remapped/B686CanonicalVendor/ErdosProblems/Erdos686.lean:1746:2: error: linarith failed to find a contradiction
n : ℕ
hn : 0 < n
_ha : 0 < (unitEPow n).a
hb : 0 < (unitEPow n).b
hc : 0 < (unitEPow n).c
_hcb : (unitEPow n).c < (unitEPow n).b
_hb4c : (unitEPow n).b < 4 * (unitEPow n).c
a✝ :
  (match 5 with
            | 1 => { a := 1, b := 0, c := 0 }
            | 3 => { a := -1, b := 1, c := 0 }
            | 4 => { a := 0, b := 1, c := 0 }
            | 5 => { a := 1, b := 1, c := 0 }
            | 60 => eta
            | x => { a := 0, b := 0, c := 0 }).a *
          (unitEPow n).c +
        (match 5 with
            | 1 => { a := 1, b := 0, c := 0 }
            | 3 => { a := -1, b := 1, c := 0 }
            | 4 => { a := 0, b := 1, c := 0 }
            | 5 => { a := 1, b := 1, c := 0 }
            | 60 => eta
            | x => { a := 0, b := 0, c := 0 }).b *
          (unitEPow n).b +
      (match 5 with
          | 1 => { a := 1, b := 0, c := 0 }
          | 3 => { a := -1, b := 1, c := 0 }
          | 4 => { a := 0, b := 1, c := 0 }
          | 5 => { a := 1, b := 1, c := 0 }
          | 60 => eta
          | x => { a := 0, b := 0, c := 0 }).c *
        (unitEPow n).a ≤
    0
⊢ False
failed
/workspace/scratch/75a17f226d3b/lean-math-lab/research/tasks/B686-Four/runs/20260908-formalization-92c221/lean/canonical/vendor/remapped/B686CanonicalVendor/ErdosProblems/Erdos686.lean:1752:2: error: linarith failed to find a contradiction
n : ℕ
hn : 0 < n
_ha : 0 < (unitEPow n).a
hb : 0 < (unitEPow n).b
hc : 0 < (unitEPow n).c
_hcb : (unitEPow n).c < (unitEPow n).b
hb4c : (unitEPow n).b < 4 * (unitEPow n).c
a✝ :
  (match 60 with
            | 1 => { a := 1, b := 0, c := 0 }
            | 3 => { a := -1, b := 1, c := 0 }
            | 4 => { a := 0, b := 1, c := 0 }
            | 5 => { a := 1, b := 1, c := 0 }
            | 60 => { a := 4, b := -1, c := 0 }
            | x => { a := 0, b := 0, c := 0 }).a *
          (unitEPow n).c +
        (match 60 with
            | 1 => { a := 1, b := 0, c := 0 }
            | 3 => { a := -1, b := 1, c := 0 }
            | 4 => { a := 0, b := 1, c := 0 }
            | 5 => { a := 1, b := 1, c := 0 }
            | 60 => { a := 4, b := -1, c := 0 }
            | x => { a := 0, b := 0, c := 0 }).b *
          (unitEPow n).b +
      (match 60 with
          | 1 => { a := 1, b := 0, c := 0 }
          | 3 => { a := -1, b := 1, c := 0 }
          | 4 => { a := 0, b := 1, c := 0 }
          | 5 => { a := 1, b := 1, c := 0 }
          | 60 => { a := 4, b := -1, c := 0 }
          | x => { a := 0, b := 0, c := 0 }).c *
        (unitEPow n).a ≤
    0
⊢ False
failed
/workspace/scratch/75a17f226d3b/lean-math-lab/research/tasks/B686-Four/runs/20260908-formalization-92c221/lean/canonical/vendor/remapped/B686CanonicalVendor/ErdosProblems/Erdos686.lean:1945:39: error: typeclass instance problem is stuck
  HPow ?m.72 ℤ ?m.77

Note: Lean will not try to resolve this typeclass instance problem because the first type argument to `HPow` is a metavariable. This argument must be fully determined before Lean will try to resolve the typeclass.

Hint: Adding type annotations and supplying implicit arguments to functions can give Lean more information for typeclass resolution. For example, if you have a variable `x` that you intend to be a `Nat`, but Lean reports it as having an unresolved type like `?m`, replacing `x` with `(x : Nat)` can get typeclass resolution un-stuck.
/workspace/scratch/75a17f226d3b/lean-math-lab/research/tasks/B686-Four/runs/20260908-formalization-92c221/lean/canonical/vendor/remapped/B686CanonicalVendor/ErdosProblems/Erdos686.lean:2182:33: error: unsolved goals
q : ℕ
hq : 0 < q
⊢ Nat.Prime 3
/workspace/scratch/75a17f226d3b/lean-math-lab/research/tasks/B686-Four/runs/20260908-formalization-92c221/lean/canonical/vendor/remapped/B686CanonicalVendor/ErdosProblems/Erdos686.lean:2182:2: warning: Try this: 
  haveI̵

The goal is a proposition, so `have` is preferred over `haveI`.
The difference between `have` and `haveI` is that `haveI` inlines the value.
But this is not relevant for proofs because of proof irrelevance.

Note: This linter can be disabled with `set_option linter.style.haveILetI false`
/workspace/scratch/75a17f226d3b/lean-math-lab/research/tasks/B686-Four/runs/20260908-formalization-92c221/lean/canonical/vendor/remapped/B686CanonicalVendor/ErdosProblems/Erdos686.lean:2192:33: error: unsolved goals
q : ℕ
hq : 0 < q
⊢ Nat.Prime 5
/workspace/scratch/75a17f226d3b/lean-math-lab/research/tasks/B686-Four/runs/20260908-formalization-92c221/lean/canonical/vendor/remapped/B686CanonicalVendor/ErdosProblems/Erdos686.lean:2192:2: warning: Try this: 
  haveI̵

The goal is a proposition, so `have` is preferred over `haveI`.
The difference between `have` and `haveI` is that `haveI` inlines the value.
But this is not relevant for proofs because of proof irrelevance.

Note: This linter can be disabled with `set_option linter.style.haveILetI false`
/workspace/scratch/75a17f226d3b/lean-math-lab/research/tasks/B686-Four/runs/20260908-formalization-92c221/lean/canonical/vendor/remapped/B686CanonicalVendor/ErdosProblems/Erdos686.lean:2202:33: error: unsolved goals
q : ℕ
hq : 0 < q
⊢ Nat.Prime 5
/workspace/scratch/75a17f226d3b/lean-math-lab/research/tasks/B686-Four/runs/20260908-formalization-92c221/lean/canonical/vendor/remapped/B686CanonicalVendor/ErdosProblems/Erdos686.lean:2202:2: warning: Try this: 
  haveI̵

The goal is a proposition, so `have` is preferred over `haveI`.
The difference between `have` and `haveI` is that `haveI` inlines the value.
But this is not relevant for proofs because of proof irrelevance.

Note: This linter can be disabled with `set_option linter.style.haveILetI false`
/workspace/scratch/75a17f226d3b/lean-math-lab/research/tasks/B686-Four/runs/20260908-formalization-92c221/lean/canonical/vendor/remapped/B686CanonicalVendor/ErdosProblems/Erdos686.lean:2212:33: error: unsolved goals
q : ℕ
hq : 0 < q
⊢ Nat.Prime 3
/workspace/scratch/75a17f226d3b/lean-math-lab/research/tasks/B686-Four/runs/20260908-formalization-92c221/lean/canonical/vendor/remapped/B686CanonicalVendor/ErdosProblems/Erdos686.lean:2212:2: warning: Try this: 
  haveI̵

The goal is a proposition, so `have` is preferred over `haveI`.
The difference between `have` and `haveI` is that `haveI` inlines the value.
But this is not relevant for proofs because of proof irrelevance.

Note: This linter can be disabled with `set_option linter.style.haveILetI false`
/workspace/scratch/75a17f226d3b/lean-math-lab/research/tasks/B686-Four/runs/20260908-formalization-92c221/lean/canonical/vendor/remapped/B686CanonicalVendor/ErdosProblems/Erdos686.lean:2222:33: error: unsolved goals
q : ℕ
hq : 0 < q
⊢ Nat.Prime 3
/workspace/scratch/75a17f226d3b/lean-math-lab/research/tasks/B686-Four/runs/20260908-formalization-92c221/lean/canonical/vendor/remapped/B686CanonicalVendor/ErdosProblems/Erdos686.lean:2222:2: warning: Try this: 
  haveI̵

The goal is a proposition, so `have` is preferred over `haveI`.
The difference between `have` and `haveI` is that `haveI` inlines the value.
But this is not relevant for proofs because of proof irrelevance.

Note: This linter can be disabled with `set_option linter.style.haveILetI false`
/workspace/scratch/75a17f226d3b/lean-math-lab/research/tasks/B686-Four/runs/20260908-formalization-92c221/lean/canonical/vendor/remapped/B686CanonicalVendor/ErdosProblems/Erdos686.lean:2283:33: error: unsolved goals
q r : ℕ
hqpos : 0 < q
hr : r = padicValNat 3 q
⊢ Nat.Prime 3
/workspace/scratch/75a17f226d3b/lean-math-lab/research/tasks/B686-Four/runs/20260908-formalization-92c221/lean/canonical/vendor/remapped/B686CanonicalVendor/ErdosProblems/Erdos686.lean:2283:2: warning: Try this: 
  haveI̵

The goal is a proposition, so `have` is preferred over `haveI`.
The difference between `have` and `haveI` is that `haveI` inlines the value.
But this is not relevant for proofs because of proof irrelevance.

Note: This linter can be disabled with `set_option linter.style.haveILetI false`
/workspace/scratch/75a17f226d3b/lean-math-lab/research/tasks/B686-Four/runs/20260908-formalization-92c221/lean/canonical/vendor/remapped/B686CanonicalVendor/ErdosProblems/Erdos686.lean:2351:19: error(lean.unknownIdentifier): Unknown constant `Int.ModEq.sum`
/workspace/scratch/75a17f226d3b/lean-math-lab/research/tasks/B686-Four/runs/20260908-formalization-92c221/lean/canonical/vendor/remapped/B686CanonicalVendor/ErdosProblems/Erdos686.lean:2281:76: error: unsolved goals
q r : ℕ
hqpos : 0 < q
hr : r = padicValNat 3 q
this : Fact (Nat.Prime 3)
f : ℕ → ℤ := fun m => ↑(q.choose m) * 3 ^ m * (delta 60 * lambda ^ m).c
g : ℕ → ℤ := fun m => if m = 1 then ↑q * 3 * (delta 60 * lambda).c else 0
hsum : (delta 60 * (1 + 3 * lambda) ^ q).c = ∑ m ∈ Finset.range (q + 1), f m
hterm : ∀ m ∈ Finset.range (q + 1), f m ≡ g m [ZMOD 3 ^ (r + 3)]
⊢ (delta 60 * (1 + 3 * lambda) ^ q).c ≡ ↑q * 3 * (delta 60 * lambda).c [ZMOD 3 ^ (r + 3)]
/workspace/scratch/75a17f226d3b/lean-math-lab/research/tasks/B686-Four/runs/20260908-formalization-92c221/lean/canonical/vendor/remapped/B686CanonicalVendor/ErdosProblems/Erdos686.lean:2368:33: error: unsolved goals
q : ℕ
hq : 0 < q
⊢ Nat.Prime 3
/workspace/scratch/75a17f226d3b/lean-math-lab/research/tasks/B686-Four/runs/20260908-formalization-92c221/lean/canonical/vendor/remapped/B686CanonicalVendor/ErdosProblems/Erdos686.lean:2368:2: warning: Try this: 
  haveI̵

The goal is a proposition, so `have` is preferred over `haveI`.
The difference between `have` and `haveI` is that `haveI` inlines the value.
But this is not relevant for proofs because of proof irrelevance.

Note: This linter can be disabled with `set_option linter.style.haveILetI false`
Try this:
  [apply] ring_nf
  
  The `ring` tactic failed to close the goal. Use `ring_nf` to obtain a normal form.
    
  Note that `ring` works primarily in *commutative* rings. If you have a noncommutative ring, abelian group or module, consider using `noncomm_ring`, `abel` or `module` instead.
/workspace/scratch/75a17f226d3b/lean-math-lab/research/tasks/B686-Four/runs/20260908-formalization-92c221/lean/canonical/vendor/remapped/B686CanonicalVendor/ErdosProblems/Erdos686.lean:2417:74: error: unsolved goals
case mk
a✝ b✝ c✝ : ℤ
⊢ -1 * c✝ + 1 * b✝ + 0 * a✝ = -c✝ + b✝
Try this:
  [apply] ring_nf
  
  The `ring` tactic failed to close the goal. Use `ring_nf` to obtain a normal form.
    
  Note that `ring` works primarily in *commutative* rings. If you have a noncommutative ring, abelian group or module, consider using `noncomm_ring`, `abel` or `module` instead.
/workspace/scratch/75a17f226d3b/lean-math-lab/research/tasks/B686-Four/runs/20260908-formalization-92c221/lean/canonical/vendor/remapped/B686CanonicalVendor/ErdosProblems/Erdos686.lean:2426:73: error: unsolved goals
case mk
a✝ b✝ c✝ : ℤ
⊢ 1 * c✝ + 1 * b✝ + 0 * a✝ = c✝ + b✝
Try this:
  [apply] ring_nf
  
  The `ring` tactic failed to close the goal. Use `ring_nf` to obtain a normal form.
    
  Note that `ring` works primarily in *commutative* rings. If you have a noncommutative ring, abelian group or module, consider using `noncomm_ring`, `abel` or `module` instead.
/workspace/scratch/75a17f226d3b/lean-math-lab/research/tasks/B686-Four/runs/20260908-formalization-92c221/lean/canonical/vendor/remapped/B686CanonicalVendor/ErdosProblems/Erdos686.lean:2431:79: error: unsolved goals
case mk
a✝ b✝ c✝ : ℤ
⊢ 4 * c✝ + -1 * b✝ + 0 * a✝ = c✝ * 4 - b✝
/workspace/scratch/75a17f226d3b/lean-math-lab/research/tasks/B686-Four/runs/20260908-formalization-92c221/lean/canonical/vendor/remapped/B686CanonicalVendor/ErdosProblems/Erdos686.lean:2675:2: error: unsolved goals
case left
e t : ℤ
⊢ 1 * e - 1 * t * 4 + t * 0 * 4 = e - t * 4
/workspace/scratch/75a17f226d3b/lean-math-lab/research/tasks/B686-Four/runs/20260908-formalization-92c221/lean/canonical/vendor/remapped/B686CanonicalVendor/ErdosProblems/Erdos686.lean:2676:2: error: unsolved goals
case right.left
e t : ℤ
⊢ 1 * t - t * 0 * 4 + 0 * e = t

case right.right
e t : ℤ
⊢ 0 * t - t * 0 * 4 + 0 * e = 0
/workspace/scratch/75a17f226d3b/lean-math-lab/research/tasks/B686-Four/runs/20260908-formalization-92c221/lean/canonical/vendor/remapped/B686CanonicalVendor/ErdosProblems/Erdos686.lean:2683:2: error: unsolved goals
case left
e t : ℤ
⊢ -1 * e - 1 * t * 4 - t * 0 * 4 = -e - t * 4
/workspace/scratch/75a17f226d3b/lean-math-lab/research/tasks/B686-Four/runs/20260908-formalization-92c221/lean/canonical/vendor/remapped/B686CanonicalVendor/ErdosProblems/Erdos686.lean:2684:2: error: unsolved goals
case right.left
e t : ℤ
⊢ -(-1 * t) - t * 0 * 4 + 1 * e = t + e

case right.right
e t : ℤ
⊢ -(-1 * t) - t + 0 * e = 0
/workspace/scratch/75a17f226d3b/lean-math-lab/research/tasks/B686-Four/runs/20260908-formalization-92c221/lean/canonical/vendor/remapped/B686CanonicalVendor/ErdosProblems/Erdos686.lean:2691:2: error: unsolved goals
case left
e t : ℤ
⊢ 0 * e + 0 * t - t * 4 = -(t * 4)
/workspace/scratch/75a17f226d3b/lean-math-lab/research/tasks/B686-Four/runs/20260908-formalization-92c221/lean/canonical/vendor/remapped/B686CanonicalVendor/ErdosProblems/Erdos686.lean:2692:2: error: unsolved goals
case right.left
e t : ℤ
⊢ 1 * e + 1 * t - t * 0 * 4 = e + t

case right.right
e t : ℤ
⊢ -(0 * t) + t * 0 + 0 * e = 0
/workspace/scratch/75a17f226d3b/lean-math-lab/research/tasks/B686-Four/runs/20260908-formalization-92c221/lean/canonical/vendor/remapped/B686CanonicalVendor/ErdosProblems/Erdos686.lean:2699:2: error: unsolved goals
case left
e t : ℤ
⊢ 1 * e - 1 * t * 4 + t * 0 * 4 = e - t * 4
/workspace/scratch/75a17f226d3b/lean-math-lab/research/tasks/B686-Four/runs/20260908-formalization-92c221/lean/canonical/vendor/remapped/B686CanonicalVendor/ErdosProblems/Erdos686.lean:2700:2: error: unsolved goals
case right.left
e t : ℤ
⊢ 1 * t - t * 0 * 4 + 1 * e = t + e

case right.right
e t : ℤ
⊢ -(1 * t) + t + 0 * e = 0
/workspace/scratch/75a17f226d3b/lean-math-lab/research/tasks/B686-Four/runs/20260908-formalization-92c221/lean/canonical/vendor/remapped/B686CanonicalVendor/ErdosProblems/Erdos686.lean:2707:2: error: unsolved goals
case left
e t : ℤ
⊢ 1 * e - e * 4 + e * 0 * 4 - 1 * t * 4 + t * 0 * 4 = -(e * 3) - t * 4
/workspace/scratch/75a17f226d3b/lean-math-lab/research/tasks/B686-Four/runs/20260908-formalization-92c221/lean/canonical/vendor/remapped/B686CanonicalVendor/ErdosProblems/Erdos686.lean:2708:2: error: unsolved goals
case right.left
e t : ℤ
⊢ 1 * e + 1 * t + e - e * 0 * 4 - t * 0 * 4 = e * 2 + t

case right.right
e t : ℤ
⊢ -(1 * e) - 1 * t + e + e * 0 + t = 0
/workspace/scratch/75a17f226d3b/lean-math-lab/research/tasks/B686-Four/runs/20260908-formalization-92c221/lean/canonical/vendor/remapped/B686CanonicalVendor/ErdosProblems/Erdos686.lean:2715:2: error: unsolved goals
case left
e t : ℤ
⊢ -(4 * e * 8) - 4 * t + -e * 4 + e * 0 * 16 = -(e * 36) - t * 4
/workspace/scratch/75a17f226d3b/lean-math-lab/research/tasks/B686-Four/runs/20260908-formalization-92c221/lean/canonical/vendor/remapped/B686CanonicalVendor/ErdosProblems/Erdos686.lean:2716:2: error: unsolved goals
case right.left
e t : ℤ
⊢ 4 * e * 4 - -e * 8 + e * 0 * 4 - -1 * t = e * 24 + t

case right.right
e t : ℤ
⊢ 4 * e + -e * 4 - e * 0 * 8 - 0 * t = 0
/workspace/scratch/75a17f226d3b/lean-math-lab/research/tasks/B686-Four/runs/20260908-formalization-92c221/lean/canonical/vendor/remapped/B686CanonicalVendor/ErdosProblems/Erdos686.lean:3639:26: error(lean.unknownIdentifier): Unknown identifier `Pell.Solution₁.exists_pos_of_not_isSquare`
/workspace/scratch/75a17f226d3b/lean-math-lab/research/tasks/B686-Four/runs/20260908-formalization-92c221/lean/canonical/vendor/remapped/B686CanonicalVendor/ErdosProblems/Erdos686.lean:3639:9: error: Tactic `rcases` failed: `x✝ : ?m.87` is not an inductive datatype
/workspace/scratch/75a17f226d3b/lean-math-lab/research/tasks/B686-Four/runs/20260908-formalization-92c221/lean/canonical/vendor/remapped/B686CanonicalVendor/ErdosProblems/Erdos686.lean:3674:26: error(lean.unknownIdentifier): Unknown identifier `Pell.Solution₁.exists_pos_of_not_isSquare`
/workspace/scratch/75a17f226d3b/lean-math-lab/research/tasks/B686-Four/runs/20260908-formalization-92c221/lean/canonical/vendor/remapped/B686CanonicalVendor/ErdosProblems/Erdos686.lean:3674:9: error: Tactic `rcases` failed: `x✝ : ?m.87` is not an inductive datatype
/workspace/scratch/75a17f226d3b/lean-math-lab/research/tasks/B686-Four/runs/20260908-formalization-92c221/lean/canonical/vendor/remapped/B686CanonicalVendor/ErdosProblems/Erdos686.lean:4593:2: warning: Unused tactic linter: `norm_num [Nat.cast_mul, Nat.cast_add, Nat.cast_pow] at heqz ⊢` does nothing

Note: This linter can be disabled with `set_option linter.unusedTactic false`
/workspace/scratch/75a17f226d3b/lean-math-lab/research/tasks/B686-Four/runs/20260908-formalization-92c221/lean/canonical/vendor/remapped/B686CanonicalVendor/ErdosProblems/Erdos686.lean:4735:4: warning: Unused tactic linter: `norm_num [Nat.cast_mul, Nat.cast_add, Nat.cast_pow] at hsq ⊢` does nothing

Note: This linter can be disabled with `set_option linter.unusedTactic false`
/workspace/scratch/75a17f226d3b/lean-math-lab/research/tasks/B686-Four/runs/20260908-formalization-92c221/lean/canonical/vendor/remapped/B686CanonicalVendor/ErdosProblems/Erdos686.lean:4789:20: error(lean.unknownIdentifier): Unknown identifier `fwdDiff`
/workspace/scratch/75a17f226d3b/lean-math-lab/research/tasks/B686-Four/runs/20260908-formalization-92c221/lean/canonical/vendor/remapped/B686CanonicalVendor/ErdosProblems/Erdos686.lean:4790:4: error(lean.unknownIdentifier): Unknown constant `Polynomial.fwdDiff_iter_eq_zero_of_degree_lt`
/workspace/scratch/75a17f226d3b/lean-math-lab/research/tasks/B686-Four/runs/20260908-formalization-92c221/lean/canonical/vendor/remapped/B686CanonicalVendor/ErdosProblems/Erdos686.lean:4792:4: error(lean.unknownIdentifier): Unknown identifier `fwdDiff_iter_eq_sum_shift`
/workspace/scratch/75a17f226d3b/lean-math-lab/research/tasks/B686-Four/runs/20260908-formalization-92c221/lean/canonical/vendor/remapped/B686CanonicalVendor/ErdosProblems/Erdos686.lean:4788:75: error: unsolved goals
k : ℕ
P : Polynomial ℤ
hdeg : P.natDegree < k
hzero_fun : (sorry^[k] fun x => Polynomial.eval x P) = 0
⊢ ∑ a ∈ Finset.range (k + 1), (-1) ^ (k - a) * ↑(k.choose a) * Polynomial.eval (↑a) P = 0
/workspace/scratch/75a17f226d3b/lean-math-lab/research/tasks/B686-Four/runs/20260908-formalization-92c221/lean/canonical/vendor/remapped/B686CanonicalVendor/ErdosProblems/Erdos686.lean:4826:20: error(lean.unknownIdentifier): Unknown identifier `fwdDiff`
/workspace/scratch/75a17f226d3b/lean-math-lab/research/tasks/B686-Four/runs/20260908-formalization-92c221/lean/canonical/vendor/remapped/B686CanonicalVendor/ErdosProblems/Erdos686.lean:4827:4: error(lean.unknownIdentifier): Unknown constant `Polynomial.fwdDiff_iter_eq_zero_of_degree_lt`
/workspace/scratch/75a17f226d3b/lean-math-lab/research/tasks/B686-Four/runs/20260908-formalization-92c221/lean/canonical/vendor/remapped/B686CanonicalVendor/ErdosProblems/Erdos686.lean:4829:4: error(lean.unknownIdentifier): Unknown identifier `fwdDiff_iter_eq_sum_shift`
/workspace/scratch/75a17f226d3b/lean-math-lab/research/tasks/B686-Four/runs/20260908-formalization-92c221/lean/canonical/vendor/remapped/B686CanonicalVendor/ErdosProblems/Erdos686.lean:4825:70: error: maximum number of errors (100; from option `maxErrors`) reached, exiting
status=1
