2026-09-08T11:07:07Z
'Erdos686.Erdos686Variant.exists_canonicalOwnerData_of_matches' depends on axioms: [propext,
 Classical.choice,
 Quot.sound]
'Erdos686.Erdos686Variant.exists_distinguished_canonicalOwnerData' depends on axioms: [propext,
 Classical.choice,
 Quot.sound]
'Erdos686.Erdos686Variant.canonicalOwnerPrimePower_pairwise_coprime' depends on axioms: [propext,
 Classical.choice,
 Quot.sound]
'Erdos686.Erdos686Variant.canonicalOwnerRow_dvd_lower' depends on axioms: [propext, Classical.choice, Quot.sound]
'Erdos686.Erdos686Variant.canonicalOwnerColumn_dvd_upper' depends on axioms: [propext, Classical.choice, Quot.sound]
'Erdos686.Erdos686Variant.canonicalOwnerCell_dvd_lower' depends on axioms: [propext, Classical.choice, Quot.sound]
'Erdos686.Erdos686Variant.canonicalOwnerCell_dvd_upper' depends on axioms: [propext, Classical.choice, Quot.sound]
'Erdos686.Erdos686Variant.canonicalOwner_row_cell_product' depends on axioms: [propext, Classical.choice, Quot.sound]
'Erdos686.Erdos686Variant.canonicalOwner_column_cell_product' depends on axioms: [propext, Classical.choice, Quot.sound]
'Erdos686.Erdos686Variant.canonicalOwner_all_cell_product' depends on axioms: [propext, Classical.choice, Quot.sound]
'Erdos686.Erdos686Variant.canonicalOwnerExponent_le_block_factorization' depends on axioms: [propext,
 Classical.choice,
 Quot.sound]
'Erdos686.Erdos686Variant.canonicalOwnerResidual_dvd_factorial' depends on axioms: [propext,
 Classical.choice,
 Quot.sound]
'Erdos686.Erdos686Variant.canonicalOwnerResidual_mul_allCells' depends on axioms: [propext,
 Classical.choice,
 Quot.sound]
'Erdos686.Erdos686Variant.canonicalOwnerCells_pairwise_coprime' depends on axioms: [propext,
 Classical.choice,
 Quot.sound]
'Erdos686.Erdos686Variant.canonicalOwnerCell_dvd_shiftedDifference' depends on axioms: [propext,
 Classical.choice,
 Quot.sound]
'Erdos686.Erdos686Variant.canonical_lower_term_factorization' depends on axioms: [propext, Classical.choice, Quot.sound]
'Erdos686.Erdos686Variant.canonical_upper_term_factorization' depends on axioms: [propext, Classical.choice, Quot.sound]
'Erdos686.Erdos686Variant.canonicalLowerResidual_product_eq_global' depends on axioms: [propext,
 Classical.choice,
 Quot.sound]
'Erdos686.Erdos686Variant.canonicalUpperResidual_product_eq_global' depends on axioms: [propext,
 Classical.choice,
 Quot.sound]
'Erdos686.Erdos686Variant.exists_canonicalOwnerSystem' depends on axioms: [propext, Classical.choice, Quot.sound]
exit=0
