{"status": "failed_not_accepted", "root": "research/tasks/B699-Binomial/runs/20260911-low-index-lean-513dc7cc/lean/I11TerminalCandidateCoverage/VerificationBatches/FirstParts00.lean", "name": "i11-terminal-first-parts-batch00", "new_original_indices": [], "source_sha256_before": "f378c1ec0ab74dc5989c40f259d80d034456157981c3daff95152ccce7be201c", "reuse": ["research/tasks/B699-Binomial/runs/20260911-low-index-lean-513dc7cc/verification/20260911T231800891180Z/evidence.json", "research/tasks/B699-Binomial/runs/20260911-low-index-lean-513dc7cc/verification/20260911T230423558158Z/evidence.json", "research/tasks/B699-Binomial/runs/20260911-low-index-lean-513dc7cc/verification/20260911T234607039590Z/evidence.json"], "exit_code": 1, "evidence": "research/tasks/B699-Binomial/runs/20260911-low-index-lean-513dc7cc/verification/20260912T000624406025Z/evidence.json", "finished_utc": "2026-09-12T00:08:40.415077+00:00", "failure": "Compile failed: research.tasks.B699-Binomial.runs.20260911-low-index-lean-513dc7cc.lean.I11TerminalCandidateCoverage.VerificationBatches.FirstParts00"}
FAILED_SOURCE research/tasks/B699-Binomial/runs/20260911-low-index-lean-513dc7cc/lean/I11TerminalCandidateCoverage/VerificationBatches/FirstParts00.lean
# command: LEAN -j1 -M1536 -DautoImplicit=false -DrelaxedAutoImplicit=false --root=PROJECT_ROOT -o .tools/20260911-low-index-lean-513dc7cc/20260912T000624406025Z/olean/research/tasks/B699-Binomial/runs/20260911-low-index-lean-513dc7cc/lean/I11TerminalCandidateCoverage/VerificationBatches/FirstParts00.olean research/tasks/B699-Binomial/runs/20260911-low-index-lean-513dc7cc/lean/I11TerminalCandidateCoverage/VerificationBatches/FirstParts00.lean
# cwd: PROJECT_ROOT
# started_utc: 2026-09-12T00:08:32.093135Z
# finished_utc: 2026-09-12T00:08:40.342911Z
# exit_code: 1
# timed_out: False
@Math.B699.I11TerminalCandidateCoverage.FirstParts.P000.sound : Math.B699.I11TerminalCandidateCoverage.IntervalSound
  (24, 137)
'Math.B699.I11TerminalCandidateCoverage.FirstParts.P000.sound' depends on axioms: [propext,
 Classical.choice,
 Quot.sound]
@Math.B699.I11TerminalCandidateCoverage.FirstParts.P001.sound : Math.B699.I11TerminalCandidateCoverage.IntervalSound
  (138, 261)
'Math.B699.I11TerminalCandidateCoverage.FirstParts.P001.sound' depends on axioms: [propext,
 Classical.choice,
 Quot.sound]
@Math.B699.I11TerminalCandidateCoverage.FirstParts.P002.sound : Math.B699.I11TerminalCandidateCoverage.IntervalSound
  (262, 347)
'Math.B699.I11TerminalCandidateCoverage.FirstParts.P002.sound' depends on axioms: [propext,
 Classical.choice,
 Quot.sound]
@Math.B699.I11TerminalCandidateCoverage.FirstParts.P003.sound : Math.B699.I11TerminalCandidateCoverage.IntervalSound
  (348, 467)
'Math.B699.I11TerminalCandidateCoverage.FirstParts.P003.sound' depends on axioms: [propext,
 Classical.choice,
 Quot.sound]
@Math.B699.I11TerminalCandidateCoverage.FirstParts.P004.sound : Math.B699.I11TerminalCandidateCoverage.IntervalSound
  (468, 539)
'Math.B699.I11TerminalCandidateCoverage.FirstParts.P004.sound' depends on axioms: [propext,
 Classical.choice,
 Quot.sound]
@Math.B699.I11TerminalCandidateCoverage.FirstParts.P005.sound : Math.B699.I11TerminalCandidateCoverage.IntervalSound
  (540, 651)
'Math.B699.I11TerminalCandidateCoverage.FirstParts.P005.sound' depends on axioms: [propext,
 Classical.choice,
 Quot.sound]
@Math.B699.I11TerminalCandidateCoverage.FirstParts.P006.sound : Math.B699.I11TerminalCandidateCoverage.IntervalSound
  (652, 779)
'Math.B699.I11TerminalCandidateCoverage.FirstParts.P006.sound' depends on axioms: [propext,
 Classical.choice,
 Quot.sound]
@Math.B699.I11TerminalCandidateCoverage.FirstParts.P007.sound : Math.B699.I11TerminalCandidateCoverage.IntervalSound
  (780, 863)
'Math.B699.I11TerminalCandidateCoverage.FirstParts.P007.sound' depends on axioms: [propext,
 Classical.choice,
 Quot.sound]
failed to write '.tools/20260909-low-index-structure-b41a5a63/verification/20260912T000624406025Z\olean\research\tasks\B699-Binomial\runs\20260911-low-index-lean-513dc7cc\lean\I11TerminalCandidateCoverage\VerificationBatches\FirstParts00.olean': failed to create file '.tools/20260909-low-index-structure-b41a5a63/verification/20260912T000624406025Z\olean\research\tasks\B699-Binomial\runs\20260911-low-index-lean-513dc7cc\lean\I11TerminalCandidateCoverage\VerificationBatches\FirstParts00.olean'

