{
  "status": "EXACT_WORKLOAD_COUNT_ONLY",
  "i": 25,
  "initial_height_bits": 4096,
  "normalized_K_bits": 1221,
  "delta": 25,
  "M": "300269239430893276125087177123787200884348672500749520404987787655229642208786878463273939004581292656848025877093934145914001743088690677034538667381106466",
  "M_bits": 517,
  "M_minimality_checked": true,
  "prime_families": {
    "2": {
      "families": 4095,
      "first_exponent": 1,
      "last_exponent": 4095
    },
    "3": {
      "families": 2584,
      "first_exponent": 1,
      "last_exponent": 2584
    },
    "5": {
      "families": 1762,
      "first_exponent": 3,
      "last_exponent": 1764
    },
    "7": {
      "families": 1459,
      "first_exponent": 1,
      "last_exponent": 1459
    },
    "11": {
      "families": 1184,
      "first_exponent": 1,
      "last_exponent": 1184
    },
    "13": {
      "families": 1106,
      "first_exponent": 1,
      "last_exponent": 1106
    },
    "17": {
      "families": 1002,
      "first_exponent": 1,
      "last_exponent": 1002
    },
    "19": {
      "families": 964,
      "first_exponent": 1,
      "last_exponent": 964
    },
    "23": {
      "families": 905,
      "first_exponent": 1,
      "last_exponent": 905
    }
  },
  "total_families": 15061,
  "distinct_prime_family_pairs": 96388449,
  "signed_differences_per_pair": 49,
  "naive_pair_difference_steps": 4723034001,
  "seconds": 0.38043820100028825,
  "not_executed": [
    "CRT pair intersections",
    "height descent",
    "full candidate generation",
    "terminal exclusion"
  ]
}
