{
  "status": "PASS_EXACT_REGRESSION",
  "polynomial_identity_cases": 150,
  "neighbor_determinant_cases": 64,
  "rational_interval_cases": 295,
  "three_window_triples": 11504,
  "avoided_full_power_occurrences": 15301,
  "endpoint_p_equals_i_occurrences_in_main_box": 0,
  "dedicated_endpoint_p_equals_i_cases": 81,
  "D_equals_one_cases": 2198,
  "ranges": "A,C=0..4,B=0..5; determinant A=0..7,B=1..8; target i in seven profiles,2i+2<=n<=120, i<j<=n//2",
  "source_sign_check": {
    "integral_P_111": [
      -2,
      4
    ],
    "printed_P_111": [
      2,
      -4
    ]
  },
  "seconds": 1.146845457999916,
  "caution": "Finite regression only; universal proofs and published inputs remain distinct."
}
