MANIFEST PASS: 33 members via PAYLOAD_SHA256SUMS.txt
VERIFY PASS: 8 certificates; complete ring-source periods, actual integer quotients, original E/n, shared exponent CRT, weighted parent fibres, exact finite-family diagnosis.
01_source_periods.json 6a779aaebf175a480ba18eb23d373011d679c30cf3dbbbba7ed87e6b7a9be718 4564
02_true191_quotient.json 6b406e7e40ce61a31cb42269344fb48aafef0799a3c548131665bec00ee09aa1 182191
03_A382_closed.json 9812e0b9944cc48ac6a42b78b6e375516c42c56bd8916113408dbed0214946c1 976
04_FN19_shared_exponent.json 03356ab638a3560c07b8aedc2a5304f3ac93e02488d90c8180f11fd4fa724a1a 70449
05_projection_delta.json a670cdbe5f485167b108c874dac560fc165cdddfa9c63d94ae305a0cfc141667 8803
06_finite_family_boundary.json 69ece3dae03203a9d47838c17ebb035bb83c1083d6bd8eac29cb9d10c7c56e93 151327
07_source_adoption.json 5ae826597a6c5bed5e79a848e4331a6b177527127c5120f8ae0c09c1bd615aa7 564
08_next_A532.json 2d45d59b91bedea0981531b5f4965ada4499980291f549af960827ed628af888 1158
GENERATE PASS: 8 exact certificates
VERIFY PASS: 8 certificates; complete ring-source periods, actual integer quotients, original E/n, shared exponent CRT, weighted parent fibres, exact finite-family diagnosis.
REGENERATE PASS: 8 byte-identical certificates
{
  "all_rejected": true,
  "changes_to_files": false,
  "schema": "mathematical-mutation-rejection-v1",
  "tests": [
    {
      "message": "exact assertion failed",
      "rejected": true,
      "test": "source_period_changed"
    },
    {
      "message": "complete quotient/root coverage",
      "rejected": true,
      "test": "true_quotient_changed"
    },
    {
      "message": "complete quotient/root coverage",
      "rejected": true,
      "test": "zero_square_omitted"
    },
    {
      "message": "exact assertion failed",
      "rejected": true,
      "test": "same_c_reset"
    },
    {
      "message": "exact assertion failed",
      "rejected": true,
      "test": "original_n_root_changed"
    },
    {
      "message": "exact assertion failed",
      "rejected": true,
      "test": "overlapping_exponent_weakened"
    },
    {
      "message": "all 1805 original-H checks, including Q=0",
      "rejected": true,
      "test": "conditional_tag_invented"
    },
    {
      "message": "projection arithmetic total_delta_M4",
      "rejected": true,
      "test": "projection_delta_changed"
    },
    {
      "message": "exact assertion failed",
      "rejected": true,
      "test": "weak_family_exponent_changed"
    },
    {
      "message": "exact assertion failed",
      "rejected": true,
      "test": "original_P_exponent_truncated"
    }
  ],
  "total": 10
}
MANIFEST PASS: 33 members via PAYLOAD_SHA256SUMS.txt
CLEAN REPLAY PASS: exact math checks, regeneration and mathematical mutation rejection; no package writes.
