RESOURCE {"source": "research/tasks/B699-Binomial/runs/20260911-low-index-lean-513dc7cc/lean/Row029Data.lean", "platform": "windows", "cpu_count": 16, "disk": [294517391360, 292833587200, 1683804160], "available_physical_bytes": 2903068672, "total_physical_bytes": 16851132416, "memory_load_percent": 82, "meminfo": ["MemAvailable: 2835028 kB"], "memory.max": null, "memory.current": null, "cpu.max": null}
COMPILE {"source": "research/tasks/B699-Binomial/runs/20260911-low-index-lean-513dc7cc/lean/Row029Data.lean", "seconds": 10.659, "exit_code": 0, "failure": null, "axiom_audit": {"declared_print_axioms": 1, "declared_names": ["B699LowIndex.LowIndexLean513dc7cc.row029"], "guarded_print_axioms": 0, "guarded_names": [], "actual_printed": 1, "guard_msgs_in_source": 0, "printed": [{"declared_name": "B699LowIndex.LowIndexLean513dc7cc.row029", "axioms": []}], "unexpected_axioms": [], "guarded_output_inferred": false}}
RESOURCE {"source": "research/tasks/B699-Binomial/runs/20260911-low-index-lean-513dc7cc/lean/Layer113.lean", "platform": "windows", "cpu_count": 16, "disk": [294517391360, 292835086336, 1682305024], "available_physical_bytes": 2890567680, "total_physical_bytes": 16851132416, "memory_load_percent": 82, "meminfo": ["MemAvailable: 2822820 kB"], "memory.max": null, "memory.current": null, "cpu.max": null}
COMPILE {"source": "research/tasks/B699-Binomial/runs/20260911-low-index-lean-513dc7cc/lean/Layer113.lean", "seconds": 10.446, "exit_code": 0, "failure": null, "axiom_audit": {"declared_print_axioms": 1, "declared_names": ["B699LowIndex.LowIndexLean513dc7cc.row029_layer113_checked"], "guarded_print_axioms": 0, "guarded_names": [], "actual_printed": 1, "guard_msgs_in_source": 0, "printed": [{"declared_name": "B699LowIndex.LowIndexLean513dc7cc.row029_layer113_checked", "axioms": ["propext", "Classical.choice", "Quot.sound"]}], "unexpected_axioms": [], "guarded_output_inferred": false}}
RESOURCE {"source": "research/tasks/B699-Binomial/runs/20260911-low-index-lean-513dc7cc/lean/Layer000.lean", "platform": "windows", "cpu_count": 16, "disk": [294517391360, 292835241984, 1682149376], "available_physical_bytes": 2883035136, "total_physical_bytes": 16851132416, "memory_load_percent": 82, "meminfo": ["MemAvailable: 2815464 kB"], "memory.max": null, "memory.current": null, "cpu.max": null}
COMPILE {"source": "research/tasks/B699-Binomial/runs/20260911-low-index-lean-513dc7cc/lean/Layer000.lean", "seconds": 16.954, "exit_code": 0, "failure": null, "axiom_audit": {"declared_print_axioms": 1, "declared_names": ["B699LowIndex.LowIndexLean513dc7cc.row029_layer000_checked"], "guarded_print_axioms": 0, "guarded_names": [], "actual_printed": 1, "guard_msgs_in_source": 0, "printed": [{"declared_name": "B699LowIndex.LowIndexLean513dc7cc.row029_layer000_checked", "axioms": ["propext", "Classical.choice", "Quot.sound"]}], "unexpected_axioms": [], "guarded_output_inferred": false}}
RESOURCE {"source": "research/tasks/B699-Binomial/runs/20260911-low-index-lean-513dc7cc/lean/rows/Row029J8/Block002.lean", "platform": "windows", "cpu_count": 16, "disk": [294517391360, 292835332096, 1682059264], "available_physical_bytes": 2905407488, "total_physical_bytes": 16851132416, "memory_load_percent": 82, "meminfo": ["MemAvailable: 2837312 kB"], "memory.max": null, "memory.current": null, "cpu.max": null}
COMPILE {"source": "research/tasks/B699-Binomial/runs/20260911-low-index-lean-513dc7cc/lean/rows/Row029J8/Block002.lean", "seconds": 26.903, "exit_code": 3221226505, "failure": "Lean exit 3221226505; #print axioms output count mismatch for unguarded declarations: source=30 actual=6", "axiom_audit": {"declared_print_axioms": 30, "declared_names": ["B699LowIndex.LowIndexLean513dc7cc.row029_registered", "B699LowIndex.LowIndexLean513dc7cc.row029_small_checked", "B699LowIndex.LowIndexLean513dc7cc.row029_layerCover_checked", "B699LowIndex.LowIndexLean513dc7cc.row029_layer001_checked", "B699LowIndex.LowIndexLean513dc7cc.row029_layer002_checked", "B699LowIndex.LowIndexLean513dc7cc.row029_layer003_checked", "B699LowIndex.LowIndexLean513dc7cc.row029_layer004_checked", "B699LowIndex.LowIndexLean513dc7cc.row029_layer005_checked", "B699LowIndex.LowIndexLean513dc7cc.row029_layer006_checked", "B699LowIndex.LowIndexLean513dc7cc.row029_layer007_checked", "B699LowIndex.LowIndexLean513dc7cc.row029_layer008_checked", "B699LowIndex.LowIndexLean513dc7cc.row029_layer009_checked", "B699LowIndex.LowIndexLean513dc7cc.row029_layer010_checked", "B699LowIndex.LowIndexLean513dc7cc.row029_layer011_checked", "B699LowIndex.LowIndexLean513dc7cc.row029_layer012_checked", "B699LowIndex.LowIndexLean513dc7cc.row029_layer013_checked", "B699LowIndex.LowIndexLean513dc7cc.row029_layer014_checked", "B699LowIndex.LowIndexLean513dc7cc.row029_layer015_checked", "B699LowIndex.LowIndexLean513dc7cc.row029_layer016_checked", "B699LowIndex.LowIndexLean513dc7cc.row029_layer017_checked", "B699LowIndex.LowIndexLean513dc7cc.row029_layer018_checked", "B699LowIndex.LowIndexLean513dc7cc.row029_layer019_checked", "B699LowIndex.LowIndexLean513dc7cc.row029_layer020_checked", "B699LowIndex.LowIndexLean513dc7cc.row029_layer021_checked", "B699LowIndex.LowIndexLean513dc7cc.row029_layer022_checked", "B699LowIndex.LowIndexLean513dc7cc.row029_layer023_checked", "B699LowIndex.LowIndexLean513dc7cc.row029_layer024_checked", "B699LowIndex.LowIndexLean513dc7cc.row029_layer025_checked", "B699LowIndex.LowIndexLean513dc7cc.row029_layer026_checked", "B699LowIndex.LowIndexLean513dc7cc.row029_layer027_checked"], "guarded_print_axioms": 0, "guarded_names": [], "actual_printed": 6, "guard_msgs_in_source": 0, "printed": [{"declared_name": "B699LowIndex.LowIndexLean513dc7cc.row029_registered", "axioms": ["propext"]}, {"declared_name": "B699LowIndex.LowIndexLean513dc7cc.row029_small_checked", "axioms": []}, {"declared_name": "B699LowIndex.LowIndexLean513dc7cc.row029_layerCover_checked", "axioms": []}, {"declared_name": "B699LowIndex.LowIndexLean513dc7cc.row029_layer001_checked", "axioms": ["propext", "sorryAx", "Classical.choice", "Quot.sound"]}, {"declared_name": "B699LowIndex.LowIndexLean513dc7cc.row029_layer002_checked", "axioms": ["propext", "sorryAx", "Classical.choice", "Quot.sound"]}, {"declared_name": "B699LowIndex.LowIndexLean513dc7cc.row029_layer003_checked", "axioms": ["propext", "sorryAx", "Classical.choice", "Quot.sound"]}], "unexpected_axioms": ["sorryAx"], "guarded_output_inferred": false, "error": "#print axioms output count mismatch for unguarded declarations: source=30 actual=6"}}
# command: LEAN -j1 -M2048 -DautoImplicit=false -DrelaxedAutoImplicit=false --root=PROJECT_ROOT -o .tools/20260911-low-index-lean-513dc7cc/20260911T064311417078Z/olean/research/tasks/B699-Binomial/runs/20260911-low-index-lean-513dc7cc/lean/rows/Row029J8/Block002.olean research/tasks/B699-Binomial/runs/20260911-low-index-lean-513dc7cc/lean/rows/Row029J8/Block002.lean
# cwd: PROJECT_ROOT
# started_utc: 2026-09-11T06:44:19.577248Z
# finished_utc: 2026-09-11T06:44:46.480279Z
# exit_code: 3221226505
# timed_out: False
'B699LowIndex.LowIndexLean513dc7cc.row029_registered' depends on axioms: [propext]
'B699LowIndex.LowIndexLean513dc7cc.row029_small_checked' does not depend on any axioms
'B699LowIndex.LowIndexLean513dc7cc.row029_layerCover_checked' does not depend on any axioms
PROJECT_ROOT\research\tasks\B699-Binomial\runs\20260911-low-index-lean-513dc7cc\lean\rows\Row029J8\Block002.lean:37:2: error: Tactic `decide` failed for proposition
  coverLayerCheck row029.height row029.goods { lower := 1624, upper := 3248, M := 32 } = true
because its `Decidable` instance
  instDecidableEqBool (coverLayerCheck row029.height row029.goods { lower := 1624, upper := 3248, M := 32 }) true
did not reduce to `isTrue` or `isFalse`.

Reduction got stuck at the `Decidable` instance
  match coverLayerCheck row029.height row029.goods { lower := 1624, upper := 3248, M := 32 }, true with
  | false, false => isTrue ⋯
  | false, true => isFalse ⋯
  | true, false => isFalse ⋯
  | true, true => isTrue ⋯
PROJECT_ROOT\research\tasks\B699-Binomial\runs\20260911-low-index-lean-513dc7cc\lean\rows\Row029J8\Block002.lean:41:2: error: Tactic `decide` failed for proposition
  coverLayerCheck row029.height row029.goods { lower := 3248, upper := 6496, M := 31 } = true
because its `Decidable` instance
  instDecidableEqBool (coverLayerCheck row029.height row029.goods { lower := 3248, upper := 6496, M := 31 }) true
did not reduce to `isTrue` or `isFalse`.

Reduction got stuck at the `Decidable` instance
  match coverLayerCheck row029.height row029.goods { lower := 3248, upper := 6496, M := 31 }, true with
  | false, false => isTrue ⋯
  | false, true => isFalse ⋯
  | true, false => isFalse ⋯
  | true, true => isTrue ⋯
PROJECT_ROOT\research\tasks\B699-Binomial\runs\20260911-low-index-lean-513dc7cc\lean\rows\Row029J8\Block002.lean:45:2: error: Tactic `decide` failed for proposition
  coverLayerCheck row029.height row029.goods { lower := 6496, upper := 12992, M := 30 } = true
because its `Decidable` instance
  instDecidableEqBool (coverLayerCheck row029.height row029.goods { lower := 6496, upper := 12992, M := 30 }) true
did not reduce to `isTrue` or `isFalse`.

Reduction got stuck at the `Decidable` instance
  match coverLayerCheck row029.height row029.goods { lower := 6496, upper := 12992, M := 30 }, true with
  | false, false => isTrue ⋯
  | false, true => isFalse ⋯
  | true, false => isFalse ⋯
  | true, true => isTrue ⋯
'B699LowIndex.LowIndexLean513dc7cc.row029_layer001_checked' depends on axioms: [propext,
 sorryAx,
 Classical.choice,
 Quot.sound]
'B699LowIndex.LowIndexLean513dc7cc.row029_layer002_checked' depends on axioms: [propext,
 sorryAx,
 Classical.choice,
 Quot.sound]
'B699LowIndex.LowIndexLean513dc7cc.row029_layer003_checked' depends on axioms: [propext,
 sorryAx,
 Classical.choice,
 Quot.sound]
PROJECT_ROOT\research\tasks\B699-Binomial\runs\20260911-low-index-lean-513dc7cc\lean\rows\Row029J8\Block002.lean:61:2: error: Tactic `decide` failed for proposition
  coverLayerCheck row029.height row029.goods { lower := 12992, upper := 25984, M := 29 } = true
because its `Decidable` instance
  instDecidableEqBool (coverLayerCheck row029.height row029.goods { lower := 12992, upper := 25984, M := 29 }) true
did not reduce to `isTrue` or `isFalse`.

Reduction got stuck at the `Decidable` instance
  match coverLayerCheck row029.height row029.goods { lower := 12992, upper := 25984, M := 29 }, true with
  | false, false => isTrue ⋯
  | false, true => isFalse ⋯
  | true, false => isFalse ⋯
  | true, true => isTrue ⋯
PROJECT_ROOT\research\tasks\B699-Binomial\runs\20260911-low-index-lean-513dc7cc\lean\rows\Row029J8\Block002.lean:65:2: error: Tactic `decide` failed for proposition
  coverLayerCheck row029.height row029.goods { lower := 25984, upper := 51968, M := 28 } = true
because its `Decidable` instance
  instDecidableEqBool (colibc++abi: terminating due to uncaught exception of type lean::memory_exception: excessive memory consumption detected at 'interpreter' (potential solution: increase memory consumption threshold)

EVIDENCE research/tasks/B699-Binomial/runs/20260911-low-index-lean-513dc7cc/verification/20260911T064311417078Z/evidence.json
RESULT {"success": false, "exit_code": 1, "compiled_count": 4, "reused_count": 21, "failure": "Compile failed: research.tasks.B699-Binomial.runs.20260911-low-index-lean-513dc7cc.lean.rows.Row029J8.Block002"}
