ROOT 0 root_gates q 5 anchors 8,3,4 gates 0 secs 0.0
ROOT 0 root_gates_alt q 5 anchors 8,3,5 gates 0 secs 0.0
JETS 0 32749 q 5 gates 0 full 0 deficient 0 columns 10 secs 0.0
RECEIVE 0 32749 PASS q 5 p 32749 gates 0 minors 0 routed_exact_exceptions 0 secs 0.0
JETS 0 32719 q 5 gates 0 full 0 deficient 0 columns 10 secs 0.0
RECEIVE 0 32719 PASS q 5 p 32719 gates 0 minors 0 routed_exact_exceptions 0 secs 0.0
ROOT 1 root_gates q 5 anchors 3,4,5 gates 0 secs 0.0
ROOT 1 root_gates_alt q 5 anchors 3,4,6 gates 0 secs 0.0
JETS 1 32749 q 5 gates 0 full 0 deficient 0 columns 10 secs 0.0
RECEIVE 1 32749 PASS q 5 p 32749 gates 0 minors 0 routed_exact_exceptions 0 secs 0.0
JETS 1 32719 q 5 gates 0 full 0 deficient 0 columns 10 secs 0.0
RECEIVE 1 32719 PASS q 5 p 32719 gates 0 minors 0 routed_exact_exceptions 0 secs 0.0
ROOT 2 root_gates q 5 anchors 3,4,5 gates 228 secs 0.0
ROOT 2 root_gates_alt q 5 anchors 3,4,6 gates 228 secs 0.0
JETS 2 32749 q 5 gates 228 full 228 deficient 0 columns 10 secs 0.0
RECEIVE 2 32749 PASS q 5 p 32749 gates 228 minors 228 routed_exact_exceptions 0 secs 0.0
JETS 2 32719 q 5 gates 228 full 228 deficient 0 columns 10 secs 0.0
RECEIVE 2 32719 PASS q 5 p 32719 gates 228 minors 228 routed_exact_exceptions 0 secs 0.0
ROOT 3 root_gates q 6 anchors 3,8,4 gates 0 secs 0.0
ROOT 3 root_gates_alt q 6 anchors 3,8,5 gates 0 secs 0.0
JETS 3 32749 q 6 gates 0 full 0 deficient 0 columns 17 secs 0.0
RECEIVE 3 32749 PASS q 6 p 32749 gates 0 minors 0 routed_exact_exceptions 0 secs 0.0
JETS 3 32719 q 6 gates 0 full 0 deficient 0 columns 17 secs 0.0
RECEIVE 3 32719 PASS q 6 p 32719 gates 0 minors 0 routed_exact_exceptions 0 secs 0.0
ROOT 4 root_gates q 6 anchors 3,4,5 gates 1 secs 0.0
ROOT 4 root_gates_alt q 6 anchors 3,4,6 gates 1 secs 0.0
JETS 4 32749 q 6 gates 1 full 1 deficient 0 columns 17 secs 0.0
RECEIVE 4 32749 PASS q 6 p 32749 gates 1 minors 1 routed_exact_exceptions 0 secs 0.0
JETS 4 32719 q 6 gates 1 full 1 deficient 0 columns 17 secs 0.0
RECEIVE 4 32719 PASS q 6 p 32719 gates 1 minors 1 routed_exact_exceptions 0 secs 0.0
ROOT 5 root_gates q 6 anchors 3,4,5 gates 886 secs 0.0
ROOT 5 root_gates_alt q 6 anchors 3,4,6 gates 886 secs 0.0
JETS 5 32749 q 6 gates 886 full 886 deficient 0 columns 17 secs 0.01
RECEIVE 5 32749 PASS q 6 p 32749 gates 886 minors 886 routed_exact_exceptions 0 secs 0.01
JETS 5 32719 q 6 gates 886 full 886 deficient 0 columns 17 secs 0.01
RECEIVE 5 32719 PASS q 6 p 32719 gates 886 minors 886 routed_exact_exceptions 0 secs 0.01
ROOT 6 root_gates q 14 anchors 3,4,5 gates 4 secs 0.04
ROOT 6 root_gates_alt q 14 anchors 3,4,6 gates 4 secs 0.08
JETS 6 32749 q 14 gates 4 full 4 deficient 0 columns 145 secs 0.07
RECEIVE 6 32749 PASS q 14 p 32749 gates 4 minors 4 routed_exact_exceptions 0 secs 0.01
JETS 6 32719 q 14 gates 4 full 4 deficient 0 columns 145 secs 0.07
RECEIVE 6 32719 PASS q 14 p 32719 gates 4 minors 4 routed_exact_exceptions 0 secs 0.01
ROOT 7 root_gates q 14 anchors 3,4,5 gates 173 secs 0.03
ROOT 7 root_gates_alt q 14 anchors 3,4,6 gates 173 secs 0.04
JETS 7 32749 q 14 gates 173 full 173 deficient 0 columns 145 secs 0.2
RECEIVE 7 32749 PASS q 14 p 32749 gates 173 minors 173 routed_exact_exceptions 0 secs 0.35
JETS 7 32719 q 14 gates 173 full 173 deficient 0 columns 145 secs 0.2
RECEIVE 7 32719 PASS q 14 p 32719 gates 173 minors 173 routed_exact_exceptions 0 secs 0.33
ROOT 8 root_gates q 14 anchors 3,4,5 gates 144288 secs 6.05
ROOT 8 root_gates_alt q 14 anchors 3,4,6 gates 144288 secs 5.83
JETS 8 32749 q 14 gates 144288 full 144288 deficient 0 columns 145 secs 102.69
RECEIVE 8 32749 PASS q 14 p 32749 gates 144288 minors 144288 routed_exact_exceptions 0 secs 247.56
JETS 8 32719 q 14 gates 144288 full 144288 deficient 0 columns 145 secs 102.44
RECEIVE 8 32719 PASS q 14 p 32719 gates 144288 minors 144288 routed_exact_exceptions 0 secs 247.4
COMPLETE 145580 exceptions 0
