# command: LEAN -j1 -M1536 -DautoImplicit=false -DrelaxedAutoImplicit=false --root=PROJECT_ROOT -o .tools/20260911-low-index-lean-513dc7cc/20260912T002049272826Z/olean/research/tasks/B699-Binomial/runs/20260911-low-index-lean-513dc7cc/lean/CrtStage0Pair23/Chunk007RowA64.olean research/tasks/B699-Binomial/runs/20260911-low-index-lean-513dc7cc/lean/CrtStage0Pair23/Chunk007RowA64.lean
# cwd: PROJECT_ROOT
# started_utc: 2026-09-12T00:22:53.254245Z
# finished_utc: 2026-09-12T00:23:04.415839Z
# exit_code: 0
# timed_out: False
'Math.B699.CRTStage0Pair23.Chunk007.cellA64B1_check' depends on axioms: [propext]
'Math.B699.CRTStage0Pair23.Chunk007.cellA64B2_check' depends on axioms: [propext]
'Math.B699.CRTStage0Pair23.Chunk007.cellA64B3_check' depends on axioms: [propext]
'Math.B699.CRTStage0Pair23.Chunk007.cellA64B4_check' depends on axioms: [propext]
'Math.B699.CRTStage0Pair23.Chunk007.cellA64B5_check' depends on axioms: [propext]
'Math.B699.CRTStage0Pair23.Chunk007.cellA64B6_check' depends on axioms: [propext]
'Math.B699.CRTStage0Pair23.Chunk007.cellA64B7_check' depends on axioms: [propext]
'Math.B699.CRTStage0Pair23.Chunk007.cellA64B8_check' depends on axioms: [propext]
'Math.B699.CRTStage0Pair23.Chunk007.cellA64B9_check' depends on axioms: [propext]
'Math.B699.CRTStage0Pair23.Chunk007.cellA64B10_check' depends on axioms: [propext]
'Math.B699.CRTStage0Pair23.Chunk007.cellA64B11_check' depends on axioms: [propext]
'Math.B699.CRTStage0Pair23.Chunk007.cellA64B12_check' depends on axioms: [propext]
'Math.B699.CRTStage0Pair23.Chunk007.cellA64B13_check' depends on axioms: [propext]
'Math.B699.CRTStage0Pair23.Chunk007.cellA64B14_check' depends on axioms: [propext]
'Math.B699.CRTStage0Pair23.Chunk007.cellA64B15_check' depends on axioms: [propext]
'Math.B699.CRTStage0Pair23.Chunk007.cellA64B16_check' depends on axioms: [propext]
'Math.B699.CRTStage0Pair23.Chunk007.cellA64B17_check' depends on axioms: [propext]
'Math.B699.CRTStage0Pair23.Chunk007.cellA64B18_check' depends on axioms: [propext]
'Math.B699.CRTStage0Pair23.Chunk007.cellA64B19_check' depends on axioms: [propext]
'Math.B699.CRTStage0Pair23.Chunk007.cellA64B20_check' depends on axioms: [propext]
'Math.B699.CRTStage0Pair23.Chunk007.cellA64B21_check' depends on axioms: [propext]
'Math.B699.CRTStage0Pair23.Chunk007.cellA64B22_check' depends on axioms: [propext]
'Math.B699.CRTStage0Pair23.Chunk007.cellA64B23_check' depends on axioms: [propext]
'Math.B699.CRTStage0Pair23.Chunk007.cellA64B24_check' depends on axioms: [propext]
'Math.B699.CRTStage0Pair23.Chunk007.cellA64B25_check' depends on axioms: [propext]
'Math.B699.CRTStage0Pair23.Chunk007.cellA64B26_check' depends on axioms: [propext]
'Math.B699.CRTStage0Pair23.Chunk007.cellA64B27_check' depends on axioms: [propext]
'Math.B699.CRTStage0Pair23.Chunk007.cellA64B28_check' depends on axioms: [propext]
'Math.B699.CRTStage0Pair23.Chunk007.cellA64B29_check' depends on axioms: [propext]
'Math.B699.CRTStage0Pair23.Chunk007.cellA64B30_check' depends on axioms: [propext]
'Math.B699.CRTStage0Pair23.Chunk007.cellA64B31_check' depends on axioms: [propext]
'Math.B699.CRTStage0Pair23.Chunk007.cellA64B32_check' depends on axioms: [propext]
'Math.B699.CRTStage0Pair23.Chunk007.cellA64B33_check' depends on axioms: [propext]
'Math.B699.CRTStage0Pair23.Chunk007.cellA64B34_check' depends on axioms: [propext]
'Math.B699.CRTStage0Pair23.Chunk007.cellA64B35_check' depends on axioms: [propext]
'Math.B699.CRTStage0Pair23.Chunk007.cellA64B36_check' depends on axioms: [propext]
'Math.B699.CRTStage0Pair23.Chunk007.cellA64B37_check' depends on axioms: [propext]
'Math.B699.CRTStage0Pair23.Chunk007.cellA64B38_check' depends on axioms: [propext]
'Math.B699.CRTStage0Pair23.Chunk007.cellA64B39_check' depends on axioms: [propext]
'Math.B699.CRTStage0Pair23.Chunk007.cellA64B40_check' depends on axioms: [propext]
'Math.B699.CRTStage0Pair23.Chunk007.cellA64B41_check' depends on axioms: [propext]
'Math.B699.CRTStage0Pair23.Chunk007.cellA64B42_check' depends on axioms: [propext]
'Math.B699.CRTStage0Pair23.Chunk007.cellA64B43_check' depends on axioms: [propext]
'Math.B699.CRTStage0Pair23.Chunk007.cellA64B44_check' depends on axioms: [propext]
'Math.B699.CRTStage0Pair23.Chunk007.cellA64B45_check' depends on axioms: [propext]
'Math.B699.CRTStage0Pair23.Chunk007.cellA64B46_check' depends on axioms: [propext]
'Math.B699.CRTStage0Pair23.Chunk007.cellA64B47_check' depends on axioms: [propext]
'Math.B699.CRTStage0Pair23.Chunk007.cellA64B48_check' depends on axioms: [propext]
'Math.B699.CRTStage0Pair23.Chunk007.cellA64B49_check' depends on axioms: [propext]
'Math.B699.CRTStage0Pair23.Chunk007.cellA64B50_check' depends on axioms: [propext]
'Math.B699.CRTStage0Pair23.Chunk007.cellA64B51_check' depends on axioms: [propext]
'Math.B699.CRTStage0Pair23.Chunk007.cellA64B52_check' depends on axioms: [propext]
'Math.B699.CRTStage0Pair23.Chunk007.cellA64B53_check' depends on axioms: [propext]
'Math.B699.CRTStage0Pair23.Chunk007.cellA64B54_check' depends on axioms: [propext]
'Math.B699.CRTStage0Pair23.Chunk007.cellA64B55_check' depends on axioms: [propext]
'Math.B699.CRTStage0Pair23.Chunk007.cellA64B56_check' depends on axioms: [propext]
'Math.B699.CRTStage0Pair23.Chunk007.cellA64B57_check' depends on axioms: [propext]
'Math.B699.CRTStage0Pair23.Chunk007.cellA64B58_check' depends on axioms: [propext]
'Math.B699.CRTStage0Pair23.Chunk007.cellA64B59_check' depends on axioms: [propext]
'Math.B699.CRTStage0Pair23.Chunk007.cellA64B60_check' depends on axioms: [propext]
'Math.B699.CRTStage0Pair23.Chunk007.cellA64B61_check' depends on axioms: [propext]
'Math.B699.CRTStage0Pair23.Chunk007.cellA64B62_check' depends on axioms: [propext]
'Math.B699.CRTStage0Pair23.Chunk007.cellA64B63_check' depends on axioms: [propext]
'Math.B699.CRTStage0Pair23.Chunk007.cellA64B64_check' depends on axioms: [propext]
'Math.B699.CRTStage0Pair23.Chunk007.cellA64B65_check' depends on axioms: [propext]
'Math.B699.CRTStage0Pair23.Chunk007.cellA64B66_check' depends on axioms: [propext]
'Math.B699.CRTStage0Pair23.Chunk007.cellA64B67_check' depends on axioms: [propext]
'Math.B699.CRTStage0Pair23.Chunk007.cellA64B68_check' depends on axioms: [propext]
'Math.B699.CRTStage0Pair23.Chunk007.rowA64_cell_check' depends on axioms: [propext]
'Math.B699.CRTStage0Pair23.Chunk007.rowA64_block_check' depends on axioms: [propext, Quot.sound]
