# command: LEAN -j1 -M1536 -DautoImplicit=false -DrelaxedAutoImplicit=false --root=PROJECT_ROOT -o .tools/20260911-low-index-lean-513dc7cc/20260912T002049272826Z/olean/research/tasks/B699-Binomial/runs/20260911-low-index-lean-513dc7cc/lean/CrtStage0Pair23/Chunk007RowA57.olean research/tasks/B699-Binomial/runs/20260911-low-index-lean-513dc7cc/lean/CrtStage0Pair23/Chunk007RowA57.lean
# cwd: PROJECT_ROOT
# started_utc: 2026-09-12T00:21:34.219888Z
# finished_utc: 2026-09-12T00:21:45.335024Z
# exit_code: 0
# timed_out: False
'Math.B699.CRTStage0Pair23.Chunk007.cellA57B1_check' depends on axioms: [propext]
'Math.B699.CRTStage0Pair23.Chunk007.cellA57B2_check' depends on axioms: [propext]
'Math.B699.CRTStage0Pair23.Chunk007.cellA57B3_check' depends on axioms: [propext]
'Math.B699.CRTStage0Pair23.Chunk007.cellA57B4_check' depends on axioms: [propext]
'Math.B699.CRTStage0Pair23.Chunk007.cellA57B5_check' depends on axioms: [propext]
'Math.B699.CRTStage0Pair23.Chunk007.cellA57B6_check' depends on axioms: [propext]
'Math.B699.CRTStage0Pair23.Chunk007.cellA57B7_check' depends on axioms: [propext]
'Math.B699.CRTStage0Pair23.Chunk007.cellA57B8_check' depends on axioms: [propext]
'Math.B699.CRTStage0Pair23.Chunk007.cellA57B9_check' depends on axioms: [propext]
'Math.B699.CRTStage0Pair23.Chunk007.cellA57B10_check' depends on axioms: [propext]
'Math.B699.CRTStage0Pair23.Chunk007.cellA57B11_check' depends on axioms: [propext]
'Math.B699.CRTStage0Pair23.Chunk007.cellA57B12_check' depends on axioms: [propext]
'Math.B699.CRTStage0Pair23.Chunk007.cellA57B13_check' depends on axioms: [propext]
'Math.B699.CRTStage0Pair23.Chunk007.cellA57B14_check' depends on axioms: [propext]
'Math.B699.CRTStage0Pair23.Chunk007.cellA57B15_check' depends on axioms: [propext]
'Math.B699.CRTStage0Pair23.Chunk007.cellA57B16_check' depends on axioms: [propext]
'Math.B699.CRTStage0Pair23.Chunk007.cellA57B17_check' depends on axioms: [propext]
'Math.B699.CRTStage0Pair23.Chunk007.cellA57B18_check' depends on axioms: [propext]
'Math.B699.CRTStage0Pair23.Chunk007.cellA57B19_check' depends on axioms: [propext]
'Math.B699.CRTStage0Pair23.Chunk007.cellA57B20_check' depends on axioms: [propext]
'Math.B699.CRTStage0Pair23.Chunk007.cellA57B21_check' depends on axioms: [propext]
'Math.B699.CRTStage0Pair23.Chunk007.cellA57B22_check' depends on axioms: [propext]
'Math.B699.CRTStage0Pair23.Chunk007.cellA57B23_check' depends on axioms: [propext]
'Math.B699.CRTStage0Pair23.Chunk007.cellA57B24_check' depends on axioms: [propext]
'Math.B699.CRTStage0Pair23.Chunk007.cellA57B25_check' depends on axioms: [propext]
'Math.B699.CRTStage0Pair23.Chunk007.cellA57B26_check' depends on axioms: [propext]
'Math.B699.CRTStage0Pair23.Chunk007.cellA57B27_check' depends on axioms: [propext]
'Math.B699.CRTStage0Pair23.Chunk007.cellA57B28_check' depends on axioms: [propext]
'Math.B699.CRTStage0Pair23.Chunk007.cellA57B29_check' depends on axioms: [propext]
'Math.B699.CRTStage0Pair23.Chunk007.cellA57B30_check' depends on axioms: [propext]
'Math.B699.CRTStage0Pair23.Chunk007.cellA57B31_check' depends on axioms: [propext]
'Math.B699.CRTStage0Pair23.Chunk007.cellA57B32_check' depends on axioms: [propext]
'Math.B699.CRTStage0Pair23.Chunk007.cellA57B33_check' depends on axioms: [propext]
'Math.B699.CRTStage0Pair23.Chunk007.cellA57B34_check' depends on axioms: [propext]
'Math.B699.CRTStage0Pair23.Chunk007.cellA57B35_check' depends on axioms: [propext]
'Math.B699.CRTStage0Pair23.Chunk007.cellA57B36_check' depends on axioms: [propext]
'Math.B699.CRTStage0Pair23.Chunk007.cellA57B37_check' depends on axioms: [propext]
'Math.B699.CRTStage0Pair23.Chunk007.cellA57B38_check' depends on axioms: [propext]
'Math.B699.CRTStage0Pair23.Chunk007.cellA57B39_check' depends on axioms: [propext]
'Math.B699.CRTStage0Pair23.Chunk007.cellA57B40_check' depends on axioms: [propext]
'Math.B699.CRTStage0Pair23.Chunk007.cellA57B41_check' depends on axioms: [propext]
'Math.B699.CRTStage0Pair23.Chunk007.cellA57B42_check' depends on axioms: [propext]
'Math.B699.CRTStage0Pair23.Chunk007.cellA57B43_check' depends on axioms: [propext]
'Math.B699.CRTStage0Pair23.Chunk007.cellA57B44_check' depends on axioms: [propext]
'Math.B699.CRTStage0Pair23.Chunk007.cellA57B45_check' depends on axioms: [propext]
'Math.B699.CRTStage0Pair23.Chunk007.cellA57B46_check' depends on axioms: [propext]
'Math.B699.CRTStage0Pair23.Chunk007.cellA57B47_check' depends on axioms: [propext]
'Math.B699.CRTStage0Pair23.Chunk007.cellA57B48_check' depends on axioms: [propext]
'Math.B699.CRTStage0Pair23.Chunk007.cellA57B49_check' depends on axioms: [propext]
'Math.B699.CRTStage0Pair23.Chunk007.cellA57B50_check' depends on axioms: [propext]
'Math.B699.CRTStage0Pair23.Chunk007.cellA57B51_check' depends on axioms: [propext]
'Math.B699.CRTStage0Pair23.Chunk007.cellA57B52_check' depends on axioms: [propext]
'Math.B699.CRTStage0Pair23.Chunk007.cellA57B53_check' depends on axioms: [propext]
'Math.B699.CRTStage0Pair23.Chunk007.cellA57B54_check' depends on axioms: [propext]
'Math.B699.CRTStage0Pair23.Chunk007.cellA57B55_check' depends on axioms: [propext]
'Math.B699.CRTStage0Pair23.Chunk007.cellA57B56_check' depends on axioms: [propext]
'Math.B699.CRTStage0Pair23.Chunk007.cellA57B57_check' depends on axioms: [propext]
'Math.B699.CRTStage0Pair23.Chunk007.cellA57B58_check' depends on axioms: [propext]
'Math.B699.CRTStage0Pair23.Chunk007.cellA57B59_check' depends on axioms: [propext]
'Math.B699.CRTStage0Pair23.Chunk007.cellA57B60_check' depends on axioms: [propext]
'Math.B699.CRTStage0Pair23.Chunk007.cellA57B61_check' depends on axioms: [propext]
'Math.B699.CRTStage0Pair23.Chunk007.cellA57B62_check' depends on axioms: [propext]
'Math.B699.CRTStage0Pair23.Chunk007.cellA57B63_check' depends on axioms: [propext]
'Math.B699.CRTStage0Pair23.Chunk007.cellA57B64_check' depends on axioms: [propext]
'Math.B699.CRTStage0Pair23.Chunk007.cellA57B65_check' depends on axioms: [propext]
'Math.B699.CRTStage0Pair23.Chunk007.cellA57B66_check' depends on axioms: [propext]
'Math.B699.CRTStage0Pair23.Chunk007.cellA57B67_check' depends on axioms: [propext]
'Math.B699.CRTStage0Pair23.Chunk007.cellA57B68_check' depends on axioms: [propext]
'Math.B699.CRTStage0Pair23.Chunk007.rowA57_cell_check' depends on axioms: [propext]
'Math.B699.CRTStage0Pair23.Chunk007.rowA57_block_check' depends on axioms: [propext, Quot.sound]
