# command: LEAN -j1 -M1536 -DautoImplicit=false -DrelaxedAutoImplicit=false --root=PROJECT_ROOT -o .tools/20260911-low-index-lean-513dc7cc/20260911T214340691632Z/olean/research/tasks/B699-Binomial/runs/20260911-low-index-lean-513dc7cc/lean/I11SevenTwoFinal/Audit.olean research/tasks/B699-Binomial/runs/20260911-low-index-lean-513dc7cc/lean/I11SevenTwoFinal/Audit.lean
# cwd: PROJECT_ROOT
# started_utc: 2026-09-11T21:44:10.577580Z
# finished_utc: 2026-09-11T21:44:19.901097Z
# exit_code: 0
# timed_out: False
'Math.B699.I11SevenTwoFinalConsumers.rateNumerator' does not depend on any axioms
'Math.B699.I11SevenTwoFinalConsumers.rateDenominator' does not depend on any axioms
'Math.B699.I11SevenTwoFinalConsumers.rateRational' depends on axioms: [propext, Classical.choice, Quot.sound]
'Math.B699.I11SevenTwoFinalConsumers.rate_denominator_pos' does not depend on any axioms
'Math.B699.I11SevenTwoFinalConsumers.rate_numerator_ge_denominator' does not depend on any axioms
'Math.B699.I11SevenTwoFinalConsumers.rate_thirtytwo_integer' depends on axioms: [propext]
'Math.B699.I11SevenTwoFinalConsumers.rate_denominator_cast_pos' depends on axioms: [propext,
 Classical.choice,
 Quot.sound]
'Math.B699.I11SevenTwoFinalConsumers.rateRational_ge_one' depends on axioms: [propext, Classical.choice, Quot.sound]
'Math.B699.I11SevenTwoFinalConsumers.rateRational_thirtytwo_ge_two' depends on axioms: [propext,
 Classical.choice,
 Quot.sound]
'Math.B699.I11SevenTwoFinalConsumers.rateRational_pow285_gt_48' depends on axioms: [propext,
 Classical.choice,
 Quot.sound]
'Math.B699.I11SevenTwoFinalConsumers.actual_rate_eq_rational' depends on axioms: [propext, Classical.choice, Quot.sound]
'Math.B699.I11SevenTwoFinalConsumers.actual_rate_pow285_gt_48' depends on axioms: [propext,
 Classical.choice,
 Quot.sound]
'Math.B699.I11SevenTwoFinalConsumers.actual_numeric_certificates' depends on axioms: [propext,
 Classical.choice,
 Quot.sound]
'Math.B699.I11SevenTwoFinalConsumers.seven_two_edge_of_growth_trees' depends on axioms: [propext,
 Classical.choice,
 Quot.sound]
'Math.B699.I11SevenTwoFinalConsumers.q_lambda_eq' depends on axioms: [propext, Classical.choice, Quot.sound]
'Math.B699.I11SevenTwoFinalConsumers.e_lambda_eq' depends on axioms: [propext, Classical.choice, Quot.sound]
'Math.B699.I11SevenTwoFinalConsumers.row_delta_false' does not depend on any axioms
'Math.B699.I11SevenTwoFinalConsumers.row_delta_true' does not depend on any axioms
'Math.B699.I11SevenTwoFinalConsumers.actual_q_tree_family' depends on axioms: [propext, Classical.choice, Quot.sound]
'Math.B699.I11SevenTwoFinalConsumers.actual_e_tree_family' depends on axioms: [propext, Classical.choice, Quot.sound]
'Math.B699.I11SevenTwoFinalConsumers.actual_seven_two_cofactor_edge' depends on axioms: [propext,
 Classical.choice,
 Quot.sound]
'Math.B699.I11SevenTwoFinalConsumers.integer_window_gap_le_ten' depends on axioms: [propext, Quot.sound]
'Math.B699.I11SevenTwoFinalConsumers.actual_window_power_bounds' depends on axioms: [propext,
 Classical.choice,
 Quot.sound]
'Math.B699.I11SevenTwoFinalConsumers.component_edge_of_actual_windows' depends on axioms: [propext,
 Classical.choice,
 Quot.sound]
'Math.B699.I11SevenTwoFinalConsumers.actual_seven_two_component_edge' depends on axioms: [propext,
 Classical.choice,
 Quot.sound]
