PACKAGE_HASHES=PASS; FILES=23
PAIR 0 1 PASS
PAIR 0 2 PASS
PAIR 1 0 PASS
PAIR 1 2 PASS
PAIR 2 0 PASS
PAIR 2 1 PASS
111_REPAIRED PASS
SINGLE_SLOT_REPLAY PASS
NONIC_ALL_CORRECTED_EXACT_REPLAY=PASS
exact.json sha256 7d46f8af2ef7e7b301535b27ddf093eb4950638619c3d4ac101b1d95992f301c
{
  "status": "STANDARD_LIBRARY_EXACT_CROSSCHECK=PASS",
  "resultant_identities": 13,
  "degree_bounded_sylvester_evaluations": 147,
  "finite_field_certificates": 12,
  "single_slot_valuation_regression_points": 360,
  "single_slot_infinite_valuation_basis": "exact polynomial identities + complete mod3 unit cases, not the regression",
  "rejected_corrupt_certificates": [
    "resultant_constant_mutation",
    "modular_table_mutation",
    "root_at_zero_mutation"
  ],
  "sympy_imported": false,
  "evidence_limit": "same-author second implementation; not Lean or external review"
}
CERTIFICATES_BYTE_IDENTICAL=PASS
NONIC_ALL_CORRECTED_CLEAN_REPLAY=PASS
