	Command being timed: "/usr/bin/python3 research/tasks/B699-Binomial/runs/20260911-low-index-lean-513dc7cc/verification/runner/verify_incremental.py --repo . --root research/tasks/B699-Binomial/runs/20260911-low-index-lean-513dc7cc/lean/rows/Row037/Original.lean --reuse research/tasks/B699-Binomial/runs/20260911-low-index-lean-513dc7cc/verification/20260910T193504764901Z/evidence.json --memory-mb 3072 --timeout 900"
	User time (seconds): 314.71
	System time (seconds): 169.20
	Percent of CPU this job got: 99%
	Elapsed (wall clock) time (h:mm:ss or m:ss): 8:06.86
	Average shared text size (kbytes): 0
	Average unshared data size (kbytes): 0
	Average stack size (kbytes): 0
	Average total size (kbytes): 0
	Maximum resident set size (kbytes): 2040516
	Average resident set size (kbytes): 0
	Major (requiring I/O) page faults: 18
	Minor (reclaiming a frame) page faults: 14329968
	Voluntary context switches: 73317
	Involuntary context switches: 47299
	Swaps: 0
	File system inputs: 9288
	File system outputs: 66184
	Socket messages sent: 0
	Socket messages received: 0
	Signals delivered: 0
	Page size (bytes): 4096
	Exit status: 0
