# command: LEAN -j1 -M1536 -DautoImplicit=false -DrelaxedAutoImplicit=false --root=PROJECT_ROOT -o .tools/20260911-low-index-lean-513dc7cc/20260912T021859887916Z/olean/research/tasks/B699-Binomial/runs/20260911-low-index-lean-513dc7cc/lean/CrtStage0Pair25/Pack010P3.olean research/tasks/B699-Binomial/runs/20260911-low-index-lean-513dc7cc/lean/CrtStage0Pair25/Pack010P3.lean
# cwd: PROJECT_ROOT
# started_utc: 2026-09-12T02:20:20.507016Z
# finished_utc: 2026-09-12T02:20:32.446814Z
# exit_code: 0
# timed_out: False
'Math.B699.CRTStage0Pair25.Chunk010.cellA87B1_check' depends on axioms: [propext]
'Math.B699.CRTStage0Pair25.Chunk010.cellA87B2_check' depends on axioms: [propext]
'Math.B699.CRTStage0Pair25.Chunk010.cellA87B3_check' depends on axioms: [propext]
'Math.B699.CRTStage0Pair25.Chunk010.cellA87B4_check' depends on axioms: [propext]
'Math.B699.CRTStage0Pair25.Chunk010.cellA87B5_check' depends on axioms: [propext]
'Math.B699.CRTStage0Pair25.Chunk010.cellA87B6_check' depends on axioms: [propext]
'Math.B699.CRTStage0Pair25.Chunk010.cellA87B7_check' depends on axioms: [propext]
'Math.B699.CRTStage0Pair25.Chunk010.cellA87B8_check' depends on axioms: [propext]
'Math.B699.CRTStage0Pair25.Chunk010.cellA87B9_check' depends on axioms: [propext]
'Math.B699.CRTStage0Pair25.Chunk010.cellA87B10_check' depends on axioms: [propext]
'Math.B699.CRTStage0Pair25.Chunk010.cellA87B11_check' depends on axioms: [propext]
'Math.B699.CRTStage0Pair25.Chunk010.cellA87B12_check' depends on axioms: [propext]
'Math.B699.CRTStage0Pair25.Chunk010.cellA87B13_check' depends on axioms: [propext]
'Math.B699.CRTStage0Pair25.Chunk010.cellA87B14_check' depends on axioms: [propext]
'Math.B699.CRTStage0Pair25.Chunk010.cellA87B15_check' depends on axioms: [propext]
'Math.B699.CRTStage0Pair25.Chunk010.cellA87B16_check' depends on axioms: [propext]
'Math.B699.CRTStage0Pair25.Chunk010.cellA87B17_check' depends on axioms: [propext]
'Math.B699.CRTStage0Pair25.Chunk010.cellA87B18_check' depends on axioms: [propext]
'Math.B699.CRTStage0Pair25.Chunk010.cellA87B19_check' depends on axioms: [propext]
'Math.B699.CRTStage0Pair25.Chunk010.cellA87B20_check' depends on axioms: [propext]
'Math.B699.CRTStage0Pair25.Chunk010.cellA87B21_check' depends on axioms: [propext]
'Math.B699.CRTStage0Pair25.Chunk010.cellA87B22_check' depends on axioms: [propext]
'Math.B699.CRTStage0Pair25.Chunk010.cellA87B23_check' depends on axioms: [propext]
'Math.B699.CRTStage0Pair25.Chunk010.cellA87B24_check' depends on axioms: [propext]
'Math.B699.CRTStage0Pair25.Chunk010.cellA87B25_check' depends on axioms: [propext]
'Math.B699.CRTStage0Pair25.Chunk010.cellA87B26_check' depends on axioms: [propext]
'Math.B699.CRTStage0Pair25.Chunk010.cellA87B27_check' depends on axioms: [propext]
'Math.B699.CRTStage0Pair25.Chunk010.cellA87B28_check' depends on axioms: [propext]
'Math.B699.CRTStage0Pair25.Chunk010.cellA87B29_check' depends on axioms: [propext]
'Math.B699.CRTStage0Pair25.Chunk010.cellA87B30_check' depends on axioms: [propext]
'Math.B699.CRTStage0Pair25.Chunk010.cellA87B31_check' depends on axioms: [propext]
'Math.B699.CRTStage0Pair25.Chunk010.cellA87B32_check' depends on axioms: [propext]
'Math.B699.CRTStage0Pair25.Chunk010.cellA87B33_check' depends on axioms: [propext]
'Math.B699.CRTStage0Pair25.Chunk010.cellA87B34_check' depends on axioms: [propext]
'Math.B699.CRTStage0Pair25.Chunk010.cellA87B35_check' depends on axioms: [propext]
'Math.B699.CRTStage0Pair25.Chunk010.cellA87B36_check' depends on axioms: [propext]
'Math.B699.CRTStage0Pair25.Chunk010.cellA87B37_check' depends on axioms: [propext]
'Math.B699.CRTStage0Pair25.Chunk010.cellA87B38_check' depends on axioms: [propext]
'Math.B699.CRTStage0Pair25.Chunk010.cellA87B39_check' depends on axioms: [propext]
'Math.B699.CRTStage0Pair25.Chunk010.cellA87B40_check' depends on axioms: [propext]
'Math.B699.CRTStage0Pair25.Chunk010.cellA87B41_check' depends on axioms: [propext]
'Math.B699.CRTStage0Pair25.Chunk010.cellA87B42_check' depends on axioms: [propext]
'Math.B699.CRTStage0Pair25.Chunk010.cellA87B43_check' depends on axioms: [propext]
'Math.B699.CRTStage0Pair25.Chunk010.cellA87B44_check' depends on axioms: [propext]
'Math.B699.CRTStage0Pair25.Chunk010.cellA87B45_check' depends on axioms: [propext]
'Math.B699.CRTStage0Pair25.Chunk010.cellA87B46_check' depends on axioms: [propext]
'Math.B699.CRTStage0Pair25.Chunk010.rowA87_cell_check' depends on axioms: [propext]
'Math.B699.CRTStage0Pair25.Chunk010.rowA87_block_check' depends on axioms: [propext, Quot.sound]
'Math.B699.CRTStage0Pair25.Chunk010.cellA88B1_check' depends on axioms: [propext]
'Math.B699.CRTStage0Pair25.Chunk010.cellA88B2_check' depends on axioms: [propext]
'Math.B699.CRTStage0Pair25.Chunk010.cellA88B3_check' depends on axioms: [propext]
'Math.B699.CRTStage0Pair25.Chunk010.cellA88B4_check' depends on axioms: [propext]
'Math.B699.CRTStage0Pair25.Chunk010.cellA88B5_check' depends on axioms: [propext]
'Math.B699.CRTStage0Pair25.Chunk010.cellA88B6_check' depends on axioms: [propext]
'Math.B699.CRTStage0Pair25.Chunk010.cellA88B7_check' depends on axioms: [propext]
'Math.B699.CRTStage0Pair25.Chunk010.cellA88B8_check' depends on axioms: [propext]
'Math.B699.CRTStage0Pair25.Chunk010.cellA88B9_check' depends on axioms: [propext]
'Math.B699.CRTStage0Pair25.Chunk010.cellA88B10_check' depends on axioms: [propext]
'Math.B699.CRTStage0Pair25.Chunk010.cellA88B11_check' depends on axioms: [propext]
'Math.B699.CRTStage0Pair25.Chunk010.cellA88B12_check' depends on axioms: [propext]
'Math.B699.CRTStage0Pair25.Chunk010.cellA88B13_check' depends on axioms: [propext]
'Math.B699.CRTStage0Pair25.Chunk010.cellA88B14_check' depends on axioms: [propext]
'Math.B699.CRTStage0Pair25.Chunk010.cellA88B15_check' depends on axioms: [propext]
'Math.B699.CRTStage0Pair25.Chunk010.cellA88B16_check' depends on axioms: [propext]
'Math.B699.CRTStage0Pair25.Chunk010.cellA88B17_check' depends on axioms: [propext]
'Math.B699.CRTStage0Pair25.Chunk010.cellA88B18_check' depends on axioms: [propext]
'Math.B699.CRTStage0Pair25.Chunk010.cellA88B19_check' depends on axioms: [propext]
'Math.B699.CRTStage0Pair25.Chunk010.cellA88B20_check' depends on axioms: [propext]
'Math.B699.CRTStage0Pair25.Chunk010.cellA88B21_check' depends on axioms: [propext]
'Math.B699.CRTStage0Pair25.Chunk010.cellA88B22_check' depends on axioms: [propext]
'Math.B699.CRTStage0Pair25.Chunk010.cellA88B23_check' depends on axioms: [propext]
'Math.B699.CRTStage0Pair25.Chunk010.cellA88B24_check' depends on axioms: [propext]
'Math.B699.CRTStage0Pair25.Chunk010.cellA88B25_check' depends on axioms: [propext]
'Math.B699.CRTStage0Pair25.Chunk010.cellA88B26_check' depends on axioms: [propext]
'Math.B699.CRTStage0Pair25.Chunk010.cellA88B27_check' depends on axioms: [propext]
'Math.B699.CRTStage0Pair25.Chunk010.cellA88B28_check' depends on axioms: [propext]
'Math.B699.CRTStage0Pair25.Chunk010.cellA88B29_check' depends on axioms: [propext]
'Math.B699.CRTStage0Pair25.Chunk010.cellA88B30_check' depends on axioms: [propext]
'Math.B699.CRTStage0Pair25.Chunk010.cellA88B31_check' depends on axioms: [propext]
'Math.B699.CRTStage0Pair25.Chunk010.cellA88B32_check' depends on axioms: [propext]
'Math.B699.CRTStage0Pair25.Chunk010.cellA88B33_check' depends on axioms: [propext]
'Math.B699.CRTStage0Pair25.Chunk010.cellA88B34_check' depends on axioms: [propext]
'Math.B699.CRTStage0Pair25.Chunk010.cellA88B35_check' depends on axioms: [propext]
'Math.B699.CRTStage0Pair25.Chunk010.cellA88B36_check' depends on axioms: [propext]
'Math.B699.CRTStage0Pair25.Chunk010.cellA88B37_check' depends on axioms: [propext]
'Math.B699.CRTStage0Pair25.Chunk010.cellA88B38_check' depends on axioms: [propext]
'Math.B699.CRTStage0Pair25.Chunk010.cellA88B39_check' depends on axioms: [propext]
'Math.B699.CRTStage0Pair25.Chunk010.cellA88B40_check' depends on axioms: [propext]
'Math.B699.CRTStage0Pair25.Chunk010.cellA88B41_check' depends on axioms: [propext]
'Math.B699.CRTStage0Pair25.Chunk010.cellA88B42_check' depends on axioms: [propext]
'Math.B699.CRTStage0Pair25.Chunk010.cellA88B43_check' depends on axioms: [propext]
'Math.B699.CRTStage0Pair25.Chunk010.cellA88B44_check' depends on axioms: [propext]
'Math.B699.CRTStage0Pair25.Chunk010.cellA88B45_check' depends on axioms: [propext]
'Math.B699.CRTStage0Pair25.Chunk010.cellA88B46_check' depends on axioms: [propext]
'Math.B699.CRTStage0Pair25.Chunk010.rowA88_cell_check' depends on axioms: [propext]
'Math.B699.CRTStage0Pair25.Chunk010.rowA88_block_check' depends on axioms: [propext, Quot.sound]
