# command: LEAN -j1 -M1536 -DautoImplicit=false -DrelaxedAutoImplicit=false --root=PROJECT_ROOT -o .tools/20260911-low-index-lean-513dc7cc/20260912T034701453351Z/olean/research/tasks/B699-Binomial/runs/20260911-low-index-lean-513dc7cc/lean/CrtStage0Pair57/Cells005P1.olean research/tasks/B699-Binomial/runs/20260911-low-index-lean-513dc7cc/lean/CrtStage0Pair57/Cells005P1.lean
# cwd: PROJECT_ROOT
# started_utc: 2026-09-12T03:52:41.794084Z
# finished_utc: 2026-09-12T03:52:54.220184Z
# exit_code: 0
# timed_out: False
'Math.B699.CRTStage0Pair57.Chunk005.cellA44B1_check' depends on axioms: [propext]
'Math.B699.CRTStage0Pair57.Chunk005.cellA44B2_check' depends on axioms: [propext]
'Math.B699.CRTStage0Pair57.Chunk005.cellA44B3_check' depends on axioms: [propext]
'Math.B699.CRTStage0Pair57.Chunk005.cellA44B4_check' depends on axioms: [propext]
'Math.B699.CRTStage0Pair57.Chunk005.cellA44B5_check' depends on axioms: [propext]
'Math.B699.CRTStage0Pair57.Chunk005.cellA44B6_check' depends on axioms: [propext]
'Math.B699.CRTStage0Pair57.Chunk005.cellA44B7_check' depends on axioms: [propext]
'Math.B699.CRTStage0Pair57.Chunk005.cellA44B8_check' depends on axioms: [propext]
'Math.B699.CRTStage0Pair57.Chunk005.cellA44B9_check' depends on axioms: [propext]
'Math.B699.CRTStage0Pair57.Chunk005.cellA44B10_check' depends on axioms: [propext]
'Math.B699.CRTStage0Pair57.Chunk005.cellA44B11_check' depends on axioms: [propext]
'Math.B699.CRTStage0Pair57.Chunk005.cellA44B12_check' depends on axioms: [propext]
'Math.B699.CRTStage0Pair57.Chunk005.cellA44B13_check' depends on axioms: [propext]
'Math.B699.CRTStage0Pair57.Chunk005.cellA44B14_check' depends on axioms: [propext]
'Math.B699.CRTStage0Pair57.Chunk005.cellA44B15_check' depends on axioms: [propext]
'Math.B699.CRTStage0Pair57.Chunk005.cellA44B16_check' depends on axioms: [propext]
'Math.B699.CRTStage0Pair57.Chunk005.cellA44B17_check' depends on axioms: [propext]
'Math.B699.CRTStage0Pair57.Chunk005.cellA44B18_check' depends on axioms: [propext]
'Math.B699.CRTStage0Pair57.Chunk005.cellA44B19_check' depends on axioms: [propext]
'Math.B699.CRTStage0Pair57.Chunk005.cellA44B20_check' depends on axioms: [propext]
'Math.B699.CRTStage0Pair57.Chunk005.cellA44B21_check' depends on axioms: [propext]
'Math.B699.CRTStage0Pair57.Chunk005.cellA44B22_check' depends on axioms: [propext]
'Math.B699.CRTStage0Pair57.Chunk005.cellA44B23_check' depends on axioms: [propext]
'Math.B699.CRTStage0Pair57.Chunk005.cellA44B24_check' depends on axioms: [propext]
'Math.B699.CRTStage0Pair57.Chunk005.cellA44B25_check' depends on axioms: [propext]
'Math.B699.CRTStage0Pair57.Chunk005.cellA44B26_check' depends on axioms: [propext]
'Math.B699.CRTStage0Pair57.Chunk005.cellA44B27_check' depends on axioms: [propext]
'Math.B699.CRTStage0Pair57.Chunk005.cellA44B28_check' depends on axioms: [propext]
'Math.B699.CRTStage0Pair57.Chunk005.cellA44B29_check' depends on axioms: [propext]
'Math.B699.CRTStage0Pair57.Chunk005.cellA44B30_check' depends on axioms: [propext]
'Math.B699.CRTStage0Pair57.Chunk005.cellA44B31_check' depends on axioms: [propext]
'Math.B699.CRTStage0Pair57.Chunk005.cellA44B32_check' depends on axioms: [propext]
'Math.B699.CRTStage0Pair57.Chunk005.cellA44B33_check' depends on axioms: [propext]
'Math.B699.CRTStage0Pair57.Chunk005.cellA44B34_check' depends on axioms: [propext]
'Math.B699.CRTStage0Pair57.Chunk005.cellA44B35_check' depends on axioms: [propext]
'Math.B699.CRTStage0Pair57.Chunk005.cellA44B36_check' depends on axioms: [propext]
'Math.B699.CRTStage0Pair57.Chunk005.cellA44B37_check' depends on axioms: [propext]
'Math.B699.CRTStage0Pair57.Chunk005.cellA44B38_check' depends on axioms: [propext]
'Math.B699.CRTStage0Pair57.Chunk005.rowA44_cell_check' depends on axioms: [propext]
'Math.B699.CRTStage0Pair57.Chunk005.rowA44_block_check' depends on axioms: [propext, Quot.sound]
'Math.B699.CRTStage0Pair57.Chunk005.cellA45B1_check' depends on axioms: [propext]
'Math.B699.CRTStage0Pair57.Chunk005.cellA45B2_check' depends on axioms: [propext]
'Math.B699.CRTStage0Pair57.Chunk005.cellA45B3_check' depends on axioms: [propext]
'Math.B699.CRTStage0Pair57.Chunk005.cellA45B4_check' depends on axioms: [propext]
'Math.B699.CRTStage0Pair57.Chunk005.cellA45B5_check' depends on axioms: [propext]
'Math.B699.CRTStage0Pair57.Chunk005.cellA45B6_check' depends on axioms: [propext]
'Math.B699.CRTStage0Pair57.Chunk005.cellA45B7_check' depends on axioms: [propext]
'Math.B699.CRTStage0Pair57.Chunk005.cellA45B8_check' depends on axioms: [propext]
'Math.B699.CRTStage0Pair57.Chunk005.cellA45B9_check' depends on axioms: [propext]
'Math.B699.CRTStage0Pair57.Chunk005.cellA45B10_check' depends on axioms: [propext]
'Math.B699.CRTStage0Pair57.Chunk005.cellA45B11_check' depends on axioms: [propext]
'Math.B699.CRTStage0Pair57.Chunk005.cellA45B12_check' depends on axioms: [propext]
'Math.B699.CRTStage0Pair57.Chunk005.cellA45B13_check' depends on axioms: [propext]
'Math.B699.CRTStage0Pair57.Chunk005.cellA45B14_check' depends on axioms: [propext]
'Math.B699.CRTStage0Pair57.Chunk005.cellA45B15_check' depends on axioms: [propext]
'Math.B699.CRTStage0Pair57.Chunk005.cellA45B16_check' depends on axioms: [propext]
'Math.B699.CRTStage0Pair57.Chunk005.cellA45B17_check' depends on axioms: [propext]
'Math.B699.CRTStage0Pair57.Chunk005.cellA45B18_check' depends on axioms: [propext]
'Math.B699.CRTStage0Pair57.Chunk005.cellA45B19_check' depends on axioms: [propext]
'Math.B699.CRTStage0Pair57.Chunk005.cellA45B20_check' depends on axioms: [propext]
'Math.B699.CRTStage0Pair57.Chunk005.cellA45B21_check' depends on axioms: [propext]
'Math.B699.CRTStage0Pair57.Chunk005.cellA45B22_check' depends on axioms: [propext]
'Math.B699.CRTStage0Pair57.Chunk005.cellA45B23_check' depends on axioms: [propext]
'Math.B699.CRTStage0Pair57.Chunk005.cellA45B24_check' depends on axioms: [propext]
'Math.B699.CRTStage0Pair57.Chunk005.cellA45B25_check' depends on axioms: [propext]
'Math.B699.CRTStage0Pair57.Chunk005.cellA45B26_check' depends on axioms: [propext]
'Math.B699.CRTStage0Pair57.Chunk005.cellA45B27_check' depends on axioms: [propext]
'Math.B699.CRTStage0Pair57.Chunk005.cellA45B28_check' depends on axioms: [propext]
'Math.B699.CRTStage0Pair57.Chunk005.cellA45B29_check' depends on axioms: [propext]
'Math.B699.CRTStage0Pair57.Chunk005.cellA45B30_check' depends on axioms: [propext]
'Math.B699.CRTStage0Pair57.Chunk005.cellA45B31_check' depends on axioms: [propext]
'Math.B699.CRTStage0Pair57.Chunk005.cellA45B32_check' depends on axioms: [propext]
'Math.B699.CRTStage0Pair57.Chunk005.cellA45B33_check' depends on axioms: [propext]
'Math.B699.CRTStage0Pair57.Chunk005.cellA45B34_check' depends on axioms: [propext]
'Math.B699.CRTStage0Pair57.Chunk005.cellA45B35_check' depends on axioms: [propext]
'Math.B699.CRTStage0Pair57.Chunk005.cellA45B36_check' depends on axioms: [propext]
'Math.B699.CRTStage0Pair57.Chunk005.cellA45B37_check' depends on axioms: [propext]
'Math.B699.CRTStage0Pair57.Chunk005.cellA45B38_check' depends on axioms: [propext]
'Math.B699.CRTStage0Pair57.Chunk005.rowA45_cell_check' depends on axioms: [propext]
'Math.B699.CRTStage0Pair57.Chunk005.rowA45_block_check' depends on axioms: [propext, Quot.sound]
'Math.B699.CRTStage0Pair57.Chunk005.cellA46B1_check' depends on axioms: [propext]
'Math.B699.CRTStage0Pair57.Chunk005.cellA46B2_check' depends on axioms: [propext]
'Math.B699.CRTStage0Pair57.Chunk005.cellA46B3_check' depends on axioms: [propext]
'Math.B699.CRTStage0Pair57.Chunk005.cellA46B4_check' depends on axioms: [propext]
'Math.B699.CRTStage0Pair57.Chunk005.cellA46B5_check' depends on axioms: [propext]
'Math.B699.CRTStage0Pair57.Chunk005.cellA46B6_check' depends on axioms: [propext]
'Math.B699.CRTStage0Pair57.Chunk005.cellA46B7_check' depends on axioms: [propext]
'Math.B699.CRTStage0Pair57.Chunk005.cellA46B8_check' depends on axioms: [propext]
'Math.B699.CRTStage0Pair57.Chunk005.cellA46B9_check' depends on axioms: [propext]
'Math.B699.CRTStage0Pair57.Chunk005.cellA46B10_check' depends on axioms: [propext]
'Math.B699.CRTStage0Pair57.Chunk005.cellA46B11_check' depends on axioms: [propext]
'Math.B699.CRTStage0Pair57.Chunk005.cellA46B12_check' depends on axioms: [propext]
'Math.B699.CRTStage0Pair57.Chunk005.cellA46B13_check' depends on axioms: [propext]
'Math.B699.CRTStage0Pair57.Chunk005.cellA46B14_check' depends on axioms: [propext]
'Math.B699.CRTStage0Pair57.Chunk005.cellA46B15_check' depends on axioms: [propext]
'Math.B699.CRTStage0Pair57.Chunk005.cellA46B16_check' depends on axioms: [propext]
'Math.B699.CRTStage0Pair57.Chunk005.cellA46B17_check' depends on axioms: [propext]
'Math.B699.CRTStage0Pair57.Chunk005.cellA46B18_check' depends on axioms: [propext]
'Math.B699.CRTStage0Pair57.Chunk005.cellA46B19_check' depends on axioms: [propext]
'Math.B699.CRTStage0Pair57.Chunk005.cellA46B20_check' depends on axioms: [propext]
'Math.B699.CRTStage0Pair57.Chunk005.cellA46B21_check' depends on axioms: [propext]
'Math.B699.CRTStage0Pair57.Chunk005.cellA46B22_check' depends on axioms: [propext]
'Math.B699.CRTStage0Pair57.Chunk005.cellA46B23_check' depends on axioms: [propext]
'Math.B699.CRTStage0Pair57.Chunk005.cellA46B24_check' depends on axioms: [propext]
'Math.B699.CRTStage0Pair57.Chunk005.cellA46B25_check' depends on axioms: [propext]
'Math.B699.CRTStage0Pair57.Chunk005.cellA46B26_check' depends on axioms: [propext]
'Math.B699.CRTStage0Pair57.Chunk005.cellA46B27_check' depends on axioms: [propext]
'Math.B699.CRTStage0Pair57.Chunk005.cellA46B28_check' depends on axioms: [propext]
'Math.B699.CRTStage0Pair57.Chunk005.cellA46B29_check' depends on axioms: [propext]
'Math.B699.CRTStage0Pair57.Chunk005.cellA46B30_check' depends on axioms: [propext]
'Math.B699.CRTStage0Pair57.Chunk005.cellA46B31_check' depends on axioms: [propext]
'Math.B699.CRTStage0Pair57.Chunk005.cellA46B32_check' depends on axioms: [propext]
'Math.B699.CRTStage0Pair57.Chunk005.cellA46B33_check' depends on axioms: [propext]
'Math.B699.CRTStage0Pair57.Chunk005.cellA46B34_check' depends on axioms: [propext]
'Math.B699.CRTStage0Pair57.Chunk005.cellA46B35_check' depends on axioms: [propext]
'Math.B699.CRTStage0Pair57.Chunk005.cellA46B36_check' depends on axioms: [propext]
'Math.B699.CRTStage0Pair57.Chunk005.cellA46B37_check' depends on axioms: [propext]
'Math.B699.CRTStage0Pair57.Chunk005.cellA46B38_check' depends on axioms: [propext]
'Math.B699.CRTStage0Pair57.Chunk005.rowA46_cell_check' depends on axioms: [propext]
'Math.B699.CRTStage0Pair57.Chunk005.rowA46_block_check' depends on axioms: [propext, Quot.sound]
