D:\CodingProject\Math\research\tasks\B699-Binomial\runs\20261001-lean-nonr7-01a0f779\continuations\20261002-onehour\tail\SieveInclusionExclusion.lean:29:6: error: `simp` made no progress
D:\CodingProject\Math\research\tasks\B699-Binomial\runs\20261001-lean-nonr7-01a0f779\continuations\20261002-onehour\tail\SieveInclusionExclusion.lean:55:4: error: Type mismatch
  restricted_inf_card P b fun q m => ¬q ∣ m
has type
  (P.inf fun q => {m | ¬q ∣ ↑m}).card = {m ∈ Finset.Icc 1 b | ∀ q ∈ P, ¬q ∣ m}.card
but is expected to have type
  (P.inf fun q => {m | ¬q ∣ ↑m}).card = (survivors P b).card
D:\CodingProject\Math\research\tasks\B699-Binomial\runs\20261001-lean-nonr7-01a0f779\continuations\20261002-onehour\tail\SieveInclusionExclusion.lean:57:4: error: Type mismatch
  restricted_inf_card t b fun q m => q ∣ m
has type
  (t.inf fun q => {m | q ∣ ↑m}).card = {m ∈ Finset.Icc 1 b | ∀ q ∈ t, q ∣ m}.card
but is expected to have type
  (t.inf S).card = (intersections t b).card
B699ContinuationSieve.survivors_card_inclusion_exclusion : ∀ (P : Finset ℕ) (b : ℕ),
  ↑(B699ContinuationSieve.survivors P b).card =
    ∑ t ∈ P.powerset, (-1) ^ t.card * ↑(B699ContinuationSieve.intersections t b).card
'B699ContinuationSieve.restricted_inf_card' depends on axioms: [propext, sorryAx, Classical.choice, Quot.sound]
'B699ContinuationSieve.survivors_card_inclusion_exclusion' depends on axioms: [propext,
 sorryAx,
 Classical.choice,
 Quot.sound]
