# command: LEAN -j1 -M1536 -DautoImplicit=false -DrelaxedAutoImplicit=false --root=PROJECT_ROOT -o .tools/20260911-low-index-lean-513dc7cc/20260911T042940085810Z/olean/research/tasks/B699-Binomial/runs/20260911-low-index-lean-513dc7cc/lean/rows/Row076B16/Block005.olean research/tasks/B699-Binomial/runs/20260911-low-index-lean-513dc7cc/lean/rows/Row076B16/Block005.lean
# cwd: PROJECT_ROOT
# started_utc: 2026-09-11T04:30:20.296565Z
# finished_utc: 2026-09-11T04:30:29.971289Z
# exit_code: 0
# timed_out: False
'B699LowIndex.LowIndexLean513dc7cc.row076_layer005_intervals' does not depend on any axioms
'B699LowIndex.LowIndexLean513dc7cc.row076_layer005_arithmetic' depends on axioms: [propext,
 Classical.choice,
 Quot.sound]
'B699LowIndex.LowIndexLean513dc7cc.row076_layer005_enumeration' depends on axioms: [propext,
 Classical.choice,
 Quot.sound]
'B699LowIndex.LowIndexLean513dc7cc.row076_layer005_pairs000' does not depend on any axioms
'B699LowIndex.LowIndexLean513dc7cc.row076_layer005_pairs001' does not depend on any axioms
'B699LowIndex.LowIndexLean513dc7cc.row076_layer005_pairs002' does not depend on any axioms
'B699LowIndex.LowIndexLean513dc7cc.row076_layer005_pairs003' does not depend on any axioms
'B699LowIndex.LowIndexLean513dc7cc.row076_layer005_pairs004' does not depend on any axioms
'B699LowIndex.LowIndexLean513dc7cc.row076_layer005_chunks_eq' does not depend on any axioms
'B699LowIndex.LowIndexLean513dc7cc.row076_layer005_pairs' depends on axioms: [propext, Quot.sound]
'B699LowIndex.LowIndexLean513dc7cc.row076_layer005_checked' depends on axioms: [propext, Classical.choice, Quot.sound]
'B699LowIndex.LowIndexLean513dc7cc.row076_layer007_intervals' does not depend on any axioms
'B699LowIndex.LowIndexLean513dc7cc.row076_layer007_arithmetic' depends on axioms: [propext,
 Classical.choice,
 Quot.sound]
'B699LowIndex.LowIndexLean513dc7cc.row076_layer007_enumeration' depends on axioms: [propext,
 Classical.choice,
 Quot.sound]
'B699LowIndex.LowIndexLean513dc7cc.row076_layer007_pairs000' does not depend on any axioms
'B699LowIndex.LowIndexLean513dc7cc.row076_layer007_pairs001' does not depend on any axioms
'B699LowIndex.LowIndexLean513dc7cc.row076_layer007_pairs002' does not depend on any axioms
