# command: LEAN -j1 -M1536 -DautoImplicit=false -DrelaxedAutoImplicit=false --root=PROJECT_ROOT -o .tools/20260911-low-index-lean-513dc7cc/20260912T024536628077Z/olean/research/tasks/B699-Binomial/runs/20260911-low-index-lean-513dc7cc/lean/I11TCovBatch/First05.olean research/tasks/B699-Binomial/runs/20260911-low-index-lean-513dc7cc/lean/I11TCovBatch/First05.lean
# cwd: PROJECT_ROOT
# started_utc: 2026-09-12T02:48:28.351226Z
# finished_utc: 2026-09-12T02:48:36.749946Z
# exit_code: 0
# timed_out: False
@Math.B699.I11TerminalCandidateCoverage.FirstParts.P040.sound : Math.B699.I11TerminalCandidateCoverage.IntervalSound
  (3012, 3100)
'Math.B699.I11TerminalCandidateCoverage.FirstParts.P040.sound' depends on axioms: [propext,
 Classical.choice,
 Quot.sound]
@Math.B699.I11TerminalCandidateCoverage.FirstParts.P041.sound : Math.B699.I11TerminalCandidateCoverage.IntervalSound
  (3101, 3136)
'Math.B699.I11TerminalCandidateCoverage.FirstParts.P041.sound' depends on axioms: [propext,
 Classical.choice,
 Quot.sound]
@Math.B699.I11TerminalCandidateCoverage.FirstParts.P042.sound : Math.B699.I11TerminalCandidateCoverage.IntervalSound
  (3137, 3162)
'Math.B699.I11TerminalCandidateCoverage.FirstParts.P042.sound' depends on axioms: [propext,
 Classical.choice,
 Quot.sound]
@Math.B699.I11TerminalCandidateCoverage.FirstParts.P043.sound : Math.B699.I11TerminalCandidateCoverage.IntervalSound
  (3163, 3244)
'Math.B699.I11TerminalCandidateCoverage.FirstParts.P043.sound' depends on axioms: [propext,
 Classical.choice,
 Quot.sound]
@Math.B699.I11TerminalCandidateCoverage.FirstParts.P044.sound : Math.B699.I11TerminalCandidateCoverage.IntervalSound
  (3245, 3287)
'Math.B699.I11TerminalCandidateCoverage.FirstParts.P044.sound' depends on axioms: [propext,
 Classical.choice,
 Quot.sound]
@Math.B699.I11TerminalCandidateCoverage.FirstParts.P045.sound : Math.B699.I11TerminalCandidateCoverage.IntervalSound
  (3288, 3341)
'Math.B699.I11TerminalCandidateCoverage.FirstParts.P045.sound' depends on axioms: [propext,
 Classical.choice,
 Quot.sound]
@Math.B699.I11TerminalCandidateCoverage.FirstParts.P046.sound : Math.B699.I11TerminalCandidateCoverage.IntervalSound
  (3342, 3402)
'Math.B699.I11TerminalCandidateCoverage.FirstParts.P046.sound' depends on axioms: [propext,
 Classical.choice,
 Quot.sound]
@Math.B699.I11TerminalCandidateCoverage.FirstParts.P047.sound : Math.B699.I11TerminalCandidateCoverage.IntervalSound
  (3403, 3443)
'Math.B699.I11TerminalCandidateCoverage.FirstParts.P047.sound' depends on axioms: [propext,
 Classical.choice,
 Quot.sound]
