info: mathlib: cloning https://github.com/leanprover-community/mathlib4
info: mathlib: checking out revision '0df444a360eaa60ab8c11dca51a86af692955474'
info: plausible: cloning https://github.com/leanprover-community/plausible
info: plausible: checking out revision 'b7eb3304aeae834b12dda98993a37f6a41f6f0bb'
info: LeanSearchClient: cloning https://github.com/leanprover-community/LeanSearchClient
info: LeanSearchClient: checking out revision '5f4d51b81cbd3f6b32b156bfad9056621a040404'
info: importGraph: cloning https://github.com/leanprover-community/import-graph
info: importGraph: checking out revision '16f02aa7642864af59f1ff0e384a015994db9118'
info: proofwidgets: cloning https://github.com/leanprover-community/ProofWidgets4
info: proofwidgets: checking out revision '4be2e3d5087eeb272cf5a8853b8f9dd025ef5957'
info: aesop: cloning https://github.com/leanprover-community/aesop
info: aesop: checking out revision '3448c0bcc5ce01b2d1546e483ec3620e32df3d0e'
info: Qq: cloning https://github.com/leanprover-community/quote4
info: Qq: checking out revision '92c15be17b7caf78c2ad767ec40f89052d908d81'
info: batteries: cloning https://github.com/leanprover-community/batteries
info: batteries: checking out revision '4488d40d070b9700d4d5a6aa342f0d40c31b2a2d'
info: Cli: cloning https://github.com/leanprover/lean4-cli
info: Cli: checking out revision '6130a47896ce867c6a4a55373441e59e565bad0f'
✔ [2/6] Built Cache.Cli (274ms)
✔ [4/11] Built Cache.Lean (347ms)
✔ [6/12] Built Batteries.Tactic.OpenPrivate (804ms)
✔ [7/12] Built Cache.Infra (358ms)
✔ [8/13] Built Cache.IO (1.4s)
✔ [10/27] Built Cache.Hashing (741ms)
✔ [11/27] Built Cache.Requests (2.2s)
✔ [12/27] Built Cache.Cli:c.o (135ms)
✔ [13/27] Built Cache.Lean:c.o (158ms)
✔ [14/27] Built Batteries.Tactic.OpenPrivate:c.o (1.2s)
✔ [15/27] Built Cache.IO:c.o (1.6s)
✔ [16/27] Built Cache.Hashing:c.o (441ms)
✔ [17/27] Built Cache.Infra:c.o (216ms)
✔ [18/27] Built Cache.Requests:c.o (2.8s)
✔ [19/27] Built Cache.Marker (524ms)
✔ [20/27] Built Cache.Marker:c.o (126ms)
✔ [21/27] Built Cache.Query (657ms)
✔ [22/27] Built Cache.Query:c.o (312ms)
✔ [23/27] Built Cache.Warning (668ms)
✔ [24/27] Built Cache.Warning:c.o (271ms)
✔ [25/27] Built Cache.Main (1.1s)
✔ [26/27] Built Cache.Main:c.o (976ms)
✔ [27/27] Built cache:exe (870ms)
Downloaded: 1 file(s) [attempted 1/599 = 0%, 5 KB/s], Decompressed: 0Downloaded: 67 file(s) [attempted 67/599 = 11%, 561 KB/s], Decompressed: 24Downloaded: 147 file(s) [attempted 147/599 = 24%, 2410 KB/s], Decompressed: 24Downloaded: 227 file(s) [attempted 227/599 = 37%, 283 KB/s], Decompressed: 24Downloaded: 323 file(s) [attempted 323/599 = 53%, 822 KB/s], Decompressed: 60Downloaded: 410 file(s) [attempted 410/599 = 68%, 2670 KB/s], Decompressed: 60Downloaded: 514 file(s) [attempted 514/599 = 85%, 1754 KB/s], Decompressed: 60Downloaded: 593 file(s) [attempted 593/599 = 98%, 2207 KB/s], Decompressed: 60Downloaded: 598 file(s) [attempted 598/599 = 99%, 5765 KB/s], Decompressed: 60Downloaded: 599 file(s) [attempted 599/599 = 100%, 5765 KB/s], Decompressed: 60
