# command: LEAN -j1 -M1536 -DautoImplicit=false -DrelaxedAutoImplicit=false --root=PROJECT_ROOT -o .tools/20260911-low-index-lean-513dc7cc/20260912T042715115908Z/olean/research/tasks/B699-Binomial/runs/20260911-low-index-lean-513dc7cc/lean/CrtStage2Pair23/Cells000P0.olean research/tasks/B699-Binomial/runs/20260911-low-index-lean-513dc7cc/lean/CrtStage2Pair23/Cells000P0.lean
# cwd: PROJECT_ROOT
# started_utc: 2026-09-12T04:28:01.121655Z
# finished_utc: 2026-09-12T04:28:14.469602Z
# exit_code: 0
# timed_out: False
'Math.B699.CRTStage2Pair23.Chunk000.cellA1B1_check' depends on axioms: [propext]
'Math.B699.CRTStage2Pair23.Chunk000.cellA1B2_check' depends on axioms: [propext]
'Math.B699.CRTStage2Pair23.Chunk000.cellA1B3_check' depends on axioms: [propext]
'Math.B699.CRTStage2Pair23.Chunk000.cellA1B4_check' depends on axioms: [propext]
'Math.B699.CRTStage2Pair23.Chunk000.cellA1B5_check' depends on axioms: [propext]
'Math.B699.CRTStage2Pair23.Chunk000.cellA1B6_check' depends on axioms: [propext]
'Math.B699.CRTStage2Pair23.Chunk000.cellA1B7_check' depends on axioms: [propext]
'Math.B699.CRTStage2Pair23.Chunk000.cellA1B8_check' depends on axioms: [propext]
'Math.B699.CRTStage2Pair23.Chunk000.cellA1B9_check' depends on axioms: [propext]
'Math.B699.CRTStage2Pair23.Chunk000.cellA1B10_check' depends on axioms: [propext]
'Math.B699.CRTStage2Pair23.Chunk000.cellA1B11_check' depends on axioms: [propext]
'Math.B699.CRTStage2Pair23.Chunk000.cellA1B12_check' depends on axioms: [propext]
'Math.B699.CRTStage2Pair23.Chunk000.cellA1B13_check' depends on axioms: [propext]
'Math.B699.CRTStage2Pair23.Chunk000.cellA1B14_check' depends on axioms: [propext]
'Math.B699.CRTStage2Pair23.Chunk000.cellA1B15_check' depends on axioms: [propext]
'Math.B699.CRTStage2Pair23.Chunk000.cellA1B16_check' depends on axioms: [propext]
'Math.B699.CRTStage2Pair23.Chunk000.cellA1B17_check' depends on axioms: [propext]
'Math.B699.CRTStage2Pair23.Chunk000.cellA1B18_check' depends on axioms: [propext]
'Math.B699.CRTStage2Pair23.Chunk000.cellA1B19_check' depends on axioms: [propext]
'Math.B699.CRTStage2Pair23.Chunk000.cellA1B20_check' depends on axioms: [propext]
'Math.B699.CRTStage2Pair23.Chunk000.cellA1B21_check' depends on axioms: [propext]
'Math.B699.CRTStage2Pair23.Chunk000.cellA1B22_check' depends on axioms: [propext]
'Math.B699.CRTStage2Pair23.Chunk000.cellA1B23_check' depends on axioms: [propext]
'Math.B699.CRTStage2Pair23.Chunk000.cellA1B24_check' depends on axioms: [propext]
'Math.B699.CRTStage2Pair23.Chunk000.rowA1_cell_check' depends on axioms: [propext]
'Math.B699.CRTStage2Pair23.Chunk000.rowA1_block_check' depends on axioms: [propext, Quot.sound]
'Math.B699.CRTStage2Pair23.Chunk000.cellA2B1_check' depends on axioms: [propext]
'Math.B699.CRTStage2Pair23.Chunk000.cellA2B2_check' depends on axioms: [propext]
'Math.B699.CRTStage2Pair23.Chunk000.cellA2B3_check' depends on axioms: [propext]
'Math.B699.CRTStage2Pair23.Chunk000.cellA2B4_check' depends on axioms: [propext]
'Math.B699.CRTStage2Pair23.Chunk000.cellA2B5_check' depends on axioms: [propext]
'Math.B699.CRTStage2Pair23.Chunk000.cellA2B6_check' depends on axioms: [propext]
'Math.B699.CRTStage2Pair23.Chunk000.cellA2B7_check' depends on axioms: [propext]
'Math.B699.CRTStage2Pair23.Chunk000.cellA2B8_check' depends on axioms: [propext]
'Math.B699.CRTStage2Pair23.Chunk000.cellA2B9_check' depends on axioms: [propext]
'Math.B699.CRTStage2Pair23.Chunk000.cellA2B10_check' depends on axioms: [propext]
'Math.B699.CRTStage2Pair23.Chunk000.cellA2B11_check' depends on axioms: [propext]
'Math.B699.CRTStage2Pair23.Chunk000.cellA2B12_check' depends on axioms: [propext]
'Math.B699.CRTStage2Pair23.Chunk000.cellA2B13_check' depends on axioms: [propext]
'Math.B699.CRTStage2Pair23.Chunk000.cellA2B14_check' depends on axioms: [propext]
'Math.B699.CRTStage2Pair23.Chunk000.cellA2B15_check' depends on axioms: [propext]
'Math.B699.CRTStage2Pair23.Chunk000.cellA2B16_check' depends on axioms: [propext]
'Math.B699.CRTStage2Pair23.Chunk000.cellA2B17_check' depends on axioms: [propext]
'Math.B699.CRTStage2Pair23.Chunk000.cellA2B18_check' depends on axioms: [propext]
'Math.B699.CRTStage2Pair23.Chunk000.cellA2B19_check' depends on axioms: [propext]
'Math.B699.CRTStage2Pair23.Chunk000.cellA2B20_check' depends on axioms: [propext]
'Math.B699.CRTStage2Pair23.Chunk000.cellA2B21_check' depends on axioms: [propext]
'Math.B699.CRTStage2Pair23.Chunk000.cellA2B22_check' depends on axioms: [propext]
'Math.B699.CRTStage2Pair23.Chunk000.cellA2B23_check' depends on axioms: [propext]
'Math.B699.CRTStage2Pair23.Chunk000.cellA2B24_check' depends on axioms: [propext]
'Math.B699.CRTStage2Pair23.Chunk000.rowA2_cell_check' depends on axioms: [propext]
'Math.B699.CRTStage2Pair23.Chunk000.rowA2_block_check' depends on axioms: [propext, Quot.sound]
'Math.B699.CRTStage2Pair23.Chunk000.cellA3B1_check' depends on axioms: [propext]
'Math.B699.CRTStage2Pair23.Chunk000.cellA3B2_check' depends on axioms: [propext]
'Math.B699.CRTStage2Pair23.Chunk000.cellA3B3_check' depends on axioms: [propext]
'Math.B699.CRTStage2Pair23.Chunk000.cellA3B4_check' depends on axioms: [propext]
'Math.B699.CRTStage2Pair23.Chunk000.cellA3B5_check' depends on axioms: [propext]
'Math.B699.CRTStage2Pair23.Chunk000.cellA3B6_check' depends on axioms: [propext]
'Math.B699.CRTStage2Pair23.Chunk000.cellA3B7_check' depends on axioms: [propext]
'Math.B699.CRTStage2Pair23.Chunk000.cellA3B8_check' depends on axioms: [propext]
'Math.B699.CRTStage2Pair23.Chunk000.cellA3B9_check' depends on axioms: [propext]
'Math.B699.CRTStage2Pair23.Chunk000.cellA3B10_check' depends on axioms: [propext]
'Math.B699.CRTStage2Pair23.Chunk000.cellA3B11_check' depends on axioms: [propext]
'Math.B699.CRTStage2Pair23.Chunk000.cellA3B12_check' depends on axioms: [propext]
'Math.B699.CRTStage2Pair23.Chunk000.cellA3B13_check' depends on axioms: [propext]
'Math.B699.CRTStage2Pair23.Chunk000.cellA3B14_check' depends on axioms: [propext]
'Math.B699.CRTStage2Pair23.Chunk000.cellA3B15_check' depends on axioms: [propext]
'Math.B699.CRTStage2Pair23.Chunk000.cellA3B16_check' depends on axioms: [propext]
'Math.B699.CRTStage2Pair23.Chunk000.cellA3B17_check' depends on axioms: [propext]
'Math.B699.CRTStage2Pair23.Chunk000.cellA3B18_check' depends on axioms: [propext]
'Math.B699.CRTStage2Pair23.Chunk000.cellA3B19_check' depends on axioms: [propext]
'Math.B699.CRTStage2Pair23.Chunk000.cellA3B20_check' depends on axioms: [propext]
'Math.B699.CRTStage2Pair23.Chunk000.cellA3B21_check' depends on axioms: [propext]
'Math.B699.CRTStage2Pair23.Chunk000.cellA3B22_check' depends on axioms: [propext]
'Math.B699.CRTStage2Pair23.Chunk000.cellA3B23_check' depends on axioms: [propext]
'Math.B699.CRTStage2Pair23.Chunk000.cellA3B24_check' depends on axioms: [propext]
'Math.B699.CRTStage2Pair23.Chunk000.rowA3_cell_check' depends on axioms: [propext]
'Math.B699.CRTStage2Pair23.Chunk000.rowA3_block_check' depends on axioms: [propext, Quot.sound]
'Math.B699.CRTStage2Pair23.Chunk000.cellA4B1_check' depends on axioms: [propext]
'Math.B699.CRTStage2Pair23.Chunk000.cellA4B2_check' depends on axioms: [propext]
'Math.B699.CRTStage2Pair23.Chunk000.cellA4B3_check' depends on axioms: [propext]
'Math.B699.CRTStage2Pair23.Chunk000.cellA4B4_check' depends on axioms: [propext]
'Math.B699.CRTStage2Pair23.Chunk000.cellA4B5_check' depends on axioms: [propext]
'Math.B699.CRTStage2Pair23.Chunk000.cellA4B6_check' depends on axioms: [propext]
'Math.B699.CRTStage2Pair23.Chunk000.cellA4B7_check' depends on axioms: [propext]
'Math.B699.CRTStage2Pair23.Chunk000.cellA4B8_check' depends on axioms: [propext]
'Math.B699.CRTStage2Pair23.Chunk000.cellA4B9_check' depends on axioms: [propext]
'Math.B699.CRTStage2Pair23.Chunk000.cellA4B10_check' depends on axioms: [propext]
'Math.B699.CRTStage2Pair23.Chunk000.cellA4B11_check' depends on axioms: [propext]
'Math.B699.CRTStage2Pair23.Chunk000.cellA4B12_check' depends on axioms: [propext]
'Math.B699.CRTStage2Pair23.Chunk000.cellA4B13_check' depends on axioms: [propext]
'Math.B699.CRTStage2Pair23.Chunk000.cellA4B14_check' depends on axioms: [propext]
'Math.B699.CRTStage2Pair23.Chunk000.cellA4B15_check' depends on axioms: [propext]
'Math.B699.CRTStage2Pair23.Chunk000.cellA4B16_check' depends on axioms: [propext]
'Math.B699.CRTStage2Pair23.Chunk000.cellA4B17_check' depends on axioms: [propext]
'Math.B699.CRTStage2Pair23.Chunk000.cellA4B18_check' depends on axioms: [propext]
'Math.B699.CRTStage2Pair23.Chunk000.cellA4B19_check' depends on axioms: [propext]
'Math.B699.CRTStage2Pair23.Chunk000.cellA4B20_check' depends on axioms: [propext]
'Math.B699.CRTStage2Pair23.Chunk000.cellA4B21_check' depends on axioms: [propext]
'Math.B699.CRTStage2Pair23.Chunk000.cellA4B22_check' depends on axioms: [propext]
'Math.B699.CRTStage2Pair23.Chunk000.cellA4B23_check' depends on axioms: [propext]
'Math.B699.CRTStage2Pair23.Chunk000.cellA4B24_check' depends on axioms: [propext]
'Math.B699.CRTStage2Pair23.Chunk000.rowA4_cell_check' depends on axioms: [propext]
'Math.B699.CRTStage2Pair23.Chunk000.rowA4_block_check' depends on axioms: [propext, Quot.sound]
'Math.B699.CRTStage2Pair23.Chunk000.cellA5B1_check' depends on axioms: [propext]
'Math.B699.CRTStage2Pair23.Chunk000.cellA5B2_check' depends on axioms: [propext]
'Math.B699.CRTStage2Pair23.Chunk000.cellA5B3_check' depends on axioms: [propext]
'Math.B699.CRTStage2Pair23.Chunk000.cellA5B4_check' depends on axioms: [propext]
'Math.B699.CRTStage2Pair23.Chunk000.cellA5B5_check' depends on axioms: [propext]
'Math.B699.CRTStage2Pair23.Chunk000.cellA5B6_check' depends on axioms: [propext]
'Math.B699.CRTStage2Pair23.Chunk000.cellA5B7_check' depends on axioms: [propext]
'Math.B699.CRTStage2Pair23.Chunk000.cellA5B8_check' depends on axioms: [propext]
'Math.B699.CRTStage2Pair23.Chunk000.cellA5B9_check' depends on axioms: [propext]
'Math.B699.CRTStage2Pair23.Chunk000.cellA5B10_check' depends on axioms: [propext]
'Math.B699.CRTStage2Pair23.Chunk000.cellA5B11_check' depends on axioms: [propext]
'Math.B699.CRTStage2Pair23.Chunk000.cellA5B12_check' depends on axioms: [propext]
'Math.B699.CRTStage2Pair23.Chunk000.cellA5B13_check' depends on axioms: [propext]
'Math.B699.CRTStage2Pair23.Chunk000.cellA5B14_check' depends on axioms: [propext]
'Math.B699.CRTStage2Pair23.Chunk000.cellA5B15_check' depends on axioms: [propext]
'Math.B699.CRTStage2Pair23.Chunk000.cellA5B16_check' depends on axioms: [propext]
'Math.B699.CRTStage2Pair23.Chunk000.cellA5B17_check' depends on axioms: [propext]
'Math.B699.CRTStage2Pair23.Chunk000.cellA5B18_check' depends on axioms: [propext]
'Math.B699.CRTStage2Pair23.Chunk000.cellA5B19_check' depends on axioms: [propext]
'Math.B699.CRTStage2Pair23.Chunk000.cellA5B20_check' depends on axioms: [propext]
'Math.B699.CRTStage2Pair23.Chunk000.cellA5B21_check' depends on axioms: [propext]
'Math.B699.CRTStage2Pair23.Chunk000.cellA5B22_check' depends on axioms: [propext]
'Math.B699.CRTStage2Pair23.Chunk000.cellA5B23_check' depends on axioms: [propext]
'Math.B699.CRTStage2Pair23.Chunk000.cellA5B24_check' depends on axioms: [propext]
'Math.B699.CRTStage2Pair23.Chunk000.rowA5_cell_check' depends on axioms: [propext]
'Math.B699.CRTStage2Pair23.Chunk000.rowA5_block_check' depends on axioms: [propext, Quot.sound]
