# command: LEAN -j1 -M1536 -DautoImplicit=false -DrelaxedAutoImplicit=false --root=PROJECT_ROOT -o .tools/20260911-low-index-lean-513dc7cc/20260912T042715115908Z/olean/research/tasks/B699-Binomial/runs/20260911-low-index-lean-513dc7cc/lean/CrtStage2Pair23/Cells001P1.olean research/tasks/B699-Binomial/runs/20260911-low-index-lean-513dc7cc/lean/CrtStage2Pair23/Cells001P1.lean
# cwd: PROJECT_ROOT
# started_utc: 2026-09-12T04:28:58.065133Z
# finished_utc: 2026-09-12T04:29:10.153269Z
# exit_code: 0
# timed_out: False
'Math.B699.CRTStage2Pair23.Chunk001.cellA14B1_check' depends on axioms: [propext]
'Math.B699.CRTStage2Pair23.Chunk001.cellA14B2_check' depends on axioms: [propext]
'Math.B699.CRTStage2Pair23.Chunk001.cellA14B3_check' depends on axioms: [propext]
'Math.B699.CRTStage2Pair23.Chunk001.cellA14B4_check' depends on axioms: [propext]
'Math.B699.CRTStage2Pair23.Chunk001.cellA14B5_check' depends on axioms: [propext]
'Math.B699.CRTStage2Pair23.Chunk001.cellA14B6_check' depends on axioms: [propext]
'Math.B699.CRTStage2Pair23.Chunk001.cellA14B7_check' depends on axioms: [propext]
'Math.B699.CRTStage2Pair23.Chunk001.cellA14B8_check' depends on axioms: [propext]
'Math.B699.CRTStage2Pair23.Chunk001.cellA14B9_check' depends on axioms: [propext]
'Math.B699.CRTStage2Pair23.Chunk001.cellA14B10_check' depends on axioms: [propext]
'Math.B699.CRTStage2Pair23.Chunk001.cellA14B11_check' depends on axioms: [propext]
'Math.B699.CRTStage2Pair23.Chunk001.cellA14B12_check' depends on axioms: [propext]
'Math.B699.CRTStage2Pair23.Chunk001.cellA14B13_check' depends on axioms: [propext]
'Math.B699.CRTStage2Pair23.Chunk001.cellA14B14_check' depends on axioms: [propext]
'Math.B699.CRTStage2Pair23.Chunk001.cellA14B15_check' depends on axioms: [propext]
'Math.B699.CRTStage2Pair23.Chunk001.cellA14B16_check' depends on axioms: [propext]
'Math.B699.CRTStage2Pair23.Chunk001.cellA14B17_check' depends on axioms: [propext]
'Math.B699.CRTStage2Pair23.Chunk001.cellA14B18_check' depends on axioms: [propext]
'Math.B699.CRTStage2Pair23.Chunk001.cellA14B19_check' depends on axioms: [propext]
'Math.B699.CRTStage2Pair23.Chunk001.cellA14B20_check' depends on axioms: [propext]
'Math.B699.CRTStage2Pair23.Chunk001.cellA14B21_check' depends on axioms: [propext]
'Math.B699.CRTStage2Pair23.Chunk001.cellA14B22_check' depends on axioms: [propext]
'Math.B699.CRTStage2Pair23.Chunk001.cellA14B23_check' depends on axioms: [propext]
'Math.B699.CRTStage2Pair23.Chunk001.cellA14B24_check' depends on axioms: [propext]
'Math.B699.CRTStage2Pair23.Chunk001.rowA14_cell_check' depends on axioms: [propext]
'Math.B699.CRTStage2Pair23.Chunk001.rowA14_block_check' depends on axioms: [propext, Quot.sound]
'Math.B699.CRTStage2Pair23.Chunk001.cellA15B1_check' depends on axioms: [propext]
'Math.B699.CRTStage2Pair23.Chunk001.cellA15B2_check' depends on axioms: [propext]
'Math.B699.CRTStage2Pair23.Chunk001.cellA15B3_check' depends on axioms: [propext]
'Math.B699.CRTStage2Pair23.Chunk001.cellA15B4_check' depends on axioms: [propext]
'Math.B699.CRTStage2Pair23.Chunk001.cellA15B5_check' depends on axioms: [propext]
'Math.B699.CRTStage2Pair23.Chunk001.cellA15B6_check' depends on axioms: [propext]
'Math.B699.CRTStage2Pair23.Chunk001.cellA15B7_check' depends on axioms: [propext]
'Math.B699.CRTStage2Pair23.Chunk001.cellA15B8_check' depends on axioms: [propext]
'Math.B699.CRTStage2Pair23.Chunk001.cellA15B9_check' depends on axioms: [propext]
'Math.B699.CRTStage2Pair23.Chunk001.cellA15B10_check' depends on axioms: [propext]
'Math.B699.CRTStage2Pair23.Chunk001.cellA15B11_check' depends on axioms: [propext]
'Math.B699.CRTStage2Pair23.Chunk001.cellA15B12_check' depends on axioms: [propext]
'Math.B699.CRTStage2Pair23.Chunk001.cellA15B13_check' depends on axioms: [propext]
'Math.B699.CRTStage2Pair23.Chunk001.cellA15B14_check' depends on axioms: [propext]
'Math.B699.CRTStage2Pair23.Chunk001.cellA15B15_check' depends on axioms: [propext]
'Math.B699.CRTStage2Pair23.Chunk001.cellA15B16_check' depends on axioms: [propext]
'Math.B699.CRTStage2Pair23.Chunk001.cellA15B17_check' depends on axioms: [propext]
'Math.B699.CRTStage2Pair23.Chunk001.cellA15B18_check' depends on axioms: [propext]
'Math.B699.CRTStage2Pair23.Chunk001.cellA15B19_check' depends on axioms: [propext]
'Math.B699.CRTStage2Pair23.Chunk001.cellA15B20_check' depends on axioms: [propext]
'Math.B699.CRTStage2Pair23.Chunk001.cellA15B21_check' depends on axioms: [propext]
'Math.B699.CRTStage2Pair23.Chunk001.cellA15B22_check' depends on axioms: [propext]
'Math.B699.CRTStage2Pair23.Chunk001.cellA15B23_check' depends on axioms: [propext]
'Math.B699.CRTStage2Pair23.Chunk001.cellA15B24_check' depends on axioms: [propext]
'Math.B699.CRTStage2Pair23.Chunk001.rowA15_cell_check' depends on axioms: [propext]
'Math.B699.CRTStage2Pair23.Chunk001.rowA15_block_check' depends on axioms: [propext, Quot.sound]
'Math.B699.CRTStage2Pair23.Chunk001.cellA16B1_check' depends on axioms: [propext]
'Math.B699.CRTStage2Pair23.Chunk001.cellA16B2_check' depends on axioms: [propext]
'Math.B699.CRTStage2Pair23.Chunk001.cellA16B3_check' depends on axioms: [propext]
'Math.B699.CRTStage2Pair23.Chunk001.cellA16B4_check' depends on axioms: [propext]
'Math.B699.CRTStage2Pair23.Chunk001.cellA16B5_check' depends on axioms: [propext]
'Math.B699.CRTStage2Pair23.Chunk001.cellA16B6_check' depends on axioms: [propext]
'Math.B699.CRTStage2Pair23.Chunk001.cellA16B7_check' depends on axioms: [propext]
'Math.B699.CRTStage2Pair23.Chunk001.cellA16B8_check' depends on axioms: [propext]
'Math.B699.CRTStage2Pair23.Chunk001.cellA16B9_check' depends on axioms: [propext]
'Math.B699.CRTStage2Pair23.Chunk001.cellA16B10_check' depends on axioms: [propext]
'Math.B699.CRTStage2Pair23.Chunk001.cellA16B11_check' depends on axioms: [propext]
'Math.B699.CRTStage2Pair23.Chunk001.cellA16B12_check' depends on axioms: [propext]
'Math.B699.CRTStage2Pair23.Chunk001.cellA16B13_check' depends on axioms: [propext]
'Math.B699.CRTStage2Pair23.Chunk001.cellA16B14_check' depends on axioms: [propext]
'Math.B699.CRTStage2Pair23.Chunk001.cellA16B15_check' depends on axioms: [propext]
'Math.B699.CRTStage2Pair23.Chunk001.cellA16B16_check' depends on axioms: [propext]
'Math.B699.CRTStage2Pair23.Chunk001.cellA16B17_check' depends on axioms: [propext]
'Math.B699.CRTStage2Pair23.Chunk001.cellA16B18_check' depends on axioms: [propext]
'Math.B699.CRTStage2Pair23.Chunk001.cellA16B19_check' depends on axioms: [propext]
'Math.B699.CRTStage2Pair23.Chunk001.cellA16B20_check' depends on axioms: [propext]
'Math.B699.CRTStage2Pair23.Chunk001.cellA16B21_check' depends on axioms: [propext]
'Math.B699.CRTStage2Pair23.Chunk001.cellA16B22_check' depends on axioms: [propext]
'Math.B699.CRTStage2Pair23.Chunk001.cellA16B23_check' depends on axioms: [propext]
'Math.B699.CRTStage2Pair23.Chunk001.cellA16B24_check' depends on axioms: [propext]
'Math.B699.CRTStage2Pair23.Chunk001.rowA16_cell_check' depends on axioms: [propext]
'Math.B699.CRTStage2Pair23.Chunk001.rowA16_block_check' depends on axioms: [propext, Quot.sound]
