# command: LEAN -j1 -M1536 -DautoImplicit=false -DrelaxedAutoImplicit=false --root=PROJECT_ROOT -o .tools/20260911-low-index-lean-513dc7cc/20260912T005820231991Z/olean/research/tasks/B699-Binomial/runs/20260911-low-index-lean-513dc7cc/lean/I11EOne/CoeffAudit.olean research/tasks/B699-Binomial/runs/20260911-low-index-lean-513dc7cc/lean/I11EOne/CoeffAudit.lean
# cwd: PROJECT_ROOT
# started_utc: 2026-09-12T00:59:07.493723Z
# finished_utc: 2026-09-12T00:59:17.221589Z
# exit_code: 0
# timed_out: False
Math.B699.I11EOne.coefficient_1 : Math.B699.I11InitialCapComputation.fastECoefficient 14 8 14 1 = -154432080
'Math.B699.I11EOne.coefficient_1' depends on axioms: [propext, Classical.choice, Quot.sound]
Math.B699.I11EOne.coefficient_2 : Math.B699.I11InitialCapComputation.fastECoefficient 14 8 14 2 = 278974080
'Math.B699.I11EOne.coefficient_2' depends on axioms: [propext, Classical.choice, Quot.sound]
Math.B699.I11EOne.coefficient_3 : Math.B699.I11InitialCapComputation.fastECoefficient 14 8 14 3 = -296409960
'Math.B699.I11EOne.coefficient_3' depends on axioms: [propext, Classical.choice, Quot.sound]
Math.B699.I11EOne.coefficient_4 : Math.B699.I11InitialCapComputation.fastECoefficient 14 8 14 4 = 202097700
'Math.B699.I11EOne.coefficient_4' depends on axioms: [propext, Classical.choice, Quot.sound]
Math.B699.I11EOne.coefficient_5 : Math.B699.I11InitialCapComputation.fastECoefficient 14 8 14 5 = -90349560
'Math.B699.I11EOne.coefficient_5' depends on axioms: [propext, Classical.choice, Quot.sound]
Math.B699.I11EOne.coefficient_6 : Math.B699.I11InitialCapComputation.fastECoefficient 14 8 14 6 = 25814160
'Math.B699.I11EOne.coefficient_6' depends on axioms: [propext, Classical.choice, Quot.sound]
Math.B699.I11EOne.coefficient_7 : Math.B699.I11InitialCapComputation.fastECoefficient 14 8 14 7 = -4302360
'Math.B699.I11EOne.coefficient_7' depends on axioms: [propext, Classical.choice, Quot.sound]
Math.B699.I11EOne.coefficient_8 : Math.B699.I11InitialCapComputation.fastECoefficient 14 8 14 8 = 319770
'Math.B699.I11EOne.coefficient_8' depends on axioms: [propext, Classical.choice, Quot.sound]
